2026-10-06 21:54:29 [info     ] embedding_service_initialized  model=all-MiniLM-L6-v2
2026-10-06 21:54:29 [info     ] llm_client_initialized
2026-10-06 21:54:29 [warning  ] ontology_setting_not_implemented setting='pdlc: Request.embed_fields (no embeddings for pack types)'
2026-10-06 21:54:29 [warning  ] ontology_setting_not_implemented setting='pdlc: Spec.embed_fields (no embeddings for pack types)'
2026-10-06 21:54:29 [warning  ] ontology_setting_not_implemented setting='pdlc: Requirement.embed_fields (no embeddings for pack types)'
2026-10-06 21:54:29 [warning  ] ontology_setting_not_implemented setting='pdlc: Decision.embed_fields (no embeddings for pack types)'
2026-10-06 21:54:29 [warning  ] ontology_setting_not_implemented setting='pdlc: Constraint.embed_fields (no embeddings for pack types)'
2026-10-06 21:54:29 [warning  ] ontology_setting_not_implemented setting='pdlc: DesignElement.embed_fields (no embeddings for pack types)'
2026-10-06 21:54:29 [warning  ] ontology_setting_not_implemented setting='pdlc: Change.embed_fields (no embeddings for pack types)'
2026-10-06 21:54:29 [warning  ] ontology_setting_not_implemented setting='pdlc: Incident.embed_fields (no embeddings for pack types)'
2026-10-06 21:54:29 [warning  ] ontology_setting_not_implemented setting='pdlc: Lesson.embed_fields (no embeddings for pack types)'
2026-10-06 21:54:29 [warning  ] ontology_setting_not_implemented setting='pdlc: link_policy completeness_reports, read_time_threshold, scoring_question, write_time_threshold'
2026-10-06 21:54:29 [warning  ] ontology_setting_not_implemented setting='pdlc: extraction.derived_proposals'
2026-10-06 21:54:29 [warning  ] ontology_setting_not_implemented setting='pdlc: lifecycle.decay'
2026-10-06 21:54:29 [warning  ] ontology_setting_not_implemented setting='pdlc: lifecycle.terminal_states_reduce_importance'
2026-10-06 21:54:29 [warning  ] ontology_setting_not_implemented setting='pdlc: mappings (vocabulary only)'
2026-10-06 21:54:31 [info     ] app_started                    neo4j_uri=bolt://localhost:7687 ontology_packs=['core@1.1.0', 'memory@1.0.0', 'user@1.0.0', 'pdlc@1.7.0'] ontology_version=sha256:3a7c761cd2848649 redis_host=localhost
/private/tmp/engram-ontology-review-venv/lib/python3.12/site-packages/fastapi/routing.py:360: FastAPIDeprecationWarning: ORJSONResponse is deprecated, FastAPI now serializes data directly to JSON bytes via Pydantic when a return type or response model is set, which is faster and doesn't need a custom response class. Read more in the FastAPI docs: https://fastapi.tiangolo.com/advanced/custom-response/#orjson-or-response-model and https://fastapi.tiangolo.com/tutorial/response-model/
  return await dependant.call(**values)
2026-10-06 21:54:31 [info     ] batch_ingested                 accepted=3 rejected=0 request_id=2657c9cc-cb4e-42a9-b084-001d07180494 store_failures=0 total=3
2026-10-06 21:54:31 [info     ] batch_ingested                 accepted=1 rejected=2 request_id=5375a38a-4f6e-4e23-8ce0-89428ce7da63 store_failures=0 total=3
{"name": "configured_batch_empty_max_over_max_mixed_indices_and_conflicts", "scenarios": ["ING-02"], "verdict": "passed", "observation": {"configured_max_events": 3, "empty_status": 422, "over_max_status": 422, "max_status": 201, "max": {"accepted": 3, "rejected": 0, "results": [{"event_id": "9338c4b8-aa53-460b-b02f-04a5c6ddbca8", "global_position": "2026-10-06T16:24:31.636863000Z/000000/9338c4b8-aa53-460b-b02f-04a5c6ddbca8", "status": "created"}, {"event_id": "9338c4b8-aa53-460b-b02f-04a5c6ddbca8", "global_position": "2026-10-06T16:24:31.636863000Z/000000/9338c4b8-aa53-460b-b02f-04a5c6ddbca8", "status": "duplicate"}, {"event_id": "289fea9b-34fc-4a5d-8794-d9765d2f58a1", "global_position": "2026-10-06T16:24:31.636863000Z/000001/289fea9b-34fc-4a5d-8794-d9765d2f58a1", "status": "created"}], "errors": []}, "mixed": {"accepted": 1, "rejected": 2, "results": [{"event_id": "58387e97-fb20-45ab-ac35-a2e7b0f30a8b", "global_position": "2026-10-06T16:24:31.843775000Z/000000/58387e97-fb20-45ab-ac35-a2e7b0f30a8b", "status": "created"}], "errors": [{"index": 1, "event_id": "6aaf7c19-793c-43a6-99ee-64781ad59e68", "errors": [{"field": "agent_id", "message": "Field required"}]}, {"index": 2, "event_id": "not-a-uuid", "errors": [{"field": "event_id", "message": "Input should be a valid UUID, invalid character: found `n` at 1"}]}]}, "first_payload_preserved": true, "ledger_delta": 3}, "seconds": 0.92}
2026-10-06 21:54:32 [info     ] batch_ingested                 accepted=1 rejected=0 request_id=ba0cf6a9-a856-477c-a3a2-c0d08bc1624b store_failures=0 total=1
Traceback (most recent call last):
  File "/Users/arunmenon/projects/Engram/scripts/engram_spanner_compat.py", line 202, in check
    observation = await asyncio.wait_for(function(), timeout=timeout_seconds)
                  ^^^^^^^^^^^^^^^^^^^^^^^^^^^^^^^^^^^^^^^^^^^^^^^^^^^^^^^^^^^
  File "/opt/homebrew/Cellar/python@3.12/3.12.7_1/Frameworks/Python.framework/Versions/3.12/lib/python3.12/asyncio/tasks.py", line 520, in wait_for
    return await fut
           ^^^^^^^^^
  File "/Users/arunmenon/projects/Engram/scripts/engram_spanner_compat_completion.py", line 40, in pack_refusal
    assert response.status_code==422 and receipt['document'] is None,'batch accepts pack payload without required repo (#4)'
           ^^^^^^^^^^^^^^^^^^^^^^^^^^^^^^^^^^^^^^^^^^^^^^^^^^^^^^^^^
AssertionError: batch accepts pack payload without required repo (#4)

{"name": "batch_rejects_missing_pack_key_before_append", "scenarios": ["ING-02"], "verdict": "failed", "error_type": "AssertionError", "error": "batch accepts pack payload without required repo (#4)", "seconds": 0.33}
2026-10-06 21:54:33 [info     ] events_imported                created=4 duplicate=1 failed=0 order=occurred_at received=6 rejected=1 request_id=48858562-49c6-4479-9e95-ea6855d9bbec
/private/tmp/engram-ontology-review-venv/lib/python3.12/site-packages/fastapi/routing.py:360: FastAPIDeprecationWarning: ORJSONResponse is deprecated, FastAPI now serializes data directly to JSON bytes via Pydantic when a return type or response model is set, which is faster and doesn't need a custom response class. Read more in the FastAPI docs: https://fastapi.tiangolo.com/advanced/custom-response/#orjson-or-response-model and https://fastapi.tiangolo.com/tutorial/response-model/
  return await dependant.call(**values)
{"name": "historical_import_malformed_line_exact_limit_and_occurrence_ties", "scenarios": ["ING-05"], "verdict": "passed", "observation": {"configured_max": 6, "response_status": 200, "outcomes": [{"index": 1, "event_id": null, "errors": [{"field": "", "message": "line is not valid JSON: invalid literal, expected 'null': line 1 column 1 (char 0)"}], "status": "rejected"}, {"index": 2, "event_id": "b900d322-d66f-4676-9757-3bc6db89a6d7", "status": "created", "global_position": "2026-10-06T16:24:32.676255000Z/000000/b900d322-d66f-4676-9757-3bc6db89a6d7"}, {"index": 3, "event_id": "315b5969-f82c-4a7e-8be5-05f233302d6e", "status": "created", "global_position": "2026-10-06T16:24:32.676255000Z/000001/315b5969-f82c-4a7e-8be5-05f233302d6e"}, {"index": 4, "event_id": "6877e382-9f8b-438c-864f-3c81799fc749", "status": "created", "global_position": "2026-10-06T16:24:32.860383000Z/000000/6877e382-9f8b-438c-864f-3c81799fc749"}, {"index": 0, "event_id": "c3797777-a41b-40ec-82ba-2c2cece47010", "status": "created", "global_position": "2026-10-06T16:24:32.860383000Z/000001/c3797777-a41b-40ec-82ba-2c2cece47010"}, {"index": 5, "event_id": "c3797777-a41b-40ec-82ba-2c2cece47010", "status": "duplicate", "global_position": "2026-10-06T16:24:32.860383000Z/000001/c3797777-a41b-40ec-82ba-2c2cece47010"}, {"summary": {"received": 6, "order": "occurred_at", "created": 4, "duplicate": 1, "rejected": 1, "failed": 0}}], "empty_status": 422, "over_max_status": 413, "over_limit_wrote_rows": 0}, "seconds": 0.92}
2026-10-06 21:54:33 [warning  ] import_append_failed           at=2 error='synthetic second import store-call failure' request_id=f625e1e0-fbf1-4168-833a-cec917388701
2026-10-06 21:54:33 [info     ] events_imported                created=2 duplicate=0 failed=3 order=input received=5 rejected=0 request_id=f625e1e0-fbf1-4168-833a-cec917388701
2026-10-06 21:54:34 [info     ] events_imported                created=3 duplicate=2 failed=0 order=input received=5 rejected=0 request_id=f53626c0-458b-4aa8-a5c6-ee11fc7d97f9
{"name": "streamed_import_committed_prefix_failure_stops_and_safe_retry", "scenarios": ["ING-05"], "verdict": "passed", "observation": {"first_status": 200, "first": [{"index": 0, "event_id": "0d1d573e-f01c-4d00-bb8a-f2948e92b158", "status": "created", "global_position": "2026-10-06T16:24:33.603295000Z/000000/0d1d573e-f01c-4d00-bb8a-f2948e92b158"}, {"index": 1, "event_id": "91c502cc-c987-4803-a13d-a0333d8a4407", "status": "created", "global_position": "2026-10-06T16:24:33.603295000Z/000001/91c502cc-c987-4803-a13d-a0333d8a4407"}, {"index": 2, "event_id": "4f106478-d3da-4188-bbb3-bd07312d7456", "status": "failed", "error": "the store failed: synthetic second import store-call failure"}, {"index": 3, "event_id": "6a0ffc63-2f28-45cd-8af2-44acda929a83", "status": "failed", "error": "the store failed: synthetic second import store-call failure"}, {"index": 4, "event_id": "3e736863-3fe9-4405-bb6c-ab2e4547986c", "status": "failed", "error": "the store failed: synthetic second import store-call failure"}, {"summary": {"received": 5, "order": "input", "created": 2, "duplicate": 0, "rejected": 0, "failed": 3}}], "retry_status": 200, "retry": [{"index": 0, "event_id": "0d1d573e-f01c-4d00-bb8a-f2948e92b158", "status": "duplicate", "global_position": "2026-10-06T16:24:33.603295000Z/000000/0d1d573e-f01c-4d00-bb8a-f2948e92b158"}, {"index": 1, "event_id": "91c502cc-c987-4803-a13d-a0333d8a4407", "status": "duplicate", "global_position": "2026-10-06T16:24:33.603295000Z/000001/91c502cc-c987-4803-a13d-a0333d8a4407"}, {"index": 2, "event_id": "4f106478-d3da-4188-bbb3-bd07312d7456", "status": "created", "global_position": "2026-10-06T16:24:33.977727000Z/000000/4f106478-d3da-4188-bbb3-bd07312d7456"}, {"index": 3, "event_id": "6a0ffc63-2f28-45cd-8af2-44acda929a83", "status": "created", "global_position": "2026-10-06T16:24:33.977727000Z/000001/6a0ffc63-2f28-45cd-8af2-44acda929a83"}, {"index": 4, "event_id": "3e736863-3fe9-4405-bb6c-ab2e4547986c", "status": "created", "global_position": "2026-10-06T16:24:34.240991000Z/000000/3e736863-3fe9-4405-bb6c-ab2e4547986c"}, {"summary": {"received": 5, "order": "input", "created": 3, "duplicate": 2, "rejected": 0, "failed": 0}}], "store_calls_before_stop": 2, "fault": "synthetic second store call; first real Spanner commit retained"}, "seconds": 0.96}
2026-10-06 21:54:34 [info     ] events_imported                created=3 duplicate=0 failed=0 order=input received=3 rejected=0 request_id=069c47f2-825a-4327-81f4-b0ded8132de5
{"name": "explicit_input_import_preserves_input_not_occurrence_order", "scenarios": ["ING-05"], "verdict": "passed", "observation": {"status": 200, "lines": [{"index": 0, "event_id": "e191500b-ed25-44c6-a704-ab2572759f33", "status": "created", "global_position": "2026-10-06T16:24:34.543727000Z/000000/e191500b-ed25-44c6-a704-ab2572759f33"}, {"index": 1, "event_id": "3ce7e099-9787-4939-9d39-b9a4f60f0cee", "status": "created", "global_position": "2026-10-06T16:24:34.543727000Z/000001/3ce7e099-9787-4939-9d39-b9a4f60f0cee"}, {"index": 2, "event_id": "6771dde8-88fc-4405-b800-355d381efe22", "status": "created", "global_position": "2026-10-06T16:24:34.746495000Z/000000/6771dde8-88fc-4405-b800-355d381efe22"}, {"summary": {"received": 3, "order": "input", "created": 3, "duplicate": 0, "rejected": 0, "failed": 0}}]}, "seconds": 0.41}
/Users/arunmenon/projects/Engram/src/context_graph/api/routes/events.py:178: FastAPIDeprecationWarning: ORJSONResponse is deprecated, FastAPI now serializes data directly to JSON bytes via Pydantic when a return type or response model is set, which is faster and doesn't need a custom response class. Read more in the FastAPI docs: https://fastapi.tiangolo.com/advanced/custom-response/#orjson-or-response-model and https://fastapi.tiangolo.com/tutorial/response-model/
  return _body_error(exc)
{"name": "encoded_and_decoded_payload_size_limits_prevent_append", "scenarios": ["OPS-02", "ING-03"], "verdict": "passed", "observation": {"plain": 413, "compressed": 413, "decoded_bytes": 3279, "compressed_bytes": 216, "ledger_delta": 0}, "seconds": 0.22}
2026-10-06 21:54:35 [info     ] app_stopped
