2026-10-06 19:14:04 [info     ] embedding_service_initialized  model=all-MiniLM-L6-v2
2026-10-06 19:14:04 [info     ] llm_client_initialized
2026-10-06 19:14:04 [warning  ] ontology_setting_not_implemented setting='pdlc: Request.embed_fields (no embeddings for pack types)'
2026-10-06 19:14:04 [warning  ] ontology_setting_not_implemented setting='pdlc: Spec.embed_fields (no embeddings for pack types)'
2026-10-06 19:14:04 [warning  ] ontology_setting_not_implemented setting='pdlc: Requirement.embed_fields (no embeddings for pack types)'
2026-10-06 19:14:04 [warning  ] ontology_setting_not_implemented setting='pdlc: Decision.embed_fields (no embeddings for pack types)'
2026-10-06 19:14:04 [warning  ] ontology_setting_not_implemented setting='pdlc: Constraint.embed_fields (no embeddings for pack types)'
2026-10-06 19:14:04 [warning  ] ontology_setting_not_implemented setting='pdlc: DesignElement.embed_fields (no embeddings for pack types)'
2026-10-06 19:14:04 [warning  ] ontology_setting_not_implemented setting='pdlc: Change.embed_fields (no embeddings for pack types)'
2026-10-06 19:14:04 [warning  ] ontology_setting_not_implemented setting='pdlc: Incident.embed_fields (no embeddings for pack types)'
2026-10-06 19:14:04 [warning  ] ontology_setting_not_implemented setting='pdlc: Lesson.embed_fields (no embeddings for pack types)'
2026-10-06 19:14:04 [warning  ] ontology_setting_not_implemented setting='pdlc: link_policy completeness_reports, read_time_threshold, scoring_question, write_time_threshold'
2026-10-06 19:14:04 [warning  ] ontology_setting_not_implemented setting='pdlc: extraction.derived_proposals'
2026-10-06 19:14:04 [warning  ] ontology_setting_not_implemented setting='pdlc: lifecycle.decay'
2026-10-06 19:14:04 [warning  ] ontology_setting_not_implemented setting='pdlc: lifecycle.terminal_states_reduce_importance'
2026-10-06 19:14:04 [warning  ] ontology_setting_not_implemented setting='pdlc: mappings (vocabulary only)'
2026-10-06 19:14:06 [info     ] app_started                    neo4j_uri=bolt://localhost:7687 ontology_packs=['core@1.1.0', 'memory@1.0.0', 'user@1.0.0', 'pdlc@1.7.0'] ontology_version=sha256:3a7c761cd2848649 redis_host=localhost
/private/tmp/engram-ontology-review-venv/lib/python3.12/site-packages/fastapi/routing.py:151: FastAPIDeprecationWarning: ORJSONResponse is deprecated, FastAPI now serializes data directly to JSON bytes via Pydantic when a return type or response model is set, which is faster and doesn't need a custom response class. Read more in the FastAPI docs: https://fastapi.tiangolo.com/advanced/custom-response/#orjson-or-response-model and https://fastapi.tiangolo.com/tutorial/response-model/
  response = await f(request)
Traceback (most recent call last):
  File "/Users/arunmenon/projects/Engram/scripts/engram_spanner_compat.py", line 165, in check
    observation = await asyncio.wait_for(function(), timeout=timeout_seconds)
                  ^^^^^^^^^^^^^^^^^^^^^^^^^^^^^^^^^^^^^^^^^^^^^^^^^^^^^^^^^^^
  File "/opt/homebrew/Cellar/python@3.12/3.12.7_1/Frameworks/Python.framework/Versions/3.12/lib/python3.12/asyncio/tasks.py", line 520, in wait_for
    return await fut
           ^^^^^^^^^
  File "/Users/arunmenon/projects/Engram/scripts/engram_spanner_compat_remaining.py", line 633, in scenario
    assert body["nodes"], "native ANN entity hits and reference evidence are discarded by vector-only API retrieval"
           ~~~~^^^^^^^^^
AssertionError: native ANN entity hits and reference evidence are discarded by vector-only API retrieval

{"name": "HTTP_vector_only_existing_session_with_reference_evidence", "scenarios": ["MEM-03", "SEARCH-02"], "verdict": "failed", "error_type": "AssertionError", "error": "native ANN entity hits and reference evidence are discarded by vector-only API retrieval", "seconds": 0.71}
2026-10-06 19:14:07 [info     ] app_stopped
