2026-10-06 22:44:32 [info     ] embedding_service_initialized  model=all-MiniLM-L6-v2
2026-10-06 22:44:32 [info     ] llm_client_initialized
2026-10-06 22:44:32 [warning  ] ontology_setting_not_implemented setting='pdlc: Request.embed_fields (no embeddings for pack types)'
2026-10-06 22:44:32 [warning  ] ontology_setting_not_implemented setting='pdlc: Spec.embed_fields (no embeddings for pack types)'
2026-10-06 22:44:32 [warning  ] ontology_setting_not_implemented setting='pdlc: Requirement.embed_fields (no embeddings for pack types)'
2026-10-06 22:44:32 [warning  ] ontology_setting_not_implemented setting='pdlc: Decision.embed_fields (no embeddings for pack types)'
2026-10-06 22:44:32 [warning  ] ontology_setting_not_implemented setting='pdlc: Constraint.embed_fields (no embeddings for pack types)'
2026-10-06 22:44:32 [warning  ] ontology_setting_not_implemented setting='pdlc: DesignElement.embed_fields (no embeddings for pack types)'
2026-10-06 22:44:32 [warning  ] ontology_setting_not_implemented setting='pdlc: Change.embed_fields (no embeddings for pack types)'
2026-10-06 22:44:32 [warning  ] ontology_setting_not_implemented setting='pdlc: Incident.embed_fields (no embeddings for pack types)'
2026-10-06 22:44:32 [warning  ] ontology_setting_not_implemented setting='pdlc: Lesson.embed_fields (no embeddings for pack types)'
2026-10-06 22:44:32 [warning  ] ontology_setting_not_implemented setting='pdlc: link_policy completeness_reports, read_time_threshold, scoring_question, write_time_threshold'
2026-10-06 22:44:32 [warning  ] ontology_setting_not_implemented setting='pdlc: extraction.derived_proposals'
2026-10-06 22:44:32 [warning  ] ontology_setting_not_implemented setting='pdlc: lifecycle.decay'
2026-10-06 22:44:32 [warning  ] ontology_setting_not_implemented setting='pdlc: lifecycle.terminal_states_reduce_importance'
2026-10-06 22:44:32 [warning  ] ontology_setting_not_implemented setting='pdlc: mappings (vocabulary only)'
2026-10-06 22:44:35 [info     ] app_started                    neo4j_uri=bolt://localhost:7687 ontology_packs=['core@1.1.0', 'memory@1.0.0', 'user@1.0.0', 'pdlc@1.7.0'] ontology_version=sha256:3a7c761cd2848649 redis_host=localhost
/private/tmp/engram-ontology-review-venv/lib/python3.12/site-packages/fastapi/routing.py:360: FastAPIDeprecationWarning: ORJSONResponse is deprecated, FastAPI now serializes data directly to JSON bytes via Pydantic when a return type or response model is set, which is faster and doesn't need a custom response class. Read more in the FastAPI docs: https://fastapi.tiangolo.com/advanced/custom-response/#orjson-or-response-model and https://fastapi.tiangolo.com/tutorial/response-model/
  return await dependant.call(**values)
2026-10-06 22:44:35 [info     ] batch_ingested                 accepted=0 rejected=1 request_id=2509e1ff-8bd4-404f-a1eb-32f3520955dc store_failures=0 total=1
2026-10-06 22:44:35 [info     ] events_imported                created=0 duplicate=0 failed=0 order=occurred_at received=1 rejected=1 request_id=524ce465-534b-4eb1-ab9e-06707e350ced
Traceback (most recent call last):
  File "/Users/arunmenon/projects/Engram/scripts/engram_spanner_compat.py", line 212, in check
    observation = await asyncio.wait_for(function(), timeout=timeout_seconds)
                  ^^^^^^^^^^^^^^^^^^^^^^^^^^^^^^^^^^^^^^^^^^^^^^^^^^^^^^^^^^^
  File "/opt/homebrew/Cellar/python@3.12/3.12.7_1/Frameworks/Python.framework/Versions/3.12/lib/python3.12/asyncio/tasks.py", line 520, in wait_for
    return await fut
           ^^^^^^^^^
  File "/Users/arunmenon/projects/Engram/scripts/engram_spanner_compat_completion.py", line 582, in timestamps
    assert single.status_code==422 and batch.status_code==201 and batch.json()['rejected']==1,record
           ^^^^^^^^^^^^^^^^^^^^^^^^^^^^^^^^^^^^^^^^^^^^^^^^^^^^^^^^^^^^^^^^^^^^^^^^^^^^^^^^^^
AssertionError: {'field': 'occurred_at', 'single_status': 422, 'single': {'detail': [{'type': 'timezone_required', 'loc': ['occurred_at'], 'msg': 'Timestamp requires an explicit timezone', 'input': '2026-10-06T12:00:00'}]}, 'batch_status': 422, 'batch': {'accepted': 0, 'rejected': 1, 'results': [], 'errors': [{'index': 0, 'event_id': '2880841b-1d3d-4fed-b455-39e6ac4db4ac', 'errors': [{'field': 'occurred_at', 'message': 'Timestamp requires an explicit timezone'}]}]}, 'import_status': 200, 'import': [{'index': 0, 'event_id': '2880841b-1d3d-4fed-b455-39e6ac4db4ac', 'errors': [{'field': 'occurred_at', 'message': 'Timestamp requires an explicit timezone'}], 'status': 'rejected'}, {'summary': {'received': 1, 'order': 'occurred_at', 'created': 0, 'duplicate': 0, 'rejected': 1, 'failed': 0}}]}

{"name": "timezone_refusal_all_ingress_routes_and_aware_UTC_storage", "scenarios": ["ING-01", "ING-02", "ING-05"], "verdict": "failed", "error_type": "AssertionError", "error": "{'field': 'occurred_at', 'single_status': 422, 'single': {'detail': [{'type': 'timezone_required', 'loc': ['occurred_at'], 'msg': 'Timestamp requires an explicit timezone', 'input': '2026-10-06T12:00:00'}]}, 'batch_status': 422, 'batch': {'accepted': 0, 'rejected': 1, 'results': [], 'errors': [{'index': 0, 'event_id': '2880841b-1d3d-4fed-b455-39e6ac4db4ac', 'errors': [{'field': 'occurred_at', 'message': 'Timestamp requires an explicit timezone'}]}]}, 'import_status': 200, 'import': [{'index': 0, 'event_id': '2880841b-1d3d-4fed-b455-39e6ac4db4ac', 'errors': [{'field': 'occurred_at', 'message': 'Timestamp requires an explicit timezone'}], 'status': 'rejected'}, {'summary': {'received': 1, 'order': 'occurred_at', 'created': 0, 'duplicate': 0, 'rejected': 1, 'failed': 0}}]}", "seconds": 0.14}
/Users/arunmenon/projects/Engram/src/context_graph/api/routes/events.py:178: FastAPIDeprecationWarning: ORJSONResponse is deprecated, FastAPI now serializes data directly to JSON bytes via Pydantic when a return type or response model is set, which is faster and doesn't need a custom response class. Read more in the FastAPI docs: https://fastapi.tiangolo.com/advanced/custom-response/#orjson-or-response-model and https://fastapi.tiangolo.com/tutorial/response-model/
  return _body_error(exc)
2026-10-06 22:44:35 [info     ] event_ingested                 event_id=7718d319-9a31-4189-ba89-9c68afcd7b4b event_type=observation.input global_position=2026-10-06T17:14:35.781695000Z/000000/7718d319-9a31-4189-ba89-9c68afcd7b4b request_id=c56c2acb-10ff-4ee9-a4fd-3b52b90bc677 status=created
/private/tmp/engram-ontology-review-venv/lib/python3.12/site-packages/fastapi/routing.py:360: FastAPIDeprecationWarning: ORJSONResponse is deprecated, FastAPI now serializes data directly to JSON bytes via Pydantic when a return type or response model is set, which is faster and doesn't need a custom response class. Read more in the FastAPI docs: https://fastapi.tiangolo.com/advanced/custom-response/#orjson-or-response-model and https://fastapi.tiangolo.com/tutorial/response-model/
  return await dependant.call(**values)
{"name": "gzip_complete_member_required_before_append", "scenarios": ["ING-03"], "verdict": "passed", "observation": {"invalid_gzip": [{"status": 400, "response": {"detail": [{"message": "body is an incomplete gzip stream"}]}}, {"status": 400, "response": {"detail": [{"message": "body is an incomplete gzip stream"}]}}, {"status": 400, "response": {"detail": [{"message": "body is an incomplete gzip stream"}]}}, {"status": 400, "response": {"detail": [{"message": "body contains data after the gzip stream"}]}}], "valid_status": 201, "ledger_delta": 1}, "seconds": 0.53}
2026-10-06 22:44:35 [info     ] app_stopped
