2026-10-06 19:39:14 [info     ] embedding_service_initialized  model=all-MiniLM-L6-v2
2026-10-06 19:39:14 [info     ] llm_client_initialized
2026-10-06 19:39:14 [warning  ] ontology_setting_not_implemented setting='pdlc: Request.embed_fields (no embeddings for pack types)'
2026-10-06 19:39:14 [warning  ] ontology_setting_not_implemented setting='pdlc: Spec.embed_fields (no embeddings for pack types)'
2026-10-06 19:39:14 [warning  ] ontology_setting_not_implemented setting='pdlc: Requirement.embed_fields (no embeddings for pack types)'
2026-10-06 19:39:14 [warning  ] ontology_setting_not_implemented setting='pdlc: Decision.embed_fields (no embeddings for pack types)'
2026-10-06 19:39:14 [warning  ] ontology_setting_not_implemented setting='pdlc: Constraint.embed_fields (no embeddings for pack types)'
2026-10-06 19:39:14 [warning  ] ontology_setting_not_implemented setting='pdlc: DesignElement.embed_fields (no embeddings for pack types)'
2026-10-06 19:39:14 [warning  ] ontology_setting_not_implemented setting='pdlc: Change.embed_fields (no embeddings for pack types)'
2026-10-06 19:39:14 [warning  ] ontology_setting_not_implemented setting='pdlc: Incident.embed_fields (no embeddings for pack types)'
2026-10-06 19:39:14 [warning  ] ontology_setting_not_implemented setting='pdlc: Lesson.embed_fields (no embeddings for pack types)'
2026-10-06 19:39:14 [warning  ] ontology_setting_not_implemented setting='pdlc: link_policy completeness_reports, read_time_threshold, scoring_question, write_time_threshold'
2026-10-06 19:39:14 [warning  ] ontology_setting_not_implemented setting='pdlc: extraction.derived_proposals'
2026-10-06 19:39:14 [warning  ] ontology_setting_not_implemented setting='pdlc: lifecycle.decay'
2026-10-06 19:39:14 [warning  ] ontology_setting_not_implemented setting='pdlc: lifecycle.terminal_states_reduce_importance'
2026-10-06 19:39:14 [warning  ] ontology_setting_not_implemented setting='pdlc: mappings (vocabulary only)'
2026-10-06 19:39:16 [info     ] app_started                    neo4j_uri=bolt://localhost:7687 ontology_packs=['core@1.1.0', 'memory@1.0.0', 'user@1.0.0', 'pdlc@1.7.0'] ontology_version=sha256:3a7c761cd2848649 redis_host=localhost
2026-10-06 19:39:16 [info     ] webhook_ingested               delivery_id=case-0 event_types=['pdlc.change.created'] request_id=be2571d1-4eee-4a14-8245-1a4b47fff0cd source=github
/private/tmp/engram-ontology-review-venv/lib/python3.12/site-packages/fastapi/routing.py:360: FastAPIDeprecationWarning: ORJSONResponse is deprecated, FastAPI now serializes data directly to JSON bytes via Pydantic when a return type or response model is set, which is faster and doesn't need a custom response class. Read more in the FastAPI docs: https://fastapi.tiangolo.com/advanced/custom-response/#orjson-or-response-model and https://fastapi.tiangolo.com/tutorial/response-model/
  return await dependant.call(**values)
2026-10-06 19:39:16 [info     ] webhook_ingested               delivery_id=case-1 event_types=['pdlc.change.created'] request_id=428b42ca-c058-4e19-b407-cba605a78604 source=github
2026-10-06 19:39:16 [info     ] webhook_ingested               delivery_id=case-2 event_types=['pdlc.change.updated'] request_id=99af5336-ab4b-4738-ac11-343b2d0659e8 source=github
2026-10-06 19:39:16 [info     ] webhook_ingested               delivery_id=case-3 event_types=['pdlc.change.updated'] request_id=eb011708-e9f8-4ca1-99d3-0d9fdb7d89e5 source=github
2026-10-06 19:39:16 [info     ] webhook_ingested               delivery_id=case-4 event_types=['pdlc.change.merged'] request_id=498f6c97-b11f-4813-a5b9-8c167fd4af50 source=github
2026-10-06 19:39:17 [info     ] webhook_ingested               delivery_id=case-5 event_types=['pdlc.change.abandoned'] request_id=8101ff04-8ac1-4f6d-a3e4-954471b0e142 source=github
2026-10-06 19:39:17 [info     ] webhook_ingested               delivery_id=case-6 event_types=['pdlc.change.reviewed'] request_id=240da7ea-8a7c-40ff-a15b-13150575af77 source=github
2026-10-06 19:39:17 [info     ] webhook_ingested               delivery_id=case-7 event_types=['pdlc.change.reviewed'] request_id=44e3177d-1e1e-44d3-bedc-7bf912b4e643 source=github
2026-10-06 19:39:17 [info     ] webhook_ingested               delivery_id=case-8 event_types=['pdlc.change.reviewed'] request_id=37f3cafd-0315-4b68-9f13-368143401553 source=github
2026-10-06 19:39:17 [info     ] webhook_ingested               delivery_id=case-9 event_types=['pdlc.testcaserun.finished'] request_id=3eb96d88-f0aa-4a7d-9b59-f0bd1379d3c8 source=github
2026-10-06 19:39:17 [info     ] webhook_ingested               delivery_id=case-10 event_types=['pdlc.testcaserun.finished'] request_id=91da3c85-5feb-4157-a827-0ff77dfa42e6 source=github
2026-10-06 19:39:18 [info     ] webhook_ingested               delivery_id=case-11 event_types=['pdlc.testcaserun.finished'] request_id=048995f9-b869-4b02-815e-b846b1bf2e8c source=github
2026-10-06 19:39:18 [info     ] webhook_ingested               delivery_id=case-12 event_types=['pdlc.testcaserun.finished'] request_id=cff79970-604c-439e-aada-7fc458efe4f6 source=github
2026-10-06 19:39:18 [info     ] webhook_ingested               delivery_id=case-13 event_types=['pdlc.testcaserun.finished'] request_id=bed642ee-a0dd-41df-99f1-ac02daec163d source=github
2026-10-06 19:39:18 [info     ] webhook_ingested               delivery_id=case-14 event_types=['pdlc.testcaserun.finished'] request_id=14ac228f-0583-4d55-89ce-ce0de417c6ed source=github
2026-10-06 19:39:18 [info     ] webhook_ingested               delivery_id=case-15 event_types=['pdlc.testcaserun.finished'] request_id=751efde9-d0dd-4d00-b21f-d24a5de32189 source=github
2026-10-06 19:39:19 [info     ] webhook_ingested               delivery_id=case-16 event_types=['pdlc.testcaserun.skipped'] request_id=2d682dac-85fd-45bf-9833-39dd6828d320 source=github
2026-10-06 19:39:19 [info     ] webhook_ingested               delivery_id=case-17 event_types=['pdlc.testcaserun.skipped'] request_id=61319efd-ebd9-46e5-83bd-e7d78dae3484 source=github
2026-10-06 19:39:19 [info     ] webhook_ingested               delivery_id=case-18 event_types=['pdlc.testcaserun.finished'] request_id=841ef59d-2a94-4c8f-8e53-d362a1dd0f99 source=github
2026-10-06 19:39:19 [info     ] webhook_ingested               delivery_id=case-19 event_types=['pdlc.release.published'] request_id=34723c56-1d30-43a8-b21f-1ad6dd58484b source=github
2026-10-06 19:39:19 [info     ] webhook_ingested               delivery_id=case-20 event_types=['pdlc.service.deployed'] request_id=023e8aea-ec60-4805-8e85-b70e29972878 source=github
2026-10-06 19:39:19 [info     ] webhook_ingested               delivery_id=case-21 event_types=['pdlc.ticket.created'] request_id=01fb98b9-f8fb-4c92-89a3-3be2bf1c04e7 source=github
2026-10-06 19:39:20 [info     ] webhook_ingested               delivery_id=case-22 event_types=['pdlc.ticket.updated'] request_id=bf6bef91-bb19-4345-abae-c15ae64ebe5b source=github
2026-10-06 19:39:20 [info     ] webhook_ingested               delivery_id=case-23 event_types=['pdlc.ticket.updated'] request_id=49b6577e-30db-4c56-b281-d1683406713d source=github
2026-10-06 19:39:20 [info     ] webhook_ingested               delivery_id=case-24 event_types=['pdlc.ticket.updated'] request_id=cd8e08dc-c69a-4a0d-badd-5acb22d4f6e1 source=github
2026-10-06 19:39:20 [info     ] webhook_ingested               delivery_id=case-25 event_types=['pdlc.ticket.updated'] request_id=3c0eed45-6f52-4b8d-a0ea-8d2cde144585 source=github
2026-10-06 19:39:20 [info     ] webhook_ingested               delivery_id=case-26 event_types=['pdlc.ticket.updated'] request_id=d4f97a13-405d-4264-a92f-3c3979c8b463 source=github
2026-10-06 19:39:21 [info     ] webhook_ingested               delivery_id=case-27 event_types=['pdlc.ticket.updated'] request_id=f3e1ded4-7ab8-4c3b-9ace-4af865fc729c source=github
2026-10-06 19:39:21 [info     ] webhook_ingested               delivery_id=case-28 event_types=['pdlc.ticket.closed'] request_id=9211b4d0-df75-49c1-a30f-f8ccb91458ab source=github
2026-10-06 19:39:21 [info     ] webhook_ingested               delivery_id=case-29 event_types=['pdlc.ticket.created'] request_id=c9425a2e-b901-4f71-9c8b-847b200f5ca9 source=jira
2026-10-06 19:39:21 [info     ] webhook_ingested               delivery_id=case-30 event_types=['pdlc.ticket.updated'] request_id=2bda895c-c947-4683-b47d-2e1890af7c2e source=jira
2026-10-06 19:39:21 [info     ] webhook_ingested               delivery_id=case-31 event_types=['pdlc.ticket.closed'] request_id=08c60a4e-3efa-4cef-b1b7-cabb8ae01038 source=jira
2026-10-06 19:39:21 [info     ] webhook_ingested               delivery_id=case-32 event_types=['pdlc.ticket.updated'] request_id=03982bc4-c2c4-4c32-834c-15cfa55cdc0c source=jira
Traceback (most recent call last):
  File "/Users/arunmenon/projects/Engram/scripts/engram_spanner_compat.py", line 185, in check
    observation = await asyncio.wait_for(function(), timeout=timeout_seconds)
                  ^^^^^^^^^^^^^^^^^^^^^^^^^^^^^^^^^^^^^^^^^^^^^^^^^^^^^^^^^^^
  File "/opt/homebrew/Cellar/python@3.12/3.12.7_1/Frameworks/Python.framework/Versions/3.12/lib/python3.12/asyncio/tasks.py", line 520, in wait_for
    return await fut
           ^^^^^^^^^
  File "/Users/arunmenon/projects/Engram/scripts/engram_spanner_compat_pack_cases.py", line 581, in translate_all
    assert doc['event_type']==expected,receipt
           ^^^^^^^^^^^^^^^^^^^^^^^^^^^
AssertionError: {'index': 32, 'source': 'jira', 'kind': '', 'action': 'jira:issue_updated', 'expected_type': 'pdlc.ticket.closed', 'documents': [{'agent_id': 'webhook:jira', 'ended_at': None, 'event_id': '1277cf84-97df-5f9c-955b-723fc75f3577', 'event_type': 'pdlc.ticket.updated', 'global_position': '2026-10-06T14:09:21.924735000Z/000000/1277cf84-97df-5f9c-955b-723fc75f3577', 'importance_hint': None, 'occurred_at': '2026-10-06T14:09:16.048000Z', 'parent_event_id': None, 'payload': {'cdevents_type': 'dev.cdevents.ticket.updated', 'key': 'CP-4', 'parent_key': 'CP-0', 'resolution': None, 'status': 'Closed', 'title': 'Jira compat', 'tracker': 'jira', 'work_type': 'bug'}, 'payload_ref': 'webhook:jira:case-32', 'schema_version': 1, 'search_text': 'jira CP-4 Jira compat bug Closed CP-0 dev.cdevents.ticket.updated', 'session_id': 'pdlc:jira:CP', 'status': None, 'tool_name': None, 'trace_id': 'case-32'}]}

{"name": "signed_GitHub_Jira_all_supported_handlers_actions_and_ignored", "scenarios": ["HOOK-01", "HOOK-02"], "verdict": "failed", "error_type": "AssertionError", "error": "{'index': 32, 'source': 'jira', 'kind': '', 'action': 'jira:issue_updated', 'expected_type': 'pdlc.ticket.closed', 'documents': [{'agent_id': 'webhook:jira', 'ended_at': None, 'event_id': '1277cf84-97df-5f9c-955b-723fc75f3577', 'event_type': 'pdlc.ticket.updated', 'global_position': '2026-10-06T14:09:21.924735000Z/000000/1277cf84-97df-5f9c-955b-723fc75f3577', 'importance_hint': None, 'occurred_at': '2026-10-06T14:09:16.048000Z', 'parent_event_id': None, 'payload': {'cdevents_type': 'dev.cdevents.ticket.updated', 'key': 'CP-4', 'parent_key': 'CP-0', 'resolution': None, 'status': 'Closed', 'title': 'Jira compat', 'tracker': 'jira', 'work_type': 'bug'}, 'payload_ref': 'webhook:jira:case-32', 'schema_version': 1, 'search_text': 'jira CP-4 Jira compat bug Closed CP-0 dev.cdevents.ticket.updated', 'session_id': 'pdlc:jira:CP', 'status': None, 'tool_name': None, 'trace_id': 'case-32'}]}", "seconds": 5.92}
2026-10-06 19:39:22 [info     ] webhook_ingested               delivery_id=different-delivery-header event_types=['pdlc.change.created'] request_id=4a9b93b7-efc7-43d3-97e8-5326813c6498 source=github
2026-10-06 19:39:22 [info     ] webhook_ingested               delivery_id=case-0 event_types=['pdlc.change.created'] request_id=c453d3d3-72ac-432b-b33f-0a0f8fc7f630 source=github
{"name": "signed_body_dedup_independent_of_delivery_ID", "scenarios": ["HOOK-03", "ING-04"], "verdict": "passed", "observation": {"original_ids": ["1bd1488b-34a1-53a8-9b06-2c3256745ea3"], "same_body_new_delivery": {"event_ids": ["1bd1488b-34a1-53a8-9b06-2c3256745ea3"]}, "changed_body_same_delivery": {"event_ids": ["b0a353c5-faaf-58da-8661-a89f260ca7f1"]}}, "seconds": 0.32}
2026-10-06 19:39:22 [info     ] consumer_started               consumer=webhook-handler-projection group=graph-projection stream=Events
2026-10-06 19:39:22 [info     ] pending_drain_completed        group=graph-projection
2026-10-06 19:39:23 [debug    ] event_projected                edge_count=0 entry_id=2026-10-06T14:09:16.232351000Z/000000/1bd1488b-34a1-53a8-9b06-2c3256745ea3 event_id=1bd1488b-34a1-53a8-9b06-2c3256745ea3 session_id=pdlc:acme/compat
2026-10-06 19:39:23 [debug    ] pack_plans_applied             edges=1 events=1 nodes=1 states=1
2026-10-06 19:39:23 [debug    ] event_projected                edge_count=1 entry_id=2026-10-06T14:09:16.462927000Z/000000/fa15b7d8-c463-56d9-b0df-90f305915cb7 event_id=fa15b7d8-c463-56d9-b0df-90f305915cb7 session_id=pdlc:acme/compat
2026-10-06 19:39:24 [debug    ] pack_plans_applied             edges=1 events=1 nodes=1 states=1
2026-10-06 19:39:24 [debug    ] event_projected                edge_count=1 entry_id=2026-10-06T14:09:16.610447000Z/000000/e9750872-9efc-5bbf-a5e2-9451d6f70538 event_id=e9750872-9efc-5bbf-a5e2-9451d6f70538 session_id=pdlc:acme/compat
2026-10-06 19:39:25 [debug    ] pack_plans_applied             edges=1 events=1 nodes=1 states=0
2026-10-06 19:39:25 [debug    ] event_projected                edge_count=1 entry_id=2026-10-06T14:09:16.755199000Z/000000/40e43884-4c32-5565-85df-68e3dfbfc241 event_id=40e43884-4c32-5565-85df-68e3dfbfc241 session_id=pdlc:acme/compat
2026-10-06 19:39:25 [debug    ] pack_plans_applied             edges=1 events=1 nodes=1 states=0
2026-10-06 19:39:26 [debug    ] event_projected                edge_count=1 entry_id=2026-10-06T14:09:17.001231000Z/000000/bebb3f4b-b2cc-54ce-bf1f-4a074d08d2a3 event_id=bebb3f4b-b2cc-54ce-bf1f-4a074d08d2a3 session_id=pdlc:acme/compat
2026-10-06 19:39:26 [debug    ] pack_plans_applied             edges=1 events=1 nodes=6 states=1
2026-10-06 19:39:27 [debug    ] event_projected                edge_count=1 entry_id=2026-10-06T14:09:17.137679000Z/000000/fa93cb59-aa98-5ab1-bb11-e77db13e5a23 event_id=fa93cb59-aa98-5ab1-bb11-e77db13e5a23 session_id=pdlc:acme/compat
2026-10-06 19:39:27 [debug    ] pack_plans_applied             edges=1 events=1 nodes=1 states=1
2026-10-06 19:39:27 [debug    ] event_projected                edge_count=1 entry_id=2026-10-06T14:09:17.284751000Z/000000/ca696629-6c9d-594c-932d-e5384808184f event_id=ca696629-6c9d-594c-932d-e5384808184f session_id=pdlc:acme/compat
2026-10-06 19:39:28 [debug    ] pack_plans_applied             edges=2 events=1 nodes=3 states=1
2026-10-06 19:39:28 [debug    ] event_projected                edge_count=1 entry_id=2026-10-06T14:09:17.505263000Z/000000/beb4790a-f8b3-52b0-976f-a2b72fb358ea event_id=beb4790a-f8b3-52b0-976f-a2b72fb358ea session_id=pdlc:acme/compat
2026-10-06 19:39:29 [debug    ] pack_plans_applied             edges=2 events=1 nodes=3 states=1
2026-10-06 19:39:29 [debug    ] event_projected                edge_count=1 entry_id=2026-10-06T14:09:17.643071000Z/000000/e687f10b-4337-531b-a2b9-30dcbfba5d14 event_id=e687f10b-4337-531b-a2b9-30dcbfba5d14 session_id=pdlc:acme/compat
2026-10-06 19:39:30 [debug    ] pack_plans_applied             edges=2 events=1 nodes=3 states=1
2026-10-06 19:39:30 [debug    ] event_projected                edge_count=1 entry_id=2026-10-06T14:09:17.782127000Z/000000/4dda338c-7b01-5c4a-bcc2-8c6f62845623 event_id=4dda338c-7b01-5c4a-bcc2-8c6f62845623 session_id=pdlc:acme/compat
2026-10-06 19:39:31 [debug    ] pack_plans_applied             edges=4 events=1 nodes=6 states=0
2026-10-06 19:39:31 [debug    ] event_projected                edge_count=1 entry_id=2026-10-06T14:09:17.996815000Z/000000/e1db98e4-fdb3-5b92-b33e-f5d96be92f5a event_id=e1db98e4-fdb3-5b92-b33e-f5d96be92f5a session_id=pdlc:acme/compat
2026-10-06 19:39:32 [debug    ] pack_plans_applied             edges=4 events=1 nodes=6 states=0
2026-10-06 19:39:32 [debug    ] event_projected                edge_count=1 entry_id=2026-10-06T14:09:18.145439000Z/000000/dc55971b-ee6c-5eb7-91de-fe71dac44881 event_id=dc55971b-ee6c-5eb7-91de-fe71dac44881 session_id=pdlc:acme/compat
2026-10-06 19:39:32 [debug    ] pack_plans_applied             edges=4 events=1 nodes=6 states=0
2026-10-06 19:39:33 [debug    ] event_projected                edge_count=1 entry_id=2026-10-06T14:09:18.318735000Z/000000/cb7049b2-8777-5389-95f1-73ca43a69ea5 event_id=cb7049b2-8777-5389-95f1-73ca43a69ea5 session_id=pdlc:acme/compat
2026-10-06 19:39:33 [debug    ] pack_plans_applied             edges=4 events=1 nodes=6 states=0
2026-10-06 19:39:33 [debug    ] event_projected                edge_count=1 entry_id=2026-10-06T14:09:18.519487000Z/000000/3017fa7f-c94c-568d-a5f8-4fab6d79cd4a event_id=3017fa7f-c94c-568d-a5f8-4fab6d79cd4a session_id=pdlc:acme/compat
2026-10-06 19:39:34 [debug    ] pack_plans_applied             edges=4 events=1 nodes=6 states=0
2026-10-06 19:39:34 [debug    ] event_projected                edge_count=1 entry_id=2026-10-06T14:09:18.666255000Z/000000/b12b1480-d98e-54eb-8ea6-f2232b1379b2 event_id=b12b1480-d98e-54eb-8ea6-f2232b1379b2 session_id=pdlc:acme/compat
2026-10-06 19:39:35 [debug    ] pack_plans_applied             edges=4 events=1 nodes=6 states=0
2026-10-06 19:39:35 [debug    ] event_projected                edge_count=1 entry_id=2026-10-06T14:09:18.818095000Z/000000/8dbcf104-5380-5a23-bada-282d75540d84 event_id=8dbcf104-5380-5a23-bada-282d75540d84 session_id=pdlc:acme/compat
2026-10-06 19:39:35 [debug    ] pack_plans_applied             edges=4 events=1 nodes=6 states=0
2026-10-06 19:39:35 [debug    ] event_projected                edge_count=1 entry_id=2026-10-06T14:09:19.037759000Z/000000/689d1948-4ede-5fa5-9230-243b74d001a6 event_id=689d1948-4ede-5fa5-9230-243b74d001a6 session_id=pdlc:acme/compat
2026-10-06 19:39:36 [debug    ] event_projected                edge_count=1 entry_id=2026-10-06T14:09:19.193471000Z/000000/b056e442-df10-58f6-9fb3-f655f764809e event_id=b056e442-df10-58f6-9fb3-f655f764809e session_id=pdlc:acme/compat
2026-10-06 19:39:36 [debug    ] event_projected                edge_count=1 entry_id=2026-10-06T14:09:19.346015000Z/000000/ab470104-ddd7-57b3-85ac-e5e5d7217fc6 event_id=ab470104-ddd7-57b3-85ac-e5e5d7217fc6 session_id=pdlc:acme/compat
2026-10-06 19:39:37 [debug    ] pack_plans_applied             edges=4 events=1 nodes=6 states=0
2026-10-06 19:39:37 [debug    ] event_projected                edge_count=1 entry_id=2026-10-06T14:09:19.574639000Z/000000/b138b24b-7cb2-57a7-8703-593367dede8e event_id=b138b24b-7cb2-57a7-8703-593367dede8e session_id=pdlc:acme/compat
2026-10-06 19:39:38 [debug    ] pack_plans_applied             edges=3 events=1 nodes=4 states=0
2026-10-06 19:39:38 [debug    ] event_projected                edge_count=1 entry_id=2026-10-06T14:09:19.744463000Z/000000/0018c27c-e845-54ab-b7e0-bf5738a8b182 event_id=0018c27c-e845-54ab-b7e0-bf5738a8b182 session_id=pdlc:acme/compat
2026-10-06 19:39:39 [debug    ] pack_plans_applied             edges=4 events=1 nodes=6 states=1
2026-10-06 19:39:39 [debug    ] event_projected                edge_count=1 entry_id=2026-10-06T14:09:19.892959000Z/000000/f6aca3c2-4080-5ed7-a341-cb3d3ad7b8b4 event_id=f6aca3c2-4080-5ed7-a341-cb3d3ad7b8b4 session_id=pdlc:acme/compat
2026-10-06 19:39:39 [debug    ] pack_plans_applied             edges=1 events=1 nodes=1 states=1
2026-10-06 19:39:40 [debug    ] event_projected                edge_count=1 entry_id=2026-10-06T14:09:20.115663000Z/000000/d0d355cd-a035-5bc4-9ff0-34f93c3a1919 event_id=d0d355cd-a035-5bc4-9ff0-34f93c3a1919 session_id=pdlc:acme/compat
2026-10-06 19:39:40 [debug    ] pack_plans_applied             edges=1 events=1 nodes=1 states=1
2026-10-06 19:39:40 [debug    ] event_projected                edge_count=1 entry_id=2026-10-06T14:09:20.257439000Z/000000/564ccda2-be2d-5145-b1d7-188d47f10472 event_id=564ccda2-be2d-5145-b1d7-188d47f10472 session_id=pdlc:acme/compat
2026-10-06 19:39:41 [debug    ] pack_plans_applied             edges=1 events=1 nodes=1 states=1
2026-10-06 19:39:41 [debug    ] event_projected                edge_count=1 entry_id=2026-10-06T14:09:20.432639000Z/000000/5bec69ae-a966-55e5-b065-2a2d4cb3e7a4 event_id=5bec69ae-a966-55e5-b065-2a2d4cb3e7a4 session_id=pdlc:acme/compat
2026-10-06 19:39:42 [debug    ] pack_plans_applied             edges=1 events=1 nodes=1 states=1
2026-10-06 19:39:42 [debug    ] event_projected                edge_count=1 entry_id=2026-10-06T14:09:20.684159000Z/000000/407c370e-babb-5a6d-9fbb-5587f9a142f5 event_id=407c370e-babb-5a6d-9fbb-5587f9a142f5 session_id=pdlc:acme/compat
2026-10-06 19:39:43 [debug    ] pack_plans_applied             edges=1 events=1 nodes=1 states=1
2026-10-06 19:39:43 [debug    ] event_projected                edge_count=1 entry_id=2026-10-06T14:09:20.829583000Z/000000/66981cfd-fa75-52f2-971d-2c2943f73912 event_id=66981cfd-fa75-52f2-971d-2c2943f73912 session_id=pdlc:acme/compat
2026-10-06 19:39:43 [debug    ] pack_plans_applied             edges=1 events=1 nodes=1 states=1
2026-10-06 19:39:44 [debug    ] event_projected                edge_count=1 entry_id=2026-10-06T14:09:20.988751000Z/000000/8307d6d0-ae16-5b1f-b087-091fe6e9698a event_id=8307d6d0-ae16-5b1f-b087-091fe6e9698a session_id=pdlc:acme/compat
2026-10-06 19:39:44 [debug    ] pack_plans_applied             edges=1 events=1 nodes=1 states=1
2026-10-06 19:39:44 [debug    ] event_projected                edge_count=1 entry_id=2026-10-06T14:09:21.213375000Z/000000/13d5f111-8f14-54e1-8149-03f6ba8b887c event_id=13d5f111-8f14-54e1-8149-03f6ba8b887c session_id=pdlc:acme/compat
2026-10-06 19:39:45 [debug    ] pack_plans_applied             edges=1 events=1 nodes=1 states=1
2026-10-06 19:39:45 [debug    ] event_projected                edge_count=0 entry_id=2026-10-06T14:09:21.380319000Z/000000/bbb85969-c6b7-5f5c-9f37-ea45351b14e9 event_id=bbb85969-c6b7-5f5c-9f37-ea45351b14e9 session_id=pdlc:jira:CP
2026-10-06 19:39:46 [debug    ] pack_plans_applied             edges=2 events=1 nodes=3 states=1
2026-10-06 19:39:46 [debug    ] event_projected                edge_count=1 entry_id=2026-10-06T14:09:21.615295000Z/000000/5493c985-9f31-5d68-a868-6458c289548f event_id=5493c985-9f31-5d68-a868-6458c289548f session_id=pdlc:jira:CP
2026-10-06 19:39:47 [debug    ] pack_plans_applied             edges=2 events=1 nodes=3 states=1
2026-10-06 19:39:47 [debug    ] event_projected                edge_count=1 entry_id=2026-10-06T14:09:21.767167000Z/000000/d3d888f8-f851-54b6-87e3-615a558079c1 event_id=d3d888f8-f851-54b6-87e3-615a558079c1 session_id=pdlc:jira:CP
2026-10-06 19:39:48 [debug    ] pack_plans_applied             edges=1 events=1 nodes=1 states=1
2026-10-06 19:39:48 [debug    ] event_projected                edge_count=1 entry_id=2026-10-06T14:09:21.924735000Z/000000/1277cf84-97df-5f9c-955b-723fc75f3577 event_id=1277cf84-97df-5f9c-955b-723fc75f3577 session_id=pdlc:jira:CP
2026-10-06 19:39:49 [debug    ] pack_plans_applied             edges=2 events=1 nodes=3 states=0
2026-10-06 19:39:49 [debug    ] event_projected                edge_count=1 entry_id=2026-10-06T14:09:22.235023000Z/000000/b0a353c5-faaf-58da-8661-a89f260ca7f1 event_id=b0a353c5-faaf-58da-8661-a89f260ca7f1 session_id=pdlc:acme/compat
2026-10-06 19:39:49 [debug    ] pack_plans_applied             edges=1 events=1 nodes=1 states=1
2026-10-06 19:39:50 [info     ] consumer_stopped               consumer=webhook-handler-projection group=graph-projection
{"name": "all_webhook_normalized_events_actual_projection", "scenarios": ["HOOK-01", "HOOK-02", "APP-02"], "verdict": "passed", "observation": {"nodes": {"Change": 6, "Component": 1, "Deployment": 1, "Event": 34, "Release": 1, "Review": 3, "TestCase": 1, "TestRun": 8, "WorkItem": 13}, "edges": [["Change:acme/compat|1", "DERIVED_FROM", "1bd1488b-34a1-53a8-9b06-2c3256745ea3"], ["Change:acme/compat|1", "DERIVED_FROM", "b0a353c5-faaf-58da-8661-a89f260ca7f1"], ["Change:acme/compat|2", "DERIVED_FROM", "fa15b7d8-c463-56d9-b0df-90f305915cb7"], ["Change:acme/compat|3", "DERIVED_FROM", "e9750872-9efc-5bbf-a5e2-9451d6f70538"], ["Change:acme/compat|4", "DERIVED_FROM", "40e43884-4c32-5565-85df-68e3dfbfc241"], ["Change:acme/compat|5", "DERIVED_FROM", "bebb3f4b-b2cc-54ce-bf1f-4a074d08d2a3"], ["Change:acme/compat|6", "DERIVED_FROM", "fa93cb59-aa98-5ab1-bb11-e77db13e5a23"], ["Component:acme/compat", "DERIVED_FROM", "0018c27c-e845-54ab-b7e0-bf5738a8b182"], ["Deployment:prod|abc|2026-10-06T14:09:16.048751+00:00", "DEPLOYED_TO", "Component:acme/compat"], ["Deployment:prod|abc|2026-10-06T14:09:16.048751+00:00", "DEPLOYS", "Change:acme/compat|5"], ["Deployment:prod|abc|2026-10-06T14:09:16.048751+00:00", "DERIVED_FROM", "0018c27c-e845-54ab-b7e0-bf5738a8b182"], ["0018c27c-e845-54ab-b7e0-bf5738a8b182", "FOLLOWS", "b138b24b-7cb2-57a7-8703-593367dede8e"], ["1277cf84-97df-5f9c-955b-723fc75f3577", "FOLLOWS", "d3d888f8-f851-54b6-87e3-615a558079c1"], ["13d5f111-8f14-54e1-8149-03f6ba8b887c", "FOLLOWS", "8307d6d0-ae16-5b1f-b087-091fe6e9698a"], ["3017fa7f-c94c-568d-a5f8-4fab6d79cd4a", "FOLLOWS", "cb7049b2-8777-5389-95f1-73ca43a69ea5"], ["407c370e-babb-5a6d-9fbb-5587f9a142f5", "FOLLOWS", "5bec69ae-a966-55e5-b065-2a2d4cb3e7a4"], ["40e43884-4c32-5565-85df-68e3dfbfc241", "FOLLOWS", "e9750872-9efc-5bbf-a5e2-9451d6f70538"], ["4dda338c-7b01-5c4a-bcc2-8c6f62845623", "FOLLOWS", "e687f10b-4337-531b-a2b9-30dcbfba5d14"], ["5493c985-9f31-5d68-a868-6458c289548f", "FOLLOWS", "bbb85969-c6b7-5f5c-9f37-ea45351b14e9"], ["564ccda2-be2d-5145-b1d7-188d47f10472", "FOLLOWS", "d0d355cd-a035-5bc4-9ff0-34f93c3a1919"], ["5bec69ae-a966-55e5-b065-2a2d4cb3e7a4", "FOLLOWS", "564ccda2-be2d-5145-b1d7-188d47f10472"], ["66981cfd-fa75-52f2-971d-2c2943f73912", "FOLLOWS", "407c370e-babb-5a6d-9fbb-5587f9a142f5"], ["689d1948-4ede-5fa5-9230-243b74d001a6", "FOLLOWS", "8dbcf104-5380-5a23-bada-282d75540d84"], ["8307d6d0-ae16-5b1f-b087-091fe6e9698a", "FOLLOWS", "66981cfd-fa75-52f2-971d-2c2943f73912"], ["8dbcf104-5380-5a23-bada-282d75540d84", "FOLLOWS", "b12b1480-d98e-54eb-8ea6-f2232b1379b2"], ["ab470104-ddd7-57b3-85ac-e5e5d7217fc6", "FOLLOWS", "b056e442-df10-58f6-9fb3-f655f764809e"], ["b056e442-df10-58f6-9fb3-f655f764809e", "FOLLOWS", "689d1948-4ede-5fa5-9230-243b74d001a6"], ["b0a353c5-faaf-58da-8661-a89f260ca7f1", "FOLLOWS", "13d5f111-8f14-54e1-8149-03f6ba8b887c"], ["b12b1480-d98e-54eb-8ea6-f2232b1379b2", "FOLLOWS", "3017fa7f-c94c-568d-a5f8-4fab6d79cd4a"], ["b138b24b-7cb2-57a7-8703-593367dede8e", "FOLLOWS", "ab470104-ddd7-57b3-85ac-e5e5d7217fc6"], ["beb4790a-f8b3-52b0-976f-a2b72fb358ea", "FOLLOWS", "ca696629-6c9d-594c-932d-e5384808184f"], ["bebb3f4b-b2cc-54ce-bf1f-4a074d08d2a3", "FOLLOWS", "40e43884-4c32-5565-85df-68e3dfbfc241"], ["ca696629-6c9d-594c-932d-e5384808184f", "FOLLOWS", "fa93cb59-aa98-5ab1-bb11-e77db13e5a23"], ["cb7049b2-8777-5389-95f1-73ca43a69ea5", "FOLLOWS", "dc55971b-ee6c-5eb7-91de-fe71dac44881"], ["d0d355cd-a035-5bc4-9ff0-34f93c3a1919", "FOLLOWS", "f6aca3c2-4080-5ed7-a341-cb3d3ad7b8b4"], ["d3d888f8-f851-54b6-87e3-615a558079c1", "FOLLOWS", "5493c985-9f31-5d68-a868-6458c289548f"], ["dc55971b-ee6c-5eb7-91de-fe71dac44881", "FOLLOWS", "e1db98e4-fdb3-5b92-b33e-f5d96be92f5a"], ["e1db98e4-fdb3-5b92-b33e-f5d96be92f5a", "FOLLOWS", "4dda338c-7b01-5c4a-bcc2-8c6f62845623"], ["e687f10b-4337-531b-a2b9-30dcbfba5d14", "FOLLOWS", "beb4790a-f8b3-52b0-976f-a2b72fb358ea"], ["e9750872-9efc-5bbf-a5e2-9451d6f70538", "FOLLOWS", "fa15b7d8-c463-56d9-b0df-90f305915cb7"], ["f6aca3c2-4080-5ed7-a341-cb3d3ad7b8b4", "FOLLOWS", "0018c27c-e845-54ab-b7e0-bf5738a8b182"], ["fa15b7d8-c463-56d9-b0df-90f305915cb7", "FOLLOWS", "1bd1488b-34a1-53a8-9b06-2c3256745ea3"], ["fa93cb59-aa98-5ab1-bb11-e77db13e5a23", "FOLLOWS", "bebb3f4b-b2cc-54ce-bf1f-4a074d08d2a3"], ["Release:acme/compat|v1", "DERIVED_FROM", "b138b24b-7cb2-57a7-8703-593367dede8e"], ["Release:acme/compat|v1", "INCLUDES", "Change:acme/compat|1"], ["Release:acme/compat|v1", "INCLUDES", "Change:acme/compat|2"], ["Review:acme/compat|1|1", "DERIVED_FROM", "ca696629-6c9d-594c-932d-e5384808184f"], ["Review:acme/compat|1|1", "REVIEWS", "Change:acme/compat|1"], ["Review:acme/compat|1|2", "DERIVED_FROM", "beb4790a-f8b3-52b0-976f-a2b72fb358ea"], ["Review:acme/compat|1|2", "REVIEWS", "Change:acme/compat|1"], ["Review:acme/compat|1|3", "DERIVED_FROM", "e687f10b-4337-531b-a2b9-30dcbfba5d14"], ["Review:acme/compat|1|3", "REVIEWS", "Change:acme/compat|1"], ["TestCase:acme/compat|unit", "DERIVED_FROM", "3017fa7f-c94c-568d-a5f8-4fab6d79cd4a"], ["TestCase:acme/compat|unit", "DERIVED_FROM", "4dda338c-7b01-5c4a-bcc2-8c6f62845623"], ["TestCase:acme/compat|unit", "DERIVED_FROM", "8dbcf104-5380-5a23-bada-282d75540d84"], ["TestCase:acme/compat|unit", "DERIVED_FROM", "ab470104-ddd7-57b3-85ac-e5e5d7217fc6"], ["TestCase:acme/compat|unit", "DERIVED_FROM", "b12b1480-d98e-54eb-8ea6-f2232b1379b2"], ["TestCase:acme/compat|unit", "DERIVED_FROM", "cb7049b2-8777-5389-95f1-73ca43a69ea5"], ["TestCase:acme/compat|unit", "DERIVED_FROM", "dc55971b-ee6c-5eb7-91de-fe71dac44881"], ["TestCase:acme/compat|unit", "DERIVED_FROM", "e1db98e4-fdb3-5b92-b33e-f5d96be92f5a"], ["TestRun:1", "DERIVED_FROM", "4dda338c-7b01-5c4a-bcc2-8c6f62845623"], ["TestRun:1", "EXECUTES", "TestCase:acme/compat|unit"], ["TestRun:1", "RAN_AGAINST", "Change:acme/compat|1"], ["TestRun:10", "DERIVED_FROM", "ab470104-ddd7-57b3-85ac-e5e5d7217fc6"], ["TestRun:10", "EXECUTES", "TestCase:acme/compat|unit"], ["TestRun:10", "RAN_AGAINST", "Change:acme/compat|1"], ["TestRun:2", "DERIVED_FROM", "e1db98e4-fdb3-5b92-b33e-f5d96be92f5a"], ["TestRun:2", "EXECUTES", "TestCase:acme/compat|unit"], ["TestRun:2", "RAN_AGAINST", "Change:acme/compat|1"], ["TestRun:3", "DERIVED_FROM", "dc55971b-ee6c-5eb7-91de-fe71dac44881"], ["TestRun:3", "EXECUTES", "TestCase:acme/compat|unit"], ["TestRun:3", "RAN_AGAINST", "Change:acme/compat|1"], ["TestRun:4", "DERIVED_FROM", "cb7049b2-8777-5389-95f1-73ca43a69ea5"], ["TestRun:4", "EXECUTES", "TestCase:acme/compat|unit"], ["TestRun:4", "RAN_AGAINST", "Change:acme/compat|1"], ["TestRun:5", "DERIVED_FROM", "3017fa7f-c94c-568d-a5f8-4fab6d79cd4a"], ["TestRun:5", "EXECUTES", "TestCase:acme/compat|unit"], ["TestRun:5", "RAN_AGAINST", "Change:acme/compat|1"], ["TestRun:6", "DERIVED_FROM", "b12b1480-d98e-54eb-8ea6-f2232b1379b2"], ["TestRun:6", "EXECUTES", "TestCase:acme/compat|unit"], ["TestRun:6", "RAN_AGAINST", "Change:acme/compat|1"], ["TestRun:7", "DERIVED_FROM", "8dbcf104-5380-5a23-bada-282d75540d84"], ["TestRun:7", "EXECUTES", "TestCase:acme/compat|unit"], ["TestRun:7", "RAN_AGAINST", "Change:acme/compat|1"], ["WorkItem:github|acme/compat#100", "DERIVED_FROM", "f6aca3c2-4080-5ed7-a341-cb3d3ad7b8b4"], ["WorkItem:github|acme/compat#101", "DERIVED_FROM", "d0d355cd-a035-5bc4-9ff0-34f93c3a1919"], ["WorkItem:github|acme/compat#102", "DERIVED_FROM", "564ccda2-be2d-5145-b1d7-188d47f10472"], ["WorkItem:github|acme/compat#103", "DERIVED_FROM", "5bec69ae-a966-55e5-b065-2a2d4cb3e7a4"], ["WorkItem:github|acme/compat#104", "DERIVED_FROM", "407c370e-babb-5a6d-9fbb-5587f9a142f5"], ["WorkItem:github|acme/compat#105", "DERIVED_FROM", "66981cfd-fa75-52f2-971d-2c2943f73912"], ["WorkItem:github|acme/compat#106", "DERIVED_FROM", "8307d6d0-ae16-5b1f-b087-091fe6e9698a"], ["WorkItem:github|acme/compat#107", "DERIVED_FROM", "13d5f111-8f14-54e1-8149-03f6ba8b887c"], ["WorkItem:jira|CP-0", "DECOMPOSES_INTO", "WorkItem:jira|CP-1"], ["WorkItem:jira|CP-0", "DECOMPOSES_INTO", "WorkItem:jira|CP-2"], ["WorkItem:jira|CP-0", "DECOMPOSES_INTO", "WorkItem:jira|CP-4"], ["WorkItem:jira|CP-1", "DERIVED_FROM", "bbb85969-c6b7-5f5c-9f37-ea45351b14e9"], ["WorkItem:jira|CP-2", "DERIVED_FROM", "5493c985-9f31-5d68-a868-6458c289548f"], ["WorkItem:jira|CP-3", "DERIVED_FROM", "d3d888f8-f851-54b6-87e3-615a558079c1"], ["WorkItem:jira|CP-4", "DERIVED_FROM", "1277cf84-97df-5f9c-955b-723fc75f3577"]]}, "seconds": 28.23}
2026-10-06 19:39:50 [info     ] app_stopped
