2026-10-06 19:03:23 [info     ] worker_starting                consumer=projection neo4j_uri=bolt://localhost:7687 redis_host=localhost storage={'event_log': 'spanner', 'subscription': 'spanner', 'graph': 'spanner', 'keyword_index': 'spanner', 'vector_index': 'spanner', 'archive': 'fs'}
2026-10-06 19:03:24 [warning  ] ontology_setting_not_implemented setting='pdlc: Request.embed_fields (no embeddings for pack types)'
2026-10-06 19:03:24 [warning  ] ontology_setting_not_implemented setting='pdlc: Spec.embed_fields (no embeddings for pack types)'
2026-10-06 19:03:24 [warning  ] ontology_setting_not_implemented setting='pdlc: Requirement.embed_fields (no embeddings for pack types)'
2026-10-06 19:03:24 [warning  ] ontology_setting_not_implemented setting='pdlc: Decision.embed_fields (no embeddings for pack types)'
2026-10-06 19:03:24 [warning  ] ontology_setting_not_implemented setting='pdlc: Constraint.embed_fields (no embeddings for pack types)'
2026-10-06 19:03:24 [warning  ] ontology_setting_not_implemented setting='pdlc: DesignElement.embed_fields (no embeddings for pack types)'
2026-10-06 19:03:24 [warning  ] ontology_setting_not_implemented setting='pdlc: Change.embed_fields (no embeddings for pack types)'
2026-10-06 19:03:24 [warning  ] ontology_setting_not_implemented setting='pdlc: Incident.embed_fields (no embeddings for pack types)'
2026-10-06 19:03:24 [warning  ] ontology_setting_not_implemented setting='pdlc: Lesson.embed_fields (no embeddings for pack types)'
2026-10-06 19:03:24 [warning  ] ontology_setting_not_implemented setting='pdlc: link_policy completeness_reports, read_time_threshold, scoring_question, write_time_threshold'
2026-10-06 19:03:24 [warning  ] ontology_setting_not_implemented setting='pdlc: extraction.derived_proposals'
2026-10-06 19:03:24 [warning  ] ontology_setting_not_implemented setting='pdlc: lifecycle.decay'
2026-10-06 19:03:24 [warning  ] ontology_setting_not_implemented setting='pdlc: lifecycle.terminal_states_reduce_importance'
2026-10-06 19:03:24 [warning  ] ontology_setting_not_implemented setting='pdlc: mappings (vocabulary only)'
2026-10-06 19:03:25 [info     ] ontology_loaded                edge_types=47 event_types=44 intents=['completeness', 'coverage', 'general', 'how_does', 'impact', 'people', 'personalize', 'pipeline', 'preflight', 'related', 'status', 'trace', 'what', 'when', 'who_is', 'why'] node_types=31 packs=[{'name': 'core', 'version': '1.1.0', 'owner': 'engram'}, {'name': 'memory', 'version': '1.0.0', 'owner': 'engram'}, {'name': 'user', 'version': '1.0.0', 'owner': 'engram'}, {'name': 'crm', 'version': '1.0.0', 'owner': 'docs'}, {'name': 'pdlc', 'version': '1.7.0', 'owner': 'TBD'}] version=sha256:ae97ca85cb6403f5
2026-10-06 19:03:25 [info     ] ontology_change                eval_required=['crm', 'pdlc'] kind=initial pack_changes={} reasons=['the graph records no ontology version'] replay_event_types=[] version_problems=[]
2026-10-06 19:03:25 [info     ] worker_running                 consumer=projection
2026-10-06 19:03:25 [info     ] consumer_started               consumer=combined-projection group=graph-projection stream=Events
2026-10-06 19:03:25 [info     ] pending_drain_completed        group=graph-projection
2026-10-06 19:04:06 [info     ] shutdown_signal_received       consumer=projection
2026-10-06 19:04:06 [info     ] consumer_stopped               consumer=combined-projection group=graph-projection
2026-10-06 19:04:06 [info     ] worker_shutting_down           consumer=projection
2026-10-06 19:04:06 [info     ] worker_stopped                 consumer=projection
Failed to export metrics to Cloud Monitoring: 403 Permission monitoring.timeSeries.create denied (or the resource may not exist).
