2026-10-06 19:32:40 [info     ] embedding_service_initialized  model=all-MiniLM-L6-v2
2026-10-06 19:32:40 [info     ] llm_client_initialized
2026-10-06 19:32:40 [warning  ] ontology_setting_not_implemented setting='pdlc: Request.embed_fields (no embeddings for pack types)'
2026-10-06 19:32:40 [warning  ] ontology_setting_not_implemented setting='pdlc: Spec.embed_fields (no embeddings for pack types)'
2026-10-06 19:32:40 [warning  ] ontology_setting_not_implemented setting='pdlc: Requirement.embed_fields (no embeddings for pack types)'
2026-10-06 19:32:40 [warning  ] ontology_setting_not_implemented setting='pdlc: Decision.embed_fields (no embeddings for pack types)'
2026-10-06 19:32:40 [warning  ] ontology_setting_not_implemented setting='pdlc: Constraint.embed_fields (no embeddings for pack types)'
2026-10-06 19:32:40 [warning  ] ontology_setting_not_implemented setting='pdlc: DesignElement.embed_fields (no embeddings for pack types)'
2026-10-06 19:32:40 [warning  ] ontology_setting_not_implemented setting='pdlc: Change.embed_fields (no embeddings for pack types)'
2026-10-06 19:32:40 [warning  ] ontology_setting_not_implemented setting='pdlc: Incident.embed_fields (no embeddings for pack types)'
2026-10-06 19:32:40 [warning  ] ontology_setting_not_implemented setting='pdlc: Lesson.embed_fields (no embeddings for pack types)'
2026-10-06 19:32:40 [warning  ] ontology_setting_not_implemented setting='pdlc: link_policy completeness_reports, read_time_threshold, scoring_question, write_time_threshold'
2026-10-06 19:32:40 [warning  ] ontology_setting_not_implemented setting='pdlc: extraction.derived_proposals'
2026-10-06 19:32:40 [warning  ] ontology_setting_not_implemented setting='pdlc: lifecycle.decay'
2026-10-06 19:32:40 [warning  ] ontology_setting_not_implemented setting='pdlc: lifecycle.terminal_states_reduce_importance'
2026-10-06 19:32:40 [warning  ] ontology_setting_not_implemented setting='pdlc: mappings (vocabulary only)'
2026-10-06 19:32:42 [info     ] app_started                    neo4j_uri=bolt://localhost:7687 ontology_packs=['core@1.1.0', 'memory@1.0.0', 'user@1.0.0', 'pdlc@1.7.0'] ontology_version=sha256:3a7c761cd2848649 redis_host=localhost
2026-10-06 19:32:43 [info     ] event_ingested                 event_id=7e44a8ce-e0f0-40d5-b495-ef9e06e16b5d event_type=observation.input global_position=2026-10-06T14:02:43.450655000Z/000000/7e44a8ce-e0f0-40d5-b495-ef9e06e16b5d request_id=e901e163-4966-4548-8670-2cec6d8330aa status=created
/private/tmp/engram-ontology-review-venv/lib/python3.12/site-packages/fastapi/routing.py:360: FastAPIDeprecationWarning: ORJSONResponse is deprecated, FastAPI now serializes data directly to JSON bytes via Pydantic when a return type or response model is set, which is faster and doesn't need a custom response class. Read more in the FastAPI docs: https://fastapi.tiangolo.com/advanced/custom-response/#orjson-or-response-model and https://fastapi.tiangolo.com/tutorial/response-model/
  return await dependant.call(**values)
2026-10-06 19:32:43 [info     ] event_ingested                 event_id=7e44a8ce-e0f0-40d5-b495-ef9e06e16b5d event_type=observation.input global_position=2026-10-06T14:02:43.450655000Z/000000/7e44a8ce-e0f0-40d5-b495-ef9e06e16b5d request_id=0f5ec282-9792-419a-9d0c-66511db8132a status=duplicate
2026-10-06 19:32:43 [info     ] event_ingested                 event_id=7e44a8ce-e0f0-40d5-b495-ef9e06e16b5d event_type=observation.input global_position=2026-10-06T14:02:43.450655000Z/000000/7e44a8ce-e0f0-40d5-b495-ef9e06e16b5d request_id=191cfe8f-ca2d-410e-8688-fe99512934f6 status=duplicate
2026-10-06 19:32:43 [info     ] event_ingested                 event_id=7e44a8ce-e0f0-40d5-b495-ef9e06e16b5d event_type=observation.input global_position=2026-10-06T14:02:43.450655000Z/000000/7e44a8ce-e0f0-40d5-b495-ef9e06e16b5d request_id=253eb26e-d95d-4d25-90c1-6b620eb8d320 status=duplicate
2026-10-06 19:32:43 [info     ] event_ingested                 event_id=7e44a8ce-e0f0-40d5-b495-ef9e06e16b5d event_type=observation.input global_position=2026-10-06T14:02:43.450655000Z/000000/7e44a8ce-e0f0-40d5-b495-ef9e06e16b5d request_id=107e766e-a16a-4829-89e6-e15a21567a07 status=duplicate
2026-10-06 19:32:43 [info     ] event_ingested                 event_id=7e44a8ce-e0f0-40d5-b495-ef9e06e16b5d event_type=observation.input global_position=2026-10-06T14:02:43.450655000Z/000000/7e44a8ce-e0f0-40d5-b495-ef9e06e16b5d request_id=b067d5d4-36f9-4f7c-92d9-63fab4a36654 status=duplicate
Traceback (most recent call last):
  File "/Users/arunmenon/projects/Engram/scripts/engram_spanner_compat.py", line 176, in check
    observation = await asyncio.wait_for(function(), timeout=timeout_seconds)
                  ^^^^^^^^^^^^^^^^^^^^^^^^^^^^^^^^^^^^^^^^^^^^^^^^^^^^^^^^^^^
  File "/opt/homebrew/Cellar/python@3.12/3.12.7_1/Frameworks/Python.framework/Versions/3.12/lib/python3.12/asyncio/tasks.py", line 520, in wait_for
    return await fut
           ^^^^^^^^^
  File "/Users/arunmenon/projects/Engram/scripts/engram_spanner_compat_pack_cases.py", line 228, in simultaneous
    document=(await stores.event_log.get_documents([row["event_id"]]))[row["event_id"]]
             ~~~~~~~~~~~~~~~~~~~~~~~~~~~~~~~~~~~~~~~~~~~~~~~~~~~~~~~~~^^^^^^^^^^^^^^^^^
TypeError: list indices must be integers or slices, not str

{"name": "simultaneous_duplicate_different_payload_first_write_wins", "scenarios": ["ING-01", "LED-02", "SUB-04"], "verdict": "failed", "error_type": "TypeError", "error": "list indices must be integers or slices, not str", "seconds": 1.36}
2026-10-06 19:32:44 [warning  ] append_chunk_failed            error='synthetic third commit chunk unavailable' request_id=691e9f8a-9652-47a5-b8f1-edf7bb2732ac written=4
2026-10-06 19:32:44 [info     ] batch_ingested                 accepted=4 rejected=7 request_id=691e9f8a-9652-47a5-b8f1-edf7bb2732ac store_failures=7 total=11
2026-10-06 19:32:45 [info     ] batch_ingested                 accepted=11 rejected=0 request_id=c605961b-094c-4738-9c5d-a8607b0f2815 store_failures=0 total=11
{"name": "exact_two_row_commit_budget_partial_failure_retry", "scenarios": ["ING-02", "OPS-04", "LED-02"], "verdict": "passed", "observation": {"budget": {"mutations": 66, "bytes": 2048}, "attempted_chunk_sizes": [2, 2, 2], "first_status": 201, "first_response": {"accepted": 4, "rejected": 7, "results": [{"event_id": "07914226-06ca-4f2a-baee-d14283256025", "global_position": "2026-10-06T14:02:44.008223000Z/000000/07914226-06ca-4f2a-baee-d14283256025", "status": "created"}, {"event_id": "879c854f-a975-4f3a-a398-06b5a44702fe", "global_position": "2026-10-06T14:02:44.008223000Z/000001/879c854f-a975-4f3a-a398-06b5a44702fe", "status": "created"}, {"event_id": "93c9ffcf-d0f7-4503-bdfd-1c75f043661a", "global_position": "2026-10-06T14:02:44.232671000Z/000000/93c9ffcf-d0f7-4503-bdfd-1c75f043661a", "status": "created"}, {"event_id": "9dc51d5e-835b-4a93-9c43-696e6926c923", "global_position": "2026-10-06T14:02:44.232671000Z/000001/9dc51d5e-835b-4a93-9c43-696e6926c923", "status": "created"}], "errors": [{"index": 4, "event_id": "2bab4500-eb86-4b04-b2ba-45cd8f758ac1", "errors": [{"field": "store", "message": "not written: synthetic third commit chunk unavailable"}]}, {"index": 5, "event_id": "519faae8-1646-426c-99e2-6971a0601a24", "errors": [{"field": "store", "message": "not written: synthetic third commit chunk unavailable"}]}, {"index": 6, "event_id": "49aea0bc-8f82-45a6-bec9-5105b428b067", "errors": [{"field": "store", "message": "not written: synthetic third commit chunk unavailable"}]}, {"index": 7, "event_id": "88666b36-5bbe-4968-bd76-f5c82226f964", "errors": [{"field": "store", "message": "not written: synthetic third commit chunk unavailable"}]}, {"index": 8, "event_id": "093ccb5c-932d-4031-b83b-a699caa0a4e1", "errors": [{"field": "store", "message": "not written: synthetic third commit chunk unavailable"}]}, {"index": 9, "event_id": "e2397afb-590d-438c-9f2d-c1126c864174", "errors": [{"field": "store", "message": "not written: synthetic third commit chunk unavailable"}]}, {"index": 10, "event_id": "1f92fe9f-b9e9-4c7e-8adc-dfa65697cace", "errors": [{"field": "store", "message": "not written: synthetic third commit chunk unavailable"}]}]}, "first_ledger_length": 5, "retry_status": 201, "retry": {"accepted": 11, "rejected": 0, "results": [{"event_id": "07914226-06ca-4f2a-baee-d14283256025", "global_position": "2026-10-06T14:02:44.008223000Z/000000/07914226-06ca-4f2a-baee-d14283256025", "status": "duplicate"}, {"event_id": "879c854f-a975-4f3a-a398-06b5a44702fe", "global_position": "2026-10-06T14:02:44.008223000Z/000001/879c854f-a975-4f3a-a398-06b5a44702fe", "status": "duplicate"}, {"event_id": "93c9ffcf-d0f7-4503-bdfd-1c75f043661a", "global_position": "2026-10-06T14:02:44.232671000Z/000000/93c9ffcf-d0f7-4503-bdfd-1c75f043661a", "status": "duplicate"}, {"event_id": "9dc51d5e-835b-4a93-9c43-696e6926c923", "global_position": "2026-10-06T14:02:44.232671000Z/000001/9dc51d5e-835b-4a93-9c43-696e6926c923", "status": "duplicate"}, {"event_id": "2bab4500-eb86-4b04-b2ba-45cd8f758ac1", "global_position": "2026-10-06T14:02:44.957903000Z/000000/2bab4500-eb86-4b04-b2ba-45cd8f758ac1", "status": "created"}, {"event_id": "519faae8-1646-426c-99e2-6971a0601a24", "global_position": "2026-10-06T14:02:44.957903000Z/000001/519faae8-1646-426c-99e2-6971a0601a24", "status": "created"}, {"event_id": "49aea0bc-8f82-45a6-bec9-5105b428b067", "global_position": "2026-10-06T14:02:45.140447000Z/000000/49aea0bc-8f82-45a6-bec9-5105b428b067", "status": "created"}, {"event_id": "88666b36-5bbe-4968-bd76-f5c82226f964", "global_position": "2026-10-06T14:02:45.140447000Z/000001/88666b36-5bbe-4968-bd76-f5c82226f964", "status": "created"}, {"event_id": "093ccb5c-932d-4031-b83b-a699caa0a4e1", "global_position": "2026-10-06T14:02:45.372255000Z/000000/093ccb5c-932d-4031-b83b-a699caa0a4e1", "status": "created"}, {"event_id": "e2397afb-590d-438c-9f2d-c1126c864174", "global_position": "2026-10-06T14:02:45.372255000Z/000001/e2397afb-590d-438c-9f2d-c1126c864174", "status": "created"}, {"event_id": "1f92fe9f-b9e9-4c7e-8adc-dfa65697cace", "global_position": "2026-10-06T14:02:45.549087000Z/000000/1f92fe9f-b9e9-4c7e-8adc-dfa65697cace", "status": "created"}], "errors": []}, "final_length": 12, "documents": 11, "fault": "synthetic failure before third real commit; prior two real commits retained"}, "seconds": 1.99}
2026-10-06 19:32:46 [info     ] event_ingested                 event_id=5dfa501d-569f-4770-81cc-a0dcccb0dbde event_type=observation.input global_position=2026-10-06T14:02:45.989151000Z/000000/5dfa501d-569f-4770-81cc-a0dcccb0dbde request_id=7b8bfb5c-b94b-4856-89dd-de1fa82f3d54 status=created
Traceback (most recent call last):
  File "/Users/arunmenon/projects/Engram/scripts/engram_spanner_compat.py", line 176, in check
    observation = await asyncio.wait_for(function(), timeout=timeout_seconds)
                  ^^^^^^^^^^^^^^^^^^^^^^^^^^^^^^^^^^^^^^^^^^^^^^^^^^^^^^^^^^^
  File "/opt/homebrew/Cellar/python@3.12/3.12.7_1/Frameworks/Python.framework/Versions/3.12/lib/python3.12/asyncio/tasks.py", line 520, in wait_for
    return await fut
           ^^^^^^^^^
  File "/Users/arunmenon/projects/Engram/scripts/engram_spanner_compat_pack_cases.py", line 270, in oversized
    doc=(await stores.event_log.get_documents([row["event_id"]])).get(row["event_id"])
        ^^^^^^^^^^^^^^^^^^^^^^^^^^^^^^^^^^^^^^^^^^^^^^^^^^^^^^^^^^^^^
AttributeError: 'list' object has no attribute 'get'

{"name": "single_over_configured_byte_budget_delegated_to_service", "scenarios": ["OPS-04"], "verdict": "failed", "error_type": "AttributeError", "error": "'list' object has no attribute 'get'", "seconds": 0.27}
2026-10-06 19:32:46 [info     ] app_stopped
