2026-10-06 19:31:44 [info     ] embedding_service_initialized  model=all-MiniLM-L6-v2
2026-10-06 19:31:44 [info     ] llm_client_initialized
2026-10-06 19:31:44 [warning  ] ontology_setting_not_implemented setting='pdlc: Request.embed_fields (no embeddings for pack types)'
2026-10-06 19:31:44 [warning  ] ontology_setting_not_implemented setting='pdlc: Spec.embed_fields (no embeddings for pack types)'
2026-10-06 19:31:44 [warning  ] ontology_setting_not_implemented setting='pdlc: Requirement.embed_fields (no embeddings for pack types)'
2026-10-06 19:31:44 [warning  ] ontology_setting_not_implemented setting='pdlc: Decision.embed_fields (no embeddings for pack types)'
2026-10-06 19:31:44 [warning  ] ontology_setting_not_implemented setting='pdlc: Constraint.embed_fields (no embeddings for pack types)'
2026-10-06 19:31:44 [warning  ] ontology_setting_not_implemented setting='pdlc: DesignElement.embed_fields (no embeddings for pack types)'
2026-10-06 19:31:44 [warning  ] ontology_setting_not_implemented setting='pdlc: Change.embed_fields (no embeddings for pack types)'
2026-10-06 19:31:44 [warning  ] ontology_setting_not_implemented setting='pdlc: Incident.embed_fields (no embeddings for pack types)'
2026-10-06 19:31:44 [warning  ] ontology_setting_not_implemented setting='pdlc: Lesson.embed_fields (no embeddings for pack types)'
2026-10-06 19:31:44 [warning  ] ontology_setting_not_implemented setting='pdlc: link_policy completeness_reports, read_time_threshold, scoring_question, write_time_threshold'
2026-10-06 19:31:44 [warning  ] ontology_setting_not_implemented setting='pdlc: extraction.derived_proposals'
2026-10-06 19:31:44 [warning  ] ontology_setting_not_implemented setting='pdlc: lifecycle.decay'
2026-10-06 19:31:44 [warning  ] ontology_setting_not_implemented setting='pdlc: lifecycle.terminal_states_reduce_importance'
2026-10-06 19:31:44 [warning  ] ontology_setting_not_implemented setting='pdlc: mappings (vocabulary only)'
2026-10-06 19:31:45 [info     ] app_started                    neo4j_uri=bolt://localhost:7687 ontology_packs=['core@1.1.0', 'memory@1.0.0', 'user@1.0.0', 'pdlc@1.7.0'] ontology_version=sha256:3a7c761cd2848649 redis_host=localhost
2026-10-06 19:31:45 [info     ] event_ingested                 event_id=20f7d111-b037-43df-b5bd-9a5d98514321 event_type=observation.input global_position=2026-10-06T14:01:45.751791000Z/000000/20f7d111-b037-43df-b5bd-9a5d98514321 request_id=5d1c2804-9b21-42c8-aeff-8b1507afffe5 status=created
/private/tmp/engram-ontology-review-venv/lib/python3.12/site-packages/fastapi/routing.py:360: FastAPIDeprecationWarning: ORJSONResponse is deprecated, FastAPI now serializes data directly to JSON bytes via Pydantic when a return type or response model is set, which is faster and doesn't need a custom response class. Read more in the FastAPI docs: https://fastapi.tiangolo.com/advanced/custom-response/#orjson-or-response-model and https://fastapi.tiangolo.com/tutorial/response-model/
  return await dependant.call(**values)
2026-10-06 19:31:45 [info     ] event_ingested                 event_id=0451823a-6b60-4d0a-9acf-cdcaae1251e4 event_type=observation.input global_position=2026-10-06T14:01:45.862927000Z/000000/0451823a-6b60-4d0a-9acf-cdcaae1251e4 request_id=1733208e-fd16-4188-9804-5cd515d28d29 status=created
2026-10-06 19:31:46 [info     ] event_ingested                 event_id=69e0ec10-8db6-4af5-9909-e2a86a6d5c73 event_type=observation.input global_position=2026-10-06T14:01:46.026639000Z/000000/69e0ec10-8db6-4af5-9909-e2a86a6d5c73 request_id=c7da5999-43f7-4a08-a2e1-d4fe19746a45 status=created
2026-10-06 19:31:46 [info     ] event_ingested                 event_id=276516cc-fbad-43ef-b767-733060fce091 event_type=observation.input global_position=2026-10-06T14:01:46.132463000Z/000000/276516cc-fbad-43ef-b767-733060fce091 request_id=e7477e9e-4325-46bc-bc03-342178536a08 status=created
2026-10-06 19:31:46 [info     ] event_ingested                 event_id=db01f73c-a7df-4b23-9d5e-d9f3e7c9832e event_type=observation.input global_position=2026-10-06T14:01:46.240623000Z/000000/db01f73c-a7df-4b23-9d5e-d9f3e7c9832e request_id=748397ea-c3f3-4c25-a73b-bffb313ee606 status=created
2026-10-06 19:31:46 [info     ] event_ingested                 event_id=e12ca1af-0bc5-407c-8a7e-253f52d2e4f2 event_type=observation.input global_position=2026-10-06T14:01:46.361151000Z/000000/e12ca1af-0bc5-407c-8a7e-253f52d2e4f2 request_id=b6e139cf-f556-45cf-a564-7a1b9ec5cb90 status=created
2026-10-06 19:31:46 [info     ] event_ingested                 event_id=8c146fb0-0e3b-4621-b296-6086a0f8ef6d event_type=observation.input global_position=2026-10-06T14:01:46.553183000Z/000000/8c146fb0-0e3b-4621-b296-6086a0f8ef6d request_id=632343fc-47de-47f8-9e0b-5b9f35d6ec8a status=created
2026-10-06 19:31:46 [info     ] consumer_started               consumer=maintenance-projection group=graph-projection stream=Events
2026-10-06 19:31:47 [info     ] pending_drain_completed        group=graph-projection
2026-10-06 19:31:47 [debug    ] event_projected                edge_count=0 entry_id=2026-10-06T14:01:45.751791000Z/000000/20f7d111-b037-43df-b5bd-9a5d98514321 event_id=20f7d111-b037-43df-b5bd-9a5d98514321 session_id=maintenance
2026-10-06 19:31:47 [debug    ] event_projected                edge_count=1 entry_id=2026-10-06T14:01:45.862927000Z/000000/0451823a-6b60-4d0a-9acf-cdcaae1251e4 event_id=0451823a-6b60-4d0a-9acf-cdcaae1251e4 session_id=maintenance
2026-10-06 19:31:48 [debug    ] event_projected                edge_count=1 entry_id=2026-10-06T14:01:46.026639000Z/000000/69e0ec10-8db6-4af5-9909-e2a86a6d5c73 event_id=69e0ec10-8db6-4af5-9909-e2a86a6d5c73 session_id=maintenance
2026-10-06 19:31:48 [debug    ] event_projected                edge_count=1 entry_id=2026-10-06T14:01:46.132463000Z/000000/276516cc-fbad-43ef-b767-733060fce091 event_id=276516cc-fbad-43ef-b767-733060fce091 session_id=maintenance
2026-10-06 19:31:49 [debug    ] event_projected                edge_count=1 entry_id=2026-10-06T14:01:46.240623000Z/000000/db01f73c-a7df-4b23-9d5e-d9f3e7c9832e event_id=db01f73c-a7df-4b23-9d5e-d9f3e7c9832e session_id=maintenance
2026-10-06 19:31:49 [debug    ] event_projected                edge_count=1 entry_id=2026-10-06T14:01:46.361151000Z/000000/e12ca1af-0bc5-407c-8a7e-253f52d2e4f2 event_id=e12ca1af-0bc5-407c-8a7e-253f52d2e4f2 session_id=maintenance
2026-10-06 19:31:50 [debug    ] event_projected                edge_count=1 entry_id=2026-10-06T14:01:46.553183000Z/000000/8c146fb0-0e3b-4621-b296-6086a0f8ef6d event_id=8c146fb0-0e3b-4621-b296-6086a0f8ef6d session_id=maintenance
2026-10-06 19:31:50 [info     ] consumer_stopped               consumer=maintenance-projection group=graph-projection
2026-10-06 19:31:51 [info     ] consolidation_timer_started    interval_hours=0.0003
2026-10-06 19:31:51 [info     ] consumer_started               consumer=maintenance-timer group=consolidation stream=Events
2026-10-06 19:31:52 [info     ] pending_drain_completed        group=consolidation
2026-10-06 19:31:52 [info     ] consolidation_timer_fired
2026-10-06 19:31:52 [info     ] consolidation_cycle_started    source=timer
2026-10-06 19:31:52 [info     ] sessions_qualifying_for_consolidation count=1 threshold=1
2026-10-06 19:31:52 [info     ] consolidating_session          event_count=7 session_id=maintenance
2026-10-06 19:31:52 [info     ] episodes_grouped               episode_count=4 session_id=maintenance
2026-10-06 19:31:54 [info     ] session_consolidated           episode_summaries=4 session_id=maintenance
2026-10-06 19:31:54 [info     ] agent_summary_created          agent_id=compat-resume sessions=1
2026-10-06 19:31:55 [info     ] importance_recomputed_from_centrality updated_count=7
2026-10-06 19:31:55 [info     ] consolidating_session          event_count=7 session_id=maintenance
2026-10-06 19:31:55 [info     ] episodes_grouped               episode_count=4 session_id=maintenance
2026-10-06 19:31:56 [info     ] session_consolidated           episode_summaries=4 session_id=maintenance
2026-10-06 19:31:58 [info     ] forgetting_completed           deleted_archive_events=0 deleted_cold_events=2 deleted_edges=1 orphan_counts={'Entity': 1, 'Preference': 0, 'Skill': 0, 'Workflow': 0, 'BehavioralPattern': 0}
2026-10-06 19:31:58 [info     ] redis_trimmed                  dedup_entries_removed=0 events_archived=0 expired_docs_deleted=0 session_streams_deleted=0 stream_entries_trimmed=0
2026-10-06 19:31:58 [info     ] consolidation_cycle_completed  source=timer
2026-10-06 19:31:58 [info     ] consumer_stopped               consumer=maintenance-timer group=consolidation
{"name": "full_consolidation_timer_centrality_forgetting_orphans_housekeeping", "scenarios": ["CONS-01", "CONS-02", "LIFE-03"], "verdict": "passed", "observation": {"events": [{"event_id": "20f7d111-b037-43df-b5bd-9a5d98514321", "event_type": "observation.input", "occurred_at": "2026-10-06T14:01:45.569437+00:00", "session_id": "maintenance", "agent_id": "compat-resume", "trace_id": "maintenance", "payload_ref": "compat:resume", "payload": {"content": "Spanner recovery evidence"}, "importance_hint": 1}, {"event_id": "0451823a-6b60-4d0a-9acf-cdcaae1251e4", "event_type": "observation.input", "occurred_at": "2026-10-06T14:01:45.758450+00:00", "session_id": "maintenance", "agent_id": "compat-resume", "trace_id": "maintenance", "payload_ref": "compat:resume", "payload": {"content": "Spanner recovery evidence"}, "importance_hint": 1}, {"event_id": "69e0ec10-8db6-4af5-9909-e2a86a6d5c73", "event_type": "observation.input", "occurred_at": "2026-10-06T14:01:45.865002+00:00", "session_id": "maintenance", "agent_id": "compat-resume", "trace_id": "maintenance", "payload_ref": "compat:resume", "payload": {"content": "Spanner recovery evidence"}, "importance_hint": 1}, {"event_id": "276516cc-fbad-43ef-b767-733060fce091", "event_type": "observation.input", "occurred_at": "2026-10-06T14:01:46.027340+00:00", "session_id": "maintenance", "agent_id": "compat-resume", "trace_id": "maintenance", "payload_ref": "compat:resume", "payload": {"content": "Spanner recovery evidence"}, "importance_hint": 1}, {"event_id": "db01f73c-a7df-4b23-9d5e-d9f3e7c9832e", "event_type": "observation.input", "occurred_at": "2026-10-04T14:01:46.133336+00:00", "session_id": "maintenance", "agent_id": "compat-resume", "trace_id": "maintenance", "payload_ref": "compat:resume", "payload": {"content": "Spanner recovery evidence"}, "importance_hint": 1}, {"event_id": "e12ca1af-0bc5-407c-8a7e-253f52d2e4f2", "event_type": "observation.input", "occurred_at": "2026-09-26T14:01:46.242883+00:00", "session_id": "maintenance", "agent_id": "compat-resume", "trace_id": "maintenance", "payload_ref": "compat:resume", "payload": {"content": "Spanner recovery evidence"}, "importance_hint": 1}, {"event_id": "8c146fb0-0e3b-4621-b296-6086a0f8ef6d", "event_type": "observation.input", "occurred_at": "2026-08-27T14:01:46.360940+00:00", "session_id": "maintenance", "agent_id": "compat-resume", "trace_id": "maintenance", "payload_ref": "compat:resume", "payload": {"content": "Spanner recovery evidence"}, "importance_hint": 1}], "stages": [{"operation": "update_importance_from_centrality", "result": 7, "event_importance": {"20f7d111-b037-43df-b5bd-9a5d98514321": 8, "0451823a-6b60-4d0a-9acf-cdcaae1251e4": 8, "69e0ec10-8db6-4af5-9909-e2a86a6d5c73": 6, "276516cc-fbad-43ef-b767-733060fce091": 6, "db01f73c-a7df-4b23-9d5e-d9f3e7c9832e": 6, "e12ca1af-0bc5-407c-8a7e-253f52d2e4f2": 6, "8c146fb0-0e3b-4621-b296-6086a0f8ef6d": 6}}, {"operation": "delete_edges_by_type_and_age", "result": 1}, {"operation": "delete_cold_events", "result": 2}, {"operation": "get_archive_event_ids", "result": []}, {"operation": "delete_orphan_nodes", "result": [{"Entity": 1, "Preference": 0, "Skill": 0, "Workflow": 0, "BehavioralPattern": 0}, ["entity:maintenance-orphan"]]}], "cycle_errors": [], "after": {"nodes": {"Entity": 1, "Event": 5, "Summary": 6}, "edges": [["0451823a-6b60-4d0a-9acf-cdcaae1251e4", "FOLLOWS", "20f7d111-b037-43df-b5bd-9a5d98514321"], ["20f7d111-b037-43df-b5bd-9a5d98514321", "REFERENCES", "entity:maintenance-linked"], ["276516cc-fbad-43ef-b767-733060fce091", "FOLLOWS", "69e0ec10-8db6-4af5-9909-e2a86a6d5c73"], ["69e0ec10-8db6-4af5-9909-e2a86a6d5c73", "FOLLOWS", "0451823a-6b60-4d0a-9acf-cdcaae1251e4"], ["db01f73c-a7df-4b23-9d5e-d9f3e7c9832e", "FOLLOWS", "276516cc-fbad-43ef-b767-733060fce091"], ["db01f73c-a7df-4b23-9d5e-d9f3e7c9832e", "SIMILAR_TO", "0451823a-6b60-4d0a-9acf-cdcaae1251e4"], ["summary-compat-resume-ef388cdb4acc", "SUMMARIZES", "0451823a-6b60-4d0a-9acf-cdcaae1251e4"], ["summary-compat-resume-ef388cdb4acc", "SUMMARIZES", "20f7d111-b037-43df-b5bd-9a5d98514321"], ["summary-compat-resume-ef388cdb4acc", "SUMMARIZES", "276516cc-fbad-43ef-b767-733060fce091"], ["summary-compat-resume-ef388cdb4acc", "SUMMARIZES", "69e0ec10-8db6-4af5-9909-e2a86a6d5c73"], ["summary-compat-resume-ef388cdb4acc", "SUMMARIZES", "db01f73c-a7df-4b23-9d5e-d9f3e7c9832e"], ["summary-maintenance-ef388cdb4acc", "SUMMARIZES", "0451823a-6b60-4d0a-9acf-cdcaae1251e4"], ["summary-maintenance-ef388cdb4acc", "SUMMARIZES", "20f7d111-b037-43df-b5bd-9a5d98514321"], ["summary-maintenance-ef388cdb4acc", "SUMMARIZES", "276516cc-fbad-43ef-b767-733060fce091"], ["summary-maintenance-ef388cdb4acc", "SUMMARIZES", "69e0ec10-8db6-4af5-9909-e2a86a6d5c73"], ["summary-maintenance-ef388cdb4acc", "SUMMARIZES", "db01f73c-a7df-4b23-9d5e-d9f3e7c9832e"], ["summary-maintenance-ep2-3fe67e5ab2f0", "SUMMARIZES", "db01f73c-a7df-4b23-9d5e-d9f3e7c9832e"], ["summary-maintenance-ep3-6b5a341616cf", "SUMMARIZES", "0451823a-6b60-4d0a-9acf-cdcaae1251e4"], ["summary-maintenance-ep3-6b5a341616cf", "SUMMARIZES", "20f7d111-b037-43df-b5bd-9a5d98514321"], ["summary-maintenance-ep3-6b5a341616cf", "SUMMARIZES", "276516cc-fbad-43ef-b767-733060fce091"], ["summary-maintenance-ep3-6b5a341616cf", "SUMMARIZES", "69e0ec10-8db6-4af5-9909-e2a86a6d5c73"]]}, "surviving_ids": ["20f7d111-b037-43df-b5bd-9a5d98514321", "0451823a-6b60-4d0a-9acf-cdcaae1251e4", "69e0ec10-8db6-4af5-9909-e2a86a6d5c73", "276516cc-fbad-43ef-b767-733060fce091", "db01f73c-a7df-4b23-9d5e-d9f3e7c9832e", "entity:maintenance-linked"], "documents_present": 7, "consumer_pending": {}, "settings": {"cold_min_importance": 10, "cold_min_access_count": 100, "threshold": 1}, "scope": "one actual timer cycle; no model or alternate storage; observing wrappers only"}, "seconds": 7.87}
2026-10-06 19:31:59 [info     ] app_stopped
