2026-10-06 17:05:08 [info     ] embedding_service_initialized  model=all-MiniLM-L6-v2
2026-10-06 17:05:08 [info     ] llm_client_initialized
2026-10-06 17:05:08 [warning  ] ontology_setting_not_implemented setting='pdlc: Request.embed_fields (no embeddings for pack types)'
2026-10-06 17:05:08 [warning  ] ontology_setting_not_implemented setting='pdlc: Spec.embed_fields (no embeddings for pack types)'
2026-10-06 17:05:08 [warning  ] ontology_setting_not_implemented setting='pdlc: Requirement.embed_fields (no embeddings for pack types)'
2026-10-06 17:05:08 [warning  ] ontology_setting_not_implemented setting='pdlc: Decision.embed_fields (no embeddings for pack types)'
2026-10-06 17:05:08 [warning  ] ontology_setting_not_implemented setting='pdlc: Constraint.embed_fields (no embeddings for pack types)'
2026-10-06 17:05:08 [warning  ] ontology_setting_not_implemented setting='pdlc: DesignElement.embed_fields (no embeddings for pack types)'
2026-10-06 17:05:08 [warning  ] ontology_setting_not_implemented setting='pdlc: Change.embed_fields (no embeddings for pack types)'
2026-10-06 17:05:08 [warning  ] ontology_setting_not_implemented setting='pdlc: Incident.embed_fields (no embeddings for pack types)'
2026-10-06 17:05:08 [warning  ] ontology_setting_not_implemented setting='pdlc: Lesson.embed_fields (no embeddings for pack types)'
2026-10-06 17:05:08 [warning  ] ontology_setting_not_implemented setting='pdlc: link_policy completeness_reports, read_time_threshold, scoring_question, write_time_threshold'
2026-10-06 17:05:08 [warning  ] ontology_setting_not_implemented setting='pdlc: extraction.derived_proposals'
2026-10-06 17:05:08 [warning  ] ontology_setting_not_implemented setting='pdlc: lifecycle.decay'
2026-10-06 17:05:08 [warning  ] ontology_setting_not_implemented setting='pdlc: lifecycle.terminal_states_reduce_importance'
2026-10-06 17:05:08 [warning  ] ontology_setting_not_implemented setting='pdlc: mappings (vocabulary only)'
2026-10-06 17:05:10 [info     ] app_started                    neo4j_uri=bolt://localhost:7687 ontology_packs=['core@1.1.0', 'memory@1.0.0', 'user@1.0.0', 'pdlc@1.7.0'] ontology_version=sha256:3a7c761cd2848649 redis_host=localhost
2026-10-06 17:05:10 [info     ] consumer_started               consumer=opendal-projection group=graph-projection stream=Events
2026-10-06 17:05:11 [info     ] pending_drain_completed        group=graph-projection
2026-10-06 17:05:11 [info     ] consumer_stopped               consumer=opendal-projection group=graph-projection
{"name": "PDLC_OpenDAL_projection_continuation_drain", "scenarios": ["APP-02", "PROJ-02"], "verdict": "passed", "observation": {"unread": 0, "pending": 0, "ledger": 292}, "seconds": 0.65}
{"name": "PDLC_OpenDAL_recorded_evaluation_gate", "scenarios": ["APP-02", "ART-01"], "verdict": "passed", "observation": [{"pack": "pdlc", "passed": true, "mean_f1": 0.9118, "min_f1": 0.9, "problem": null, "questions": [{"id": "release-of-8216", "f1": 1.0, "found": ["Release:apache/opendal|v0.59.1"], "expected": ["Release:apache/opendal|v0.59.1"]}, {"id": "release-of-8191", "f1": 1.0, "found": ["Release:apache/opendal|v0.59.0"], "expected": ["Release:apache/opendal|v0.59.0"]}, {"id": "release-of-7949", "f1": 1.0, "found": ["Release:apache/opendal|v0.58.2"], "expected": ["Release:apache/opendal|v0.58.2"]}, {"id": "release-of-8035", "f1": 1.0, "found": ["Release:apache/opendal|v0.58.2"], "expected": ["Release:apache/opendal|v0.58.2"]}, {"id": "release-of-7386", "f1": 1.0, "found": ["Release:apache/opendal|v0.58.1"], "expected": ["Release:apache/opendal|v0.58.1"]}, {"id": "release-of-7869", "f1": 1.0, "found": ["Release:apache/opendal|v0.58.1"], "expected": ["Release:apache/opendal|v0.58.1"]}, {"id": "release-contents-v0.59.1", "f1": 1.0, "found": ["Change:apache/opendal|8206", "Change:apache/opendal|8213", "Change:apache/opendal|8214", "Change:apache/opendal|8215", "Change:apache/opendal|8216", "Change:apache/opendal|8223"], "expected": ["Change:apache/opendal|8206", "Change:apache/opendal|8213", "Change:apache/opendal|8214", "Change:apache/opendal|8215", "Change:apache/opendal|8216", "Change:apache/opendal|8223"]}, {"id": "reverted-7983", "f1": 1.0, "found": ["Change:apache/opendal|8034"], "expected": ["Change:apache/opendal|8034"]}, {"id": "reverted-7927", "f1": 1.0, "found": ["Change:apache/opendal|7943"], "expected": ["Change:apache/opendal|7943"]}, {"id": "change-for-s3-express", "f1": 1.0, "found": ["Change:apache/opendal|8135"], "expected": ["Change:apache/opendal|8135"]}, {"id": "change-for-s3-restoration", "f1": 1.0, "found": ["Change:apache/opendal|8143"], "expected": ["Change:apache/opendal|8143"]}, {"id": "change-for-gcs-grpc", "f1": 0.3333, "found": ["Change:apache/opendal|7927", "Change:apache/opendal|7943", "Change:apache/opendal|8153", "Change:apache/opendal|8185", "Change:apache/opendal|8186"], "expected": ["Change:apache/opendal|8153"]}, {"id": "change-for-aws-profiles", "f1": 1.0, "found": ["Change:apache/opendal|7949"], "expected": ["Change:apache/opendal|7949"]}, {"id": "change-for-http-429", "f1": 1.0, "found": ["Change:apache/opendal|8035"], "expected": ["Change:apache/opendal|8035"]}, {"id": "change-for-gcs-compose", "f1": 0.6667, "found": ["Change:apache/opendal|8153", "Change:apache/opendal|8191"], "expected": ["Change:apache/opendal|8191"]}, {"id": "release-for-gcs-grpc", "f1": 0.5, "found": ["Release:apache/opendal|v0.58.1", "Release:apache/opendal|v0.59.0", "Release:apache/opendal|v0.59.1"], "expected": ["Release:apache/opendal|v0.59.0"]}, {"id": "release-for-s3-express", "f1": 1.0, "found": ["Release:apache/opendal|v0.59.0"], "expected": ["Release:apache/opendal|v0.59.0"]}]}], "seconds": 20.25}
/private/tmp/engram-ontology-review-venv/lib/python3.12/site-packages/fastapi/routing.py:360: FastAPIDeprecationWarning: ORJSONResponse is deprecated, FastAPI now serializes data directly to JSON bytes via Pydantic when a return type or response model is set, which is faster and doesn't need a custom response class. Read more in the FastAPI docs: https://fastapi.tiangolo.com/advanced/custom-response/#orjson-or-response-model and https://fastapi.tiangolo.com/tutorial/response-model/
  return await dependant.call(**values)
Traceback (most recent call last):
  File "/Users/arunmenon/projects/Engram/scripts/engram_spanner_compat.py", line 151, in check
    observation = await asyncio.wait_for(function(), timeout=timeout_seconds)
                  ^^^^^^^^^^^^^^^^^^^^^^^^^^^^^^^^^^^^^^^^^^^^^^^^^^^^^^^^^^^
  File "/opt/homebrew/Cellar/python@3.12/3.12.7_1/Frameworks/Python.framework/Versions/3.12/lib/python3.12/asyncio/tasks.py", line 520, in wait_for
    return await fut
           ^^^^^^^^^
  File "/Users/arunmenon/projects/Engram/scripts/engram_spanner_compat.py", line 2069, in questions
    assert not body["meta"]["eval_pending"], body["meta"]
           ^^^^^^^^^^^^^^^^^^^^^^^^^^^^^^^^
AssertionError: {'query_ms': 452, 'nodes_returned': 1, 'truncated': False, 'inferred_intents': {}, 'intent_override': None, 'seed_nodes': ['Change:apache/opendal|8216'], 'seed_strategy': 'artifact_seeds', 'proactive_nodes_count': 0, 'scoring_weights': {'recency': 1.0, 'importance': 1.0, 'relevance': 1.0}, 'retrieval_channels': {}, 'capacity': {'max_nodes': 500, 'used_nodes': 1, 'max_depth': 3}, 'eval_pending': ['pdlc']}

{"name": "PDLC_OpenDAL_artifact_HTTP_competencies", "scenarios": ["APP-02", "ART-01"], "verdict": "failed", "error_type": "AssertionError", "error": "{'query_ms': 452, 'nodes_returned': 1, 'truncated': False, 'inferred_intents': {}, 'intent_override': None, 'seed_nodes': ['Change:apache/opendal|8216'], 'seed_strategy': 'artifact_seeds', 'proactive_nodes_count': 0, 'scoring_weights': {'recency': 1.0, 'importance': 1.0, 'relevance': 1.0}, 'retrieval_channels': {}, 'capacity': {'max_nodes': 500, 'used_nodes': 1, 'max_depth': 3}, 'eval_pending': ['pdlc']}", "seconds": 0.57}
2026-10-06 17:05:32 [info     ] app_stopped
