2026-10-06 19:40:26 [info     ] embedding_service_initialized  model=all-MiniLM-L6-v2
2026-10-06 19:40:26 [info     ] llm_client_initialized
2026-10-06 19:40:26 [warning  ] ontology_setting_not_implemented setting='pdlc: Request.embed_fields (no embeddings for pack types)'
2026-10-06 19:40:26 [warning  ] ontology_setting_not_implemented setting='pdlc: Spec.embed_fields (no embeddings for pack types)'
2026-10-06 19:40:26 [warning  ] ontology_setting_not_implemented setting='pdlc: Requirement.embed_fields (no embeddings for pack types)'
2026-10-06 19:40:26 [warning  ] ontology_setting_not_implemented setting='pdlc: Decision.embed_fields (no embeddings for pack types)'
2026-10-06 19:40:26 [warning  ] ontology_setting_not_implemented setting='pdlc: Constraint.embed_fields (no embeddings for pack types)'
2026-10-06 19:40:26 [warning  ] ontology_setting_not_implemented setting='pdlc: DesignElement.embed_fields (no embeddings for pack types)'
2026-10-06 19:40:26 [warning  ] ontology_setting_not_implemented setting='pdlc: Change.embed_fields (no embeddings for pack types)'
2026-10-06 19:40:26 [warning  ] ontology_setting_not_implemented setting='pdlc: Incident.embed_fields (no embeddings for pack types)'
2026-10-06 19:40:26 [warning  ] ontology_setting_not_implemented setting='pdlc: Lesson.embed_fields (no embeddings for pack types)'
2026-10-06 19:40:26 [warning  ] ontology_setting_not_implemented setting='pdlc: link_policy completeness_reports, read_time_threshold, scoring_question, write_time_threshold'
2026-10-06 19:40:26 [warning  ] ontology_setting_not_implemented setting='pdlc: extraction.derived_proposals'
2026-10-06 19:40:26 [warning  ] ontology_setting_not_implemented setting='pdlc: lifecycle.decay'
2026-10-06 19:40:26 [warning  ] ontology_setting_not_implemented setting='pdlc: lifecycle.terminal_states_reduce_importance'
2026-10-06 19:40:26 [warning  ] ontology_setting_not_implemented setting='pdlc: mappings (vocabulary only)'
2026-10-06 19:40:27 [info     ] app_started                    neo4j_uri=bolt://localhost:7687 ontology_packs=['core@1.1.0', 'memory@1.0.0', 'user@1.0.0', 'pdlc@1.7.0'] ontology_version=sha256:3a7c761cd2848649 redis_host=localhost
2026-10-06 19:40:27 [info     ] webhook_ingested               delivery_id=case-0 event_types=['pdlc.change.created'] request_id=07b3d954-c87e-4a3e-937e-92118cfc5f0d source=github
/private/tmp/engram-ontology-review-venv/lib/python3.12/site-packages/fastapi/routing.py:360: FastAPIDeprecationWarning: ORJSONResponse is deprecated, FastAPI now serializes data directly to JSON bytes via Pydantic when a return type or response model is set, which is faster and doesn't need a custom response class. Read more in the FastAPI docs: https://fastapi.tiangolo.com/advanced/custom-response/#orjson-or-response-model and https://fastapi.tiangolo.com/tutorial/response-model/
  return await dependant.call(**values)
2026-10-06 19:40:28 [info     ] webhook_ingested               delivery_id=case-1 event_types=['pdlc.change.created'] request_id=26f46437-49aa-4254-8d32-7173b48a9d21 source=github
2026-10-06 19:40:28 [info     ] webhook_ingested               delivery_id=case-2 event_types=['pdlc.change.updated'] request_id=a28d7b30-3bf0-40d5-811d-858baf87647d source=github
2026-10-06 19:40:28 [info     ] webhook_ingested               delivery_id=case-3 event_types=['pdlc.change.updated'] request_id=49974a2e-8651-4774-9336-483d9ee24c93 source=github
2026-10-06 19:40:28 [info     ] webhook_ingested               delivery_id=case-4 event_types=['pdlc.change.merged'] request_id=2890c8eb-2747-4dab-9013-9207ce026f05 source=github
2026-10-06 19:40:28 [info     ] webhook_ingested               delivery_id=case-5 event_types=['pdlc.change.abandoned'] request_id=84db5431-2bd5-409d-9f99-04b5e7be3427 source=github
2026-10-06 19:40:28 [info     ] webhook_ingested               delivery_id=case-6 event_types=['pdlc.change.reviewed'] request_id=15242b65-ec4d-42c4-9959-5a33c3f55443 source=github
2026-10-06 19:40:29 [info     ] webhook_ingested               delivery_id=case-7 event_types=['pdlc.change.reviewed'] request_id=e403fb0f-0288-424a-a0ce-d9ca1c15776b source=github
2026-10-06 19:40:29 [info     ] webhook_ingested               delivery_id=case-8 event_types=['pdlc.change.reviewed'] request_id=9131a88e-a852-4326-91ad-869a528f07e9 source=github
2026-10-06 19:40:29 [info     ] webhook_ingested               delivery_id=case-9 event_types=['pdlc.testcaserun.finished'] request_id=0aa45ba1-2bdd-4b6e-b689-d1fd561154c4 source=github
2026-10-06 19:40:29 [info     ] webhook_ingested               delivery_id=case-10 event_types=['pdlc.testcaserun.finished'] request_id=54adb1dc-e332-40d0-b706-2f7700db7f6a source=github
2026-10-06 19:40:29 [info     ] webhook_ingested               delivery_id=case-11 event_types=['pdlc.testcaserun.finished'] request_id=e9b8dc02-217f-457e-8cc7-32d064a0a60a source=github
2026-10-06 19:40:29 [info     ] webhook_ingested               delivery_id=case-12 event_types=['pdlc.testcaserun.finished'] request_id=6939705a-7143-4f66-a5f5-08c450da5ee1 source=github
2026-10-06 19:40:30 [info     ] webhook_ingested               delivery_id=case-13 event_types=['pdlc.testcaserun.finished'] request_id=1cae7a5b-2009-46a5-8597-83b0d5ef6119 source=github
2026-10-06 19:40:30 [info     ] webhook_ingested               delivery_id=case-14 event_types=['pdlc.testcaserun.finished'] request_id=1e2a1a94-8e00-4356-8eef-3b5a87d03093 source=github
2026-10-06 19:40:30 [info     ] webhook_ingested               delivery_id=case-15 event_types=['pdlc.testcaserun.finished'] request_id=de6a24f4-ab55-4789-8afa-f8dd7c0a253a source=github
2026-10-06 19:40:30 [info     ] webhook_ingested               delivery_id=case-16 event_types=['pdlc.testcaserun.skipped'] request_id=246e7df4-5a11-46d4-82d0-91fcc3a4b556 source=github
2026-10-06 19:40:30 [info     ] webhook_ingested               delivery_id=case-17 event_types=['pdlc.testcaserun.skipped'] request_id=12889ce7-5944-4ed3-b3f0-29b31e1e1267 source=github
2026-10-06 19:40:30 [info     ] webhook_ingested               delivery_id=case-18 event_types=['pdlc.testcaserun.finished'] request_id=30405a28-391a-47dd-9f20-909ceeb0da34 source=github
2026-10-06 19:40:31 [info     ] webhook_ingested               delivery_id=case-19 event_types=['pdlc.release.published'] request_id=9745ea3c-688c-4e2e-b5ad-be30e24aaaec source=github
2026-10-06 19:40:31 [info     ] webhook_ingested               delivery_id=case-20 event_types=['pdlc.service.deployed'] request_id=ef94e839-a068-43da-b4f2-6daf44af8618 source=github
2026-10-06 19:40:31 [info     ] webhook_ingested               delivery_id=case-21 event_types=['pdlc.ticket.created'] request_id=5614135e-333f-40c3-846d-e65b53658176 source=github
2026-10-06 19:40:31 [info     ] webhook_ingested               delivery_id=case-22 event_types=['pdlc.ticket.updated'] request_id=354032a7-58dc-4539-bfd3-8531b2f92af3 source=github
2026-10-06 19:40:31 [info     ] webhook_ingested               delivery_id=case-23 event_types=['pdlc.ticket.updated'] request_id=e667dafe-1a56-4f7d-9555-2d4e8af5005b source=github
2026-10-06 19:40:31 [info     ] webhook_ingested               delivery_id=case-24 event_types=['pdlc.ticket.updated'] request_id=bf468aac-4219-4c4b-9ce9-8ed35c2fb97d source=github
2026-10-06 19:40:32 [info     ] webhook_ingested               delivery_id=case-25 event_types=['pdlc.ticket.updated'] request_id=b2dd009c-ef8c-4cbe-a071-ebca68ecd5fa source=github
2026-10-06 19:40:32 [info     ] webhook_ingested               delivery_id=case-26 event_types=['pdlc.ticket.updated'] request_id=1b20d02d-faf7-4175-893a-4229b2d818bb source=github
2026-10-06 19:40:32 [info     ] webhook_ingested               delivery_id=case-27 event_types=['pdlc.ticket.updated'] request_id=c9c294c8-55cd-4b88-b701-2c21e75f3cfd source=github
2026-10-06 19:40:32 [info     ] webhook_ingested               delivery_id=case-28 event_types=['pdlc.ticket.closed'] request_id=f976d37f-bc97-49d9-a8c6-2fc794b12c07 source=github
2026-10-06 19:40:32 [info     ] webhook_ingested               delivery_id=case-29 event_types=['pdlc.ticket.created'] request_id=8fa9a392-7658-44bc-a27f-345d2fb624c1 source=jira
2026-10-06 19:40:32 [info     ] webhook_ingested               delivery_id=case-30 event_types=['pdlc.ticket.updated'] request_id=5b59da9c-7b61-4e2e-bb70-eca4b11cbc55 source=jira
2026-10-06 19:40:33 [info     ] webhook_ingested               delivery_id=case-31 event_types=['pdlc.ticket.closed'] request_id=70f6e4ae-f602-4734-84f4-962648bca513 source=jira
2026-10-06 19:40:33 [info     ] webhook_ingested               delivery_id=case-32 event_types=['pdlc.ticket.updated'] request_id=9982796a-7b48-443b-a004-8a54839ce3f7 source=jira
2026-10-06 19:40:33 [info     ] webhook_ingested               delivery_id=case-33 event_types=['pdlc.ticket.closed'] request_id=03ee0786-c603-4228-9554-8cf02c9a3648 source=jira
2026-10-06 19:40:33 [info     ] webhook_ingested               delivery_id=case-34 event_types=['pdlc.ticket.created'] request_id=e867346e-f26c-445b-9f09-39941587de4e source=jira
2026-10-06 19:40:33 [info     ] webhook_ingested               delivery_id=case-35 event_types=['pdlc.ticket.created'] request_id=93e8f334-11fd-4071-9601-d3600d9a725b source=jira
2026-10-06 19:40:34 [info     ] webhook_ingested               delivery_id=case-36 event_types=['pdlc.ticket.created'] request_id=6be1768c-3dcb-4b11-9146-1fe645e90a66 source=jira
2026-10-06 19:40:34 [info     ] webhook_ingested               delivery_id=case-37 event_types=['pdlc.ticket.created'] request_id=358fb464-74b8-4542-aced-165219d02fdc source=jira
2026-10-06 19:40:34 [info     ] webhook_ingested               delivery_id=case-38 event_types=['pdlc.ticket.created'] request_id=38c030ad-f067-4600-a43f-503691e1394d source=jira
2026-10-06 19:40:34 [info     ] webhook_ingested               delivery_id=case-39 event_types=['pdlc.ticket.created'] request_id=0ccb24df-b708-41b6-92a2-6842c851df49 source=jira
2026-10-06 19:40:34 [info     ] webhook_ingested               delivery_id=case-40 event_types=['pdlc.ticket.created'] request_id=665e7984-8dd5-40e4-940f-96a5a3886dc1 source=jira
2026-10-06 19:40:34 [info     ] webhook_ingested               delivery_id=case-41 event_types=[] request_id=d1ccad08-e255-4fb6-85d7-12336c2293cf source=github
2026-10-06 19:40:34 [info     ] webhook_ingested               delivery_id=case-42 event_types=[] request_id=e29ebcb7-dac3-4164-9e62-63b0036176b1 source=github
2026-10-06 19:40:34 [info     ] webhook_ingested               delivery_id=case-43 event_types=[] request_id=38743a19-93e4-4ea8-9e76-3ad907d69af1 source=github
2026-10-06 19:40:34 [info     ] webhook_ingested               delivery_id=case-44 event_types=[] request_id=7848bf3f-b2ac-46e8-9357-4d6eb630a36a source=jira
2026-10-06 19:40:34 [info     ] webhook_ingested               delivery_id=case-45 event_types=[] request_id=5d9cba56-4f56-45f9-9180-1b536effafbd source=jira
{"name": "signed_GitHub_Jira_all_supported_handlers_actions_and_ignored", "scenarios": ["HOOK-01", "HOOK-02"], "verdict": "passed", "observation": {"cases": 46, "events": 41, "receipts": "webhook-handler-mappings.json"}, "seconds": 6.97}
2026-10-06 19:40:34 [info     ] webhook_ingested               delivery_id=different-delivery-header event_types=['pdlc.change.created'] request_id=69303ce0-0293-4f11-84d3-6c05792a4846 source=github
2026-10-06 19:40:35 [info     ] webhook_ingested               delivery_id=case-0 event_types=['pdlc.change.created'] request_id=b95691e4-8d58-40c9-a0fb-2321de533f80 source=github
{"name": "signed_body_dedup_independent_of_delivery_ID", "scenarios": ["HOOK-03", "ING-04"], "verdict": "passed", "observation": {"original_ids": ["cab67ec5-cfe7-51db-b9c8-4fd18ce05a48"], "same_body_new_delivery": {"event_ids": ["cab67ec5-cfe7-51db-b9c8-4fd18ce05a48"]}, "changed_body_same_delivery": {"event_ids": ["9e427a53-3e4d-5c01-8c34-6a46e14e58d4"]}}, "seconds": 0.34}
2026-10-06 19:40:35 [info     ] consumer_started               consumer=webhook-handler-projection group=graph-projection stream=Events
2026-10-06 19:40:35 [info     ] pending_drain_completed        group=graph-projection
2026-10-06 19:40:35 [debug    ] event_projected                edge_count=0 entry_id=2026-10-06T14:10:27.987743000Z/000000/cab67ec5-cfe7-51db-b9c8-4fd18ce05a48 event_id=cab67ec5-cfe7-51db-b9c8-4fd18ce05a48 session_id=pdlc:acme/compat
2026-10-06 19:40:36 [debug    ] pack_plans_applied             edges=1 events=1 nodes=1 states=1
2026-10-06 19:40:36 [debug    ] event_projected                edge_count=1 entry_id=2026-10-06T14:10:28.193343000Z/000000/cbf32820-f9d8-5ce0-808d-738e12472a9c event_id=cbf32820-f9d8-5ce0-808d-738e12472a9c session_id=pdlc:acme/compat
2026-10-06 19:40:37 [debug    ] pack_plans_applied             edges=1 events=1 nodes=1 states=1
2026-10-06 19:40:37 [debug    ] event_projected                edge_count=1 entry_id=2026-10-06T14:10:28.334623000Z/000000/7a1b13d3-d1c1-5bea-aaa7-721b21e47063 event_id=7a1b13d3-d1c1-5bea-aaa7-721b21e47063 session_id=pdlc:acme/compat
2026-10-06 19:40:38 [debug    ] pack_plans_applied             edges=1 events=1 nodes=1 states=0
2026-10-06 19:40:38 [debug    ] event_projected                edge_count=1 entry_id=2026-10-06T14:10:28.483775000Z/000000/b1b40e57-ce12-5058-a127-a7d7996ecb26 event_id=b1b40e57-ce12-5058-a127-a7d7996ecb26 session_id=pdlc:acme/compat
2026-10-06 19:40:38 [debug    ] pack_plans_applied             edges=1 events=1 nodes=1 states=0
2026-10-06 19:40:39 [debug    ] event_projected                edge_count=1 entry_id=2026-10-06T14:10:28.725535000Z/000000/82ac0e7e-99d1-58b9-9fed-80016b185cd8 event_id=82ac0e7e-99d1-58b9-9fed-80016b185cd8 session_id=pdlc:acme/compat
2026-10-06 19:40:39 [debug    ] pack_plans_applied             edges=1 events=1 nodes=6 states=1
2026-10-06 19:40:40 [debug    ] event_projected                edge_count=1 entry_id=2026-10-06T14:10:28.876879000Z/000000/28746366-44a6-5d43-af68-b4e2ae90e9c7 event_id=28746366-44a6-5d43-af68-b4e2ae90e9c7 session_id=pdlc:acme/compat
2026-10-06 19:40:40 [debug    ] pack_plans_applied             edges=1 events=1 nodes=1 states=1
2026-10-06 19:40:40 [debug    ] event_projected                edge_count=1 entry_id=2026-10-06T14:10:29.006911000Z/000000/78484a07-c8e1-5112-a7e0-a688c294ffe6 event_id=78484a07-c8e1-5112-a7e0-a688c294ffe6 session_id=pdlc:acme/compat
2026-10-06 19:40:41 [debug    ] pack_plans_applied             edges=2 events=1 nodes=3 states=1
2026-10-06 19:40:41 [debug    ] event_projected                edge_count=1 entry_id=2026-10-06T14:10:29.133263000Z/000000/2f1fbef9-670c-55b0-bc24-d393ffc39ce7 event_id=2f1fbef9-670c-55b0-bc24-d393ffc39ce7 session_id=pdlc:acme/compat
2026-10-06 19:40:42 [debug    ] pack_plans_applied             edges=2 events=1 nodes=3 states=1
2026-10-06 19:40:42 [debug    ] event_projected                edge_count=1 entry_id=2026-10-06T14:10:29.335663000Z/000000/f589d80b-ef23-5253-8dba-2850958a8ca2 event_id=f589d80b-ef23-5253-8dba-2850958a8ca2 session_id=pdlc:acme/compat
2026-10-06 19:40:43 [debug    ] pack_plans_applied             edges=2 events=1 nodes=3 states=1
2026-10-06 19:40:43 [debug    ] event_projected                edge_count=1 entry_id=2026-10-06T14:10:29.489871000Z/000000/d879c194-0461-5ec7-a5ef-91d955728cdc event_id=d879c194-0461-5ec7-a5ef-91d955728cdc session_id=pdlc:acme/compat
2026-10-06 19:40:44 [debug    ] pack_plans_applied             edges=4 events=1 nodes=6 states=0
2026-10-06 19:40:44 [debug    ] event_projected                edge_count=1 entry_id=2026-10-06T14:10:29.628735000Z/000000/9069bc41-d7bd-5da4-9744-ef24a186234d event_id=9069bc41-d7bd-5da4-9744-ef24a186234d session_id=pdlc:acme/compat
2026-10-06 19:40:45 [debug    ] pack_plans_applied             edges=4 events=1 nodes=6 states=0
2026-10-06 19:40:45 [debug    ] event_projected                edge_count=1 entry_id=2026-10-06T14:10:29.858927000Z/000000/7e2b014e-dadf-5d64-ba12-812cbfefcae1 event_id=7e2b014e-dadf-5d64-ba12-812cbfefcae1 session_id=pdlc:acme/compat
2026-10-06 19:40:45 [debug    ] pack_plans_applied             edges=4 events=1 nodes=6 states=0
2026-10-06 19:40:46 [debug    ] event_projected                edge_count=1 entry_id=2026-10-06T14:10:30.004015000Z/000000/4b91ec55-9785-5480-90fd-d7fca5afc778 event_id=4b91ec55-9785-5480-90fd-d7fca5afc778 session_id=pdlc:acme/compat
2026-10-06 19:40:46 [debug    ] pack_plans_applied             edges=4 events=1 nodes=6 states=0
2026-10-06 19:40:46 [debug    ] event_projected                edge_count=1 entry_id=2026-10-06T14:10:30.142703000Z/000000/ee97bedf-b2fe-525a-ae40-a78c9b76fc58 event_id=ee97bedf-b2fe-525a-ae40-a78c9b76fc58 session_id=pdlc:acme/compat
2026-10-06 19:40:47 [debug    ] pack_plans_applied             edges=4 events=1 nodes=6 states=0
2026-10-06 19:40:47 [debug    ] event_projected                edge_count=1 entry_id=2026-10-06T14:10:30.355727000Z/000000/6a93bd0b-c946-57cc-9dd4-6085ca0703af event_id=6a93bd0b-c946-57cc-9dd4-6085ca0703af session_id=pdlc:acme/compat
2026-10-06 19:40:48 [debug    ] pack_plans_applied             edges=4 events=1 nodes=6 states=0
2026-10-06 19:40:48 [debug    ] event_projected                edge_count=1 entry_id=2026-10-06T14:10:30.505647000Z/000000/813fa3af-9d6d-549a-9caf-165ece8d953d event_id=813fa3af-9d6d-549a-9caf-165ece8d953d session_id=pdlc:acme/compat
2026-10-06 19:40:48 [debug    ] pack_plans_applied             edges=4 events=1 nodes=6 states=0
2026-10-06 19:40:49 [debug    ] event_projected                edge_count=1 entry_id=2026-10-06T14:10:30.642815000Z/000000/3c65651d-6802-5d95-a80c-6b8e0a89d575 event_id=3c65651d-6802-5d95-a80c-6b8e0a89d575 session_id=pdlc:acme/compat
2026-10-06 19:40:49 [debug    ] event_projected                edge_count=1 entry_id=2026-10-06T14:10:30.851407000Z/000000/1dcf11fb-a50b-57b8-8a81-67b043cdad79 event_id=1dcf11fb-a50b-57b8-8a81-67b043cdad79 session_id=pdlc:acme/compat
2026-10-06 19:40:49 [debug    ] event_projected                edge_count=1 entry_id=2026-10-06T14:10:30.984367000Z/000000/51683d6c-39af-55f8-8290-afbbad0a9025 event_id=51683d6c-39af-55f8-8290-afbbad0a9025 session_id=pdlc:acme/compat
2026-10-06 19:40:50 [debug    ] pack_plans_applied             edges=4 events=1 nodes=6 states=0
2026-10-06 19:40:50 [debug    ] event_projected                edge_count=1 entry_id=2026-10-06T14:10:31.117935000Z/000000/b96ccf71-849e-5e63-95d6-650df9a0254b event_id=b96ccf71-849e-5e63-95d6-650df9a0254b session_id=pdlc:acme/compat
2026-10-06 19:40:51 [debug    ] pack_plans_applied             edges=3 events=1 nodes=4 states=0
2026-10-06 19:40:51 [debug    ] event_projected                edge_count=1 entry_id=2026-10-06T14:10:31.337039000Z/000000/d1e30c2e-7ea0-588e-8ae9-f19e47b11300 event_id=d1e30c2e-7ea0-588e-8ae9-f19e47b11300 session_id=pdlc:acme/compat
2026-10-06 19:40:52 [debug    ] pack_plans_applied             edges=4 events=1 nodes=6 states=1
2026-10-06 19:40:52 [debug    ] event_projected                edge_count=1 entry_id=2026-10-06T14:10:31.473551000Z/000000/b271ba63-5b13-5f4a-a773-26251b7a011c event_id=b271ba63-5b13-5f4a-a773-26251b7a011c session_id=pdlc:acme/compat
2026-10-06 19:40:53 [debug    ] pack_plans_applied             edges=1 events=1 nodes=1 states=1
2026-10-06 19:40:53 [debug    ] event_projected                edge_count=1 entry_id=2026-10-06T14:10:31.610015000Z/000000/d233de46-a790-5dfc-9c0c-c47d82478093 event_id=d233de46-a790-5dfc-9c0c-c47d82478093 session_id=pdlc:acme/compat
2026-10-06 19:40:54 [debug    ] pack_plans_applied             edges=1 events=1 nodes=1 states=1
2026-10-06 19:40:54 [debug    ] event_projected                edge_count=1 entry_id=2026-10-06T14:10:31.741423000Z/000000/cca6bfce-1ec3-5ea3-9381-9dffadf275ef event_id=cca6bfce-1ec3-5ea3-9381-9dffadf275ef session_id=pdlc:acme/compat
2026-10-06 19:40:54 [debug    ] pack_plans_applied             edges=1 events=1 nodes=1 states=1
2026-10-06 19:40:55 [debug    ] event_projected                edge_count=1 entry_id=2026-10-06T14:10:31.965183000Z/000000/92cb283f-6cd8-58bc-bca6-251a8fe78a67 event_id=92cb283f-6cd8-58bc-bca6-251a8fe78a67 session_id=pdlc:acme/compat
2026-10-06 19:40:55 [debug    ] pack_plans_applied             edges=1 events=1 nodes=1 states=1
2026-10-06 19:40:56 [debug    ] event_projected                edge_count=1 entry_id=2026-10-06T14:10:32.114863000Z/000000/f301426d-21fa-5a73-a4f0-fa790e7807fb event_id=f301426d-21fa-5a73-a4f0-fa790e7807fb session_id=pdlc:acme/compat
2026-10-06 19:40:56 [debug    ] pack_plans_applied             edges=1 events=1 nodes=1 states=1
2026-10-06 19:40:56 [debug    ] event_projected                edge_count=1 entry_id=2026-10-06T14:10:32.259087000Z/000000/f98fa98d-ba37-5957-bdd0-0e884b57f31d event_id=f98fa98d-ba37-5957-bdd0-0e884b57f31d session_id=pdlc:acme/compat
2026-10-06 19:40:57 [debug    ] pack_plans_applied             edges=1 events=1 nodes=1 states=1
2026-10-06 19:40:57 [debug    ] event_projected                edge_count=1 entry_id=2026-10-06T14:10:32.492367000Z/000000/f42fbb93-bd4f-55ba-ab08-9e246bac8a1b event_id=f42fbb93-bd4f-55ba-ab08-9e246bac8a1b session_id=pdlc:acme/compat
2026-10-06 19:40:58 [debug    ] pack_plans_applied             edges=1 events=1 nodes=1 states=1
2026-10-06 19:40:58 [debug    ] event_projected                edge_count=1 entry_id=2026-10-06T14:10:32.621775000Z/000000/e71fef92-05a3-5dc5-ac28-5a577a91bade event_id=e71fef92-05a3-5dc5-ac28-5a577a91bade session_id=pdlc:acme/compat
2026-10-06 19:40:59 [debug    ] pack_plans_applied             edges=1 events=1 nodes=1 states=1
2026-10-06 19:40:59 [debug    ] event_projected                edge_count=0 entry_id=2026-10-06T14:10:32.761823000Z/000000/a9c02ceb-d471-5add-92c8-3a32406dc135 event_id=a9c02ceb-d471-5add-92c8-3a32406dc135 session_id=pdlc:jira:CP
2026-10-06 19:41:00 [debug    ] pack_plans_applied             edges=2 events=1 nodes=3 states=1
2026-10-06 19:41:00 [debug    ] event_projected                edge_count=1 entry_id=2026-10-06T14:10:33.002271000Z/000000/2e0278aa-343c-5d21-87d6-aba843fcda98 event_id=2e0278aa-343c-5d21-87d6-aba843fcda98 session_id=pdlc:jira:CP
2026-10-06 19:41:01 [debug    ] pack_plans_applied             edges=2 events=1 nodes=3 states=1
2026-10-06 19:41:01 [debug    ] event_projected                edge_count=1 entry_id=2026-10-06T14:10:33.137503000Z/000000/cdf81630-692e-5228-a1c0-4901915627e6 event_id=cdf81630-692e-5228-a1c0-4901915627e6 session_id=pdlc:jira:CP
2026-10-06 19:41:02 [debug    ] pack_plans_applied             edges=1 events=1 nodes=1 states=1
2026-10-06 19:41:02 [debug    ] event_projected                edge_count=1 entry_id=2026-10-06T14:10:33.270063000Z/000000/bc90c207-7c9e-5fb4-ad8e-bd0e09070693 event_id=bc90c207-7c9e-5fb4-ad8e-bd0e09070693 session_id=pdlc:jira:CP
2026-10-06 19:41:02 [debug    ] pack_plans_applied             edges=2 events=1 nodes=3 states=0
2026-10-06 19:41:03 [debug    ] event_projected                edge_count=1 entry_id=2026-10-06T14:10:33.490735000Z/000000/360ec40d-e197-5dcb-9701-053cd9ed6de6 event_id=360ec40d-e197-5dcb-9701-053cd9ed6de6 session_id=pdlc:jira:CP
2026-10-06 19:41:03 [debug    ] pack_plans_applied             edges=1 events=1 nodes=1 states=1
2026-10-06 19:41:03 [debug    ] event_projected                edge_count=0 entry_id=2026-10-06T14:10:33.625359000Z/000000/64e7ff8f-4468-5e32-a458-e81011ed00f8 event_id=64e7ff8f-4468-5e32-a458-e81011ed00f8 session_id=pdlc:jira:TYPE
2026-10-06 19:41:04 [debug    ] pack_plans_applied             edges=1 events=1 nodes=1 states=1
2026-10-06 19:41:04 [debug    ] event_projected                edge_count=1 entry_id=2026-10-06T14:10:33.782927000Z/000000/3fe81a5d-71e8-50f0-babd-7542ae57a269 event_id=3fe81a5d-71e8-50f0-babd-7542ae57a269 session_id=pdlc:jira:TYPE
2026-10-06 19:41:05 [debug    ] pack_plans_applied             edges=1 events=1 nodes=1 states=1
2026-10-06 19:41:05 [debug    ] event_projected                edge_count=1 entry_id=2026-10-06T14:10:34.019519000Z/000000/3c19e892-025d-51cd-88ae-9a5d1e65fea2 event_id=3c19e892-025d-51cd-88ae-9a5d1e65fea2 session_id=pdlc:jira:TYPE
2026-10-06 19:41:06 [debug    ] pack_plans_applied             edges=1 events=1 nodes=1 states=1
2026-10-06 19:41:06 [debug    ] event_projected                edge_count=1 entry_id=2026-10-06T14:10:34.160479000Z/000000/1bbbc4ff-70ce-5d85-81f2-f90e8c1d6734 event_id=1bbbc4ff-70ce-5d85-81f2-f90e8c1d6734 session_id=pdlc:jira:TYPE
2026-10-06 19:41:07 [debug    ] pack_plans_applied             edges=1 events=1 nodes=1 states=1
2026-10-06 19:41:07 [debug    ] event_projected                edge_count=1 entry_id=2026-10-06T14:10:34.303071000Z/000000/5e5d3f8f-ef4a-542a-8597-250045e35515 event_id=5e5d3f8f-ef4a-542a-8597-250045e35515 session_id=pdlc:jira:TYPE
2026-10-06 19:41:08 [debug    ] pack_plans_applied             edges=1 events=1 nodes=1 states=1
2026-10-06 19:41:08 [debug    ] event_projected                edge_count=1 entry_id=2026-10-06T14:10:34.559951000Z/000000/414d5475-8321-50cf-910f-7f0cb02f164b event_id=414d5475-8321-50cf-910f-7f0cb02f164b session_id=pdlc:jira:TYPE
2026-10-06 19:41:09 [debug    ] pack_plans_applied             edges=1 events=1 nodes=1 states=1
2026-10-06 19:41:09 [debug    ] event_projected                edge_count=1 entry_id=2026-10-06T14:10:34.701455000Z/000000/1701ecb5-fa51-58eb-83dd-7fde81662d71 event_id=1701ecb5-fa51-58eb-83dd-7fde81662d71 session_id=pdlc:jira:TYPE
2026-10-06 19:41:09 [debug    ] pack_plans_applied             edges=1 events=1 nodes=1 states=1
2026-10-06 19:41:10 [debug    ] event_projected                edge_count=1 entry_id=2026-10-06T14:10:35.065535000Z/000000/9e427a53-3e4d-5c01-8c34-6a46e14e58d4 event_id=9e427a53-3e4d-5c01-8c34-6a46e14e58d4 session_id=pdlc:acme/compat
2026-10-06 19:41:10 [debug    ] pack_plans_applied             edges=1 events=1 nodes=1 states=1
2026-10-06 19:41:11 [info     ] consumer_stopped               consumer=webhook-handler-projection group=graph-projection
{"name": "all_webhook_normalized_events_actual_projection", "scenarios": ["HOOK-01", "HOOK-02", "APP-02"], "verdict": "passed", "observation": {"nodes": {"Change": 6, "Component": 1, "Deployment": 1, "Event": 42, "Release": 1, "Review": 3, "TestCase": 1, "TestRun": 8, "WorkItem": 21}, "edges": [["Change:acme/compat|1", "DERIVED_FROM", "9e427a53-3e4d-5c01-8c34-6a46e14e58d4"], ["Change:acme/compat|1", "DERIVED_FROM", "cab67ec5-cfe7-51db-b9c8-4fd18ce05a48"], ["Change:acme/compat|2", "DERIVED_FROM", "cbf32820-f9d8-5ce0-808d-738e12472a9c"], ["Change:acme/compat|3", "DERIVED_FROM", "7a1b13d3-d1c1-5bea-aaa7-721b21e47063"], ["Change:acme/compat|4", "DERIVED_FROM", "b1b40e57-ce12-5058-a127-a7d7996ecb26"], ["Change:acme/compat|5", "DERIVED_FROM", "82ac0e7e-99d1-58b9-9fed-80016b185cd8"], ["Change:acme/compat|6", "DERIVED_FROM", "28746366-44a6-5d43-af68-b4e2ae90e9c7"], ["Component:acme/compat", "DERIVED_FROM", "d1e30c2e-7ea0-588e-8ae9-f19e47b11300"], ["Deployment:prod|abc|2026-10-06T14:10:27.806652+00:00", "DEPLOYED_TO", "Component:acme/compat"], ["Deployment:prod|abc|2026-10-06T14:10:27.806652+00:00", "DEPLOYS", "Change:acme/compat|5"], ["Deployment:prod|abc|2026-10-06T14:10:27.806652+00:00", "DERIVED_FROM", "d1e30c2e-7ea0-588e-8ae9-f19e47b11300"], ["1701ecb5-fa51-58eb-83dd-7fde81662d71", "FOLLOWS", "414d5475-8321-50cf-910f-7f0cb02f164b"], ["1bbbc4ff-70ce-5d85-81f2-f90e8c1d6734", "FOLLOWS", "3c19e892-025d-51cd-88ae-9a5d1e65fea2"], ["1dcf11fb-a50b-57b8-8a81-67b043cdad79", "FOLLOWS", "3c65651d-6802-5d95-a80c-6b8e0a89d575"], ["28746366-44a6-5d43-af68-b4e2ae90e9c7", "FOLLOWS", "82ac0e7e-99d1-58b9-9fed-80016b185cd8"], ["2e0278aa-343c-5d21-87d6-aba843fcda98", "FOLLOWS", "a9c02ceb-d471-5add-92c8-3a32406dc135"], ["2f1fbef9-670c-55b0-bc24-d393ffc39ce7", "FOLLOWS", "78484a07-c8e1-5112-a7e0-a688c294ffe6"], ["360ec40d-e197-5dcb-9701-053cd9ed6de6", "FOLLOWS", "bc90c207-7c9e-5fb4-ad8e-bd0e09070693"], ["3c19e892-025d-51cd-88ae-9a5d1e65fea2", "FOLLOWS", "3fe81a5d-71e8-50f0-babd-7542ae57a269"], ["3c65651d-6802-5d95-a80c-6b8e0a89d575", "FOLLOWS", "813fa3af-9d6d-549a-9caf-165ece8d953d"], ["3fe81a5d-71e8-50f0-babd-7542ae57a269", "FOLLOWS", "64e7ff8f-4468-5e32-a458-e81011ed00f8"], ["414d5475-8321-50cf-910f-7f0cb02f164b", "FOLLOWS", "5e5d3f8f-ef4a-542a-8597-250045e35515"], ["4b91ec55-9785-5480-90fd-d7fca5afc778", "FOLLOWS", "7e2b014e-dadf-5d64-ba12-812cbfefcae1"], ["51683d6c-39af-55f8-8290-afbbad0a9025", "FOLLOWS", "1dcf11fb-a50b-57b8-8a81-67b043cdad79"], ["5e5d3f8f-ef4a-542a-8597-250045e35515", "FOLLOWS", "1bbbc4ff-70ce-5d85-81f2-f90e8c1d6734"], ["6a93bd0b-c946-57cc-9dd4-6085ca0703af", "FOLLOWS", "ee97bedf-b2fe-525a-ae40-a78c9b76fc58"], ["78484a07-c8e1-5112-a7e0-a688c294ffe6", "FOLLOWS", "28746366-44a6-5d43-af68-b4e2ae90e9c7"], ["7a1b13d3-d1c1-5bea-aaa7-721b21e47063", "FOLLOWS", "cbf32820-f9d8-5ce0-808d-738e12472a9c"], ["7e2b014e-dadf-5d64-ba12-812cbfefcae1", "FOLLOWS", "9069bc41-d7bd-5da4-9744-ef24a186234d"], ["813fa3af-9d6d-549a-9caf-165ece8d953d", "FOLLOWS", "6a93bd0b-c946-57cc-9dd4-6085ca0703af"], ["82ac0e7e-99d1-58b9-9fed-80016b185cd8", "FOLLOWS", "b1b40e57-ce12-5058-a127-a7d7996ecb26"], ["9069bc41-d7bd-5da4-9744-ef24a186234d", "FOLLOWS", "d879c194-0461-5ec7-a5ef-91d955728cdc"], ["92cb283f-6cd8-58bc-bca6-251a8fe78a67", "FOLLOWS", "cca6bfce-1ec3-5ea3-9381-9dffadf275ef"], ["9e427a53-3e4d-5c01-8c34-6a46e14e58d4", "FOLLOWS", "e71fef92-05a3-5dc5-ac28-5a577a91bade"], ["b1b40e57-ce12-5058-a127-a7d7996ecb26", "FOLLOWS", "7a1b13d3-d1c1-5bea-aaa7-721b21e47063"], ["b271ba63-5b13-5f4a-a773-26251b7a011c", "FOLLOWS", "d1e30c2e-7ea0-588e-8ae9-f19e47b11300"], ["b96ccf71-849e-5e63-95d6-650df9a0254b", "FOLLOWS", "51683d6c-39af-55f8-8290-afbbad0a9025"], ["bc90c207-7c9e-5fb4-ad8e-bd0e09070693", "FOLLOWS", "cdf81630-692e-5228-a1c0-4901915627e6"], ["cbf32820-f9d8-5ce0-808d-738e12472a9c", "FOLLOWS", "cab67ec5-cfe7-51db-b9c8-4fd18ce05a48"], ["cca6bfce-1ec3-5ea3-9381-9dffadf275ef", "FOLLOWS", "d233de46-a790-5dfc-9c0c-c47d82478093"], ["cdf81630-692e-5228-a1c0-4901915627e6", "FOLLOWS", "2e0278aa-343c-5d21-87d6-aba843fcda98"], ["d1e30c2e-7ea0-588e-8ae9-f19e47b11300", "FOLLOWS", "b96ccf71-849e-5e63-95d6-650df9a0254b"], ["d233de46-a790-5dfc-9c0c-c47d82478093", "FOLLOWS", "b271ba63-5b13-5f4a-a773-26251b7a011c"], ["d879c194-0461-5ec7-a5ef-91d955728cdc", "FOLLOWS", "f589d80b-ef23-5253-8dba-2850958a8ca2"], ["e71fef92-05a3-5dc5-ac28-5a577a91bade", "FOLLOWS", "f42fbb93-bd4f-55ba-ab08-9e246bac8a1b"], ["ee97bedf-b2fe-525a-ae40-a78c9b76fc58", "FOLLOWS", "4b91ec55-9785-5480-90fd-d7fca5afc778"], ["f301426d-21fa-5a73-a4f0-fa790e7807fb", "FOLLOWS", "92cb283f-6cd8-58bc-bca6-251a8fe78a67"], ["f42fbb93-bd4f-55ba-ab08-9e246bac8a1b", "FOLLOWS", "f98fa98d-ba37-5957-bdd0-0e884b57f31d"], ["f589d80b-ef23-5253-8dba-2850958a8ca2", "FOLLOWS", "2f1fbef9-670c-55b0-bc24-d393ffc39ce7"], ["f98fa98d-ba37-5957-bdd0-0e884b57f31d", "FOLLOWS", "f301426d-21fa-5a73-a4f0-fa790e7807fb"], ["Release:acme/compat|v1", "DERIVED_FROM", "b96ccf71-849e-5e63-95d6-650df9a0254b"], ["Release:acme/compat|v1", "INCLUDES", "Change:acme/compat|1"], ["Release:acme/compat|v1", "INCLUDES", "Change:acme/compat|2"], ["Review:acme/compat|1|1", "DERIVED_FROM", "78484a07-c8e1-5112-a7e0-a688c294ffe6"], ["Review:acme/compat|1|1", "REVIEWS", "Change:acme/compat|1"], ["Review:acme/compat|1|2", "DERIVED_FROM", "2f1fbef9-670c-55b0-bc24-d393ffc39ce7"], ["Review:acme/compat|1|2", "REVIEWS", "Change:acme/compat|1"], ["Review:acme/compat|1|3", "DERIVED_FROM", "f589d80b-ef23-5253-8dba-2850958a8ca2"], ["Review:acme/compat|1|3", "REVIEWS", "Change:acme/compat|1"], ["TestCase:acme/compat|unit", "DERIVED_FROM", "4b91ec55-9785-5480-90fd-d7fca5afc778"], ["TestCase:acme/compat|unit", "DERIVED_FROM", "51683d6c-39af-55f8-8290-afbbad0a9025"], ["TestCase:acme/compat|unit", "DERIVED_FROM", "6a93bd0b-c946-57cc-9dd4-6085ca0703af"], ["TestCase:acme/compat|unit", "DERIVED_FROM", "7e2b014e-dadf-5d64-ba12-812cbfefcae1"], ["TestCase:acme/compat|unit", "DERIVED_FROM", "813fa3af-9d6d-549a-9caf-165ece8d953d"], ["TestCase:acme/compat|unit", "DERIVED_FROM", "9069bc41-d7bd-5da4-9744-ef24a186234d"], ["TestCase:acme/compat|unit", "DERIVED_FROM", "d879c194-0461-5ec7-a5ef-91d955728cdc"], ["TestCase:acme/compat|unit", "DERIVED_FROM", "ee97bedf-b2fe-525a-ae40-a78c9b76fc58"], ["TestRun:1", "DERIVED_FROM", "d879c194-0461-5ec7-a5ef-91d955728cdc"], ["TestRun:1", "EXECUTES", "TestCase:acme/compat|unit"], ["TestRun:1", "RAN_AGAINST", "Change:acme/compat|1"], ["TestRun:10", "DERIVED_FROM", "51683d6c-39af-55f8-8290-afbbad0a9025"], ["TestRun:10", "EXECUTES", "TestCase:acme/compat|unit"], ["TestRun:10", "RAN_AGAINST", "Change:acme/compat|1"], ["TestRun:2", "DERIVED_FROM", "9069bc41-d7bd-5da4-9744-ef24a186234d"], ["TestRun:2", "EXECUTES", "TestCase:acme/compat|unit"], ["TestRun:2", "RAN_AGAINST", "Change:acme/compat|1"], ["TestRun:3", "DERIVED_FROM", "7e2b014e-dadf-5d64-ba12-812cbfefcae1"], ["TestRun:3", "EXECUTES", "TestCase:acme/compat|unit"], ["TestRun:3", "RAN_AGAINST", "Change:acme/compat|1"], ["TestRun:4", "DERIVED_FROM", "4b91ec55-9785-5480-90fd-d7fca5afc778"], ["TestRun:4", "EXECUTES", "TestCase:acme/compat|unit"], ["TestRun:4", "RAN_AGAINST", "Change:acme/compat|1"], ["TestRun:5", "DERIVED_FROM", "ee97bedf-b2fe-525a-ae40-a78c9b76fc58"], ["TestRun:5", "EXECUTES", "TestCase:acme/compat|unit"], ["TestRun:5", "RAN_AGAINST", "Change:acme/compat|1"], ["TestRun:6", "DERIVED_FROM", "6a93bd0b-c946-57cc-9dd4-6085ca0703af"], ["TestRun:6", "EXECUTES", "TestCase:acme/compat|unit"], ["TestRun:6", "RAN_AGAINST", "Change:acme/compat|1"], ["TestRun:7", "DERIVED_FROM", "813fa3af-9d6d-549a-9caf-165ece8d953d"], ["TestRun:7", "EXECUTES", "TestCase:acme/compat|unit"], ["TestRun:7", "RAN_AGAINST", "Change:acme/compat|1"], ["WorkItem:github|acme/compat#100", "DERIVED_FROM", "b271ba63-5b13-5f4a-a773-26251b7a011c"], ["WorkItem:github|acme/compat#101", "DERIVED_FROM", "d233de46-a790-5dfc-9c0c-c47d82478093"], ["WorkItem:github|acme/compat#102", "DERIVED_FROM", "cca6bfce-1ec3-5ea3-9381-9dffadf275ef"], ["WorkItem:github|acme/compat#103", "DERIVED_FROM", "92cb283f-6cd8-58bc-bca6-251a8fe78a67"], ["WorkItem:github|acme/compat#104", "DERIVED_FROM", "f301426d-21fa-5a73-a4f0-fa790e7807fb"], ["WorkItem:github|acme/compat#105", "DERIVED_FROM", "f98fa98d-ba37-5957-bdd0-0e884b57f31d"], ["WorkItem:github|acme/compat#106", "DERIVED_FROM", "f42fbb93-bd4f-55ba-ab08-9e246bac8a1b"], ["WorkItem:github|acme/compat#107", "DERIVED_FROM", "e71fef92-05a3-5dc5-ac28-5a577a91bade"], ["WorkItem:jira|CP-0", "DECOMPOSES_INTO", "WorkItem:jira|CP-1"], ["WorkItem:jira|CP-0", "DECOMPOSES_INTO", "WorkItem:jira|CP-2"], ["WorkItem:jira|CP-0", "DECOMPOSES_INTO", "WorkItem:jira|CP-4"], ["WorkItem:jira|CP-1", "DERIVED_FROM", "a9c02ceb-d471-5add-92c8-3a32406dc135"], ["WorkItem:jira|CP-2", "DERIVED_FROM", "2e0278aa-343c-5d21-87d6-aba843fcda98"], ["WorkItem:jira|CP-3", "DERIVED_FROM", "cdf81630-692e-5228-a1c0-4901915627e6"], ["WorkItem:jira|CP-4", "DERIVED_FROM", "bc90c207-7c9e-5fb4-ad8e-bd0e09070693"], ["WorkItem:jira|CP-5", "DERIVED_FROM", "360ec40d-e197-5dcb-9701-053cd9ed6de6"], ["WorkItem:jira|TYPE-0", "DERIVED_FROM", "64e7ff8f-4468-5e32-a458-e81011ed00f8"], ["WorkItem:jira|TYPE-1", "DERIVED_FROM", "3fe81a5d-71e8-50f0-babd-7542ae57a269"], ["WorkItem:jira|TYPE-2", "DERIVED_FROM", "3c19e892-025d-51cd-88ae-9a5d1e65fea2"], ["WorkItem:jira|TYPE-3", "DERIVED_FROM", "1bbbc4ff-70ce-5d85-81f2-f90e8c1d6734"], ["WorkItem:jira|TYPE-4", "DERIVED_FROM", "5e5d3f8f-ef4a-542a-8597-250045e35515"], ["WorkItem:jira|TYPE-5", "DERIVED_FROM", "414d5475-8321-50cf-910f-7f0cb02f164b"], ["WorkItem:jira|TYPE-6", "DERIVED_FROM", "1701ecb5-fa51-58eb-83dd-7fde81662d71"]]}, "seconds": 36.33}
2026-10-06 19:41:11 [info     ] app_stopped
