2026-10-06 22:41:16 [info     ] embedding_service_initialized  model=all-MiniLM-L6-v2
2026-10-06 22:41:16 [info     ] llm_client_initialized
2026-10-06 22:41:16 [warning  ] ontology_setting_not_implemented setting='pdlc: Request.embed_fields (no embeddings for pack types)'
2026-10-06 22:41:16 [warning  ] ontology_setting_not_implemented setting='pdlc: Spec.embed_fields (no embeddings for pack types)'
2026-10-06 22:41:16 [warning  ] ontology_setting_not_implemented setting='pdlc: Requirement.embed_fields (no embeddings for pack types)'
2026-10-06 22:41:16 [warning  ] ontology_setting_not_implemented setting='pdlc: Decision.embed_fields (no embeddings for pack types)'
2026-10-06 22:41:16 [warning  ] ontology_setting_not_implemented setting='pdlc: Constraint.embed_fields (no embeddings for pack types)'
2026-10-06 22:41:16 [warning  ] ontology_setting_not_implemented setting='pdlc: DesignElement.embed_fields (no embeddings for pack types)'
2026-10-06 22:41:16 [warning  ] ontology_setting_not_implemented setting='pdlc: Change.embed_fields (no embeddings for pack types)'
2026-10-06 22:41:16 [warning  ] ontology_setting_not_implemented setting='pdlc: Incident.embed_fields (no embeddings for pack types)'
2026-10-06 22:41:16 [warning  ] ontology_setting_not_implemented setting='pdlc: Lesson.embed_fields (no embeddings for pack types)'
2026-10-06 22:41:16 [warning  ] ontology_setting_not_implemented setting='pdlc: link_policy completeness_reports, read_time_threshold, scoring_question, write_time_threshold'
2026-10-06 22:41:16 [warning  ] ontology_setting_not_implemented setting='pdlc: extraction.derived_proposals'
2026-10-06 22:41:16 [warning  ] ontology_setting_not_implemented setting='pdlc: lifecycle.decay'
2026-10-06 22:41:16 [warning  ] ontology_setting_not_implemented setting='pdlc: lifecycle.terminal_states_reduce_importance'
2026-10-06 22:41:16 [warning  ] ontology_setting_not_implemented setting='pdlc: mappings (vocabulary only)'
2026-10-06 22:41:19 [info     ] app_started                    neo4j_uri=bolt://localhost:7687 ontology_packs=['core@1.1.0', 'memory@1.0.0', 'user@1.0.0', 'pdlc@1.7.0'] ontology_version=sha256:3a7c761cd2848649 redis_host=localhost
2026-10-06 22:41:19 [info     ] event_ingested                 event_id=c0889f07-4141-4e93-a0a0-5e6d4159703e event_type=observation.input global_position=2026-10-06T17:11:19.226447000Z/000000/c0889f07-4141-4e93-a0a0-5e6d4159703e request_id=a3046b77-8247-4b6f-9395-ddeca1fa7930 status=created
/private/tmp/engram-ontology-review-venv/lib/python3.12/site-packages/fastapi/routing.py:360: FastAPIDeprecationWarning: ORJSONResponse is deprecated, FastAPI now serializes data directly to JSON bytes via Pydantic when a return type or response model is set, which is faster and doesn't need a custom response class. Read more in the FastAPI docs: https://fastapi.tiangolo.com/advanced/custom-response/#orjson-or-response-model and https://fastapi.tiangolo.com/tutorial/response-model/
  return await dependant.call(**values)
{"name": "JSON_literal_float_marker_numeric_tag", "scenarios": ["LED-01"], "verdict": "passed", "observation": {"event_id": "c0889f07-4141-4e93-a0a0-5e6d4159703e", "ingestion_status": 201, "expected_payload": {"content": "marker collision", "literal_object": {"$float": "0.125"}}, "stored_payload": {"content": "marker collision", "literal_object": {"$float": "0.125"}}, "read_error": null}, "seconds": 0.26}
2026-10-06 22:41:19 [info     ] event_ingested                 event_id=6ff218cd-b29a-41ce-9ce4-05d3bff786df event_type=observation.input global_position=2026-10-06T17:11:19.473199000Z/000000/6ff218cd-b29a-41ce-9ce4-05d3bff786df request_id=1efcfd27-ea7b-45c6-8c47-7f1931b48348 status=created
{"name": "JSON_literal_float_marker_text_tag", "scenarios": ["LED-01"], "verdict": "passed", "observation": {"event_id": "6ff218cd-b29a-41ce-9ce4-05d3bff786df", "ingestion_status": 201, "expected_payload": {"content": "marker collision", "literal_object": {"$float": "ordinary-text"}}, "stored_payload": {"content": "marker collision", "literal_object": {"$float": "ordinary-text"}}, "read_error": null}, "seconds": 0.25}
2026-10-06 22:41:19 [info     ] app_stopped
Traceback (most recent call last):
  File "/Users/arunmenon/projects/Engram/scripts/engram_spanner_compat.py", line 211, in check
    observation = await asyncio.wait_for(function(), timeout=timeout_seconds)
                  ^^^^^^^^^^^^^^^^^^^^^^^^^^^^^^^^^^^^^^^^^^^^^^^^^^^^^^^^^^^
  File "/opt/homebrew/Cellar/python@3.12/3.12.7_1/Frameworks/Python.framework/Versions/3.12/lib/python3.12/asyncio/tasks.py", line 520, in wait_for
    return await fut
           ^^^^^^^^^
  File "/Users/arunmenon/projects/Engram/scripts/engram_spanner_compat.py", line 2192, in graph_codec
    assert all(all(node[k]==v for k,v in props.items()) for node in nodes.values()) and len(nodes)==2,nodes
           ^^^^^^^^^^^^^^^^^^^^^^^^^^^^^^^^^^^^^^^^^^^^^^^^^^^^^^^^^^^^^^^^^^^^^^^^^^^^^^^^^^^^^^^^^^
AssertionError: {NodeRef(label='Entity', key='entity:codec-0', key_property='entity_id'): {'entity_id': 'entity:codec-0', 'escaped_literal': '{"$engram_object":[["$float","ordinary text"]]}', 'literal': '{"$float":"0.125"}', 'score': 0.125}, NodeRef(label='Entity', key='entity:codec-1', key_property='entity_id'): {'entity_id': 'entity:codec-1', 'escaped_literal': '{"$engram_object":[["$float","ordinary text"]]}', 'literal': '{"$float":"0.125"}', 'score': 0.125}}

{"name": "graph_node_and_edge_codec_marker_roundtrip", "scenarios": ["LED-01"], "verdict": "failed", "error_type": "AssertionError", "error": "{NodeRef(label='Entity', key='entity:codec-0', key_property='entity_id'): {'entity_id': 'entity:codec-0', 'escaped_literal': '{\"$engram_object\":[[\"$float\",\"ordinary text\"]]}', 'literal': '{\"$float\":\"0.125\"}', 'score': 0.125}, NodeRef(label='Entity', key='entity:codec-1', key_property='entity_id'): {'entity_id': 'entity:codec-1', 'escaped_literal': '{\"$engram_object\":[[\"$float\",\"ordinary text\"]]}', 'literal': '{\"$float\":\"0.125\"}', 'score': 0.125}}", "seconds": 0.65}
{"name": "startup_dimension_mismatch", "scenarios": ["BOOT-03", "OPS-03"], "verdict": "passed", "observation": {"mode": "dimension_mismatch", "served_health": false, "exit_code": 3, "writes": 0, "database_creation": false, "configured_embedding_dimensions": 3, "existing_schema_ddl": ["CREATE TABLE ConsumerCursors (\n  group_name STRING(MAX) NOT NULL,\n  shard INT64 NOT NULL,\n  commit_ts TIMESTAMP NOT NULL,\n  batch_index INT64 NOT NULL,\n  event_id STRING(64) NOT NULL,\n) PRIMARY KEY(group_name, shard)", "CREATE TABLE ConsumerDeadLetters (\n  group_name STRING(MAX) NOT NULL,\n  event_id STRING(64) NOT NULL,\n  dead_lettered_at TIMESTAMP NOT NULL,\n  fields JSON NOT NULL,\n) PRIMARY KEY(group_name, event_id)", "CREATE TABLE ConsumerDeliveries (\n  group_name STRING(MAX) NOT NULL,\n  event_id STRING(64) NOT NULL,\n  consumer STRING(MAX) NOT NULL,\n  delivery_count INT64 NOT NULL,\n  last_delivered_at TIMESTAMP NOT NULL,\n  commit_ts TIMESTAMP NOT NULL,\n  batch_index INT64 NOT NULL,\n) PRIMARY KEY(group_name, event_id)", "CREATE INDEX ConsumerDeliveriesByConsumer ON ConsumerDeliveries(group_name, consumer, commit_ts, batch_index)", "CREATE TABLE ConsumerGroups (\n  group_name STRING(MAX) NOT NULL,\n  created_at TIMESTAMP NOT NULL,\n) PRIMARY KEY(group_name)", "CREATE TABLE Events (\n  event_id STRING(64) NOT NULL,\n  shard INT64 NOT NULL,\n  commit_ts TIMESTAMP NOT NULL OPTIONS (\n    allow_commit_timestamp = true\n  ),\n  batch_index INT64 NOT NULL,\n  session_id STRING(MAX) NOT NULL,\n  occurred_at_ms INT64 NOT NULL,\n  session_tag STRING(MAX),\n  agent_tag STRING(MAX),\n  trace_tag STRING(MAX),\n  event_type_tag STRING(MAX),\n  tool_name_tag STRING(MAX),\n  document JSON,\n  legacy_position STRING(MAX),\n  in_log BOOL NOT NULL,\n  in_session_index BOOL NOT NULL,\n  dedup_active BOOL NOT NULL,\n  summary STRING(MAX),\n  keywords STRING(MAX),\n  search_text STRING(MAX),\n  summary_tokens TOKENLIST AS (TOKENIZE_FULLTEXT(summary)) HIDDEN,\n  keywords_tokens TOKENLIST AS (TOKENIZE_FULLTEXT(keywords)) HIDDEN,\n  search_text_tokens TOKENLIST AS (TOKENIZE_FULLTEXT(search_text)) HIDDEN,\n  text_tokens TOKENLIST AS (TOKENLIST_CONCAT([summary_tokens, keywords_tokens, search_text_tokens])) HIDDEN,\n) PRIMARY KEY(event_id)", "CREATE INDEX EventsBySession ON Events(session_id, commit_ts, batch_index)", "CREATE INDEX EventsBySessionTag ON Events(session_tag, occurred_at_ms)", "CREATE INDEX EventsByShardPosition ON Events(shard, commit_ts, batch_index)", "CREATE SEARCH INDEX EventsText ON Events(text_tokens) STORING (session_tag)", "CREATE TABLE GraphEdges (\n  src_label STRING(64) NOT NULL,\n  src_id STRING(MAX) NOT NULL,\n  edge_type STRING(64) NOT NULL,\n  dst_label STRING(64) NOT NULL,\n  dst_id STRING(MAX) NOT NULL,\n  props JSON NOT NULL,\n) PRIMARY KEY(src_label, src_id, edge_type, dst_label, dst_id)", "CREATE INDEX GraphEdgesByTarget ON GraphEdges(dst_label, dst_id, edge_type) STORING (props)", "CREATE INDEX GraphEdgesByType ON GraphEdges(edge_type) STORING (props)", "CREATE TABLE GraphNodes (\n  label STRING(64) NOT NULL,\n  node_id STRING(MAX) NOT NULL,\n  props JSON NOT NULL,\n  session_id STRING(MAX) AS (JSON_VALUE(props, '$.session_id')) STORED,\n  embedding ARRAY<FLOAT64>(vector_length=>384),\n) PRIMARY KEY(label, node_id)", "CREATE INDEX GraphNodesBySession ON GraphNodes(label, session_id) STORING (props)", "CREATE VECTOR INDEX GraphNodesByEmbedding ON GraphNodes(embedding) WHERE embedding IS NOT NULL OPTIONS (\n  distance_type = 'COSINE'\n)", "CREATE PROPERTY GRAPH EngramGraph\n  NODE TABLES(\n    GraphNodes\n      KEY(label, node_id)\n      LABEL GraphNodes PROPERTIES(\n        embedding,\n        label,\n        node_id,\n        props,\n        session_id)\n      DYNAMIC LABEL (label)\n      DYNAMIC PROPERTIES (props)\n  )\n  EDGE TABLES(\n    GraphEdges\n      KEY(src_label, src_id, edge_type, dst_label, dst_id)\n      SOURCE KEY(src_id, src_label) REFERENCES GraphNodes(node_id, label)\n      DESTINATION KEY(dst_id, dst_label) REFERENCES GraphNodes(node_id, label)\n      LABEL GraphEdges PROPERTIES(\n        dst_id,\n        dst_label,\n        edge_type,\n        props,\n        src_id,\n        src_label)\n      DYNAMIC LABEL (edge_type)\n      DYNAMIC PROPERTIES (props)\n  )"], "schema_refusal": "Spanner database engram does not match the schema: GraphNodes.embedding vector length is 384, expected 3", "native_query_attempted": false}, "seconds": 13.65}
2026-10-06 22:41:34 [info     ] embedding_service_initialized  model=all-MiniLM-L6-v2
2026-10-06 22:41:34 [info     ] llm_client_initialized
2026-10-06 22:41:36 [info     ] app_started                    neo4j_uri=bolt://localhost:7687 ontology_packs=['core@1.1.0', 'memory@1.0.0', 'user@1.0.0', 'pdlc@1.7.0'] ontology_version=sha256:3a7c761cd2848649 redis_host=localhost
/private/tmp/engram-ontology-review-venv/lib/python3.12/site-packages/fastapi/routing.py:360: FastAPIDeprecationWarning: ORJSONResponse is deprecated, FastAPI now serializes data directly to JSON bytes via Pydantic when a return type or response model is set, which is faster and doesn't need a custom response class. Read more in the FastAPI docs: https://fastapi.tiangolo.com/advanced/custom-response/#orjson-or-response-model and https://fastapi.tiangolo.com/tutorial/response-model/
  return await dependant.call(**values)
2026-10-06 22:41:37 [info     ] app_stopped
{"name": "API_lifecycle_releases_owned_Spanner_session_manager", "scenarios": ["BOOT-01"], "verdict": "passed", "observation": {"registered_closers": 1, "database_close_calls_after_app_shutdown": 1, "test_only_SDK_cleanup_poll_override": false, "runtime_SDK_poll_seconds": 1.0, "remote_multiplexed_session_deletion": "not asserted; SDK intentionally skips deletion", "backends": {"event_log": "spanner", "subscription": "spanner", "graph": "spanner", "keyword_index": "spanner", "vector_index": "spanner", "archive": "fs"}, "SDK_session_retained": false, "SDK_background_thread_alive": false}, "seconds": 3.24}
