{"event": "start", "run_id": "20261008-cloud-g02-pl01-01", "at": "2026-10-08T03:19:06.423644+00:00", "record": "docs/review/spanner-compatibility/runs/20261008-cloud-g02-pl01-01"}
2026-10-08 08:49:06 [warning  ] ontology_setting_not_implemented setting='pdlc: Request.embed_fields (no embeddings for pack types)'
2026-10-08 08:49:06 [warning  ] ontology_setting_not_implemented setting='pdlc: Spec.embed_fields (no embeddings for pack types)'
2026-10-08 08:49:06 [warning  ] ontology_setting_not_implemented setting='pdlc: Requirement.embed_fields (no embeddings for pack types)'
2026-10-08 08:49:06 [warning  ] ontology_setting_not_implemented setting='pdlc: Decision.embed_fields (no embeddings for pack types)'
2026-10-08 08:49:06 [warning  ] ontology_setting_not_implemented setting='pdlc: Constraint.embed_fields (no embeddings for pack types)'
2026-10-08 08:49:06 [warning  ] ontology_setting_not_implemented setting='pdlc: DesignElement.embed_fields (no embeddings for pack types)'
2026-10-08 08:49:06 [warning  ] ontology_setting_not_implemented setting='pdlc: Change.embed_fields (no embeddings for pack types)'
2026-10-08 08:49:06 [warning  ] ontology_setting_not_implemented setting='pdlc: Incident.embed_fields (no embeddings for pack types)'
2026-10-08 08:49:06 [warning  ] ontology_setting_not_implemented setting='pdlc: Lesson.embed_fields (no embeddings for pack types)'
2026-10-08 08:49:06 [warning  ] ontology_setting_not_implemented setting='pdlc: link_policy completeness_reports, read_time_threshold, scoring_question, write_time_threshold'
2026-10-08 08:49:06 [warning  ] ontology_setting_not_implemented setting='pdlc: extraction.derived_proposals'
2026-10-08 08:49:06 [warning  ] ontology_setting_not_implemented setting='pdlc: lifecycle.decay'
2026-10-08 08:49:06 [warning  ] ontology_setting_not_implemented setting='pdlc: lifecycle.terminal_states_reduce_importance'
2026-10-08 08:49:06 [warning  ] ontology_setting_not_implemented setting='pdlc: mappings (vocabulary only)'
2026-10-08 08:49:09 [info     ] embedding_service_initialized  model=all-MiniLM-L6-v2
2026-10-08 08:49:09 [info     ] llm_client_initialized
2026-10-08 08:49:12 [info     ] app_started                    neo4j_uri=bolt://localhost:7687 ontology_packs=['core@1.1.0', 'pdlc@2.0.0'] ontology_version=sha256:15ca688e033924a8 redis_host=localhost
2026-10-08 08:49:15 [info     ] ontology_loaded                edge_types=36 event_types=36 intents=['completeness', 'general', 'how_does', 'impact', 'preflight', 'related', 'status', 'trace', 'what', 'when', 'who_is', 'why'] node_types=21 packs=[{'name': 'core', 'version': '1.1.0', 'owner': 'engram'}, {'name': 'pdlc', 'version': '2.0.0', 'owner': 'TBD'}] version=sha256:15ca688e033924a8
2026-10-08 08:49:15 [info     ] ontology_change                eval_required=['pdlc'] kind=initial pack_changes={} reasons=['the graph records no ontology version'] replay_event_types=[] version_problems=[]
2026-10-08 08:49:16 [info     ] consumer_started               consumer=projection-1 group=g02-20261008-cloud-g02-pl01-01-projection stream=Events
2026-10-08 08:49:16 [info     ] pending_drain_completed        group=g02-20261008-cloud-g02-pl01-01-projection
2026-10-08 08:49:18 [info     ] embedding_service_initialized  model=all-MiniLM-L6-v2
2026-10-08 08:49:19 [info     ] consumer_started               consumer=extraction-1 group=g02-20261008-cloud-g02-pl01-01-extraction stream=Events
2026-10-08 08:49:19 [info     ] pending_drain_completed        group=g02-20261008-cloud-g02-pl01-01-extraction
2026-10-08 08:49:21 [info     ] enrichment_embedding_service_initialized model=all-MiniLM-L6-v2
2026-10-08 08:49:22 [info     ] pack_extraction_profiles       packs=['pdlc'] sources=['observation.input', 'pdlc.design.section_changed', 'pdlc.spec.approved']
2026-10-08 08:49:22 [info     ] consumer_started               consumer=enrichment-1 group=g02-20261008-cloud-g02-pl01-01-enrichment stream=Events
2026-10-08 08:49:23 [info     ] pending_drain_completed        group=g02-20261008-cloud-g02-pl01-01-enrichment
2026-10-08 08:49:25 [info     ] consumer_started               consumer=pack-extraction-1 group=g02-20261008-cloud-g02-pl01-01-pack_extraction stream=Events
2026-10-08 08:49:26 [info     ] pending_drain_completed        group=g02-20261008-cloud-g02-pl01-01-pack_extraction
2026-10-08 08:49:28 [info     ] consolidation_llm_client_initialized
2026-10-08 08:49:28 [info     ] consolidation_timer_started    interval_hours=6.0
2026-10-08 08:49:28 [info     ] consumer_started               consumer=consolidation-1 group=g02-20261008-cloud-g02-pl01-01-consolidation stream=Events
2026-10-08 08:49:29 [info     ] pending_drain_completed        group=g02-20261008-cloud-g02-pl01-01-consolidation
2026-10-08 08:49:29 [info     ] event_ingested                 event_id=d8840b60-5403-5daa-8f70-abd26e39450b event_type=pdlc.spec.changed global_position=2026-10-08T03:19:29.392719000Z/000000/d8840b60-5403-5daa-8f70-abd26e39450b request_id=aba3ee3d-d820-475e-b9fd-0d85949c7c48 status=created
/private/tmp/engram-ontology-review-venv/lib/python3.12/site-packages/fastapi/routing.py:360: FastAPIDeprecationWarning: ORJSONResponse is deprecated, FastAPI now serializes data directly to JSON bytes via Pydantic when a return type or response model is set, which is faster and doesn't need a custom response class. Read more in the FastAPI docs: https://fastapi.tiangolo.com/advanced/custom-response/#orjson-or-response-model and https://fastapi.tiangolo.com/tutorial/response-model/
  return await dependant.call(**values)
2026-10-08 08:49:29 [debug    ] event_enriched                 event_id=d8840b60-5403-5daa-8f70-abd26e39450b importance_score=5 keywords=['pdlc', 'spec', 'changed']
2026-10-08 08:49:34 [info     ] loading_embedding_model        device=cpu model=all-MiniLM-L6-v2
I1008 08:49:34.994367 51689900 ev_poll_posix.cc:587] FD from fork parent still in poll list: fd(43, generation: 1)
I1008 08:49:34.994456 51689900 ev_poll_posix.cc:587] FD from fork parent still in poll list: fd(38, generation: 1)
I1008 08:49:34.994463 51689900 ev_poll_posix.cc:587] FD from fork parent still in poll list: fd(35, generation: 1)
I1008 08:49:34.994468 51689900 ev_poll_posix.cc:587] FD from fork parent still in poll list: fd(34, generation: 1)
I1008 08:49:34.994472 51689900 ev_poll_posix.cc:587] FD from fork parent still in poll list: fd(31, generation: 1)
I1008 08:49:34.994475 51689900 ev_poll_posix.cc:587] FD from fork parent still in poll list: fd(30, generation: 1)
I1008 08:49:34.994479 51689900 ev_poll_posix.cc:587] FD from fork parent still in poll list: fd(27, generation: 1)
I1008 08:49:34.994483 51689900 ev_poll_posix.cc:587] FD from fork parent still in poll list: fd(26, generation: 1)
I1008 08:49:34.994486 51689900 ev_poll_posix.cc:587] FD from fork parent still in poll list: fd(23, generation: 1)
I1008 08:49:34.994490 51689900 ev_poll_posix.cc:587] FD from fork parent still in poll list: fd(22, generation: 1)
I1008 08:49:34.994493 51689900 ev_poll_posix.cc:587] FD from fork parent still in poll list: fd(18, generation: 1)
I1008 08:49:34.994496 51689900 ev_poll_posix.cc:587] FD from fork parent still in poll list: fd(17, generation: 1)
I1008 08:49:34.994500 51689900 ev_poll_posix.cc:587] FD from fork parent still in poll list: fd(14, generation: 1)
Loading weights:   0%|          | 0/103 [00:00<?, ?it/s]Loading weights: 100%|██████████| 103/103 [00:00<00:00, 6881.82it/s]
2026-10-08 08:49:35 [debug    ] event_projected                edge_count=0 entry_id=2026-10-08T03:19:29.392719000Z/000000/d8840b60-5403-5daa-8f70-abd26e39450b event_id=d8840b60-5403-5daa-8f70-abd26e39450b session_id=planning:g02/20261008-cloud-g02-pl01-01
2026-10-08 08:49:35 [debug    ] event_embedding_stored         event_id=d8840b60-5403-5daa-8f70-abd26e39450b
2026-10-08 08:49:36 [debug    ] pack_plans_applied             edges=1 events=1 nodes=1 states=0
2026-10-08 08:49:36 [info     ] consumer_stopped               consumer=consolidation-1 group=g02-20261008-cloud-g02-pl01-01-consolidation
2026-10-08 08:49:36 [info     ] consumer_stopped               consumer=pack-extraction-1 group=g02-20261008-cloud-g02-pl01-01-pack_extraction
2026-10-08 08:49:36 [info     ] consumer_stopped               consumer=enrichment-1 group=g02-20261008-cloud-g02-pl01-01-enrichment
2026-10-08 08:49:37 [info     ] consumer_stopped               consumer=extraction-1 group=g02-20261008-cloud-g02-pl01-01-extraction
2026-10-08 08:49:37 [info     ] consumer_stopped               consumer=projection-1 group=g02-20261008-cloud-g02-pl01-01-projection
2026-10-08 08:49:39 [info     ] app_stopped
G02 run failed: AssertionError
{"event": "finish", "run_id": "20261008-cloud-g02-pl01-01", "at": "2026-10-08T03:19:42.814699+00:00", "record": "docs/review/spanner-compatibility/runs/20261008-cloud-g02-pl01-01"}
Failed to export metrics to Cloud Monitoring: 403 Permission monitoring.timeSeries.create denied (or the resource may not exist).
