I1008 19:57:39.561170 52545180 ev_poll_posix.cc:587] FD from fork parent still in poll list: fd(10, generation: 1)
I1008 19:57:39.561255 52545180 ev_poll_posix.cc:587] FD from fork parent still in poll list: fd(10, generation: 1)
I1008 19:57:39.561262 52545180 ev_poll_posix.cc:587] FD from fork parent still in poll list: fd(10, generation: 1)
I1008 19:57:39.561267 52545180 ev_poll_posix.cc:587] FD from fork parent still in poll list: fd(10, generation: 1)
I1008 19:57:39.561272 52545180 ev_poll_posix.cc:587] FD from fork parent still in poll list: fd(10, generation: 1)
I1008 19:57:39.561275 52545180 ev_poll_posix.cc:587] FD from fork parent still in poll list: fd(10, generation: 1)
I1008 19:57:39.561279 52545180 ev_poll_posix.cc:587] FD from fork parent still in poll list: fd(10, generation: 1)
I1008 19:57:39.561282 52545180 ev_poll_posix.cc:587] FD from fork parent still in poll list: fd(10, generation: 1)
I1008 19:57:39.561286 52545180 ev_poll_posix.cc:587] FD from fork parent still in poll list: fd(10, generation: 1)
I1008 19:57:39.561290 52545180 ev_poll_posix.cc:587] FD from fork parent still in poll list: fd(10, generation: 1)
I1008 19:57:39.561293 52545180 ev_poll_posix.cc:587] FD from fork parent still in poll list: fd(10, generation: 1)
I1008 19:57:39.561296 52545180 ev_poll_posix.cc:587] FD from fork parent still in poll list: fd(10, generation: 1)
I1008 19:57:39.561300 52545180 ev_poll_posix.cc:587] FD from fork parent still in poll list: fd(10, generation: 1)
I1008 19:57:39.561303 52545180 ev_poll_posix.cc:587] FD from fork parent still in poll list: fd(10, generation: 1)
I1008 19:57:39.561307 52545180 ev_poll_posix.cc:587] FD from fork parent still in poll list: fd(10, generation: 1)
I1008 19:57:39.561310 52545180 ev_poll_posix.cc:587] FD from fork parent still in poll list: fd(10, generation: 1)
I1008 19:57:39.561313 52545180 ev_poll_posix.cc:587] FD from fork parent still in poll list: fd(10, generation: 1)
I1008 19:57:39.561317 52545180 ev_poll_posix.cc:587] FD from fork parent still in poll list: fd(10, generation: 1)
I1008 19:57:39.561320 52545180 ev_poll_posix.cc:587] FD from fork parent still in poll list: fd(10, generation: 1)
I1008 19:57:39.561323 52545180 ev_poll_posix.cc:587] FD from fork parent still in poll list: fd(10, generation: 1)
I1008 19:57:39.561327 52545180 ev_poll_posix.cc:587] FD from fork parent still in poll list: fd(10, generation: 1)
I1008 19:57:39.561330 52545180 ev_poll_posix.cc:587] FD from fork parent still in poll list: fd(10, generation: 1)
I1008 19:57:39.561333 52545180 ev_poll_posix.cc:587] FD from fork parent still in poll list: fd(10, generation: 1)
I1008 19:57:39.561337 52545180 ev_poll_posix.cc:587] FD from fork parent still in poll list: fd(10, generation: 1)
I1008 19:57:39.561340 52545180 ev_poll_posix.cc:587] FD from fork parent still in poll list: fd(10, generation: 1)
I1008 19:57:39.561343 52545180 ev_poll_posix.cc:587] FD from fork parent still in poll list: fd(10, generation: 1)
I1008 19:57:39.561347 52545180 ev_poll_posix.cc:587] FD from fork parent still in poll list: fd(10, generation: 1)
I1008 19:57:39.561350 52545180 ev_poll_posix.cc:587] FD from fork parent still in poll list: fd(10, generation: 1)
I1008 19:57:39.561353 52545180 ev_poll_posix.cc:587] FD from fork parent still in poll list: fd(10, generation: 1)
I1008 19:57:39.561357 52545180 ev_poll_posix.cc:587] FD from fork parent still in poll list: fd(10, generation: 1)
I1008 19:57:39.561360 52545180 ev_poll_posix.cc:587] FD from fork parent still in poll list: fd(10, generation: 1)
I1008 19:57:39.561363 52545180 ev_poll_posix.cc:587] FD from fork parent still in poll list: fd(10, generation: 1)
I1008 19:57:39.561367 52545180 ev_poll_posix.cc:587] FD from fork parent still in poll list: fd(10, generation: 1)
I1008 19:57:39.561371 52545180 ev_poll_posix.cc:587] FD from fork parent still in poll list: fd(10, generation: 1)
I1008 19:57:39.561375 52545180 ev_poll_posix.cc:587] FD from fork parent still in poll list: fd(10, generation: 1)
I1008 19:57:39.561379 52545180 ev_poll_posix.cc:587] FD from fork parent still in poll list: fd(10, generation: 1)
I1008 19:57:39.561389 52545180 ev_poll_posix.cc:587] FD from fork parent still in poll list: fd(10, generation: 1)
I1008 19:57:39.561393 52545180 ev_poll_posix.cc:587] FD from fork parent still in poll list: fd(10, generation: 1)
I1008 19:57:39.561397 52545180 ev_poll_posix.cc:587] FD from fork parent still in poll list: fd(10, generation: 1)
I1008 19:57:39.579375 52545210 ev_poll_posix.cc:587] FD from fork parent still in poll list: fd(10, generation: 1)
I1008 19:57:39.596642 52545242 ev_poll_posix.cc:587] FD from fork parent still in poll list: fd(10, generation: 1)
{"event": "start", "run_id": "20261008-cloud-g06-all-01", "at": "2026-10-08T14:27:39.630484+00:00", "record": "docs/review/spanner-compatibility/runs/20261008-cloud-g06-all-01"}
2026-10-08 19:57:40 [warning  ] ontology_setting_not_implemented setting='pdlc: Request.embed_fields (no embeddings for pack types)'
2026-10-08 19:57:40 [warning  ] ontology_setting_not_implemented setting='pdlc: Spec.embed_fields (no embeddings for pack types)'
2026-10-08 19:57:40 [warning  ] ontology_setting_not_implemented setting='pdlc: Requirement.embed_fields (no embeddings for pack types)'
2026-10-08 19:57:40 [warning  ] ontology_setting_not_implemented setting='pdlc: Decision.embed_fields (no embeddings for pack types)'
2026-10-08 19:57:40 [warning  ] ontology_setting_not_implemented setting='pdlc: Constraint.embed_fields (no embeddings for pack types)'
2026-10-08 19:57:40 [warning  ] ontology_setting_not_implemented setting='pdlc: DesignElement.embed_fields (no embeddings for pack types)'
2026-10-08 19:57:40 [warning  ] ontology_setting_not_implemented setting='pdlc: Change.embed_fields (no embeddings for pack types)'
2026-10-08 19:57:40 [warning  ] ontology_setting_not_implemented setting='pdlc: Incident.embed_fields (no embeddings for pack types)'
2026-10-08 19:57:40 [warning  ] ontology_setting_not_implemented setting='pdlc: Lesson.embed_fields (no embeddings for pack types)'
2026-10-08 19:57:40 [warning  ] ontology_setting_not_implemented setting='pdlc: link_policy completeness_reports, read_time_threshold, scoring_question, write_time_threshold'
2026-10-08 19:57:40 [warning  ] ontology_setting_not_implemented setting='pdlc: extraction.derived_proposals'
2026-10-08 19:57:40 [warning  ] ontology_setting_not_implemented setting='pdlc: lifecycle.decay'
2026-10-08 19:57:40 [warning  ] ontology_setting_not_implemented setting='pdlc: lifecycle.terminal_states_reduce_importance'
2026-10-08 19:57:40 [warning  ] ontology_setting_not_implemented setting='pdlc: mappings (vocabulary only)'
2026-10-08 19:57:42 [info     ] embedding_service_initialized  model=all-MiniLM-L6-v2
2026-10-08 19:57:42 [info     ] llm_client_initialized
2026-10-08 19:57:45 [info     ] app_started                    neo4j_uri=bolt://localhost:7687 ontology_packs=['core@1.1.0', 'pdlc@4.2.0'] ontology_version=sha256:86e3735f2fc8422e redis_host=localhost
2026-10-08 19:57:48 [info     ] ontology_loaded                edge_types=36 event_types=39 intents=['completeness', 'general', 'how_does', 'impact', 'incident', 'preflight', 'related', 'status', 'trace', 'what', 'when', 'who_is', 'why'] node_types=21 packs=[{'name': 'core', 'version': '1.1.0', 'owner': 'engram'}, {'name': 'pdlc', 'version': '4.2.0', 'owner': 'TBD'}] version=sha256:86e3735f2fc8422e
2026-10-08 19:57:48 [info     ] ontology_change                eval_required=['pdlc'] kind=initial pack_changes={} reasons=['the graph records no ontology version'] replay_event_types=[] version_problems=[]
2026-10-08 19:57:49 [info     ] consumer_started               consumer=projection-1 group=g06-20261008-cloud-g06-all-01-projection stream=Events
2026-10-08 19:57:49 [info     ] pending_drain_completed        group=g06-20261008-cloud-g06-all-01-projection
2026-10-08 19:57:51 [info     ] embedding_service_initialized  model=all-MiniLM-L6-v2
2026-10-08 19:57:51 [info     ] consumer_started               consumer=extraction-1 group=g06-20261008-cloud-g06-all-01-extraction stream=Events
2026-10-08 19:57:52 [info     ] pending_drain_completed        group=g06-20261008-cloud-g06-all-01-extraction
2026-10-08 19:57:54 [info     ] enrichment_embedding_service_initialized model=all-MiniLM-L6-v2
2026-10-08 19:57:54 [info     ] pack_extraction_profiles       packs=['pdlc'] sources=['observation.input', 'pdlc.design.section_changed', 'pdlc.spec.approved']
2026-10-08 19:57:54 [info     ] consumer_started               consumer=enrichment-1 group=g06-20261008-cloud-g06-all-01-enrichment stream=Events
2026-10-08 19:57:55 [info     ] pending_drain_completed        group=g06-20261008-cloud-g06-all-01-enrichment
2026-10-08 19:57:57 [info     ] consumer_started               consumer=pack-extraction-1 group=g06-20261008-cloud-g06-all-01-pack_extraction stream=Events
2026-10-08 19:57:58 [info     ] pending_drain_completed        group=g06-20261008-cloud-g06-all-01-pack_extraction
2026-10-08 19:58:00 [info     ] consolidation_llm_client_initialized
2026-10-08 19:58:00 [info     ] consolidation_timer_started    interval_hours=6.0
2026-10-08 19:58:00 [info     ] consumer_started               consumer=consolidation-1 group=g06-20261008-cloud-g06-all-01-consolidation stream=Events
2026-10-08 19:58:00 [info     ] pending_drain_completed        group=g06-20261008-cloud-g06-all-01-consolidation
2026-10-08 19:58:01 [info     ] event_ingested                 event_id=ff465ea2-adb6-5c81-84ca-b55cffe87bca event_type=pdlc.service.deployed global_position=2026-10-08T14:28:01.428783000Z/000000/ff465ea2-adb6-5c81-84ca-b55cffe87bca request_id=af2fa2b6-f008-4f37-aa67-7709dc4c8ce0 status=created
/Users/arunmenon/projects/Engram-foundation-gate/.venv/lib/python3.12/site-packages/fastapi/routing.py:352: FastAPIDeprecationWarning: ORJSONResponse is deprecated, FastAPI now serializes data directly to JSON bytes via Pydantic when a return type or response model is set, which is faster and doesn't need a custom response class. Read more in the FastAPI docs: https://fastapi.tiangolo.com/advanced/custom-response/#orjson-or-response-model and https://fastapi.tiangolo.com/tutorial/response-model/
  return await dependant.call(**values)
2026-10-08 19:58:01 [debug    ] event_enriched                 event_id=ff465ea2-adb6-5c81-84ca-b55cffe87bca importance_score=5 keywords=['pdlc', 'service', 'deployed']
2026-10-08 19:58:07 [info     ] loading_embedding_model        device=cpu model=all-MiniLM-L6-v2
I1008 19:58:07.318529 52546873 ev_poll_posix.cc:587] FD from fork parent still in poll list: fd(41, generation: 1)
I1008 19:58:07.318605 52546873 ev_poll_posix.cc:587] FD from fork parent still in poll list: fd(21, generation: 1)
I1008 19:58:07.318612 52546873 ev_poll_posix.cc:587] FD from fork parent still in poll list: fd(20, generation: 1)
I1008 19:58:07.318616 52546873 ev_poll_posix.cc:587] FD from fork parent still in poll list: fd(17, generation: 1)
I1008 19:58:07.318621 52546873 ev_poll_posix.cc:587] FD from fork parent still in poll list: fd(10, generation: 1)
Loading weights:   0%|          | 0/103 [00:00<?, ?it/s]Loading weights: 100%|██████████| 103/103 [00:00<00:00, 7830.30it/s]
2026-10-08 19:58:07 [debug    ] event_projected                edge_count=0 entry_id=2026-10-08T14:28:01.428783000Z/000000/ff465ea2-adb6-5c81-84ca-b55cffe87bca event_id=ff465ea2-adb6-5c81-84ca-b55cffe87bca session_id=g06/20261008-cloud-g06-all-01
2026-10-08 19:58:07 [debug    ] event_embedding_stored         event_id=ff465ea2-adb6-5c81-84ca-b55cffe87bca
2026-10-08 19:58:08 [debug    ] pack_plans_applied             edges=3 events=1 nodes=6 states=1
/Users/arunmenon/projects/Engram-foundation-gate/.venv/lib/python3.12/site-packages/fastapi/routing.py:352: FastAPIDeprecationWarning: ORJSONResponse is deprecated, FastAPI now serializes data directly to JSON bytes via Pydantic when a return type or response model is set, which is faster and doesn't need a custom response class. Read more in the FastAPI docs: https://fastapi.tiangolo.com/advanced/custom-response/#orjson-or-response-model and https://fastapi.tiangolo.com/tutorial/response-model/
  return await dependant.call(**values)
IC01-main-deploy passed
2026-10-08 19:58:10 [info     ] event_ingested                 event_id=730057d5-d3e6-576d-b70b-33681d136d6a event_type=pdlc.service.deployed global_position=2026-10-08T14:28:10.933391000Z/000000/730057d5-d3e6-576d-b70b-33681d136d6a request_id=ece95e7f-7da9-4bd6-a8ba-cd7e531addc1 status=created
2026-10-08 19:58:11 [debug    ] event_projected                edge_count=1 entry_id=2026-10-08T14:28:10.933391000Z/000000/730057d5-d3e6-576d-b70b-33681d136d6a event_id=730057d5-d3e6-576d-b70b-33681d136d6a session_id=g06/20261008-cloud-g06-all-01
2026-10-08 19:58:11 [debug    ] event_enriched                 event_id=730057d5-d3e6-576d-b70b-33681d136d6a importance_score=5 keywords=['pdlc', 'service', 'deployed']
2026-10-08 19:58:11 [debug    ] event_embedding_stored         event_id=730057d5-d3e6-576d-b70b-33681d136d6a
2026-10-08 19:58:12 [debug    ] pack_plans_applied             edges=3 events=1 nodes=6 states=1
IC01-repo-collision passed
2026-10-08 19:58:14 [info     ] event_ingested                 event_id=ca8916e6-abf6-5608-b9a0-228b8d9f21b5 event_type=pdlc.service.deployed global_position=2026-10-08T14:28:14.860575000Z/000000/ca8916e6-abf6-5608-b9a0-228b8d9f21b5 request_id=5c327949-4894-4e25-a4f6-66c32bf1e15d status=created
2026-10-08 19:58:15 [debug    ] event_projected                edge_count=1 entry_id=2026-10-08T14:28:14.860575000Z/000000/ca8916e6-abf6-5608-b9a0-228b8d9f21b5 event_id=ca8916e6-abf6-5608-b9a0-228b8d9f21b5 session_id=g06/20261008-cloud-g06-all-01
2026-10-08 19:58:15 [debug    ] event_enriched                 event_id=ca8916e6-abf6-5608-b9a0-228b8d9f21b5 importance_score=5 keywords=['pdlc', 'service', 'deployed']
2026-10-08 19:58:15 [debug    ] event_embedding_stored         event_id=ca8916e6-abf6-5608-b9a0-228b8d9f21b5
2026-10-08 19:58:16 [debug    ] pack_plans_applied             edges=3 events=1 nodes=6 states=1
IC01-other-scope passed
2026-10-08 19:58:18 [info     ] event_ingested                 event_id=bd5b5824-fc8c-57ff-b118-d113c3d6f21c event_type=pdlc.service.deployed global_position=2026-10-08T14:28:18.755439000Z/000000/bd5b5824-fc8c-57ff-b118-d113c3d6f21c request_id=c612d13f-905a-42df-97d3-f0f7eded97fb status=created
2026-10-08 19:58:18 [debug    ] event_projected                edge_count=1 entry_id=2026-10-08T14:28:18.755439000Z/000000/bd5b5824-fc8c-57ff-b118-d113c3d6f21c event_id=bd5b5824-fc8c-57ff-b118-d113c3d6f21c session_id=g06/20261008-cloud-g06-all-01
2026-10-08 19:58:19 [debug    ] event_enriched                 event_id=bd5b5824-fc8c-57ff-b118-d113c3d6f21c importance_score=5 keywords=['pdlc', 'service', 'deployed']
2026-10-08 19:58:19 [debug    ] event_embedding_stored         event_id=bd5b5824-fc8c-57ff-b118-d113c3d6f21c
2026-10-08 19:58:20 [debug    ] pack_plans_applied             edges=3 events=1 nodes=6 states=1
IC01-service-collision passed
2026-10-08 19:58:22 [info     ] event_ingested                 event_id=b0dd0bf3-0089-5c3d-9d83-4769ab66f3f6 event_type=pdlc.service.deployed global_position=2026-10-08T14:28:22.626719000Z/000000/b0dd0bf3-0089-5c3d-9d83-4769ab66f3f6 request_id=d157b41e-495f-4f8c-9d36-5c73d05ff299 status=created
2026-10-08 19:58:22 [debug    ] event_projected                edge_count=1 entry_id=2026-10-08T14:28:22.626719000Z/000000/b0dd0bf3-0089-5c3d-9d83-4769ab66f3f6 event_id=b0dd0bf3-0089-5c3d-9d83-4769ab66f3f6 session_id=g06/20261008-cloud-g06-all-01
2026-10-08 19:58:22 [debug    ] event_enriched                 event_id=b0dd0bf3-0089-5c3d-9d83-4769ab66f3f6 importance_score=5 keywords=['pdlc', 'service', 'deployed']
2026-10-08 19:58:23 [debug    ] event_embedding_stored         event_id=b0dd0bf3-0089-5c3d-9d83-4769ab66f3f6
2026-10-08 19:58:24 [debug    ] pack_plans_applied             edges=3 events=1 nodes=6 states=1
IC01-future-deploy passed
2026-10-08 19:58:26 [info     ] event_ingested                 event_id=e158ca40-fe96-5e50-9996-63849462b924 event_type=pdlc.incident.detected global_position=2026-10-08T14:28:26.477007000Z/000000/e158ca40-fe96-5e50-9996-63849462b924 request_id=c50b8ae5-10c2-409c-afa4-973b93ac5fdd status=created
2026-10-08 19:58:26 [debug    ] event_projected                edge_count=1 entry_id=2026-10-08T14:28:26.477007000Z/000000/e158ca40-fe96-5e50-9996-63849462b924 event_id=e158ca40-fe96-5e50-9996-63849462b924 session_id=g06/20261008-cloud-g06-all-01
2026-10-08 19:58:26 [debug    ] event_enriched                 event_id=e158ca40-fe96-5e50-9996-63849462b924 importance_score=5 keywords=['pdlc', 'incident', 'detected']
2026-10-08 19:58:27 [debug    ] event_embedding_stored         event_id=e158ca40-fe96-5e50-9996-63849462b924
2026-10-08 19:58:27 [debug    ] pack_plans_applied             edges=4 events=1 nodes=5 states=1
IC02-detected passed
2026-10-08 19:58:30 [info     ] event_ingested                 event_id=e158ca40-fe96-5e50-9996-63849462b924 event_type=pdlc.incident.detected global_position=2026-10-08T14:28:26.477007000Z/000000/e158ca40-fe96-5e50-9996-63849462b924 request_id=b44ad491-2380-48ef-80a3-067de8d3f5fd status=duplicate
IC02-detected-retry passed
IC02-detected-conflict passed
2026-10-08 19:58:36 [info     ] event_ingested                 event_id=d369208d-7996-520a-b6d3-9d7d15d43d3e event_type=pdlc.incident.reported global_position=2026-10-08T14:28:36.211311000Z/000000/d369208d-7996-520a-b6d3-9d7d15d43d3e request_id=67cb98af-09f5-495c-b5b8-126eb2fc74b2 status=created
2026-10-08 19:58:36 [debug    ] event_projected                edge_count=1 entry_id=2026-10-08T14:28:36.211311000Z/000000/d369208d-7996-520a-b6d3-9d7d15d43d3e event_id=d369208d-7996-520a-b6d3-9d7d15d43d3e session_id=g06/20261008-cloud-g06-all-01
2026-10-08 19:58:36 [debug    ] event_enriched                 event_id=d369208d-7996-520a-b6d3-9d7d15d43d3e importance_score=5 keywords=['pdlc', 'incident', 'reported']
2026-10-08 19:58:36 [debug    ] event_embedding_stored         event_id=d369208d-7996-520a-b6d3-9d7d15d43d3e
2026-10-08 19:58:37 [debug    ] pack_plans_applied             edges=4 events=1 nodes=5 states=1
Failed to export metrics to Cloud Monitoring: 403 Permission monitoring.timeSeries.create denied (or the resource may not exist).
IC02-reported-other-scope passed
2026-10-08 19:58:40 [info     ] event_ingested                 event_id=f5ead058-c4c8-5726-a07b-3ddd7aef9b27 event_type=pdlc.incident.detected global_position=2026-10-08T14:28:40.215311000Z/000000/f5ead058-c4c8-5726-a07b-3ddd7aef9b27 request_id=44a5b39d-e662-459c-b9d2-89c97fbb079a status=created
2026-10-08 19:58:40 [debug    ] event_projected                edge_count=1 entry_id=2026-10-08T14:28:40.215311000Z/000000/f5ead058-c4c8-5726-a07b-3ddd7aef9b27 event_id=f5ead058-c4c8-5726-a07b-3ddd7aef9b27 session_id=g06/20261008-cloud-g06-all-01
2026-10-08 19:58:40 [debug    ] event_enriched                 event_id=f5ead058-c4c8-5726-a07b-3ddd7aef9b27 importance_score=5 keywords=['pdlc', 'incident', 'detected']
2026-10-08 19:58:40 [debug    ] event_embedding_stored         event_id=f5ead058-c4c8-5726-a07b-3ddd7aef9b27
2026-10-08 19:58:41 [debug    ] pack_plans_applied             edges=3 events=1 nodes=5 states=1
IC03-before-deployment passed
2026-10-08 19:58:44 [info     ] event_ingested                 event_id=da3f9a27-6a08-5a8a-b517-4213201005e4 event_type=pdlc.incident.detected global_position=2026-10-08T14:28:44.594495000Z/000000/da3f9a27-6a08-5a8a-b517-4213201005e4 request_id=3b8e1546-f5b1-419c-bbfb-d94872e72f50 status=created
2026-10-08 19:58:44 [debug    ] event_projected                edge_count=1 entry_id=2026-10-08T14:28:44.594495000Z/000000/da3f9a27-6a08-5a8a-b517-4213201005e4 event_id=da3f9a27-6a08-5a8a-b517-4213201005e4 session_id=g06/20261008-cloud-g06-all-01
2026-10-08 19:58:44 [debug    ] event_enriched                 event_id=da3f9a27-6a08-5a8a-b517-4213201005e4 importance_score=5 keywords=['pdlc', 'incident', 'detected']
2026-10-08 19:58:45 [debug    ] event_embedding_stored         event_id=da3f9a27-6a08-5a8a-b517-4213201005e4
2026-10-08 19:58:45 [debug    ] pack_plans_applied             edges=3 events=1 nodes=4 states=1
IC03-no-reference passed
2026-10-08 19:58:48 [info     ] event_ingested                 event_id=1ac1be1a-b19e-5dc5-9369-f544e9b17ce3 event_type=pdlc.change.created global_position=2026-10-08T14:28:48.560063000Z/000000/1ac1be1a-b19e-5dc5-9369-f544e9b17ce3 request_id=467aad9b-f3eb-4041-83f1-798fd4ccea22 status=created
2026-10-08 19:58:48 [debug    ] event_projected                edge_count=1 entry_id=2026-10-08T14:28:48.560063000Z/000000/1ac1be1a-b19e-5dc5-9369-f544e9b17ce3 event_id=1ac1be1a-b19e-5dc5-9369-f544e9b17ce3 session_id=g06/20261008-cloud-g06-all-01
2026-10-08 19:58:49 [debug    ] event_enriched                 event_id=1ac1be1a-b19e-5dc5-9369-f544e9b17ce3 importance_score=5 keywords=['pdlc', 'change', 'created']
2026-10-08 19:58:49 [debug    ] event_embedding_stored         event_id=1ac1be1a-b19e-5dc5-9369-f544e9b17ce3
2026-10-08 19:58:49 [debug    ] pack_plans_applied             edges=1 events=1 nodes=2 states=1
IC04-pr-8 passed
2026-10-08 19:58:52 [info     ] event_ingested                 event_id=70d836b7-0d75-518b-bacf-6aadbda3489f event_type=pdlc.change.created global_position=2026-10-08T14:28:52.683359000Z/000000/70d836b7-0d75-518b-bacf-6aadbda3489f request_id=7cac711b-465e-499a-9a37-726319fc8419 status=created
2026-10-08 19:58:52 [debug    ] event_projected                edge_count=1 entry_id=2026-10-08T14:28:52.683359000Z/000000/70d836b7-0d75-518b-bacf-6aadbda3489f event_id=70d836b7-0d75-518b-bacf-6aadbda3489f session_id=g06/20261008-cloud-g06-all-01
2026-10-08 19:58:53 [debug    ] event_enriched                 event_id=70d836b7-0d75-518b-bacf-6aadbda3489f importance_score=5 keywords=['pdlc', 'change', 'created']
2026-10-08 19:58:53 [debug    ] event_embedding_stored         event_id=70d836b7-0d75-518b-bacf-6aadbda3489f
2026-10-08 19:58:54 [debug    ] pack_plans_applied             edges=1 events=1 nodes=2 states=1
IC04-pr-9 passed
2026-10-08 19:58:56 [info     ] event_ingested                 event_id=0c2dd455-2963-5b10-8515-2ffaf626a32b event_type=pdlc.incident.remediation_recorded global_position=2026-10-08T14:28:56.765583000Z/000000/0c2dd455-2963-5b10-8515-2ffaf626a32b request_id=3ed00c3b-65c5-47a3-bc53-557a988ad756 status=created
2026-10-08 19:58:56 [debug    ] event_projected                edge_count=1 entry_id=2026-10-08T14:28:56.765583000Z/000000/0c2dd455-2963-5b10-8515-2ffaf626a32b event_id=0c2dd455-2963-5b10-8515-2ffaf626a32b session_id=g06/20261008-cloud-g06-all-01
2026-10-08 19:58:57 [debug    ] event_enriched                 event_id=0c2dd455-2963-5b10-8515-2ffaf626a32b importance_score=5 keywords=['pdlc', 'incident', 'remediation_recorded']
2026-10-08 19:58:57 [debug    ] event_embedding_stored         event_id=0c2dd455-2963-5b10-8515-2ffaf626a32b
2026-10-08 19:58:57 [debug    ] pack_plans_applied             edges=1 events=1 nodes=2 states=0
2026-10-08 19:58:58 [info     ] consumer_stopped               consumer=enrichment-1 group=g06-20261008-cloud-g06-all-01-enrichment
2026-10-08 19:58:58 [info     ] consumer_stopped               consumer=consolidation-1 group=g06-20261008-cloud-g06-all-01-consolidation
2026-10-08 19:58:58 [info     ] consumer_stopped               consumer=projection-1 group=g06-20261008-cloud-g06-all-01-projection
2026-10-08 19:58:58 [info     ] consumer_stopped               consumer=pack-extraction-1 group=g06-20261008-cloud-g06-all-01-pack_extraction
2026-10-08 19:58:58 [info     ] consumer_stopped               consumer=extraction-1 group=g06-20261008-cloud-g06-all-01-extraction
2026-10-08 19:59:02 [info     ] app_stopped
G06 run failed: AssertionError
I1008 19:59:04.642785 52557737 ev_poll_posix.cc:587] FD from fork parent still in poll list: fd(49, generation: 1)
I1008 19:59:04.642882 52557737 ev_poll_posix.cc:587] FD from fork parent still in poll list: fd(10, generation: 1)
{"event": "finish", "run_id": "20261008-cloud-g06-all-01", "at": "2026-10-08T14:29:04.697113+00:00", "record": "docs/review/spanner-compatibility/runs/20261008-cloud-g06-all-01"}
Failed to export metrics to Cloud Monitoring: 403 Permission monitoring.timeSeries.create denied (or the resource may not exist).
