2026-10-06 21:54:51 [info     ] embedding_service_initialized  model=all-MiniLM-L6-v2
2026-10-06 21:54:51 [info     ] llm_client_initialized
2026-10-06 21:54:51 [warning  ] ontology_setting_not_implemented setting='pdlc: Request.embed_fields (no embeddings for pack types)'
2026-10-06 21:54:51 [warning  ] ontology_setting_not_implemented setting='pdlc: Spec.embed_fields (no embeddings for pack types)'
2026-10-06 21:54:51 [warning  ] ontology_setting_not_implemented setting='pdlc: Requirement.embed_fields (no embeddings for pack types)'
2026-10-06 21:54:51 [warning  ] ontology_setting_not_implemented setting='pdlc: Decision.embed_fields (no embeddings for pack types)'
2026-10-06 21:54:51 [warning  ] ontology_setting_not_implemented setting='pdlc: Constraint.embed_fields (no embeddings for pack types)'
2026-10-06 21:54:51 [warning  ] ontology_setting_not_implemented setting='pdlc: DesignElement.embed_fields (no embeddings for pack types)'
2026-10-06 21:54:51 [warning  ] ontology_setting_not_implemented setting='pdlc: Change.embed_fields (no embeddings for pack types)'
2026-10-06 21:54:51 [warning  ] ontology_setting_not_implemented setting='pdlc: Incident.embed_fields (no embeddings for pack types)'
2026-10-06 21:54:51 [warning  ] ontology_setting_not_implemented setting='pdlc: Lesson.embed_fields (no embeddings for pack types)'
2026-10-06 21:54:51 [warning  ] ontology_setting_not_implemented setting='pdlc: link_policy completeness_reports, read_time_threshold, scoring_question, write_time_threshold'
2026-10-06 21:54:51 [warning  ] ontology_setting_not_implemented setting='pdlc: extraction.derived_proposals'
2026-10-06 21:54:51 [warning  ] ontology_setting_not_implemented setting='pdlc: lifecycle.decay'
2026-10-06 21:54:51 [warning  ] ontology_setting_not_implemented setting='pdlc: lifecycle.terminal_states_reduce_importance'
2026-10-06 21:54:51 [warning  ] ontology_setting_not_implemented setting='pdlc: mappings (vocabulary only)'
2026-10-06 21:54:53 [info     ] app_started                    neo4j_uri=bolt://localhost:7687 ontology_packs=['core@1.1.0', 'memory@1.0.0', 'user@1.0.0', 'pdlc@1.7.0'] ontology_version=sha256:3a7c761cd2848649 redis_host=localhost
2026-10-06 21:54:53 [info     ] batch_ingested                 accepted=5 rejected=0 request_id=9970dc14-c889-4c23-a58b-5b93dc944fe2 store_failures=0 total=5
/private/tmp/engram-ontology-review-venv/lib/python3.12/site-packages/fastapi/routing.py:360: FastAPIDeprecationWarning: ORJSONResponse is deprecated, FastAPI now serializes data directly to JSON bytes via Pydantic when a return type or response model is set, which is faster and doesn't need a custom response class. Read more in the FastAPI docs: https://fastapi.tiangolo.com/advanced/custom-response/#orjson-or-response-model and https://fastapi.tiangolo.com/tutorial/response-model/
  return await dependant.call(**values)
2026-10-06 21:54:53 [info     ] batch_ingested                 accepted=5 rejected=0 request_id=543f2895-918c-42b3-8f97-f3fd83548942 store_failures=0 total=5
2026-10-06 21:54:54 [info     ] consumer_started               consumer=context-cases group=graph-projection stream=Events
2026-10-06 21:54:54 [info     ] pending_drain_completed        group=graph-projection
2026-10-06 21:54:55 [debug    ] event_projected                edge_count=0 entry_id=2026-10-06T16:24:53.557695000Z/000000/b3a200e5-93a1-4b3f-8357-4c89b4a1a475 event_id=b3a200e5-93a1-4b3f-8357-4c89b4a1a475 session_id=context-ties
2026-10-06 21:54:55 [debug    ] event_projected                edge_count=1 entry_id=2026-10-06T16:24:53.557695000Z/000001/9e728d21-b727-4134-823d-14bebffe8b13 event_id=9e728d21-b727-4134-823d-14bebffe8b13 session_id=context-ties
2026-10-06 21:54:56 [debug    ] event_projected                edge_count=1 entry_id=2026-10-06T16:24:53.557695000Z/000002/691edbff-baa9-4918-a549-95ed2056dadb event_id=691edbff-baa9-4918-a549-95ed2056dadb session_id=context-ties
2026-10-06 21:54:56 [debug    ] event_projected                edge_count=1 entry_id=2026-10-06T16:24:53.557695000Z/000003/26d87784-e4cc-4be5-9cdd-dd2040598294 event_id=26d87784-e4cc-4be5-9cdd-dd2040598294 session_id=context-ties
2026-10-06 21:54:57 [debug    ] event_projected                edge_count=1 entry_id=2026-10-06T16:24:53.557695000Z/000004/3d4a6ee7-0a44-43e8-b5fb-92c371fee1e4 event_id=3d4a6ee7-0a44-43e8-b5fb-92c371fee1e4 session_id=context-ties
2026-10-06 21:54:58 [debug    ] event_projected                edge_count=0 entry_id=2026-10-06T16:24:53.737071000Z/000000/826f2502-30f3-4c74-b810-b948ff9eba0a event_id=826f2502-30f3-4c74-b810-b948ff9eba0a session_id=context-distinct
2026-10-06 21:54:59 [debug    ] event_projected                edge_count=1 entry_id=2026-10-06T16:24:53.737071000Z/000001/7c1fb0e6-0225-4d05-bba3-fe0830f57490 event_id=7c1fb0e6-0225-4d05-bba3-fe0830f57490 session_id=context-distinct
2026-10-06 21:54:59 [debug    ] event_projected                edge_count=1 entry_id=2026-10-06T16:24:53.737071000Z/000002/0f20da6d-6533-4f9d-ac37-b793115a6aa9 event_id=0f20da6d-6533-4f9d-ac37-b793115a6aa9 session_id=context-distinct
2026-10-06 21:55:00 [debug    ] event_projected                edge_count=1 entry_id=2026-10-06T16:24:53.737071000Z/000003/8c6e51d8-0572-480a-ade9-1c5b1c246a79 event_id=8c6e51d8-0572-480a-ade9-1c5b1c246a79 session_id=context-distinct
2026-10-06 21:55:01 [debug    ] event_projected                edge_count=1 entry_id=2026-10-06T16:24:53.737071000Z/000004/d847da64-cc4c-4ccd-99a4-afd743d888dc event_id=d847da64-cc4c-4ccd-99a4-afd743d888dc session_id=context-distinct
2026-10-06 21:55:02 [info     ] consumer_stopped               consumer=context-cases group=graph-projection
/private/tmp/engram-ontology-review-venv/lib/python3.12/site-packages/fastapi/routing.py:151: FastAPIDeprecationWarning: ORJSONResponse is deprecated, FastAPI now serializes data directly to JSON bytes via Pydantic when a return type or response model is set, which is faster and doesn't need a custom response class. Read more in the FastAPI docs: https://fastapi.tiangolo.com/advanced/custom-response/#orjson-or-response-model and https://fastapi.tiangolo.com/tutorial/response-model/
  response = await f(request)
{"name": "context-ties_pagination_access_and_missing", "scenarios": ["MEM-01", "MEM-05"], "verdict": "passed", "observation": {"session": "context-ties", "pages": [{"nodes": {"26d87784-e4cc-4be5-9cdd-dd2040598294": {"node_id": "26d87784-e4cc-4be5-9cdd-dd2040598294", "node_type": "Event", "attributes": {"access_count": 0, "event_type": "observation.input", "keywords": [], "occurred_at": "2026-10-06T16:19:53.256573+00:00"}, "provenance": {"event_id": "26d87784-e4cc-4be5-9cdd-dd2040598294", "global_position": "2026-10-06T16:24:53.557695000Z/000003/26d87784-e4cc-4be5-9cdd-dd2040598294", "source": "spanner", "occurred_at": "2026-10-06T16:19:53.256573Z", "session_id": "context-ties", "agent_id": "compat-resume", "trace_id": "context-ties"}, "scores": {"decay_score": 0.571283, "relevance_score": 0.5, "importance_score": 5, "ppr_score": 0.0}, "retrieval_reason": "direct", "proactive_signal": null}, "3d4a6ee7-0a44-43e8-b5fb-92c371fee1e4": {"node_id": "3d4a6ee7-0a44-43e8-b5fb-92c371fee1e4", "node_type": "Event", "attributes": {"access_count": 0, "event_type": "observation.input", "keywords": [], "occurred_at": "2026-10-06T16:19:53.256573+00:00"}, "provenance": {"event_id": "3d4a6ee7-0a44-43e8-b5fb-92c371fee1e4", "global_position": "2026-10-06T16:24:53.557695000Z/000004/3d4a6ee7-0a44-43e8-b5fb-92c371fee1e4", "source": "spanner", "occurred_at": "2026-10-06T16:19:53.256573Z", "session_id": "context-ties", "agent_id": "compat-resume", "trace_id": "context-ties"}, "scores": {"decay_score": 0.571283, "relevance_score": 0.5, "importance_score": 5, "ppr_score": 0.0}, "retrieval_reason": "direct", "proactive_signal": null}}, "edges": [{"source": "3d4a6ee7-0a44-43e8-b5fb-92c371fee1e4", "target": "26d87784-e4cc-4be5-9cdd-dd2040598294", "edge_type": "FOLLOWS", "properties": {"delta_ms": 0, "session_id": "context-ties"}}], "pagination": {"cursor": "MjAyNi0xMC0wNlQxNjoxOTo1My4yNTY1NzMrMDA6MDB8M2Q0YTZlZTctMGE0NC00M2U4LWI1ZmItOTJjMzcxZmVlMWU0", "has_more": true}, "meta": {"query_ms": 576, "nodes_returned": 2, "truncated": true, "inferred_intents": {}, "intent_override": null, "seed_nodes": [], "seed_strategy": null, "proactive_nodes_count": 0, "scoring_weights": {"recency": 1.0, "importance": 1.0, "relevance": 1.0}, "retrieval_channels": {}, "capacity": {"max_nodes": 2, "used_nodes": 2, "max_depth": 3}, "eval_pending": []}}, {"nodes": {"691edbff-baa9-4918-a549-95ed2056dadb": {"node_id": "691edbff-baa9-4918-a549-95ed2056dadb", "node_type": "Event", "attributes": {"access_count": 0, "event_type": "observation.input", "keywords": [], "occurred_at": "2026-10-06T16:19:53.256573+00:00"}, "provenance": {"event_id": "691edbff-baa9-4918-a549-95ed2056dadb", "global_position": "2026-10-06T16:24:53.557695000Z/000002/691edbff-baa9-4918-a549-95ed2056dadb", "source": "spanner", "occurred_at": "2026-10-06T16:19:53.256573Z", "session_id": "context-ties", "agent_id": "compat-resume", "trace_id": "context-ties"}, "scores": {"decay_score": 0.571282, "relevance_score": 0.5, "importance_score": 5, "ppr_score": 0.0}, "retrieval_reason": "direct", "proactive_signal": null}, "9e728d21-b727-4134-823d-14bebffe8b13": {"node_id": "9e728d21-b727-4134-823d-14bebffe8b13", "node_type": "Event", "attributes": {"access_count": 0, "event_type": "observation.input", "keywords": [], "occurred_at": "2026-10-06T16:19:53.256573+00:00"}, "provenance": {"event_id": "9e728d21-b727-4134-823d-14bebffe8b13", "global_position": "2026-10-06T16:24:53.557695000Z/000001/9e728d21-b727-4134-823d-14bebffe8b13", "source": "spanner", "occurred_at": "2026-10-06T16:19:53.256573Z", "session_id": "context-ties", "agent_id": "compat-resume", "trace_id": "context-ties"}, "scores": {"decay_score": 0.571282, "relevance_score": 0.5, "importance_score": 5, "ppr_score": 0.0}, "retrieval_reason": "direct", "proactive_signal": null}}, "edges": [{"source": "691edbff-baa9-4918-a549-95ed2056dadb", "target": "9e728d21-b727-4134-823d-14bebffe8b13", "edge_type": "FOLLOWS", "properties": {"delta_ms": 0, "session_id": "context-ties"}}], "pagination": {"cursor": "MjAyNi0xMC0wNlQxNjoxOTo1My4yNTY1NzMrMDA6MDB8OWU3MjhkMjEtYjcyNy00MTM0LTgyM2QtMTRiZWJmZmU4YjEz", "has_more": true}, "meta": {"query_ms": 508, "nodes_returned": 2, "truncated": true, "inferred_intents": {}, "intent_override": null, "seed_nodes": [], "seed_strategy": null, "proactive_nodes_count": 0, "scoring_weights": {"recency": 1.0, "importance": 1.0, "relevance": 1.0}, "retrieval_channels": {}, "capacity": {"max_nodes": 2, "used_nodes": 2, "max_depth": 3}, "eval_pending": []}}, {"nodes": {"b3a200e5-93a1-4b3f-8357-4c89b4a1a475": {"node_id": "b3a200e5-93a1-4b3f-8357-4c89b4a1a475", "node_type": "Event", "attributes": {"access_count": 0, "event_type": "observation.input", "keywords": [], "occurred_at": "2026-10-06T16:19:53.256573+00:00"}, "provenance": {"event_id": "b3a200e5-93a1-4b3f-8357-4c89b4a1a475", "global_position": "2026-10-06T16:24:53.557695000Z/000000/b3a200e5-93a1-4b3f-8357-4c89b4a1a475", "source": "spanner", "occurred_at": "2026-10-06T16:19:53.256573Z", "session_id": "context-ties", "agent_id": "compat-resume", "trace_id": "context-ties"}, "scores": {"decay_score": 0.571282, "relevance_score": 0.5, "importance_score": 5, "ppr_score": 0.0}, "retrieval_reason": "direct", "proactive_signal": null}}, "edges": [], "pagination": {"cursor": null, "has_more": false}, "meta": {"query_ms": 513, "nodes_returned": 1, "truncated": false, "inferred_intents": {}, "intent_override": null, "seed_nodes": [], "seed_strategy": null, "proactive_nodes_count": 0, "scoring_weights": {"recency": 1.0, "importance": 1.0, "relevance": 1.0}, "retrieval_channels": {}, "capacity": {"max_nodes": 2, "used_nodes": 1, "max_depth": 3}, "eval_pending": []}}], "seen": ["26d87784-e4cc-4be5-9cdd-dd2040598294", "3d4a6ee7-0a44-43e8-b5fb-92c371fee1e4", "691edbff-baa9-4918-a549-95ed2056dadb", "9e728d21-b727-4134-823d-14bebffe8b13", "b3a200e5-93a1-4b3f-8357-4c89b4a1a475"], "expected_ids": ["b3a200e5-93a1-4b3f-8357-4c89b4a1a475", "9e728d21-b727-4134-823d-14bebffe8b13", "691edbff-baa9-4918-a549-95ed2056dadb", "26d87784-e4cc-4be5-9cdd-dd2040598294", "3d4a6ee7-0a44-43e8-b5fb-92c371fee1e4"], "repeated": false, "before_counts": {"b3a200e5-93a1-4b3f-8357-4c89b4a1a475": 0, "9e728d21-b727-4134-823d-14bebffe8b13": 0, "691edbff-baa9-4918-a549-95ed2056dadb": 0, "26d87784-e4cc-4be5-9cdd-dd2040598294": 0, "3d4a6ee7-0a44-43e8-b5fb-92c371fee1e4": 0}, "after_counts": {"b3a200e5-93a1-4b3f-8357-4c89b4a1a475": 1, "9e728d21-b727-4134-823d-14bebffe8b13": 1, "691edbff-baa9-4918-a549-95ed2056dadb": 1, "26d87784-e4cc-4be5-9cdd-dd2040598294": 1, "3d4a6ee7-0a44-43e8-b5fb-92c371fee1e4": 1}, "missing_response": {"nodes": {}, "edges": [], "pagination": {"cursor": null, "has_more": false}, "meta": {"query_ms": 80, "nodes_returned": 0, "truncated": false, "inferred_intents": {}, "intent_override": null, "seed_nodes": [], "seed_strategy": null, "proactive_nodes_count": 0, "scoring_weights": {"recency": 1.0, "importance": 1.0, "relevance": 1.0}, "retrieval_channels": {}, "capacity": {"max_nodes": 100, "used_nodes": 0, "max_depth": 3}, "eval_pending": []}}}, "seconds": 1.93}
Traceback (most recent call last):
  File "/Users/arunmenon/projects/Engram/scripts/engram_spanner_compat.py", line 203, in check
    observation = await asyncio.wait_for(function(), timeout=timeout_seconds)
                  ^^^^^^^^^^^^^^^^^^^^^^^^^^^^^^^^^^^^^^^^^^^^^^^^^^^^^^^^^^^
  File "/opt/homebrew/Cellar/python@3.12/3.12.7_1/Frameworks/Python.framework/Versions/3.12/lib/python3.12/asyncio/tasks.py", line 520, in wait_for
    return await fut
           ^^^^^^^^^
  File "/Users/arunmenon/projects/Engram/scripts/engram_spanner_compat_completion.py", line 146, in pages
    assert not repeated and set(seen)==set(ids) and len(seen)==5,'context cursor duplicates/omits events across occurrence times'
           ^^^^^^^^^^^^^^^^^^^^^^^^^^^^^^^^^^^^^^^^^^^^^^^^^^^^^
AssertionError: context cursor duplicates/omits events across occurrence times

{"name": "context-distinct_pagination_access_and_missing", "scenarios": ["MEM-01", "MEM-05"], "verdict": "failed", "error_type": "AssertionError", "error": "context cursor duplicates/omits events across occurrence times", "seconds": 1.31}
Traceback (most recent call last):
  File "/Users/arunmenon/projects/Engram/scripts/engram_spanner_compat.py", line 203, in check
    observation = await asyncio.wait_for(function(), timeout=timeout_seconds)
                  ^^^^^^^^^^^^^^^^^^^^^^^^^^^^^^^^^^^^^^^^^^^^^^^^^^^^^^^^^^^
  File "/opt/homebrew/Cellar/python@3.12/3.12.7_1/Frameworks/Python.framework/Versions/3.12/lib/python3.12/asyncio/tasks.py", line 520, in wait_for
    return await fut
           ^^^^^^^^^
  File "/Users/arunmenon/projects/Engram/scripts/engram_spanner_compat_completion.py", line 164, in budget
    assert elapsed<0.12,'context forwards timeout_s to a port that ignores it; native reads exceed the budget'
           ^^^^^^^^^^^^
AssertionError: context forwards timeout_s to a port that ignores it; native reads exceed the budget

{"name": "context_enforces_graph_read_time_budget", "scenarios": ["MEM-01", "MEM-05"], "verdict": "failed", "error_type": "AssertionError", "error": "context forwards timeout_s to a port that ignores it; native reads exceed the budget", "seconds": 0.7}
2026-10-06 21:55:06 [info     ] app_stopped
