I1008 20:07:08.326212 52591990 ev_poll_posix.cc:587] FD from fork parent still in poll list: fd(10, generation: 1)
I1008 20:07:08.326313 52591990 ev_poll_posix.cc:587] FD from fork parent still in poll list: fd(10, generation: 1)
I1008 20:07:08.326325 52591990 ev_poll_posix.cc:587] FD from fork parent still in poll list: fd(10, generation: 1)
I1008 20:07:08.326333 52591990 ev_poll_posix.cc:587] FD from fork parent still in poll list: fd(10, generation: 1)
I1008 20:07:08.326340 52591990 ev_poll_posix.cc:587] FD from fork parent still in poll list: fd(10, generation: 1)
I1008 20:07:08.326349 52591990 ev_poll_posix.cc:587] FD from fork parent still in poll list: fd(10, generation: 1)
I1008 20:07:08.326359 52591990 ev_poll_posix.cc:587] FD from fork parent still in poll list: fd(10, generation: 1)
I1008 20:07:08.326367 52591990 ev_poll_posix.cc:587] FD from fork parent still in poll list: fd(10, generation: 1)
I1008 20:07:08.326373 52591990 ev_poll_posix.cc:587] FD from fork parent still in poll list: fd(10, generation: 1)
I1008 20:07:08.326378 52591990 ev_poll_posix.cc:587] FD from fork parent still in poll list: fd(10, generation: 1)
I1008 20:07:08.326384 52591990 ev_poll_posix.cc:587] FD from fork parent still in poll list: fd(10, generation: 1)
I1008 20:07:08.326389 52591990 ev_poll_posix.cc:587] FD from fork parent still in poll list: fd(10, generation: 1)
I1008 20:07:08.326394 52591990 ev_poll_posix.cc:587] FD from fork parent still in poll list: fd(10, generation: 1)
I1008 20:07:08.326399 52591990 ev_poll_posix.cc:587] FD from fork parent still in poll list: fd(10, generation: 1)
I1008 20:07:08.326404 52591990 ev_poll_posix.cc:587] FD from fork parent still in poll list: fd(10, generation: 1)
I1008 20:07:08.326409 52591990 ev_poll_posix.cc:587] FD from fork parent still in poll list: fd(10, generation: 1)
I1008 20:07:08.326414 52591990 ev_poll_posix.cc:587] FD from fork parent still in poll list: fd(10, generation: 1)
I1008 20:07:08.326419 52591990 ev_poll_posix.cc:587] FD from fork parent still in poll list: fd(10, generation: 1)
I1008 20:07:08.326424 52591990 ev_poll_posix.cc:587] FD from fork parent still in poll list: fd(10, generation: 1)
I1008 20:07:08.326429 52591990 ev_poll_posix.cc:587] FD from fork parent still in poll list: fd(10, generation: 1)
I1008 20:07:08.326434 52591990 ev_poll_posix.cc:587] FD from fork parent still in poll list: fd(10, generation: 1)
I1008 20:07:08.326439 52591990 ev_poll_posix.cc:587] FD from fork parent still in poll list: fd(10, generation: 1)
I1008 20:07:08.326444 52591990 ev_poll_posix.cc:587] FD from fork parent still in poll list: fd(10, generation: 1)
I1008 20:07:08.326449 52591990 ev_poll_posix.cc:587] FD from fork parent still in poll list: fd(10, generation: 1)
I1008 20:07:08.326454 52591990 ev_poll_posix.cc:587] FD from fork parent still in poll list: fd(10, generation: 1)
I1008 20:07:08.326458 52591990 ev_poll_posix.cc:587] FD from fork parent still in poll list: fd(10, generation: 1)
I1008 20:07:08.326463 52591990 ev_poll_posix.cc:587] FD from fork parent still in poll list: fd(10, generation: 1)
I1008 20:07:08.326468 52591990 ev_poll_posix.cc:587] FD from fork parent still in poll list: fd(10, generation: 1)
I1008 20:07:08.326473 52591990 ev_poll_posix.cc:587] FD from fork parent still in poll list: fd(10, generation: 1)
I1008 20:07:08.326483 52591990 ev_poll_posix.cc:587] FD from fork parent still in poll list: fd(10, generation: 1)
I1008 20:07:08.326488 52591990 ev_poll_posix.cc:587] FD from fork parent still in poll list: fd(10, generation: 1)
I1008 20:07:08.326492 52591990 ev_poll_posix.cc:587] FD from fork parent still in poll list: fd(10, generation: 1)
I1008 20:07:08.326497 52591990 ev_poll_posix.cc:587] FD from fork parent still in poll list: fd(10, generation: 1)
I1008 20:07:08.326502 52591990 ev_poll_posix.cc:587] FD from fork parent still in poll list: fd(10, generation: 1)
I1008 20:07:08.326507 52591990 ev_poll_posix.cc:587] FD from fork parent still in poll list: fd(10, generation: 1)
I1008 20:07:08.326512 52591990 ev_poll_posix.cc:587] FD from fork parent still in poll list: fd(10, generation: 1)
I1008 20:07:08.337984 52592016 ev_poll_posix.cc:587] FD from fork parent still in poll list: fd(10, generation: 1)
I1008 20:07:08.338062 52592016 ev_poll_posix.cc:587] FD from fork parent still in poll list: fd(10, generation: 1)
I1008 20:07:08.338067 52592016 ev_poll_posix.cc:587] FD from fork parent still in poll list: fd(10, generation: 1)
I1008 20:07:08.338071 52592016 ev_poll_posix.cc:587] FD from fork parent still in poll list: fd(10, generation: 1)
I1008 20:07:08.338075 52592016 ev_poll_posix.cc:587] FD from fork parent still in poll list: fd(10, generation: 1)
I1008 20:07:08.338079 52592016 ev_poll_posix.cc:587] FD from fork parent still in poll list: fd(10, generation: 1)
I1008 20:07:08.338084 52592016 ev_poll_posix.cc:587] FD from fork parent still in poll list: fd(10, generation: 1)
I1008 20:07:08.338087 52592016 ev_poll_posix.cc:587] FD from fork parent still in poll list: fd(10, generation: 1)
I1008 20:07:08.338090 52592016 ev_poll_posix.cc:587] FD from fork parent still in poll list: fd(10, generation: 1)
I1008 20:07:08.338093 52592016 ev_poll_posix.cc:587] FD from fork parent still in poll list: fd(10, generation: 1)
I1008 20:07:08.338097 52592016 ev_poll_posix.cc:587] FD from fork parent still in poll list: fd(10, generation: 1)
I1008 20:07:08.338101 52592016 ev_poll_posix.cc:587] FD from fork parent still in poll list: fd(10, generation: 1)
I1008 20:07:08.338105 52592016 ev_poll_posix.cc:587] FD from fork parent still in poll list: fd(10, generation: 1)
I1008 20:07:08.338110 52592016 ev_poll_posix.cc:587] FD from fork parent still in poll list: fd(10, generation: 1)
I1008 20:07:08.338119 52592016 ev_poll_posix.cc:587] FD from fork parent still in poll list: fd(10, generation: 1)
I1008 20:07:08.338123 52592016 ev_poll_posix.cc:587] FD from fork parent still in poll list: fd(10, generation: 1)
I1008 20:07:08.338126 52592016 ev_poll_posix.cc:587] FD from fork parent still in poll list: fd(10, generation: 1)
I1008 20:07:08.338129 52592016 ev_poll_posix.cc:587] FD from fork parent still in poll list: fd(10, generation: 1)
I1008 20:07:08.338132 52592016 ev_poll_posix.cc:587] FD from fork parent still in poll list: fd(10, generation: 1)
I1008 20:07:08.338135 52592016 ev_poll_posix.cc:587] FD from fork parent still in poll list: fd(10, generation: 1)
I1008 20:07:08.338137 52592016 ev_poll_posix.cc:587] FD from fork parent still in poll list: fd(10, generation: 1)
I1008 20:07:08.338140 52592016 ev_poll_posix.cc:587] FD from fork parent still in poll list: fd(10, generation: 1)
I1008 20:07:08.338143 52592016 ev_poll_posix.cc:587] FD from fork parent still in poll list: fd(10, generation: 1)
I1008 20:07:08.338146 52592016 ev_poll_posix.cc:587] FD from fork parent still in poll list: fd(10, generation: 1)
I1008 20:07:08.338148 52592016 ev_poll_posix.cc:587] FD from fork parent still in poll list: fd(10, generation: 1)
I1008 20:07:08.338151 52592016 ev_poll_posix.cc:587] FD from fork parent still in poll list: fd(10, generation: 1)
I1008 20:07:08.338154 52592016 ev_poll_posix.cc:587] FD from fork parent still in poll list: fd(10, generation: 1)
I1008 20:07:08.338157 52592016 ev_poll_posix.cc:587] FD from fork parent still in poll list: fd(10, generation: 1)
I1008 20:07:08.338159 52592016 ev_poll_posix.cc:587] FD from fork parent still in poll list: fd(10, generation: 1)
I1008 20:07:08.338162 52592016 ev_poll_posix.cc:587] FD from fork parent still in poll list: fd(10, generation: 1)
I1008 20:07:08.338165 52592016 ev_poll_posix.cc:587] FD from fork parent still in poll list: fd(10, generation: 1)
I1008 20:07:08.338168 52592016 ev_poll_posix.cc:587] FD from fork parent still in poll list: fd(10, generation: 1)
I1008 20:07:08.338170 52592016 ev_poll_posix.cc:587] FD from fork parent still in poll list: fd(10, generation: 1)
I1008 20:07:08.338173 52592016 ev_poll_posix.cc:587] FD from fork parent still in poll list: fd(10, generation: 1)
I1008 20:07:08.338176 52592016 ev_poll_posix.cc:587] FD from fork parent still in poll list: fd(10, generation: 1)
I1008 20:07:08.338178 52592016 ev_poll_posix.cc:587] FD from fork parent still in poll list: fd(10, generation: 1)
I1008 20:07:08.338192 52592016 ev_poll_posix.cc:587] FD from fork parent still in poll list: fd(10, generation: 1)
I1008 20:07:08.338195 52592016 ev_poll_posix.cc:587] FD from fork parent still in poll list: fd(10, generation: 1)
I1008 20:07:08.338198 52592016 ev_poll_posix.cc:587] FD from fork parent still in poll list: fd(10, generation: 1)
I1008 20:07:08.338201 52592016 ev_poll_posix.cc:587] FD from fork parent still in poll list: fd(10, generation: 1)
I1008 20:07:08.338204 52592016 ev_poll_posix.cc:587] FD from fork parent still in poll list: fd(10, generation: 1)
I1008 20:07:08.338207 52592016 ev_poll_posix.cc:587] FD from fork parent still in poll list: fd(10, generation: 1)
I1008 20:07:08.338210 52592016 ev_poll_posix.cc:587] FD from fork parent still in poll list: fd(10, generation: 1)
I1008 20:07:08.338213 52592016 ev_poll_posix.cc:587] FD from fork parent still in poll list: fd(10, generation: 1)
I1008 20:07:08.338215 52592016 ev_poll_posix.cc:587] FD from fork parent still in poll list: fd(10, generation: 1)
I1008 20:07:08.338218 52592016 ev_poll_posix.cc:587] FD from fork parent still in poll list: fd(10, generation: 1)
I1008 20:07:08.338221 52592016 ev_poll_posix.cc:587] FD from fork parent still in poll list: fd(10, generation: 1)
I1008 20:07:08.338223 52592016 ev_poll_posix.cc:587] FD from fork parent still in poll list: fd(10, generation: 1)
I1008 20:07:08.338226 52592016 ev_poll_posix.cc:587] FD from fork parent still in poll list: fd(10, generation: 1)
I1008 20:07:08.360114 52592048 ev_poll_posix.cc:587] FD from fork parent still in poll list: fd(10, generation: 1)
I1008 20:07:08.360212 52592048 ev_poll_posix.cc:587] FD from fork parent still in poll list: fd(10, generation: 1)
I1008 20:07:08.360217 52592048 ev_poll_posix.cc:587] FD from fork parent still in poll list: fd(10, generation: 1)
I1008 20:07:08.360220 52592048 ev_poll_posix.cc:587] FD from fork parent still in poll list: fd(10, generation: 1)
I1008 20:07:08.360223 52592048 ev_poll_posix.cc:587] FD from fork parent still in poll list: fd(10, generation: 1)
I1008 20:07:08.360227 52592048 ev_poll_posix.cc:587] FD from fork parent still in poll list: fd(10, generation: 1)
I1008 20:07:08.360230 52592048 ev_poll_posix.cc:587] FD from fork parent still in poll list: fd(10, generation: 1)
I1008 20:07:08.360233 52592048 ev_poll_posix.cc:587] FD from fork parent still in poll list: fd(10, generation: 1)
I1008 20:07:08.360235 52592048 ev_poll_posix.cc:587] FD from fork parent still in poll list: fd(10, generation: 1)
I1008 20:07:08.360238 52592048 ev_poll_posix.cc:587] FD from fork parent still in poll list: fd(10, generation: 1)
I1008 20:07:08.360241 52592048 ev_poll_posix.cc:587] FD from fork parent still in poll list: fd(10, generation: 1)
I1008 20:07:08.360244 52592048 ev_poll_posix.cc:587] FD from fork parent still in poll list: fd(10, generation: 1)
I1008 20:07:08.360247 52592048 ev_poll_posix.cc:587] FD from fork parent still in poll list: fd(10, generation: 1)
I1008 20:07:08.360250 52592048 ev_poll_posix.cc:587] FD from fork parent still in poll list: fd(10, generation: 1)
I1008 20:07:08.360253 52592048 ev_poll_posix.cc:587] FD from fork parent still in poll list: fd(10, generation: 1)
I1008 20:07:08.360256 52592048 ev_poll_posix.cc:587] FD from fork parent still in poll list: fd(10, generation: 1)
I1008 20:07:08.360258 52592048 ev_poll_posix.cc:587] FD from fork parent still in poll list: fd(10, generation: 1)
I1008 20:07:08.360261 52592048 ev_poll_posix.cc:587] FD from fork parent still in poll list: fd(10, generation: 1)
I1008 20:07:08.360264 52592048 ev_poll_posix.cc:587] FD from fork parent still in poll list: fd(10, generation: 1)
I1008 20:07:08.360266 52592048 ev_poll_posix.cc:587] FD from fork parent still in poll list: fd(10, generation: 1)
I1008 20:07:08.360269 52592048 ev_poll_posix.cc:587] FD from fork parent still in poll list: fd(10, generation: 1)
I1008 20:07:08.360272 52592048 ev_poll_posix.cc:587] FD from fork parent still in poll list: fd(10, generation: 1)
I1008 20:07:08.360283 52592048 ev_poll_posix.cc:587] FD from fork parent still in poll list: fd(10, generation: 1)
I1008 20:07:08.360286 52592048 ev_poll_posix.cc:587] FD from fork parent still in poll list: fd(10, generation: 1)
I1008 20:07:08.360289 52592048 ev_poll_posix.cc:587] FD from fork parent still in poll list: fd(10, generation: 1)
I1008 20:07:08.360291 52592048 ev_poll_posix.cc:587] FD from fork parent still in poll list: fd(10, generation: 1)
I1008 20:07:08.360294 52592048 ev_poll_posix.cc:587] FD from fork parent still in poll list: fd(10, generation: 1)
I1008 20:07:08.360297 52592048 ev_poll_posix.cc:587] FD from fork parent still in poll list: fd(10, generation: 1)
I1008 20:07:08.360299 52592048 ev_poll_posix.cc:587] FD from fork parent still in poll list: fd(10, generation: 1)
I1008 20:07:08.360302 52592048 ev_poll_posix.cc:587] FD from fork parent still in poll list: fd(10, generation: 1)
I1008 20:07:08.360305 52592048 ev_poll_posix.cc:587] FD from fork parent still in poll list: fd(10, generation: 1)
I1008 20:07:08.360307 52592048 ev_poll_posix.cc:587] FD from fork parent still in poll list: fd(10, generation: 1)
I1008 20:07:08.360310 52592048 ev_poll_posix.cc:587] FD from fork parent still in poll list: fd(10, generation: 1)
I1008 20:07:08.360312 52592048 ev_poll_posix.cc:587] FD from fork parent still in poll list: fd(10, generation: 1)
I1008 20:07:08.360315 52592048 ev_poll_posix.cc:587] FD from fork parent still in poll list: fd(10, generation: 1)
I1008 20:07:08.360318 52592048 ev_poll_posix.cc:587] FD from fork parent still in poll list: fd(10, generation: 1)
I1008 20:07:08.360320 52592048 ev_poll_posix.cc:587] FD from fork parent still in poll list: fd(10, generation: 1)
I1008 20:07:08.360323 52592048 ev_poll_posix.cc:587] FD from fork parent still in poll list: fd(10, generation: 1)
I1008 20:07:08.360325 52592048 ev_poll_posix.cc:587] FD from fork parent still in poll list: fd(10, generation: 1)
I1008 20:07:08.360328 52592048 ev_poll_posix.cc:587] FD from fork parent still in poll list: fd(10, generation: 1)
I1008 20:07:08.360330 52592048 ev_poll_posix.cc:587] FD from fork parent still in poll list: fd(10, generation: 1)
I1008 20:07:08.360333 52592048 ev_poll_posix.cc:587] FD from fork parent still in poll list: fd(10, generation: 1)
I1008 20:07:08.360336 52592048 ev_poll_posix.cc:587] FD from fork parent still in poll list: fd(10, generation: 1)
I1008 20:07:08.360338 52592048 ev_poll_posix.cc:587] FD from fork parent still in poll list: fd(10, generation: 1)
I1008 20:07:08.360341 52592048 ev_poll_posix.cc:587] FD from fork parent still in poll list: fd(10, generation: 1)
I1008 20:07:08.360343 52592048 ev_poll_posix.cc:587] FD from fork parent still in poll list: fd(10, generation: 1)
I1008 20:07:08.360346 52592048 ev_poll_posix.cc:587] FD from fork parent still in poll list: fd(10, generation: 1)
I1008 20:07:08.360349 52592048 ev_poll_posix.cc:587] FD from fork parent still in poll list: fd(10, generation: 1)
I1008 20:07:08.360351 52592048 ev_poll_posix.cc:587] FD from fork parent still in poll list: fd(10, generation: 1)
I1008 20:07:08.360354 52592048 ev_poll_posix.cc:587] FD from fork parent still in poll list: fd(10, generation: 1)
I1008 20:07:08.360356 52592048 ev_poll_posix.cc:587] FD from fork parent still in poll list: fd(10, generation: 1)
I1008 20:07:08.360359 52592048 ev_poll_posix.cc:587] FD from fork parent still in poll list: fd(10, generation: 1)
I1008 20:07:08.360362 52592048 ev_poll_posix.cc:587] FD from fork parent still in poll list: fd(10, generation: 1)
{"event": "start", "run_id": "20261008-cloud-g06-all-03", "at": "2026-10-08T14:37:08.392739+00:00", "record": "docs/review/spanner-compatibility/runs/20261008-cloud-g06-all-03"}
2026-10-08 20:07:09 [warning  ] ontology_setting_not_implemented setting='pdlc: Request.embed_fields (no embeddings for pack types)'
2026-10-08 20:07:09 [warning  ] ontology_setting_not_implemented setting='pdlc: Spec.embed_fields (no embeddings for pack types)'
2026-10-08 20:07:09 [warning  ] ontology_setting_not_implemented setting='pdlc: Requirement.embed_fields (no embeddings for pack types)'
2026-10-08 20:07:09 [warning  ] ontology_setting_not_implemented setting='pdlc: Decision.embed_fields (no embeddings for pack types)'
2026-10-08 20:07:09 [warning  ] ontology_setting_not_implemented setting='pdlc: Constraint.embed_fields (no embeddings for pack types)'
2026-10-08 20:07:09 [warning  ] ontology_setting_not_implemented setting='pdlc: DesignElement.embed_fields (no embeddings for pack types)'
2026-10-08 20:07:09 [warning  ] ontology_setting_not_implemented setting='pdlc: Change.embed_fields (no embeddings for pack types)'
2026-10-08 20:07:09 [warning  ] ontology_setting_not_implemented setting='pdlc: Incident.embed_fields (no embeddings for pack types)'
2026-10-08 20:07:09 [warning  ] ontology_setting_not_implemented setting='pdlc: Lesson.embed_fields (no embeddings for pack types)'
2026-10-08 20:07:09 [warning  ] ontology_setting_not_implemented setting='pdlc: link_policy completeness_reports, read_time_threshold, scoring_question, write_time_threshold'
2026-10-08 20:07:09 [warning  ] ontology_setting_not_implemented setting='pdlc: extraction.derived_proposals'
2026-10-08 20:07:09 [warning  ] ontology_setting_not_implemented setting='pdlc: lifecycle.decay'
2026-10-08 20:07:09 [warning  ] ontology_setting_not_implemented setting='pdlc: lifecycle.terminal_states_reduce_importance'
2026-10-08 20:07:09 [warning  ] ontology_setting_not_implemented setting='pdlc: mappings (vocabulary only)'
2026-10-08 20:07:11 [info     ] embedding_service_initialized  model=all-MiniLM-L6-v2
2026-10-08 20:07:11 [info     ] llm_client_initialized
2026-10-08 20:07:13 [info     ] app_started                    neo4j_uri=bolt://localhost:7687 ontology_packs=['core@1.1.0', 'pdlc@4.2.0'] ontology_version=sha256:86e3735f2fc8422e redis_host=localhost
2026-10-08 20:07:16 [info     ] ontology_loaded                edge_types=36 event_types=39 intents=['completeness', 'general', 'how_does', 'impact', 'incident', 'preflight', 'related', 'status', 'trace', 'what', 'when', 'who_is', 'why'] node_types=21 packs=[{'name': 'core', 'version': '1.1.0', 'owner': 'engram'}, {'name': 'pdlc', 'version': '4.2.0', 'owner': 'TBD'}] version=sha256:86e3735f2fc8422e
2026-10-08 20:07:16 [info     ] ontology_change                eval_required=['pdlc'] kind=initial pack_changes={} reasons=['the graph records no ontology version'] replay_event_types=[] version_problems=[]
2026-10-08 20:07:16 [info     ] consumer_started               consumer=projection-1 group=g06-20261008-cloud-g06-all-03-projection stream=Events
2026-10-08 20:07:17 [info     ] pending_drain_completed        group=g06-20261008-cloud-g06-all-03-projection
2026-10-08 20:07:19 [info     ] embedding_service_initialized  model=all-MiniLM-L6-v2
2026-10-08 20:07:19 [info     ] consumer_started               consumer=extraction-1 group=g06-20261008-cloud-g06-all-03-extraction stream=Events
2026-10-08 20:07:19 [info     ] pending_drain_completed        group=g06-20261008-cloud-g06-all-03-extraction
2026-10-08 20:07:21 [info     ] enrichment_embedding_service_initialized model=all-MiniLM-L6-v2
2026-10-08 20:07:21 [info     ] pack_extraction_profiles       packs=['pdlc'] sources=['observation.input', 'pdlc.design.section_changed', 'pdlc.spec.approved']
2026-10-08 20:07:21 [info     ] consumer_started               consumer=enrichment-1 group=g06-20261008-cloud-g06-all-03-enrichment stream=Events
2026-10-08 20:07:22 [info     ] pending_drain_completed        group=g06-20261008-cloud-g06-all-03-enrichment
2026-10-08 20:07:23 [info     ] consumer_started               consumer=pack-extraction-1 group=g06-20261008-cloud-g06-all-03-pack_extraction stream=Events
2026-10-08 20:07:24 [info     ] pending_drain_completed        group=g06-20261008-cloud-g06-all-03-pack_extraction
2026-10-08 20:07:25 [info     ] consolidation_llm_client_initialized
2026-10-08 20:07:25 [info     ] consolidation_timer_started    interval_hours=6.0
2026-10-08 20:07:25 [info     ] consumer_started               consumer=consolidation-1 group=g06-20261008-cloud-g06-all-03-consolidation stream=Events
2026-10-08 20:07:25 [info     ] pending_drain_completed        group=g06-20261008-cloud-g06-all-03-consolidation
2026-10-08 20:07:26 [info     ] event_ingested                 event_id=4a363e68-aeb9-5f15-8b39-96539c502afe event_type=pdlc.service.deployed global_position=2026-10-08T14:37:26.167151000Z/000000/4a363e68-aeb9-5f15-8b39-96539c502afe request_id=deaa15d3-e100-498f-982a-cb4ddcb9d7ce status=created
/Users/arunmenon/projects/Engram-foundation-gate/.venv/lib/python3.12/site-packages/fastapi/routing.py:352: FastAPIDeprecationWarning: ORJSONResponse is deprecated, FastAPI now serializes data directly to JSON bytes via Pydantic when a return type or response model is set, which is faster and doesn't need a custom response class. Read more in the FastAPI docs: https://fastapi.tiangolo.com/advanced/custom-response/#orjson-or-response-model and https://fastapi.tiangolo.com/tutorial/response-model/
  return await dependant.call(**values)
2026-10-08 20:07:26 [debug    ] event_enriched                 event_id=4a363e68-aeb9-5f15-8b39-96539c502afe importance_score=5 keywords=['pdlc', 'service', 'deployed']
2026-10-08 20:07:31 [info     ] loading_embedding_model        device=cpu model=all-MiniLM-L6-v2
I1008 20:07:31.424049 52593321 ev_poll_posix.cc:587] FD from fork parent still in poll list: fd(26, generation: 1)
I1008 20:07:31.424141 52593321 ev_poll_posix.cc:587] FD from fork parent still in poll list: fd(21, generation: 1)
I1008 20:07:31.424147 52593321 ev_poll_posix.cc:587] FD from fork parent still in poll list: fd(20, generation: 1)
I1008 20:07:31.424152 52593321 ev_poll_posix.cc:587] FD from fork parent still in poll list: fd(17, generation: 1)
I1008 20:07:31.424156 52593321 ev_poll_posix.cc:587] FD from fork parent still in poll list: fd(10, generation: 1)
Loading weights:   0%|          | 0/103 [00:00<?, ?it/s]Loading weights: 100%|██████████| 103/103 [00:00<00:00, 6991.52it/s]
2026-10-08 20:07:31 [debug    ] event_projected                edge_count=0 entry_id=2026-10-08T14:37:26.167151000Z/000000/4a363e68-aeb9-5f15-8b39-96539c502afe event_id=4a363e68-aeb9-5f15-8b39-96539c502afe session_id=g06/20261008-cloud-g06-all-03
2026-10-08 20:07:31 [debug    ] event_embedding_stored         event_id=4a363e68-aeb9-5f15-8b39-96539c502afe
2026-10-08 20:07:32 [debug    ] pack_plans_applied             edges=3 events=1 nodes=6 states=1
/Users/arunmenon/projects/Engram-foundation-gate/.venv/lib/python3.12/site-packages/fastapi/routing.py:352: FastAPIDeprecationWarning: ORJSONResponse is deprecated, FastAPI now serializes data directly to JSON bytes via Pydantic when a return type or response model is set, which is faster and doesn't need a custom response class. Read more in the FastAPI docs: https://fastapi.tiangolo.com/advanced/custom-response/#orjson-or-response-model and https://fastapi.tiangolo.com/tutorial/response-model/
  return await dependant.call(**values)
IC01-main-deploy passed
2026-10-08 20:07:35 [info     ] event_ingested                 event_id=04377328-9120-5d59-8534-9a492afeb6dd event_type=pdlc.service.deployed global_position=2026-10-08T14:37:35.303231000Z/000000/04377328-9120-5d59-8534-9a492afeb6dd request_id=04a75306-d181-4f3f-a4b6-b1c2ad023ef9 status=created
2026-10-08 20:07:35 [debug    ] event_projected                edge_count=1 entry_id=2026-10-08T14:37:35.303231000Z/000000/04377328-9120-5d59-8534-9a492afeb6dd event_id=04377328-9120-5d59-8534-9a492afeb6dd session_id=g06/20261008-cloud-g06-all-03
2026-10-08 20:07:35 [debug    ] event_enriched                 event_id=04377328-9120-5d59-8534-9a492afeb6dd importance_score=5 keywords=['pdlc', 'service', 'deployed']
2026-10-08 20:07:36 [debug    ] event_embedding_stored         event_id=04377328-9120-5d59-8534-9a492afeb6dd
2026-10-08 20:07:36 [debug    ] pack_plans_applied             edges=3 events=1 nodes=6 states=1
IC01-repo-collision passed
2026-10-08 20:07:39 [info     ] event_ingested                 event_id=1ad10285-2aca-52a6-b5cc-b9ec3200ba07 event_type=pdlc.service.deployed global_position=2026-10-08T14:37:39.169199000Z/000000/1ad10285-2aca-52a6-b5cc-b9ec3200ba07 request_id=1f6f0de0-de01-4efb-a0e1-b97f456ba30d status=created
2026-10-08 20:07:39 [debug    ] event_projected                edge_count=1 entry_id=2026-10-08T14:37:39.169199000Z/000000/1ad10285-2aca-52a6-b5cc-b9ec3200ba07 event_id=1ad10285-2aca-52a6-b5cc-b9ec3200ba07 session_id=g06/20261008-cloud-g06-all-03
2026-10-08 20:07:39 [debug    ] event_enriched                 event_id=1ad10285-2aca-52a6-b5cc-b9ec3200ba07 importance_score=5 keywords=['pdlc', 'service', 'deployed']
2026-10-08 20:07:39 [debug    ] event_embedding_stored         event_id=1ad10285-2aca-52a6-b5cc-b9ec3200ba07
2026-10-08 20:07:40 [debug    ] pack_plans_applied             edges=3 events=1 nodes=6 states=1
IC01-other-scope passed
2026-10-08 20:07:42 [info     ] event_ingested                 event_id=06a700db-d83e-5e2d-b89d-2813d01753f8 event_type=pdlc.service.deployed global_position=2026-10-08T14:37:42.970095000Z/000000/06a700db-d83e-5e2d-b89d-2813d01753f8 request_id=1654433c-a834-4e53-8265-6e90f5e64acd status=created
2026-10-08 20:07:43 [debug    ] event_projected                edge_count=1 entry_id=2026-10-08T14:37:42.970095000Z/000000/06a700db-d83e-5e2d-b89d-2813d01753f8 event_id=06a700db-d83e-5e2d-b89d-2813d01753f8 session_id=g06/20261008-cloud-g06-all-03
2026-10-08 20:07:43 [debug    ] event_enriched                 event_id=06a700db-d83e-5e2d-b89d-2813d01753f8 importance_score=5 keywords=['pdlc', 'service', 'deployed']
2026-10-08 20:07:43 [debug    ] event_embedding_stored         event_id=06a700db-d83e-5e2d-b89d-2813d01753f8
2026-10-08 20:07:44 [debug    ] pack_plans_applied             edges=3 events=1 nodes=6 states=1
IC01-service-collision passed
2026-10-08 20:07:46 [info     ] event_ingested                 event_id=c64bcfa6-ce44-502e-aa22-53b5da76d6c2 event_type=pdlc.service.deployed global_position=2026-10-08T14:37:46.840031000Z/000000/c64bcfa6-ce44-502e-aa22-53b5da76d6c2 request_id=8be066a7-ad82-4ae7-adc1-c2ae218cc705 status=created
2026-10-08 20:07:47 [debug    ] event_projected                edge_count=1 entry_id=2026-10-08T14:37:46.840031000Z/000000/c64bcfa6-ce44-502e-aa22-53b5da76d6c2 event_id=c64bcfa6-ce44-502e-aa22-53b5da76d6c2 session_id=g06/20261008-cloud-g06-all-03
2026-10-08 20:07:47 [debug    ] event_enriched                 event_id=c64bcfa6-ce44-502e-aa22-53b5da76d6c2 importance_score=5 keywords=['pdlc', 'service', 'deployed']
2026-10-08 20:07:47 [debug    ] event_embedding_stored         event_id=c64bcfa6-ce44-502e-aa22-53b5da76d6c2
2026-10-08 20:07:48 [debug    ] pack_plans_applied             edges=3 events=1 nodes=6 states=1
IC01-future-deploy passed
2026-10-08 20:07:50 [info     ] event_ingested                 event_id=3b5639a4-1129-5273-b50c-90eaf8c33b4c event_type=pdlc.incident.detected global_position=2026-10-08T14:37:50.732351000Z/000000/3b5639a4-1129-5273-b50c-90eaf8c33b4c request_id=9e7bce0f-76f2-4114-8098-b1c5bf9fa507 status=created
2026-10-08 20:07:50 [debug    ] event_projected                edge_count=1 entry_id=2026-10-08T14:37:50.732351000Z/000000/3b5639a4-1129-5273-b50c-90eaf8c33b4c event_id=3b5639a4-1129-5273-b50c-90eaf8c33b4c session_id=g06/20261008-cloud-g06-all-03
2026-10-08 20:07:51 [debug    ] event_enriched                 event_id=3b5639a4-1129-5273-b50c-90eaf8c33b4c importance_score=5 keywords=['pdlc', 'incident', 'detected']
2026-10-08 20:07:51 [debug    ] event_embedding_stored         event_id=3b5639a4-1129-5273-b50c-90eaf8c33b4c
2026-10-08 20:07:52 [debug    ] pack_plans_applied             edges=4 events=1 nodes=5 states=1
IC02-detected passed
2026-10-08 20:07:55 [info     ] event_ingested                 event_id=3b5639a4-1129-5273-b50c-90eaf8c33b4c event_type=pdlc.incident.detected global_position=2026-10-08T14:37:50.732351000Z/000000/3b5639a4-1129-5273-b50c-90eaf8c33b4c request_id=bcc58a6a-dcf8-4dd5-808f-68d6dfbc33eb status=duplicate
IC02-detected-retry passed
IC02-detected-conflict passed
2026-10-08 20:08:00 [info     ] event_ingested                 event_id=c90afa15-dd11-5f8c-aa56-2602f427ac52 event_type=pdlc.incident.reported global_position=2026-10-08T14:38:00.545151000Z/000000/c90afa15-dd11-5f8c-aa56-2602f427ac52 request_id=ee6b6d54-ae8d-4c75-a8e7-84a560f1dbfd status=created
2026-10-08 20:08:00 [debug    ] event_projected                edge_count=1 entry_id=2026-10-08T14:38:00.545151000Z/000000/c90afa15-dd11-5f8c-aa56-2602f427ac52 event_id=c90afa15-dd11-5f8c-aa56-2602f427ac52 session_id=g06/20261008-cloud-g06-all-03
2026-10-08 20:08:00 [debug    ] event_enriched                 event_id=c90afa15-dd11-5f8c-aa56-2602f427ac52 importance_score=5 keywords=['pdlc', 'incident', 'reported']
2026-10-08 20:08:01 [debug    ] event_embedding_stored         event_id=c90afa15-dd11-5f8c-aa56-2602f427ac52
2026-10-08 20:08:01 [debug    ] pack_plans_applied             edges=4 events=1 nodes=5 states=1
IC02-reported-other-scope passed
2026-10-08 20:08:04 [info     ] event_ingested                 event_id=1870c0e4-b1c4-518c-85a6-cd258fffafbd event_type=pdlc.incident.detected global_position=2026-10-08T14:38:04.563967000Z/000000/1870c0e4-b1c4-518c-85a6-cd258fffafbd request_id=64225d1d-021c-43d3-b13e-31e3468123fa status=created
2026-10-08 20:08:04 [debug    ] event_projected                edge_count=1 entry_id=2026-10-08T14:38:04.563967000Z/000000/1870c0e4-b1c4-518c-85a6-cd258fffafbd event_id=1870c0e4-b1c4-518c-85a6-cd258fffafbd session_id=g06/20261008-cloud-g06-all-03
2026-10-08 20:08:04 [debug    ] event_enriched                 event_id=1870c0e4-b1c4-518c-85a6-cd258fffafbd importance_score=5 keywords=['pdlc', 'incident', 'detected']
2026-10-08 20:08:05 [debug    ] event_embedding_stored         event_id=1870c0e4-b1c4-518c-85a6-cd258fffafbd
2026-10-08 20:08:06 [debug    ] pack_plans_applied             edges=3 events=1 nodes=5 states=1
Failed to export metrics to Cloud Monitoring: 403 Permission monitoring.timeSeries.create denied (or the resource may not exist).
IC03-before-deployment passed
2026-10-08 20:08:08 [info     ] event_ingested                 event_id=a14b8b9d-fe3a-5bdc-8f68-1dfd1ce742a3 event_type=pdlc.incident.detected global_position=2026-10-08T14:38:08.484271000Z/000000/a14b8b9d-fe3a-5bdc-8f68-1dfd1ce742a3 request_id=6623ee28-0039-423b-a639-867245925d7b status=created
2026-10-08 20:08:08 [debug    ] event_projected                edge_count=1 entry_id=2026-10-08T14:38:08.484271000Z/000000/a14b8b9d-fe3a-5bdc-8f68-1dfd1ce742a3 event_id=a14b8b9d-fe3a-5bdc-8f68-1dfd1ce742a3 session_id=g06/20261008-cloud-g06-all-03
2026-10-08 20:08:08 [debug    ] event_enriched                 event_id=a14b8b9d-fe3a-5bdc-8f68-1dfd1ce742a3 importance_score=5 keywords=['pdlc', 'incident', 'detected']
2026-10-08 20:08:09 [debug    ] event_embedding_stored         event_id=a14b8b9d-fe3a-5bdc-8f68-1dfd1ce742a3
2026-10-08 20:08:09 [debug    ] pack_plans_applied             edges=3 events=1 nodes=4 states=1
IC03-no-reference passed
2026-10-08 20:08:12 [info     ] event_ingested                 event_id=d776df62-99db-563c-9b4f-51b59652d707 event_type=pdlc.change.created global_position=2026-10-08T14:38:12.506575000Z/000000/d776df62-99db-563c-9b4f-51b59652d707 request_id=e51f93f4-bf21-41fa-8f7c-814fa1bcbb0f status=created
2026-10-08 20:08:12 [debug    ] event_projected                edge_count=1 entry_id=2026-10-08T14:38:12.506575000Z/000000/d776df62-99db-563c-9b4f-51b59652d707 event_id=d776df62-99db-563c-9b4f-51b59652d707 session_id=g06/20261008-cloud-g06-all-03
2026-10-08 20:08:12 [debug    ] event_enriched                 event_id=d776df62-99db-563c-9b4f-51b59652d707 importance_score=5 keywords=['pdlc', 'change', 'created']
2026-10-08 20:08:13 [debug    ] event_embedding_stored         event_id=d776df62-99db-563c-9b4f-51b59652d707
2026-10-08 20:08:13 [debug    ] pack_plans_applied             edges=1 events=1 nodes=2 states=1
IC04-pr-8 passed
2026-10-08 20:08:16 [info     ] event_ingested                 event_id=d67c26a5-da2c-5946-9d4f-63dc21b0e0e1 event_type=pdlc.change.created global_position=2026-10-08T14:38:16.530703000Z/000000/d67c26a5-da2c-5946-9d4f-63dc21b0e0e1 request_id=4c515b7e-681b-47f4-bbf1-849b993eb9d4 status=created
2026-10-08 20:08:16 [debug    ] event_projected                edge_count=1 entry_id=2026-10-08T14:38:16.530703000Z/000000/d67c26a5-da2c-5946-9d4f-63dc21b0e0e1 event_id=d67c26a5-da2c-5946-9d4f-63dc21b0e0e1 session_id=g06/20261008-cloud-g06-all-03
2026-10-08 20:08:16 [debug    ] event_enriched                 event_id=d67c26a5-da2c-5946-9d4f-63dc21b0e0e1 importance_score=5 keywords=['pdlc', 'change', 'created']
2026-10-08 20:08:17 [debug    ] event_embedding_stored         event_id=d67c26a5-da2c-5946-9d4f-63dc21b0e0e1
2026-10-08 20:08:17 [debug    ] pack_plans_applied             edges=1 events=1 nodes=2 states=1
IC04-pr-9 passed
2026-10-08 20:08:20 [info     ] event_ingested                 event_id=052584c7-5d3b-5a53-a1a7-559b5428bf20 event_type=pdlc.incident.remediation_recorded global_position=2026-10-08T14:38:20.596031000Z/000000/052584c7-5d3b-5a53-a1a7-559b5428bf20 request_id=3e6edb23-a664-40df-8e37-fc0a023a6201 status=created
2026-10-08 20:08:20 [debug    ] event_projected                edge_count=1 entry_id=2026-10-08T14:38:20.596031000Z/000000/052584c7-5d3b-5a53-a1a7-559b5428bf20 event_id=052584c7-5d3b-5a53-a1a7-559b5428bf20 session_id=g06/20261008-cloud-g06-all-03
2026-10-08 20:08:20 [debug    ] event_enriched                 event_id=052584c7-5d3b-5a53-a1a7-559b5428bf20 importance_score=5 keywords=['pdlc', 'incident', 'remediation_recorded']
2026-10-08 20:08:21 [debug    ] event_embedding_stored         event_id=052584c7-5d3b-5a53-a1a7-559b5428bf20
2026-10-08 20:08:21 [debug    ] pack_plans_applied             edges=1 events=1 nodes=2 states=0
IC05-remediation passed
2026-10-08 20:08:24 [info     ] event_ingested                 event_id=052584c7-5d3b-5a53-a1a7-559b5428bf20 event_type=pdlc.incident.remediation_recorded global_position=2026-10-08T14:38:20.596031000Z/000000/052584c7-5d3b-5a53-a1a7-559b5428bf20 request_id=00b8c1a1-bbfe-43da-8527-41a17edd0531 status=duplicate
IC05-remediation-retry passed
IC05-remediation-conflict passed
2026-10-08 20:08:30 [info     ] event_ingested                 event_id=5e6133e5-807d-597e-abf8-ac3f07055cac event_type=pdlc.change.merged global_position=2026-10-08T14:38:30.927775000Z/000000/5e6133e5-807d-597e-abf8-ac3f07055cac request_id=f3f17f8e-9c0f-46cd-a152-481d295e64aa status=created
2026-10-08 20:08:31 [debug    ] event_projected                edge_count=1 entry_id=2026-10-08T14:38:30.927775000Z/000000/5e6133e5-807d-597e-abf8-ac3f07055cac event_id=5e6133e5-807d-597e-abf8-ac3f07055cac session_id=g06/20261008-cloud-g06-all-03
2026-10-08 20:08:31 [debug    ] event_enriched                 event_id=5e6133e5-807d-597e-abf8-ac3f07055cac importance_score=5 keywords=['pdlc', 'change', 'merged']
2026-10-08 20:08:31 [debug    ] event_embedding_stored         event_id=5e6133e5-807d-597e-abf8-ac3f07055cac
2026-10-08 20:08:32 [debug    ] pack_plans_applied             edges=1 events=1 nodes=6 states=1
IC06-merge-still-open passed
2026-10-08 20:08:35 [info     ] event_ingested                 event_id=db5168cb-d673-5e13-b2a7-36aae12f439b event_type=pdlc.incident.resolved global_position=2026-10-08T14:38:35.033855000Z/000000/db5168cb-d673-5e13-b2a7-36aae12f439b request_id=78b2a47c-f894-4ffd-a161-d88143197da5 status=created
2026-10-08 20:08:35 [debug    ] event_projected                edge_count=1 entry_id=2026-10-08T14:38:35.033855000Z/000000/db5168cb-d673-5e13-b2a7-36aae12f439b event_id=db5168cb-d673-5e13-b2a7-36aae12f439b session_id=g06/20261008-cloud-g06-all-03
2026-10-08 20:08:35 [debug    ] event_enriched                 event_id=db5168cb-d673-5e13-b2a7-36aae12f439b importance_score=5 keywords=['pdlc', 'incident', 'resolved']
2026-10-08 20:08:36 [debug    ] event_embedding_stored         event_id=db5168cb-d673-5e13-b2a7-36aae12f439b
2026-10-08 20:08:36 [debug    ] pack_plans_applied             edges=1 events=1 nodes=1 states=1
IC07-explicit-resolution passed
2026-10-08 20:08:39 [info     ] event_ingested                 event_id=59599122-01b9-5ca8-bc41-e8d9dad63f7a event_type=pdlc.incident.detected global_position=2026-10-08T14:38:39.227199000Z/000000/59599122-01b9-5ca8-bc41-e8d9dad63f7a request_id=c80ec467-c6e4-45a9-9a9e-fd6620d9b624 status=created
2026-10-08 20:08:39 [debug    ] event_projected                edge_count=1 entry_id=2026-10-08T14:38:39.227199000Z/000000/59599122-01b9-5ca8-bc41-e8d9dad63f7a event_id=59599122-01b9-5ca8-bc41-e8d9dad63f7a session_id=g06/20261008-cloud-g06-all-03
2026-10-08 20:08:39 [debug    ] event_enriched                 event_id=59599122-01b9-5ca8-bc41-e8d9dad63f7a importance_score=5 keywords=['pdlc', 'incident', 'detected']
2026-10-08 20:08:39 [debug    ] event_embedding_stored         event_id=59599122-01b9-5ca8-bc41-e8d9dad63f7a
2026-10-08 20:08:40 [debug    ] pack_plans_applied             edges=4 events=1 nodes=5 states=1
IC07-late-detection passed
2026-10-08 20:08:44 [info     ] event_ingested                 event_id=590bd343-909f-5fbc-b8ab-8963230cdcce event_type=pdlc.incident.remediation_recorded global_position=2026-10-08T14:38:44.040863000Z/000000/590bd343-909f-5fbc-b8ab-8963230cdcce request_id=2fdf9da6-3c71-4cc1-a087-686ccfad5dd2 status=created
2026-10-08 20:08:44 [debug    ] event_projected                edge_count=1 entry_id=2026-10-08T14:38:44.040863000Z/000000/590bd343-909f-5fbc-b8ab-8963230cdcce event_id=590bd343-909f-5fbc-b8ab-8963230cdcce session_id=g06/20261008-cloud-g06-all-03
2026-10-08 20:08:44 [debug    ] event_enriched                 event_id=590bd343-909f-5fbc-b8ab-8963230cdcce importance_score=5 keywords=['pdlc', 'incident', 'remediation_recorded']
2026-10-08 20:08:44 [debug    ] event_embedding_stored         event_id=590bd343-909f-5fbc-b8ab-8963230cdcce
2026-10-08 20:08:45 [debug    ] pack_plans_applied             edges=1 events=1 nodes=2 states=0
IC08-reference-first passed
2026-10-08 20:08:50 [info     ] event_ingested                 event_id=84ef46f8-0597-5b4a-a426-1548868f21d1 event_type=pdlc.change.created global_position=2026-10-08T14:38:50.131951000Z/000000/84ef46f8-0597-5b4a-a426-1548868f21d1 request_id=b669a519-2a38-4029-9812-09901870554c status=created
2026-10-08 20:08:50 [debug    ] event_projected                edge_count=1 entry_id=2026-10-08T14:38:50.131951000Z/000000/84ef46f8-0597-5b4a-a426-1548868f21d1 event_id=84ef46f8-0597-5b4a-a426-1548868f21d1 session_id=g06/20261008-cloud-g06-all-03
2026-10-08 20:08:50 [debug    ] event_enriched                 event_id=84ef46f8-0597-5b4a-a426-1548868f21d1 importance_score=5 keywords=['pdlc', 'change', 'created']
2026-10-08 20:08:50 [debug    ] event_embedding_stored         event_id=84ef46f8-0597-5b4a-a426-1548868f21d1
2026-10-08 20:08:51 [debug    ] pack_plans_applied             edges=1 events=1 nodes=2 states=1
IC08-change-arrives passed
2026-10-08 20:08:54 [info     ] event_ingested                 event_id=f914b356-cadb-51b9-a1c5-421539c277cc event_type=pdlc.incident.detected global_position=2026-10-08T14:38:54.602447000Z/000000/f914b356-cadb-51b9-a1c5-421539c277cc request_id=e9cfa6fb-9522-4fd2-aab5-a9697dd7eff8 status=created
2026-10-08 20:08:54 [debug    ] event_projected                edge_count=1 entry_id=2026-10-08T14:38:54.602447000Z/000000/f914b356-cadb-51b9-a1c5-421539c277cc event_id=f914b356-cadb-51b9-a1c5-421539c277cc session_id=g06/20261008-cloud-g06-all-03
2026-10-08 20:08:55 [debug    ] event_enriched                 event_id=f914b356-cadb-51b9-a1c5-421539c277cc importance_score=5 keywords=['pdlc', 'incident', 'detected']
2026-10-08 20:08:55 [debug    ] event_embedding_stored         event_id=f914b356-cadb-51b9-a1c5-421539c277cc
2026-10-08 20:08:56 [debug    ] pack_plans_applied             edges=3 events=1 nodes=4 states=1
IC08-incident-arrives passed
2026-10-08 20:08:59 [info     ] event_ingested                 event_id=59bca831-2c43-5d3c-be7a-ec9a62bdb80b event_type=pdlc.incident.lesson_recorded global_position=2026-10-08T14:38:59.285039000Z/000000/59bca831-2c43-5d3c-be7a-ec9a62bdb80b request_id=5bc6342b-0432-4ca8-a4c2-cb7b511a90a7 status=created
2026-10-08 20:08:59 [debug    ] event_projected                edge_count=1 entry_id=2026-10-08T14:38:59.285039000Z/000000/59bca831-2c43-5d3c-be7a-ec9a62bdb80b event_id=59bca831-2c43-5d3c-be7a-ec9a62bdb80b session_id=g06/20261008-cloud-g06-all-03
2026-10-08 20:08:59 [debug    ] event_enriched                 event_id=59bca831-2c43-5d3c-be7a-ec9a62bdb80b importance_score=5 keywords=['pdlc', 'incident', 'lesson_recorded']
2026-10-08 20:09:00 [debug    ] event_embedding_stored         event_id=59bca831-2c43-5d3c-be7a-ec9a62bdb80b
2026-10-08 20:09:00 [debug    ] pack_plans_applied             edges=3 events=1 nodes=5 states=0
IC09-authored-lesson passed
2026-10-08 20:09:04 [info     ] event_ingested                 event_id=59bca831-2c43-5d3c-be7a-ec9a62bdb80b event_type=pdlc.incident.lesson_recorded global_position=2026-10-08T14:38:59.285039000Z/000000/59bca831-2c43-5d3c-be7a-ec9a62bdb80b request_id=7093963b-70bf-43fa-bb1f-93dae1be1e2e status=duplicate
IC09-authored-lesson-retry passed
Failed to export metrics to Cloud Monitoring: 403 Permission monitoring.timeSeries.create denied (or the resource may not exist).
IC09-authored-lesson-conflict passed
2026-10-08 20:09:11 [info     ] event_ingested                 event_id=fc3a0077-3c56-592f-b4ff-72242f531cee event_type=pdlc.incident.lesson_recorded global_position=2026-10-08T14:39:11.486703000Z/000000/fc3a0077-3c56-592f-b4ff-72242f531cee request_id=cb013405-c64e-4874-b8cd-9baf374c436b status=created
2026-10-08 20:09:11 [debug    ] event_projected                edge_count=1 entry_id=2026-10-08T14:39:11.486703000Z/000000/fc3a0077-3c56-592f-b4ff-72242f531cee event_id=fc3a0077-3c56-592f-b4ff-72242f531cee session_id=g06/20261008-cloud-g06-all-03
2026-10-08 20:09:11 [debug    ] event_enriched                 event_id=fc3a0077-3c56-592f-b4ff-72242f531cee importance_score=5 keywords=['pdlc', 'incident', 'lesson_recorded']
2026-10-08 20:09:12 [debug    ] event_embedding_stored         event_id=fc3a0077-3c56-592f-b4ff-72242f531cee
2026-10-08 20:09:12 [debug    ] pack_plans_applied             edges=2 events=1 nodes=3 states=0
IC09-identical-text-other-incident passed
2026-10-08 20:09:15 [info     ] event_ingested                 event_id=3313393c-4f87-54f2-b043-912b10706d96 event_type=pdlc.incident.lesson_recorded global_position=2026-10-08T14:39:15.734335000Z/000000/3313393c-4f87-54f2-b043-912b10706d96 request_id=2656c546-8271-4037-b781-c16a59d5920f status=created
2026-10-08 20:09:16 [debug    ] event_projected                edge_count=1 entry_id=2026-10-08T14:39:15.734335000Z/000000/3313393c-4f87-54f2-b043-912b10706d96 event_id=3313393c-4f87-54f2-b043-912b10706d96 session_id=g06/20261008-cloud-g06-all-03
2026-10-08 20:09:16 [debug    ] event_enriched                 event_id=3313393c-4f87-54f2-b043-912b10706d96 importance_score=5 keywords=['pdlc', 'incident', 'lesson_recorded']
2026-10-08 20:09:16 [debug    ] event_embedding_stored         event_id=3313393c-4f87-54f2-b043-912b10706d96
2026-10-08 20:09:17 [debug    ] pack_plans_applied             edges=2 events=1 nodes=3 states=0
IC09-rejected-support passed
2026-10-08 20:09:19 [info     ] event_ingested                 event_id=f7bfff91-7954-50b3-8da6-a79fda8174fc event_type=pdlc.spec.approved global_position=2026-10-08T14:39:19.959423000Z/000000/f7bfff91-7954-50b3-8da6-a79fda8174fc request_id=68f45c46-14ae-4eee-a54d-3ac186d36e28 status=created
2026-10-08 20:09:20 [debug    ] event_projected                edge_count=1 entry_id=2026-10-08T14:39:19.959423000Z/000000/f7bfff91-7954-50b3-8da6-a79fda8174fc event_id=f7bfff91-7954-50b3-8da6-a79fda8174fc session_id=g06/20261008-cloud-g06-all-03
2026-10-08 20:09:20 [debug    ] event_enriched                 event_id=f7bfff91-7954-50b3-8da6-a79fda8174fc importance_score=5 keywords=['pdlc', 'spec', 'approved']
2026-10-08 20:09:20 [debug    ] event_embedding_stored         event_id=f7bfff91-7954-50b3-8da6-a79fda8174fc
I1008 20:09:21.298492 52594156 fork_posix.cc:71] Other threads are currently calling into gRPC, skipping fork() handlers
I1008 20:09:21.327068 52594156 fork_posix.cc:71] Other threads are currently calling into gRPC, skipping fork() handlers
2026-10-08 20:09:21 [debug    ] pack_plans_applied             edges=2 events=1 nodes=5 states=1
2026-10-08 20:09:24 [info     ] pack_extraction_applied        edges_written=0 event_id=f7bfff91-7954-50b3-8da6-a79fda8174fc links=0 nodes=0 pack=pdlc rejected=[]
/Users/arunmenon/projects/Engram-foundation-gate/.venv/lib/python3.12/site-packages/fastapi/routing.py:352: FastAPIDeprecationWarning: ORJSONResponse is deprecated, FastAPI now serializes data directly to JSON bytes via Pydantic when a return type or response model is set, which is faster and doesn't need a custom response class. Read more in the FastAPI docs: https://fastapi.tiangolo.com/advanced/custom-response/#orjson-or-response-model and https://fastapi.tiangolo.com/tutorial/response-model/
  return await dependant.call(**values)
IC10-explicit-citation passed
2026-10-08 20:09:27 [info     ] event_ingested                 event_id=98ac8adf-9a89-5e31-b7c3-68faaacc4f53 event_type=pdlc.spec.approved global_position=2026-10-08T14:39:27.939647000Z/000000/98ac8adf-9a89-5e31-b7c3-68faaacc4f53 request_id=3fa63bf0-81b0-46d0-b649-6999beca71fc status=created
2026-10-08 20:09:28 [debug    ] event_projected                edge_count=1 entry_id=2026-10-08T14:39:27.939647000Z/000000/98ac8adf-9a89-5e31-b7c3-68faaacc4f53 event_id=98ac8adf-9a89-5e31-b7c3-68faaacc4f53 session_id=g06/20261008-cloud-g06-all-03
2026-10-08 20:09:28 [debug    ] event_enriched                 event_id=98ac8adf-9a89-5e31-b7c3-68faaacc4f53 importance_score=5 keywords=['pdlc', 'spec', 'approved']
2026-10-08 20:09:28 [debug    ] event_embedding_stored         event_id=98ac8adf-9a89-5e31-b7c3-68faaacc4f53
2026-10-08 20:09:29 [debug    ] pack_plans_applied             edges=1 events=1 nodes=4 states=1
2026-10-08 20:09:30 [info     ] pack_extraction_applied        edges_written=0 event_id=98ac8adf-9a89-5e31-b7c3-68faaacc4f53 links=0 nodes=0 pack=pdlc rejected=[]
IC10-similar-unciting-spec passed
2026-10-08 20:09:33 [info     ] event_ingested                 event_id=ea389191-4a31-59a0-a000-95cddef00d9e event_type=pdlc.spec.approved global_position=2026-10-08T14:39:33.835951000Z/000000/ea389191-4a31-59a0-a000-95cddef00d9e request_id=8bf1c748-dee0-4dc2-ae34-d47117eb6eb5 status=created
2026-10-08 20:09:34 [debug    ] event_projected                edge_count=1 entry_id=2026-10-08T14:39:33.835951000Z/000000/ea389191-4a31-59a0-a000-95cddef00d9e event_id=ea389191-4a31-59a0-a000-95cddef00d9e session_id=g06/20261008-cloud-g06-all-03
2026-10-08 20:09:34 [debug    ] event_enriched                 event_id=ea389191-4a31-59a0-a000-95cddef00d9e importance_score=5 keywords=['pdlc', 'spec', 'approved']
2026-10-08 20:09:34 [debug    ] event_embedding_stored         event_id=ea389191-4a31-59a0-a000-95cddef00d9e
2026-10-08 20:09:35 [debug    ] pack_plans_applied             edges=2 events=1 nodes=5 states=1
2026-10-08 20:09:36 [info     ] pack_extraction_applied        edges_written=0 event_id=ea389191-4a31-59a0-a000-95cddef00d9e links=0 nodes=0 pack=pdlc rejected=[]
IC10-unknown-lesson-citation passed
IC11-detected-missing-repo passed
IC11-reported-typed-service passed
IC11-resolved-typed-id passed
IC11-remediation-incomplete-pr passed
IC11-remediation-typed-incident passed
Failed to export metrics to Cloud Monitoring: 403 Permission monitoring.timeSeries.create denied (or the resource may not exist).
IC11-lesson-typed-statement passed
IC11-lesson-incomplete-support passed
IC11-citation-nonhex passed
IQ1-incident-feedback passed
IQ2-deployment-incident passed
IQ3-corrective-pr-incident passed
IQ4-future-spec-back-to-incident passed
IQ5-natural-language-reuse passed
IQ6-other-scope-identical-lesson passed
IQ7-no-deployment-reference passed
IQ8-before-any-deployment passed
IQ9-rejected-support-excluded passed
IQ10-unknown-citation-honest passed
IQ11-unciting-spec passed
IQ12-unlinked-pr passed
2026-10-08 20:11:08 [info     ] consumer_stopped               consumer=extraction-1 group=g06-20261008-cloud-g06-all-03-extraction
2026-10-08 20:11:08 [info     ] consumer_stopped               consumer=pack-extraction-1 group=g06-20261008-cloud-g06-all-03-pack_extraction
2026-10-08 20:11:08 [info     ] consumer_stopped               consumer=enrichment-1 group=g06-20261008-cloud-g06-all-03-enrichment
2026-10-08 20:11:08 [info     ] consumer_stopped               consumer=projection-1 group=g06-20261008-cloud-g06-all-03-projection
2026-10-08 20:11:08 [info     ] consumer_stopped               consumer=consolidation-1 group=g06-20261008-cloud-g06-all-03-consolidation
Failed to export metrics to Cloud Monitoring: 403 Permission monitoring.timeSeries.create denied (or the resource may not exist).
2026-10-08 20:11:12 [info     ] app_stopped
I1008 20:11:15.022368 52631548 ev_poll_posix.cc:587] FD from fork parent still in poll list: fd(47, generation: 1)
{"event": "finish", "run_id": "20261008-cloud-g06-all-03", "at": "2026-10-08T14:41:15.087314+00:00", "record": "docs/review/spanner-compatibility/runs/20261008-cloud-g06-all-03"}
Failed to export metrics to Cloud Monitoring: 403 Permission monitoring.timeSeries.create denied (or the resource may not exist).
