I1007 19:00:10.986754 51273247 ev_poll_posix.cc:587] FD from fork parent still in poll list: fd(15, generation: 1)
I1007 19:00:10.986838 51273247 ev_poll_posix.cc:587] FD from fork parent still in poll list: fd(14, generation: 1)
I1007 19:00:10.986847 51273247 ev_poll_posix.cc:587] FD from fork parent still in poll list: fd(15, generation: 1)
I1007 19:00:10.986852 51273247 ev_poll_posix.cc:587] FD from fork parent still in poll list: fd(14, generation: 1)
I1007 19:00:10.986857 51273247 ev_poll_posix.cc:587] FD from fork parent still in poll list: fd(15, generation: 1)
I1007 19:00:10.986861 51273247 ev_poll_posix.cc:587] FD from fork parent still in poll list: fd(14, generation: 1)
I1007 19:00:10.986865 51273247 ev_poll_posix.cc:587] FD from fork parent still in poll list: fd(15, generation: 1)
I1007 19:00:10.986870 51273247 ev_poll_posix.cc:587] FD from fork parent still in poll list: fd(14, generation: 1)
I1007 19:00:10.986874 51273247 ev_poll_posix.cc:587] FD from fork parent still in poll list: fd(15, generation: 1)
I1007 19:00:10.986877 51273247 ev_poll_posix.cc:587] FD from fork parent still in poll list: fd(14, generation: 1)
I1007 19:00:10.986883 51273247 ev_poll_posix.cc:587] FD from fork parent still in poll list: fd(15, generation: 1)
I1007 19:00:10.986887 51273247 ev_poll_posix.cc:587] FD from fork parent still in poll list: fd(14, generation: 1)
I1007 19:00:10.986893 51273247 ev_poll_posix.cc:587] FD from fork parent still in poll list: fd(15, generation: 1)
I1007 19:00:10.986897 51273247 ev_poll_posix.cc:587] FD from fork parent still in poll list: fd(14, generation: 1)
I1007 19:00:10.986905 51273247 ev_poll_posix.cc:587] FD from fork parent still in poll list: fd(15, generation: 1)
I1007 19:00:10.986908 51273247 ev_poll_posix.cc:587] FD from fork parent still in poll list: fd(14, generation: 1)
I1007 19:00:10.986915 51273247 ev_poll_posix.cc:587] FD from fork parent still in poll list: fd(15, generation: 1)
I1007 19:00:10.986918 51273247 ev_poll_posix.cc:587] FD from fork parent still in poll list: fd(14, generation: 1)
I1007 19:00:10.986923 51273247 ev_poll_posix.cc:587] FD from fork parent still in poll list: fd(15, generation: 1)
I1007 19:00:10.986926 51273247 ev_poll_posix.cc:587] FD from fork parent still in poll list: fd(14, generation: 1)
I1007 19:00:10.986932 51273247 ev_poll_posix.cc:587] FD from fork parent still in poll list: fd(15, generation: 1)
I1007 19:00:10.986937 51273247 ev_poll_posix.cc:587] FD from fork parent still in poll list: fd(14, generation: 1)
I1007 19:00:10.986942 51273247 ev_poll_posix.cc:587] FD from fork parent still in poll list: fd(15, generation: 1)
I1007 19:00:10.986946 51273247 ev_poll_posix.cc:587] FD from fork parent still in poll list: fd(14, generation: 1)
I1007 19:00:10.986952 51273247 ev_poll_posix.cc:587] FD from fork parent still in poll list: fd(15, generation: 1)
I1007 19:00:10.986956 51273247 ev_poll_posix.cc:587] FD from fork parent still in poll list: fd(14, generation: 1)
I1007 19:00:10.986963 51273247 ev_poll_posix.cc:587] FD from fork parent still in poll list: fd(15, generation: 1)
I1007 19:00:10.986967 51273247 ev_poll_posix.cc:587] FD from fork parent still in poll list: fd(14, generation: 1)
I1007 19:00:10.986975 51273247 ev_poll_posix.cc:587] FD from fork parent still in poll list: fd(15, generation: 1)
I1007 19:00:10.986979 51273247 ev_poll_posix.cc:587] FD from fork parent still in poll list: fd(14, generation: 1)
I1007 19:00:10.986983 51273247 ev_poll_posix.cc:587] FD from fork parent still in poll list: fd(15, generation: 1)
I1007 19:00:10.986987 51273247 ev_poll_posix.cc:587] FD from fork parent still in poll list: fd(14, generation: 1)
I1007 19:00:10.986991 51273247 ev_poll_posix.cc:587] FD from fork parent still in poll list: fd(15, generation: 1)
I1007 19:00:10.986996 51273247 ev_poll_posix.cc:587] FD from fork parent still in poll list: fd(14, generation: 1)
2026-10-07 19:00:13 [warning  ] ontology_setting_not_implemented setting='pdlc: Request.embed_fields (no embeddings for pack types)'
2026-10-07 19:00:13 [warning  ] ontology_setting_not_implemented setting='pdlc: Spec.embed_fields (no embeddings for pack types)'
2026-10-07 19:00:13 [warning  ] ontology_setting_not_implemented setting='pdlc: Requirement.embed_fields (no embeddings for pack types)'
2026-10-07 19:00:13 [warning  ] ontology_setting_not_implemented setting='pdlc: Decision.embed_fields (no embeddings for pack types)'
2026-10-07 19:00:13 [warning  ] ontology_setting_not_implemented setting='pdlc: Constraint.embed_fields (no embeddings for pack types)'
2026-10-07 19:00:13 [warning  ] ontology_setting_not_implemented setting='pdlc: DesignElement.embed_fields (no embeddings for pack types)'
2026-10-07 19:00:13 [warning  ] ontology_setting_not_implemented setting='pdlc: Change.embed_fields (no embeddings for pack types)'
2026-10-07 19:00:13 [warning  ] ontology_setting_not_implemented setting='pdlc: Incident.embed_fields (no embeddings for pack types)'
2026-10-07 19:00:13 [warning  ] ontology_setting_not_implemented setting='pdlc: Lesson.embed_fields (no embeddings for pack types)'
2026-10-07 19:00:13 [warning  ] ontology_setting_not_implemented setting='pdlc: link_policy completeness_reports, read_time_threshold, scoring_question, write_time_threshold'
2026-10-07 19:00:13 [warning  ] ontology_setting_not_implemented setting='pdlc: extraction.derived_proposals'
2026-10-07 19:00:13 [warning  ] ontology_setting_not_implemented setting='pdlc: lifecycle.decay'
2026-10-07 19:00:13 [warning  ] ontology_setting_not_implemented setting='pdlc: lifecycle.terminal_states_reduce_importance'
2026-10-07 19:00:13 [warning  ] ontology_setting_not_implemented setting='pdlc: mappings (vocabulary only)'
2026-10-07 19:00:13 [info     ] embedding_service_initialized  model=all-MiniLM-L6-v2
2026-10-07 19:00:13 [info     ] llm_client_initialized
ERROR:    Traceback (most recent call last):
  File "/private/tmp/engram-ontology-review-venv/lib/python3.12/site-packages/starlette/routing.py", line 654, in lifespan
    async with self.lifespan_context(app) as maybe_state:
               ^^^^^^^^^^^^^^^^^^^^^^^^^^
  File "/opt/homebrew/Cellar/python@3.12/3.12.7_1/Frameworks/Python.framework/Versions/3.12/lib/python3.12/contextlib.py", line 210, in __aenter__
    return await anext(self.gen)
           ^^^^^^^^^^^^^^^^^^^^^
  File "/private/tmp/engram-ontology-review-venv/lib/python3.12/site-packages/fastapi/routing.py", line 247, in merged_lifespan
    async with original_context(app) as maybe_original_state:
               ^^^^^^^^^^^^^^^^^^^^^
  File "/opt/homebrew/Cellar/python@3.12/3.12.7_1/Frameworks/Python.framework/Versions/3.12/lib/python3.12/contextlib.py", line 210, in __aenter__
    return await anext(self.gen)
           ^^^^^^^^^^^^^^^^^^^^^
  File "/private/tmp/engram-ontology-review-venv/lib/python3.12/site-packages/fastapi/routing.py", line 247, in merged_lifespan
    async with original_context(app) as maybe_original_state:
               ^^^^^^^^^^^^^^^^^^^^^
  File "/opt/homebrew/Cellar/python@3.12/3.12.7_1/Frameworks/Python.framework/Versions/3.12/lib/python3.12/contextlib.py", line 210, in __aenter__
    return await anext(self.gen)
           ^^^^^^^^^^^^^^^^^^^^^
  File "/private/tmp/engram-ontology-review-venv/lib/python3.12/site-packages/fastapi/routing.py", line 247, in merged_lifespan
    async with original_context(app) as maybe_original_state:
               ^^^^^^^^^^^^^^^^^^^^^
  File "/opt/homebrew/Cellar/python@3.12/3.12.7_1/Frameworks/Python.framework/Versions/3.12/lib/python3.12/contextlib.py", line 210, in __aenter__
    return await anext(self.gen)
           ^^^^^^^^^^^^^^^^^^^^^
  File "/private/tmp/engram-ontology-review-venv/lib/python3.12/site-packages/fastapi/routing.py", line 247, in merged_lifespan
    async with original_context(app) as maybe_original_state:
               ^^^^^^^^^^^^^^^^^^^^^
  File "/opt/homebrew/Cellar/python@3.12/3.12.7_1/Frameworks/Python.framework/Versions/3.12/lib/python3.12/contextlib.py", line 210, in __aenter__
    return await anext(self.gen)
           ^^^^^^^^^^^^^^^^^^^^^
  File "/private/tmp/engram-ontology-review-venv/lib/python3.12/site-packages/fastapi/routing.py", line 247, in merged_lifespan
    async with original_context(app) as maybe_original_state:
               ^^^^^^^^^^^^^^^^^^^^^
  File "/opt/homebrew/Cellar/python@3.12/3.12.7_1/Frameworks/Python.framework/Versions/3.12/lib/python3.12/contextlib.py", line 210, in __aenter__
    return await anext(self.gen)
           ^^^^^^^^^^^^^^^^^^^^^
  File "/private/tmp/engram-ontology-review-venv/lib/python3.12/site-packages/fastapi/routing.py", line 247, in merged_lifespan
    async with original_context(app) as maybe_original_state:
               ^^^^^^^^^^^^^^^^^^^^^
  File "/opt/homebrew/Cellar/python@3.12/3.12.7_1/Frameworks/Python.framework/Versions/3.12/lib/python3.12/contextlib.py", line 210, in __aenter__
    return await anext(self.gen)
           ^^^^^^^^^^^^^^^^^^^^^
  File "/private/tmp/engram-ontology-review-venv/lib/python3.12/site-packages/fastapi/routing.py", line 247, in merged_lifespan
    async with original_context(app) as maybe_original_state:
               ^^^^^^^^^^^^^^^^^^^^^
  File "/opt/homebrew/Cellar/python@3.12/3.12.7_1/Frameworks/Python.framework/Versions/3.12/lib/python3.12/contextlib.py", line 210, in __aenter__
    return await anext(self.gen)
           ^^^^^^^^^^^^^^^^^^^^^
  File "/private/tmp/engram-ontology-review-venv/lib/python3.12/site-packages/fastapi/routing.py", line 247, in merged_lifespan
    async with original_context(app) as maybe_original_state:
               ^^^^^^^^^^^^^^^^^^^^^
  File "/opt/homebrew/Cellar/python@3.12/3.12.7_1/Frameworks/Python.framework/Versions/3.12/lib/python3.12/contextlib.py", line 210, in __aenter__
    return await anext(self.gen)
           ^^^^^^^^^^^^^^^^^^^^^
  File "/private/tmp/engram-ontology-review-venv/lib/python3.12/site-packages/fastapi/routing.py", line 247, in merged_lifespan
    async with original_context(app) as maybe_original_state:
               ^^^^^^^^^^^^^^^^^^^^^
  File "/opt/homebrew/Cellar/python@3.12/3.12.7_1/Frameworks/Python.framework/Versions/3.12/lib/python3.12/contextlib.py", line 210, in __aenter__
    return await anext(self.gen)
           ^^^^^^^^^^^^^^^^^^^^^
  File "/private/tmp/engram-ontology-review-venv/lib/python3.12/site-packages/fastapi/routing.py", line 247, in merged_lifespan
    async with original_context(app) as maybe_original_state:
               ^^^^^^^^^^^^^^^^^^^^^
  File "/opt/homebrew/Cellar/python@3.12/3.12.7_1/Frameworks/Python.framework/Versions/3.12/lib/python3.12/contextlib.py", line 210, in __aenter__
    return await anext(self.gen)
           ^^^^^^^^^^^^^^^^^^^^^
  File "/private/tmp/engram-ontology-review-venv/lib/python3.12/site-packages/fastapi/routing.py", line 247, in merged_lifespan
    async with original_context(app) as maybe_original_state:
               ^^^^^^^^^^^^^^^^^^^^^
  File "/opt/homebrew/Cellar/python@3.12/3.12.7_1/Frameworks/Python.framework/Versions/3.12/lib/python3.12/contextlib.py", line 210, in __aenter__
    return await anext(self.gen)
           ^^^^^^^^^^^^^^^^^^^^^
  File "/private/tmp/engram-ontology-review-venv/lib/python3.12/site-packages/fastapi/routing.py", line 247, in merged_lifespan
    async with original_context(app) as maybe_original_state:
               ^^^^^^^^^^^^^^^^^^^^^
  File "/opt/homebrew/Cellar/python@3.12/3.12.7_1/Frameworks/Python.framework/Versions/3.12/lib/python3.12/contextlib.py", line 210, in __aenter__
    return await anext(self.gen)
           ^^^^^^^^^^^^^^^^^^^^^
  File "/private/tmp/engram-ontology-review-venv/lib/python3.12/site-packages/fastapi/routing.py", line 247, in merged_lifespan
    async with original_context(app) as maybe_original_state:
               ^^^^^^^^^^^^^^^^^^^^^
  File "/opt/homebrew/Cellar/python@3.12/3.12.7_1/Frameworks/Python.framework/Versions/3.12/lib/python3.12/contextlib.py", line 210, in __aenter__
    return await anext(self.gen)
           ^^^^^^^^^^^^^^^^^^^^^
  File "/private/tmp/engram-ontology-review-venv/lib/python3.12/site-packages/fastapi/routing.py", line 247, in merged_lifespan
    async with original_context(app) as maybe_original_state:
               ^^^^^^^^^^^^^^^^^^^^^
  File "/opt/homebrew/Cellar/python@3.12/3.12.7_1/Frameworks/Python.framework/Versions/3.12/lib/python3.12/contextlib.py", line 210, in __aenter__
    return await anext(self.gen)
           ^^^^^^^^^^^^^^^^^^^^^
  File "/Users/arunmenon/projects/Engram/src/context_graph/api/app.py", line 101, in lifespan
    stores = await open_stores(settings, prepare_ingest=True)
             ^^^^^^^^^^^^^^^^^^^^^^^^^^^^^^^^^^^^^^^^^^^^^^^^
  File "/Users/arunmenon/projects/Engram/src/context_graph/adapters/registry.py", line 150, in open_stores
    spanner_database = await asyncio.to_thread(open_database, settings.spanner)
                       ^^^^^^^^^^^^^^^^^^^^^^^^^^^^^^^^^^^^^^^^^^^^^^^^^^^^^^^^
  File "/opt/homebrew/Cellar/python@3.12/3.12.7_1/Frameworks/Python.framework/Versions/3.12/lib/python3.12/asyncio/threads.py", line 25, in to_thread
    return await loop.run_in_executor(None, func_call)
           ^^^^^^^^^^^^^^^^^^^^^^^^^^^^^^^^^^^^^^^^^^^
  File "/opt/homebrew/Cellar/python@3.12/3.12.7_1/Frameworks/Python.framework/Versions/3.12/lib/python3.12/concurrent/futures/thread.py", line 58, in run
    result = self.fn(*self.args, **self.kwargs)
             ^^^^^^^^^^^^^^^^^^^^^^^^^^^^^^^^^^
  File "/Users/arunmenon/projects/Engram/src/context_graph/adapters/spanner/schema.py", line 310, in open_database
    raise SchemaMismatchError(msg)
context_graph.adapters.spanner.schema.SchemaMismatchError: Spanner database engram does not match the schema: GraphNodes.embedding vector length is 384, expected 3

ERROR:    Application startup failed. Exiting.
Failed to export metrics to Cloud Monitoring: 403 Permission monitoring.timeSeries.create denied (or the resource may not exist).
