I1008 20:00:31.935649 52559191 ev_poll_posix.cc:587] FD from fork parent still in poll list: fd(10, generation: 1)
I1008 20:00:31.935811 52559191 ev_poll_posix.cc:587] FD from fork parent still in poll list: fd(10, generation: 1)
I1008 20:00:31.935838 52559191 ev_poll_posix.cc:587] FD from fork parent still in poll list: fd(10, generation: 1)
I1008 20:00:31.935843 52559191 ev_poll_posix.cc:587] FD from fork parent still in poll list: fd(10, generation: 1)
I1008 20:00:31.935848 52559191 ev_poll_posix.cc:587] FD from fork parent still in poll list: fd(10, generation: 1)
I1008 20:00:31.935852 52559191 ev_poll_posix.cc:587] FD from fork parent still in poll list: fd(10, generation: 1)
I1008 20:00:31.935856 52559191 ev_poll_posix.cc:587] FD from fork parent still in poll list: fd(10, generation: 1)
I1008 20:00:31.935860 52559191 ev_poll_posix.cc:587] FD from fork parent still in poll list: fd(10, generation: 1)
I1008 20:00:31.935879 52559191 ev_poll_posix.cc:587] FD from fork parent still in poll list: fd(10, generation: 1)
I1008 20:00:31.935940 52559191 ev_poll_posix.cc:587] FD from fork parent still in poll list: fd(10, generation: 1)
I1008 20:00:31.935947 52559191 ev_poll_posix.cc:587] FD from fork parent still in poll list: fd(10, generation: 1)
I1008 20:00:31.935952 52559191 ev_poll_posix.cc:587] FD from fork parent still in poll list: fd(10, generation: 1)
I1008 20:00:31.935955 52559191 ev_poll_posix.cc:587] FD from fork parent still in poll list: fd(10, generation: 1)
I1008 20:00:31.935960 52559191 ev_poll_posix.cc:587] FD from fork parent still in poll list: fd(10, generation: 1)
I1008 20:00:31.935964 52559191 ev_poll_posix.cc:587] FD from fork parent still in poll list: fd(10, generation: 1)
I1008 20:00:31.935967 52559191 ev_poll_posix.cc:587] FD from fork parent still in poll list: fd(10, generation: 1)
I1008 20:00:31.935971 52559191 ev_poll_posix.cc:587] FD from fork parent still in poll list: fd(10, generation: 1)
I1008 20:00:31.935975 52559191 ev_poll_posix.cc:587] FD from fork parent still in poll list: fd(10, generation: 1)
I1008 20:00:31.935979 52559191 ev_poll_posix.cc:587] FD from fork parent still in poll list: fd(10, generation: 1)
I1008 20:00:31.935983 52559191 ev_poll_posix.cc:587] FD from fork parent still in poll list: fd(10, generation: 1)
I1008 20:00:31.935986 52559191 ev_poll_posix.cc:587] FD from fork parent still in poll list: fd(10, generation: 1)
I1008 20:00:31.935990 52559191 ev_poll_posix.cc:587] FD from fork parent still in poll list: fd(10, generation: 1)
I1008 20:00:31.935994 52559191 ev_poll_posix.cc:587] FD from fork parent still in poll list: fd(10, generation: 1)
I1008 20:00:31.935997 52559191 ev_poll_posix.cc:587] FD from fork parent still in poll list: fd(10, generation: 1)
I1008 20:00:31.936000 52559191 ev_poll_posix.cc:587] FD from fork parent still in poll list: fd(10, generation: 1)
I1008 20:00:31.936004 52559191 ev_poll_posix.cc:587] FD from fork parent still in poll list: fd(10, generation: 1)
I1008 20:00:31.936008 52559191 ev_poll_posix.cc:587] FD from fork parent still in poll list: fd(10, generation: 1)
I1008 20:00:31.936011 52559191 ev_poll_posix.cc:587] FD from fork parent still in poll list: fd(10, generation: 1)
I1008 20:00:31.936015 52559191 ev_poll_posix.cc:587] FD from fork parent still in poll list: fd(10, generation: 1)
I1008 20:00:31.936019 52559191 ev_poll_posix.cc:587] FD from fork parent still in poll list: fd(10, generation: 1)
I1008 20:00:31.936022 52559191 ev_poll_posix.cc:587] FD from fork parent still in poll list: fd(10, generation: 1)
I1008 20:00:31.936025 52559191 ev_poll_posix.cc:587] FD from fork parent still in poll list: fd(10, generation: 1)
I1008 20:00:31.936029 52559191 ev_poll_posix.cc:587] FD from fork parent still in poll list: fd(10, generation: 1)
I1008 20:00:31.936032 52559191 ev_poll_posix.cc:587] FD from fork parent still in poll list: fd(10, generation: 1)
I1008 20:00:31.936036 52559191 ev_poll_posix.cc:587] FD from fork parent still in poll list: fd(10, generation: 1)
I1008 20:00:31.936040 52559191 ev_poll_posix.cc:587] FD from fork parent still in poll list: fd(10, generation: 1)
I1008 20:00:31.936052 52559191 ev_poll_posix.cc:587] FD from fork parent still in poll list: fd(10, generation: 1)
I1008 20:00:31.936055 52559191 ev_poll_posix.cc:587] FD from fork parent still in poll list: fd(10, generation: 1)
I1008 20:00:31.957449 52559223 ev_poll_posix.cc:587] FD from fork parent still in poll list: fd(10, generation: 1)
{"event": "start", "run_id": "20261008-cloud-g06-all-02", "at": "2026-10-08T14:30:31.992482+00:00", "record": "docs/review/spanner-compatibility/runs/20261008-cloud-g06-all-02"}
2026-10-08 20:00:32 [warning  ] ontology_setting_not_implemented setting='pdlc: Request.embed_fields (no embeddings for pack types)'
2026-10-08 20:00:32 [warning  ] ontology_setting_not_implemented setting='pdlc: Spec.embed_fields (no embeddings for pack types)'
2026-10-08 20:00:32 [warning  ] ontology_setting_not_implemented setting='pdlc: Requirement.embed_fields (no embeddings for pack types)'
2026-10-08 20:00:32 [warning  ] ontology_setting_not_implemented setting='pdlc: Decision.embed_fields (no embeddings for pack types)'
2026-10-08 20:00:32 [warning  ] ontology_setting_not_implemented setting='pdlc: Constraint.embed_fields (no embeddings for pack types)'
2026-10-08 20:00:32 [warning  ] ontology_setting_not_implemented setting='pdlc: DesignElement.embed_fields (no embeddings for pack types)'
2026-10-08 20:00:32 [warning  ] ontology_setting_not_implemented setting='pdlc: Change.embed_fields (no embeddings for pack types)'
2026-10-08 20:00:32 [warning  ] ontology_setting_not_implemented setting='pdlc: Incident.embed_fields (no embeddings for pack types)'
2026-10-08 20:00:32 [warning  ] ontology_setting_not_implemented setting='pdlc: Lesson.embed_fields (no embeddings for pack types)'
2026-10-08 20:00:32 [warning  ] ontology_setting_not_implemented setting='pdlc: link_policy completeness_reports, read_time_threshold, scoring_question, write_time_threshold'
2026-10-08 20:00:32 [warning  ] ontology_setting_not_implemented setting='pdlc: extraction.derived_proposals'
2026-10-08 20:00:32 [warning  ] ontology_setting_not_implemented setting='pdlc: lifecycle.decay'
2026-10-08 20:00:32 [warning  ] ontology_setting_not_implemented setting='pdlc: lifecycle.terminal_states_reduce_importance'
2026-10-08 20:00:32 [warning  ] ontology_setting_not_implemented setting='pdlc: mappings (vocabulary only)'
2026-10-08 20:00:35 [info     ] embedding_service_initialized  model=all-MiniLM-L6-v2
2026-10-08 20:00:35 [info     ] llm_client_initialized
2026-10-08 20:00:38 [info     ] app_started                    neo4j_uri=bolt://localhost:7687 ontology_packs=['core@1.1.0', 'pdlc@4.2.0'] ontology_version=sha256:86e3735f2fc8422e redis_host=localhost
2026-10-08 20:00:41 [info     ] ontology_loaded                edge_types=36 event_types=39 intents=['completeness', 'general', 'how_does', 'impact', 'incident', 'preflight', 'related', 'status', 'trace', 'what', 'when', 'who_is', 'why'] node_types=21 packs=[{'name': 'core', 'version': '1.1.0', 'owner': 'engram'}, {'name': 'pdlc', 'version': '4.2.0', 'owner': 'TBD'}] version=sha256:86e3735f2fc8422e
2026-10-08 20:00:42 [info     ] ontology_change                eval_required=['pdlc'] kind=initial pack_changes={} reasons=['the graph records no ontology version'] replay_event_types=[] version_problems=[]
2026-10-08 20:00:42 [info     ] consumer_started               consumer=projection-1 group=g06-20261008-cloud-g06-all-02-projection stream=Events
2026-10-08 20:00:43 [info     ] pending_drain_completed        group=g06-20261008-cloud-g06-all-02-projection
2026-10-08 20:00:45 [info     ] embedding_service_initialized  model=all-MiniLM-L6-v2
2026-10-08 20:00:45 [info     ] consumer_started               consumer=extraction-1 group=g06-20261008-cloud-g06-all-02-extraction stream=Events
2026-10-08 20:00:46 [info     ] pending_drain_completed        group=g06-20261008-cloud-g06-all-02-extraction
2026-10-08 20:00:48 [info     ] enrichment_embedding_service_initialized model=all-MiniLM-L6-v2
2026-10-08 20:00:48 [info     ] pack_extraction_profiles       packs=['pdlc'] sources=['observation.input', 'pdlc.design.section_changed', 'pdlc.spec.approved']
2026-10-08 20:00:48 [info     ] consumer_started               consumer=enrichment-1 group=g06-20261008-cloud-g06-all-02-enrichment stream=Events
2026-10-08 20:00:49 [info     ] pending_drain_completed        group=g06-20261008-cloud-g06-all-02-enrichment
2026-10-08 20:00:52 [info     ] consumer_started               consumer=pack-extraction-1 group=g06-20261008-cloud-g06-all-02-pack_extraction stream=Events
2026-10-08 20:00:52 [info     ] pending_drain_completed        group=g06-20261008-cloud-g06-all-02-pack_extraction
2026-10-08 20:00:54 [info     ] consolidation_llm_client_initialized
2026-10-08 20:00:54 [info     ] consolidation_timer_started    interval_hours=6.0
2026-10-08 20:00:55 [info     ] consumer_started               consumer=consolidation-1 group=g06-20261008-cloud-g06-all-02-consolidation stream=Events
2026-10-08 20:00:55 [info     ] pending_drain_completed        group=g06-20261008-cloud-g06-all-02-consolidation
2026-10-08 20:00:55 [info     ] event_ingested                 event_id=96f59ca1-7f0a-5df0-89c4-be89cb1d6025 event_type=pdlc.service.deployed global_position=2026-10-08T14:30:55.949903000Z/000000/96f59ca1-7f0a-5df0-89c4-be89cb1d6025 request_id=f3c37cc5-3987-417a-a10b-9a5c21bc8832 status=created
/Users/arunmenon/projects/Engram-foundation-gate/.venv/lib/python3.12/site-packages/fastapi/routing.py:352: FastAPIDeprecationWarning: ORJSONResponse is deprecated, FastAPI now serializes data directly to JSON bytes via Pydantic when a return type or response model is set, which is faster and doesn't need a custom response class. Read more in the FastAPI docs: https://fastapi.tiangolo.com/advanced/custom-response/#orjson-or-response-model and https://fastapi.tiangolo.com/tutorial/response-model/
  return await dependant.call(**values)
2026-10-08 20:00:56 [debug    ] event_enriched                 event_id=96f59ca1-7f0a-5df0-89c4-be89cb1d6025 importance_score=5 keywords=['pdlc', 'service', 'deployed']
2026-10-08 20:01:01 [info     ] loading_embedding_model        device=cpu model=all-MiniLM-L6-v2
I1008 20:01:01.627230 52560620 ev_poll_posix.cc:587] FD from fork parent still in poll list: fd(25, generation: 1)
I1008 20:01:01.627349 52560620 ev_poll_posix.cc:587] FD from fork parent still in poll list: fd(21, generation: 1)
I1008 20:01:01.627545 52560620 ev_poll_posix.cc:587] FD from fork parent still in poll list: fd(20, generation: 1)
I1008 20:01:01.627599 52560620 ev_poll_posix.cc:587] FD from fork parent still in poll list: fd(17, generation: 1)
I1008 20:01:01.627604 52560620 ev_poll_posix.cc:587] FD from fork parent still in poll list: fd(10, generation: 1)
Loading weights:   0%|          | 0/103 [00:00<?, ?it/s]Loading weights: 100%|██████████| 103/103 [00:00<00:00, 6963.69it/s]
2026-10-08 20:01:01 [debug    ] event_projected                edge_count=0 entry_id=2026-10-08T14:30:55.949903000Z/000000/96f59ca1-7f0a-5df0-89c4-be89cb1d6025 event_id=96f59ca1-7f0a-5df0-89c4-be89cb1d6025 session_id=g06/20261008-cloud-g06-all-02
2026-10-08 20:01:01 [debug    ] event_embedding_stored         event_id=96f59ca1-7f0a-5df0-89c4-be89cb1d6025
2026-10-08 20:01:03 [debug    ] pack_plans_applied             edges=3 events=1 nodes=6 states=1
/Users/arunmenon/projects/Engram-foundation-gate/.venv/lib/python3.12/site-packages/fastapi/routing.py:352: FastAPIDeprecationWarning: ORJSONResponse is deprecated, FastAPI now serializes data directly to JSON bytes via Pydantic when a return type or response model is set, which is faster and doesn't need a custom response class. Read more in the FastAPI docs: https://fastapi.tiangolo.com/advanced/custom-response/#orjson-or-response-model and https://fastapi.tiangolo.com/tutorial/response-model/
  return await dependant.call(**values)
IC01-main-deploy passed
2026-10-08 20:01:06 [info     ] event_ingested                 event_id=dd42f1c8-c8cf-50ed-9d34-04178837185a event_type=pdlc.service.deployed global_position=2026-10-08T14:31:06.387759000Z/000000/dd42f1c8-c8cf-50ed-9d34-04178837185a request_id=31a092ed-6f6f-4e8a-ad07-ddf113a2d433 status=created
2026-10-08 20:01:06 [debug    ] event_projected                edge_count=1 entry_id=2026-10-08T14:31:06.387759000Z/000000/dd42f1c8-c8cf-50ed-9d34-04178837185a event_id=dd42f1c8-c8cf-50ed-9d34-04178837185a session_id=g06/20261008-cloud-g06-all-02
2026-10-08 20:01:06 [debug    ] event_enriched                 event_id=dd42f1c8-c8cf-50ed-9d34-04178837185a importance_score=5 keywords=['pdlc', 'service', 'deployed']
2026-10-08 20:01:07 [debug    ] event_embedding_stored         event_id=dd42f1c8-c8cf-50ed-9d34-04178837185a
2026-10-08 20:01:08 [debug    ] pack_plans_applied             edges=3 events=1 nodes=6 states=1
IC01-repo-collision passed
2026-10-08 20:01:12 [info     ] event_ingested                 event_id=fdf9ab96-90d5-5c10-a15b-3f3f754166cf event_type=pdlc.service.deployed global_position=2026-10-08T14:31:12.352575000Z/000000/fdf9ab96-90d5-5c10-a15b-3f3f754166cf request_id=6c9133f0-e038-436a-8f3b-697b01736de6 status=created
2026-10-08 20:01:12 [debug    ] event_projected                edge_count=1 entry_id=2026-10-08T14:31:12.352575000Z/000000/fdf9ab96-90d5-5c10-a15b-3f3f754166cf event_id=fdf9ab96-90d5-5c10-a15b-3f3f754166cf session_id=g06/20261008-cloud-g06-all-02
2026-10-08 20:01:12 [debug    ] event_enriched                 event_id=fdf9ab96-90d5-5c10-a15b-3f3f754166cf importance_score=5 keywords=['pdlc', 'service', 'deployed']
2026-10-08 20:01:13 [debug    ] event_embedding_stored         event_id=fdf9ab96-90d5-5c10-a15b-3f3f754166cf
2026-10-08 20:01:14 [debug    ] pack_plans_applied             edges=3 events=1 nodes=6 states=1
IC01-other-scope passed
2026-10-08 20:01:17 [info     ] event_ingested                 event_id=c43a575c-8efb-529d-b9ba-e53904cfa6b7 event_type=pdlc.service.deployed global_position=2026-10-08T14:31:17.809759000Z/000000/c43a575c-8efb-529d-b9ba-e53904cfa6b7 request_id=16c52bbe-7712-48d2-88f2-f45d50b389cc status=created
2026-10-08 20:01:18 [debug    ] event_projected                edge_count=1 entry_id=2026-10-08T14:31:17.809759000Z/000000/c43a575c-8efb-529d-b9ba-e53904cfa6b7 event_id=c43a575c-8efb-529d-b9ba-e53904cfa6b7 session_id=g06/20261008-cloud-g06-all-02
2026-10-08 20:01:18 [debug    ] event_enriched                 event_id=c43a575c-8efb-529d-b9ba-e53904cfa6b7 importance_score=5 keywords=['pdlc', 'service', 'deployed']
2026-10-08 20:01:19 [debug    ] event_embedding_stored         event_id=c43a575c-8efb-529d-b9ba-e53904cfa6b7
2026-10-08 20:01:19 [debug    ] pack_plans_applied             edges=3 events=1 nodes=6 states=1
IC01-service-collision passed
2026-10-08 20:01:23 [info     ] event_ingested                 event_id=4ba5c841-7a01-5b74-8c11-50c0994a4e0a event_type=pdlc.service.deployed global_position=2026-10-08T14:31:23.330767000Z/000000/4ba5c841-7a01-5b74-8c11-50c0994a4e0a request_id=486f1463-a1cf-422d-919d-61991e6f0740 status=created
2026-10-08 20:01:23 [debug    ] event_projected                edge_count=1 entry_id=2026-10-08T14:31:23.330767000Z/000000/4ba5c841-7a01-5b74-8c11-50c0994a4e0a event_id=4ba5c841-7a01-5b74-8c11-50c0994a4e0a session_id=g06/20261008-cloud-g06-all-02
2026-10-08 20:01:23 [debug    ] event_enriched                 event_id=4ba5c841-7a01-5b74-8c11-50c0994a4e0a importance_score=5 keywords=['pdlc', 'service', 'deployed']
2026-10-08 20:01:24 [debug    ] event_embedding_stored         event_id=4ba5c841-7a01-5b74-8c11-50c0994a4e0a
2026-10-08 20:01:25 [debug    ] pack_plans_applied             edges=3 events=1 nodes=6 states=1
IC01-future-deploy passed
2026-10-08 20:01:28 [info     ] event_ingested                 event_id=b0f1cc20-7aea-5674-b628-e6e5b375acbc event_type=pdlc.incident.detected global_position=2026-10-08T14:31:28.945871000Z/000000/b0f1cc20-7aea-5674-b628-e6e5b375acbc request_id=65b64155-5046-4ebd-8d3a-57483503d25c status=created
2026-10-08 20:01:29 [debug    ] event_projected                edge_count=1 entry_id=2026-10-08T14:31:28.945871000Z/000000/b0f1cc20-7aea-5674-b628-e6e5b375acbc event_id=b0f1cc20-7aea-5674-b628-e6e5b375acbc session_id=g06/20261008-cloud-g06-all-02
2026-10-08 20:01:29 [debug    ] event_enriched                 event_id=b0f1cc20-7aea-5674-b628-e6e5b375acbc importance_score=5 keywords=['pdlc', 'incident', 'detected']
2026-10-08 20:01:29 [debug    ] event_embedding_stored         event_id=b0f1cc20-7aea-5674-b628-e6e5b375acbc
Failed to export metrics to Cloud Monitoring: 403 Permission monitoring.timeSeries.create denied (or the resource may not exist).
2026-10-08 20:01:31 [debug    ] pack_plans_applied             edges=4 events=1 nodes=5 states=1
IC02-detected passed
2026-10-08 20:01:35 [info     ] event_ingested                 event_id=b0f1cc20-7aea-5674-b628-e6e5b375acbc event_type=pdlc.incident.detected global_position=2026-10-08T14:31:28.945871000Z/000000/b0f1cc20-7aea-5674-b628-e6e5b375acbc request_id=2d93bd55-4ad3-4b9c-b09a-ce57de09d08e status=duplicate
IC02-detected-retry passed
IC02-detected-conflict passed
2026-10-08 20:01:43 [info     ] event_ingested                 event_id=220f5ca6-e1e7-5e48-bf69-d8360319cece event_type=pdlc.incident.reported global_position=2026-10-08T14:31:43.255887000Z/000000/220f5ca6-e1e7-5e48-bf69-d8360319cece request_id=97515a59-71a6-409d-b739-1206778a242d status=created
2026-10-08 20:01:43 [debug    ] event_projected                edge_count=1 entry_id=2026-10-08T14:31:43.255887000Z/000000/220f5ca6-e1e7-5e48-bf69-d8360319cece event_id=220f5ca6-e1e7-5e48-bf69-d8360319cece session_id=g06/20261008-cloud-g06-all-02
2026-10-08 20:01:43 [debug    ] event_enriched                 event_id=220f5ca6-e1e7-5e48-bf69-d8360319cece importance_score=5 keywords=['pdlc', 'incident', 'reported']
2026-10-08 20:01:44 [debug    ] event_embedding_stored         event_id=220f5ca6-e1e7-5e48-bf69-d8360319cece
2026-10-08 20:01:45 [debug    ] pack_plans_applied             edges=4 events=1 nodes=5 states=1
IC02-reported-other-scope passed
2026-10-08 20:01:48 [info     ] event_ingested                 event_id=37bcf3b7-621d-5511-847f-6f7037d477ac event_type=pdlc.incident.detected global_position=2026-10-08T14:31:48.846511000Z/000000/37bcf3b7-621d-5511-847f-6f7037d477ac request_id=98983297-b580-4ac2-be82-839f77ade728 status=created
2026-10-08 20:01:49 [debug    ] event_projected                edge_count=1 entry_id=2026-10-08T14:31:48.846511000Z/000000/37bcf3b7-621d-5511-847f-6f7037d477ac event_id=37bcf3b7-621d-5511-847f-6f7037d477ac session_id=g06/20261008-cloud-g06-all-02
2026-10-08 20:01:49 [debug    ] event_enriched                 event_id=37bcf3b7-621d-5511-847f-6f7037d477ac importance_score=5 keywords=['pdlc', 'incident', 'detected']
2026-10-08 20:01:49 [debug    ] event_embedding_stored         event_id=37bcf3b7-621d-5511-847f-6f7037d477ac
2026-10-08 20:01:51 [debug    ] pack_plans_applied             edges=3 events=1 nodes=5 states=1
IC03-before-deployment passed
2026-10-08 20:01:54 [info     ] event_ingested                 event_id=dea8b8a7-f871-530e-8695-c9d62f681717 event_type=pdlc.incident.detected global_position=2026-10-08T14:31:54.379167000Z/000000/dea8b8a7-f871-530e-8695-c9d62f681717 request_id=8995d3cf-19f8-4c20-98b0-842fb36af95b status=created
2026-10-08 20:01:54 [debug    ] event_projected                edge_count=1 entry_id=2026-10-08T14:31:54.379167000Z/000000/dea8b8a7-f871-530e-8695-c9d62f681717 event_id=dea8b8a7-f871-530e-8695-c9d62f681717 session_id=g06/20261008-cloud-g06-all-02
2026-10-08 20:01:54 [debug    ] event_enriched                 event_id=dea8b8a7-f871-530e-8695-c9d62f681717 importance_score=5 keywords=['pdlc', 'incident', 'detected']
2026-10-08 20:01:55 [debug    ] event_embedding_stored         event_id=dea8b8a7-f871-530e-8695-c9d62f681717
2026-10-08 20:01:56 [debug    ] pack_plans_applied             edges=3 events=1 nodes=4 states=1
IC03-no-reference passed
2026-10-08 20:01:59 [info     ] event_ingested                 event_id=1904529b-3c2c-5bc0-ae34-6044dc0a0fc7 event_type=pdlc.change.created global_position=2026-10-08T14:31:59.973407000Z/000000/1904529b-3c2c-5bc0-ae34-6044dc0a0fc7 request_id=b875682f-4107-4031-8c6f-977fd5016dec status=created
2026-10-08 20:02:00 [debug    ] event_projected                edge_count=1 entry_id=2026-10-08T14:31:59.973407000Z/000000/1904529b-3c2c-5bc0-ae34-6044dc0a0fc7 event_id=1904529b-3c2c-5bc0-ae34-6044dc0a0fc7 session_id=g06/20261008-cloud-g06-all-02
2026-10-08 20:02:00 [debug    ] event_enriched                 event_id=1904529b-3c2c-5bc0-ae34-6044dc0a0fc7 importance_score=5 keywords=['pdlc', 'change', 'created']
2026-10-08 20:02:01 [debug    ] event_embedding_stored         event_id=1904529b-3c2c-5bc0-ae34-6044dc0a0fc7
2026-10-08 20:02:01 [debug    ] pack_plans_applied             edges=1 events=1 nodes=2 states=1
IC04-pr-8 passed
2026-10-08 20:02:05 [info     ] event_ingested                 event_id=a9e8541e-9b11-51ae-9ba7-0b99339b9868 event_type=pdlc.change.created global_position=2026-10-08T14:32:05.760879000Z/000000/a9e8541e-9b11-51ae-9ba7-0b99339b9868 request_id=5beb6e44-9279-4de3-a1e6-a18f1a8eb77c status=created
2026-10-08 20:02:06 [debug    ] event_projected                edge_count=1 entry_id=2026-10-08T14:32:05.760879000Z/000000/a9e8541e-9b11-51ae-9ba7-0b99339b9868 event_id=a9e8541e-9b11-51ae-9ba7-0b99339b9868 session_id=g06/20261008-cloud-g06-all-02
2026-10-08 20:02:06 [debug    ] event_enriched                 event_id=a9e8541e-9b11-51ae-9ba7-0b99339b9868 importance_score=5 keywords=['pdlc', 'change', 'created']
2026-10-08 20:02:06 [debug    ] event_embedding_stored         event_id=a9e8541e-9b11-51ae-9ba7-0b99339b9868
2026-10-08 20:02:07 [debug    ] pack_plans_applied             edges=1 events=1 nodes=2 states=1
IC04-pr-9 passed
2026-10-08 20:02:11 [info     ] event_ingested                 event_id=7d871d22-e672-5dfe-869b-418c63acb549 event_type=pdlc.incident.remediation_recorded global_position=2026-10-08T14:32:11.560895000Z/000000/7d871d22-e672-5dfe-869b-418c63acb549 request_id=a21b663f-a011-4a99-a6e4-32c665f184fe status=created
2026-10-08 20:02:11 [debug    ] event_projected                edge_count=1 entry_id=2026-10-08T14:32:11.560895000Z/000000/7d871d22-e672-5dfe-869b-418c63acb549 event_id=7d871d22-e672-5dfe-869b-418c63acb549 session_id=g06/20261008-cloud-g06-all-02
2026-10-08 20:02:12 [debug    ] event_enriched                 event_id=7d871d22-e672-5dfe-869b-418c63acb549 importance_score=5 keywords=['pdlc', 'incident', 'remediation_recorded']
2026-10-08 20:02:12 [debug    ] event_embedding_stored         event_id=7d871d22-e672-5dfe-869b-418c63acb549
2026-10-08 20:02:13 [debug    ] pack_plans_applied             edges=1 events=1 nodes=2 states=0
IC05-remediation passed
2026-10-08 20:02:18 [info     ] event_ingested                 event_id=7d871d22-e672-5dfe-869b-418c63acb549 event_type=pdlc.incident.remediation_recorded global_position=2026-10-08T14:32:11.560895000Z/000000/7d871d22-e672-5dfe-869b-418c63acb549 request_id=62f21378-6eee-4961-b113-2dac9f94eaa5 status=duplicate
IC05-remediation-retry passed
IC05-remediation-conflict passed
2026-10-08 20:02:27 [info     ] event_ingested                 event_id=0b9713be-7024-5fc4-89b2-884155a7250c event_type=pdlc.change.merged global_position=2026-10-08T14:32:27.227903000Z/000000/0b9713be-7024-5fc4-89b2-884155a7250c request_id=5d2feae5-1427-4b30-a790-96690a7301f9 status=created
2026-10-08 20:02:27 [debug    ] event_projected                edge_count=1 entry_id=2026-10-08T14:32:27.227903000Z/000000/0b9713be-7024-5fc4-89b2-884155a7250c event_id=0b9713be-7024-5fc4-89b2-884155a7250c session_id=g06/20261008-cloud-g06-all-02
2026-10-08 20:02:27 [debug    ] event_enriched                 event_id=0b9713be-7024-5fc4-89b2-884155a7250c importance_score=5 keywords=['pdlc', 'change', 'merged']
2026-10-08 20:02:28 [debug    ] event_embedding_stored         event_id=0b9713be-7024-5fc4-89b2-884155a7250c
2026-10-08 20:02:29 [debug    ] pack_plans_applied             edges=1 events=1 nodes=6 states=1
Failed to export metrics to Cloud Monitoring: 403 Permission monitoring.timeSeries.create denied (or the resource may not exist).
IC06-merge-still-open passed
2026-10-08 20:02:33 [info     ] event_ingested                 event_id=066f885e-a543-53ff-9946-87bd8845ea27 event_type=pdlc.incident.resolved global_position=2026-10-08T14:32:33.105439000Z/000000/066f885e-a543-53ff-9946-87bd8845ea27 request_id=962a5a81-546a-4294-9e02-b59429f447ed status=created
2026-10-08 20:02:33 [debug    ] event_projected                edge_count=1 entry_id=2026-10-08T14:32:33.105439000Z/000000/066f885e-a543-53ff-9946-87bd8845ea27 event_id=066f885e-a543-53ff-9946-87bd8845ea27 session_id=g06/20261008-cloud-g06-all-02
2026-10-08 20:02:33 [debug    ] event_enriched                 event_id=066f885e-a543-53ff-9946-87bd8845ea27 importance_score=5 keywords=['pdlc', 'incident', 'resolved']
2026-10-08 20:02:34 [debug    ] event_embedding_stored         event_id=066f885e-a543-53ff-9946-87bd8845ea27
2026-10-08 20:02:35 [debug    ] pack_plans_applied             edges=1 events=1 nodes=1 states=1
IC07-explicit-resolution passed
2026-10-08 20:02:39 [info     ] event_ingested                 event_id=b560221e-4394-5cdf-9c03-fb22c2deba47 event_type=pdlc.incident.detected global_position=2026-10-08T14:32:39.320959000Z/000000/b560221e-4394-5cdf-9c03-fb22c2deba47 request_id=2276bc8f-4016-4b90-bd5d-1df34738ddcf status=created
2026-10-08 20:02:39 [debug    ] event_projected                edge_count=1 entry_id=2026-10-08T14:32:39.320959000Z/000000/b560221e-4394-5cdf-9c03-fb22c2deba47 event_id=b560221e-4394-5cdf-9c03-fb22c2deba47 session_id=g06/20261008-cloud-g06-all-02
2026-10-08 20:02:39 [debug    ] event_enriched                 event_id=b560221e-4394-5cdf-9c03-fb22c2deba47 importance_score=5 keywords=['pdlc', 'incident', 'detected']
2026-10-08 20:02:40 [debug    ] event_embedding_stored         event_id=b560221e-4394-5cdf-9c03-fb22c2deba47
2026-10-08 20:02:41 [debug    ] pack_plans_applied             edges=4 events=1 nodes=5 states=1
IC07-late-detection passed
2026-10-08 20:02:45 [info     ] event_ingested                 event_id=eb86b07f-75ea-5e1d-aea4-76c1ed2fc23c event_type=pdlc.incident.remediation_recorded global_position=2026-10-08T14:32:45.729919000Z/000000/eb86b07f-75ea-5e1d-aea4-76c1ed2fc23c request_id=f97ca416-b84b-4df9-b195-a81336749106 status=created
2026-10-08 20:02:46 [debug    ] event_projected                edge_count=1 entry_id=2026-10-08T14:32:45.729919000Z/000000/eb86b07f-75ea-5e1d-aea4-76c1ed2fc23c event_id=eb86b07f-75ea-5e1d-aea4-76c1ed2fc23c session_id=g06/20261008-cloud-g06-all-02
2026-10-08 20:02:46 [debug    ] event_enriched                 event_id=eb86b07f-75ea-5e1d-aea4-76c1ed2fc23c importance_score=5 keywords=['pdlc', 'incident', 'remediation_recorded']
2026-10-08 20:02:46 [debug    ] event_embedding_stored         event_id=eb86b07f-75ea-5e1d-aea4-76c1ed2fc23c
2026-10-08 20:02:47 [debug    ] pack_plans_applied             edges=1 events=1 nodes=2 states=0
IC08-reference-first passed
2026-10-08 20:02:54 [info     ] event_ingested                 event_id=e2305acc-5096-5164-a2c2-74c4d1b94463 event_type=pdlc.change.created global_position=2026-10-08T14:32:54.418799000Z/000000/e2305acc-5096-5164-a2c2-74c4d1b94463 request_id=92dd905e-c514-423b-8727-32257623fc5c status=created
2026-10-08 20:02:54 [debug    ] event_projected                edge_count=1 entry_id=2026-10-08T14:32:54.418799000Z/000000/e2305acc-5096-5164-a2c2-74c4d1b94463 event_id=e2305acc-5096-5164-a2c2-74c4d1b94463 session_id=g06/20261008-cloud-g06-all-02
2026-10-08 20:02:54 [debug    ] event_enriched                 event_id=e2305acc-5096-5164-a2c2-74c4d1b94463 importance_score=5 keywords=['pdlc', 'change', 'created']
2026-10-08 20:02:55 [debug    ] event_embedding_stored         event_id=e2305acc-5096-5164-a2c2-74c4d1b94463
2026-10-08 20:02:56 [debug    ] pack_plans_applied             edges=1 events=1 nodes=2 states=1
IC08-change-arrives passed
2026-10-08 20:03:00 [info     ] event_ingested                 event_id=21ff941f-9830-5fdf-882e-31ca3cb86c13 event_type=pdlc.incident.detected global_position=2026-10-08T14:33:00.501183000Z/000000/21ff941f-9830-5fdf-882e-31ca3cb86c13 request_id=1b584fa0-a362-428a-8270-abea4ef1ad3e status=created
2026-10-08 20:03:00 [debug    ] event_projected                edge_count=1 entry_id=2026-10-08T14:33:00.501183000Z/000000/21ff941f-9830-5fdf-882e-31ca3cb86c13 event_id=21ff941f-9830-5fdf-882e-31ca3cb86c13 session_id=g06/20261008-cloud-g06-all-02
2026-10-08 20:03:01 [debug    ] event_enriched                 event_id=21ff941f-9830-5fdf-882e-31ca3cb86c13 importance_score=5 keywords=['pdlc', 'incident', 'detected']
2026-10-08 20:03:01 [debug    ] event_embedding_stored         event_id=21ff941f-9830-5fdf-882e-31ca3cb86c13
2026-10-08 20:03:02 [debug    ] pack_plans_applied             edges=3 events=1 nodes=4 states=1
IC08-incident-arrives passed
2026-10-08 20:03:07 [info     ] event_ingested                 event_id=866ba69e-281e-5839-8167-10479dc45101 event_type=pdlc.incident.lesson_recorded global_position=2026-10-08T14:33:07.308671000Z/000000/866ba69e-281e-5839-8167-10479dc45101 request_id=07b80f2c-9fb5-429b-8732-b70b5c02e1e9 status=created
2026-10-08 20:03:07 [debug    ] event_projected                edge_count=1 entry_id=2026-10-08T14:33:07.308671000Z/000000/866ba69e-281e-5839-8167-10479dc45101 event_id=866ba69e-281e-5839-8167-10479dc45101 session_id=g06/20261008-cloud-g06-all-02
2026-10-08 20:03:07 [debug    ] event_enriched                 event_id=866ba69e-281e-5839-8167-10479dc45101 importance_score=5 keywords=['pdlc', 'incident', 'lesson_recorded']
2026-10-08 20:03:08 [debug    ] event_embedding_stored         event_id=866ba69e-281e-5839-8167-10479dc45101
2026-10-08 20:03:09 [debug    ] pack_plans_applied             edges=3 events=1 nodes=5 states=0
IC09-authored-lesson passed
2026-10-08 20:03:14 [info     ] event_ingested                 event_id=866ba69e-281e-5839-8167-10479dc45101 event_type=pdlc.incident.lesson_recorded global_position=2026-10-08T14:33:07.308671000Z/000000/866ba69e-281e-5839-8167-10479dc45101 request_id=e59af0ac-214f-4647-95f3-d9c95b16824a status=duplicate
IC09-authored-lesson-retry passed
IC09-authored-lesson-conflict passed
2026-10-08 20:03:23 [info     ] event_ingested                 event_id=214a9452-cb9d-5a76-91ff-a16245e82157 event_type=pdlc.incident.lesson_recorded global_position=2026-10-08T14:33:23.817023000Z/000000/214a9452-cb9d-5a76-91ff-a16245e82157 request_id=b617c59d-fba4-469d-a082-dd558ba201c5 status=created
2026-10-08 20:03:24 [debug    ] event_projected                edge_count=1 entry_id=2026-10-08T14:33:23.817023000Z/000000/214a9452-cb9d-5a76-91ff-a16245e82157 event_id=214a9452-cb9d-5a76-91ff-a16245e82157 session_id=g06/20261008-cloud-g06-all-02
2026-10-08 20:03:24 [debug    ] event_enriched                 event_id=214a9452-cb9d-5a76-91ff-a16245e82157 importance_score=5 keywords=['pdlc', 'incident', 'lesson_recorded']
2026-10-08 20:03:24 [debug    ] event_embedding_stored         event_id=214a9452-cb9d-5a76-91ff-a16245e82157
2026-10-08 20:03:25 [debug    ] pack_plans_applied             edges=2 events=1 nodes=3 states=0
IC09-identical-text-other-incident passed
2026-10-08 20:03:30 [info     ] event_ingested                 event_id=e73199e8-5fd1-5044-b374-9a5d15944fda event_type=pdlc.incident.lesson_recorded global_position=2026-10-08T14:33:30.209167000Z/000000/e73199e8-5fd1-5044-b374-9a5d15944fda request_id=35981703-224d-4783-a13d-a570d0488e73 status=created
2026-10-08 20:03:30 [debug    ] event_projected                edge_count=1 entry_id=2026-10-08T14:33:30.209167000Z/000000/e73199e8-5fd1-5044-b374-9a5d15944fda event_id=e73199e8-5fd1-5044-b374-9a5d15944fda session_id=g06/20261008-cloud-g06-all-02
2026-10-08 20:03:30 [debug    ] event_enriched                 event_id=e73199e8-5fd1-5044-b374-9a5d15944fda importance_score=5 keywords=['pdlc', 'incident', 'lesson_recorded']
2026-10-08 20:03:31 [debug    ] event_embedding_stored         event_id=e73199e8-5fd1-5044-b374-9a5d15944fda
Failed to export metrics to Cloud Monitoring: 403 Permission monitoring.timeSeries.create denied (or the resource may not exist).
2026-10-08 20:03:32 [debug    ] pack_plans_applied             edges=2 events=1 nodes=3 states=0
IC09-rejected-support passed
2026-10-08 20:03:36 [info     ] event_ingested                 event_id=d76d1055-ba66-50a1-8fb5-93029d343430 event_type=pdlc.spec.approved global_position=2026-10-08T14:33:36.852191000Z/000000/d76d1055-ba66-50a1-8fb5-93029d343430 request_id=6d348872-7b75-4f84-8c7a-68fd6a910ec2 status=created
2026-10-08 20:03:37 [debug    ] event_projected                edge_count=1 entry_id=2026-10-08T14:33:36.852191000Z/000000/d76d1055-ba66-50a1-8fb5-93029d343430 event_id=d76d1055-ba66-50a1-8fb5-93029d343430 session_id=g06/20261008-cloud-g06-all-02
2026-10-08 20:03:37 [debug    ] event_enriched                 event_id=d76d1055-ba66-50a1-8fb5-93029d343430 importance_score=5 keywords=['pdlc', 'spec', 'approved']
2026-10-08 20:03:37 [debug    ] event_embedding_stored         event_id=d76d1055-ba66-50a1-8fb5-93029d343430
I1008 20:03:38.738027 52560136 fork_posix.cc:71] Other threads are currently calling into gRPC, skipping fork() handlers
I1008 20:03:38.766451 52560136 fork_posix.cc:71] Other threads are currently calling into gRPC, skipping fork() handlers
2026-10-08 20:03:39 [debug    ] pack_plans_applied             edges=2 events=1 nodes=5 states=1
2026-10-08 20:03:41 [info     ] pack_extraction_applied        edges_written=0 event_id=d76d1055-ba66-50a1-8fb5-93029d343430 links=0 nodes=0 pack=pdlc rejected=[]
/Users/arunmenon/projects/Engram-foundation-gate/.venv/lib/python3.12/site-packages/fastapi/routing.py:352: FastAPIDeprecationWarning: ORJSONResponse is deprecated, FastAPI now serializes data directly to JSON bytes via Pydantic when a return type or response model is set, which is faster and doesn't need a custom response class. Read more in the FastAPI docs: https://fastapi.tiangolo.com/advanced/custom-response/#orjson-or-response-model and https://fastapi.tiangolo.com/tutorial/response-model/
  return await dependant.call(**values)
IC10-explicit-citation passed
2026-10-08 20:03:46 [info     ] event_ingested                 event_id=96e206db-c358-54b3-8d78-df64386c4f51 event_type=pdlc.spec.approved global_position=2026-10-08T14:33:46.614783000Z/000000/96e206db-c358-54b3-8d78-df64386c4f51 request_id=aba63ba6-d71d-4b74-ba03-467181cb5463 status=created
2026-10-08 20:03:46 [debug    ] event_projected                edge_count=1 entry_id=2026-10-08T14:33:46.614783000Z/000000/96e206db-c358-54b3-8d78-df64386c4f51 event_id=96e206db-c358-54b3-8d78-df64386c4f51 session_id=g06/20261008-cloud-g06-all-02
2026-10-08 20:03:47 [debug    ] event_enriched                 event_id=96e206db-c358-54b3-8d78-df64386c4f51 importance_score=5 keywords=['pdlc', 'spec', 'approved']
2026-10-08 20:03:47 [debug    ] event_embedding_stored         event_id=96e206db-c358-54b3-8d78-df64386c4f51
2026-10-08 20:03:48 [debug    ] pack_plans_applied             edges=1 events=1 nodes=4 states=1
2026-10-08 20:03:50 [info     ] pack_extraction_applied        edges_written=0 event_id=96e206db-c358-54b3-8d78-df64386c4f51 links=0 nodes=0 pack=pdlc rejected=[]
IC10-similar-unciting-spec passed
2026-10-08 20:03:54 [info     ] event_ingested                 event_id=f1585074-2d8e-5626-baee-cf45ab66253f event_type=pdlc.spec.approved global_position=2026-10-08T14:33:54.570495000Z/000000/f1585074-2d8e-5626-baee-cf45ab66253f request_id=3d382a49-ba77-4d0b-b966-a35b10c236db status=created
2026-10-08 20:03:55 [debug    ] event_projected                edge_count=1 entry_id=2026-10-08T14:33:54.570495000Z/000000/f1585074-2d8e-5626-baee-cf45ab66253f event_id=f1585074-2d8e-5626-baee-cf45ab66253f session_id=g06/20261008-cloud-g06-all-02
2026-10-08 20:03:55 [debug    ] event_enriched                 event_id=f1585074-2d8e-5626-baee-cf45ab66253f importance_score=5 keywords=['pdlc', 'spec', 'approved']
2026-10-08 20:03:55 [debug    ] event_embedding_stored         event_id=f1585074-2d8e-5626-baee-cf45ab66253f
2026-10-08 20:03:56 [debug    ] pack_plans_applied             edges=2 events=1 nodes=5 states=1
2026-10-08 20:03:57 [info     ] pack_extraction_applied        edges_written=0 event_id=f1585074-2d8e-5626-baee-cf45ab66253f links=0 nodes=0 pack=pdlc rejected=[]
IC10-unknown-lesson-citation passed
IC11-detected-missing-repo passed
IC11-reported-typed-service passed
IC11-resolved-typed-id passed
IC11-remediation-incomplete-pr passed
Failed to export metrics to Cloud Monitoring: 403 Permission monitoring.timeSeries.create denied (or the resource may not exist).
IC11-remediation-typed-incident passed
2026-10-08 20:04:46 [info     ] consumer_stopped               consumer=projection-1 group=g06-20261008-cloud-g06-all-02-projection
2026-10-08 20:04:46 [info     ] consumer_stopped               consumer=extraction-1 group=g06-20261008-cloud-g06-all-02-extraction
2026-10-08 20:04:46 [info     ] consumer_stopped               consumer=enrichment-1 group=g06-20261008-cloud-g06-all-02-enrichment
2026-10-08 20:04:46 [info     ] consumer_stopped               consumer=pack-extraction-1 group=g06-20261008-cloud-g06-all-02-pack_extraction
2026-10-08 20:04:46 [info     ] consumer_stopped               consumer=consolidation-1 group=g06-20261008-cloud-g06-all-02-consolidation
2026-10-08 20:04:49 [info     ] app_stopped
G06 run failed: AssertionError
I1008 20:04:54.582752 52589668 ev_poll_posix.cc:587] FD from fork parent still in poll list: fd(39, generation: 1)
{"event": "finish", "run_id": "20261008-cloud-g06-all-02", "at": "2026-10-08T14:34:54.650289+00:00", "record": "docs/review/spanner-compatibility/runs/20261008-cloud-g06-all-02"}
Failed to export metrics to Cloud Monitoring: 403 Permission monitoring.timeSeries.create denied (or the resource may not exist).
