{"event": "start", "run_id": "20261008-cloud-g02-pl01-02", "at": "2026-10-08T03:20:23.292309+00:00", "record": "docs/review/spanner-compatibility/runs/20261008-cloud-g02-pl01-02"}
2026-10-08 08:50:23 [warning  ] ontology_setting_not_implemented setting='pdlc: Request.embed_fields (no embeddings for pack types)'
2026-10-08 08:50:23 [warning  ] ontology_setting_not_implemented setting='pdlc: Spec.embed_fields (no embeddings for pack types)'
2026-10-08 08:50:23 [warning  ] ontology_setting_not_implemented setting='pdlc: Requirement.embed_fields (no embeddings for pack types)'
2026-10-08 08:50:23 [warning  ] ontology_setting_not_implemented setting='pdlc: Decision.embed_fields (no embeddings for pack types)'
2026-10-08 08:50:23 [warning  ] ontology_setting_not_implemented setting='pdlc: Constraint.embed_fields (no embeddings for pack types)'
2026-10-08 08:50:23 [warning  ] ontology_setting_not_implemented setting='pdlc: DesignElement.embed_fields (no embeddings for pack types)'
2026-10-08 08:50:23 [warning  ] ontology_setting_not_implemented setting='pdlc: Change.embed_fields (no embeddings for pack types)'
2026-10-08 08:50:23 [warning  ] ontology_setting_not_implemented setting='pdlc: Incident.embed_fields (no embeddings for pack types)'
2026-10-08 08:50:23 [warning  ] ontology_setting_not_implemented setting='pdlc: Lesson.embed_fields (no embeddings for pack types)'
2026-10-08 08:50:23 [warning  ] ontology_setting_not_implemented setting='pdlc: link_policy completeness_reports, read_time_threshold, scoring_question, write_time_threshold'
2026-10-08 08:50:23 [warning  ] ontology_setting_not_implemented setting='pdlc: extraction.derived_proposals'
2026-10-08 08:50:23 [warning  ] ontology_setting_not_implemented setting='pdlc: lifecycle.decay'
2026-10-08 08:50:23 [warning  ] ontology_setting_not_implemented setting='pdlc: lifecycle.terminal_states_reduce_importance'
2026-10-08 08:50:23 [warning  ] ontology_setting_not_implemented setting='pdlc: mappings (vocabulary only)'
2026-10-08 08:50:25 [info     ] embedding_service_initialized  model=all-MiniLM-L6-v2
2026-10-08 08:50:25 [info     ] llm_client_initialized
2026-10-08 08:50:28 [info     ] app_started                    neo4j_uri=bolt://localhost:7687 ontology_packs=['core@1.1.0', 'pdlc@2.0.0'] ontology_version=sha256:15ca688e033924a8 redis_host=localhost
2026-10-08 08:50:32 [info     ] ontology_loaded                edge_types=36 event_types=36 intents=['completeness', 'general', 'how_does', 'impact', 'preflight', 'related', 'status', 'trace', 'what', 'when', 'who_is', 'why'] node_types=21 packs=[{'name': 'core', 'version': '1.1.0', 'owner': 'engram'}, {'name': 'pdlc', 'version': '2.0.0', 'owner': 'TBD'}] version=sha256:15ca688e033924a8
2026-10-08 08:50:32 [info     ] ontology_change                eval_required=['pdlc'] kind=initial pack_changes={} reasons=['the graph records no ontology version'] replay_event_types=[] version_problems=[]
2026-10-08 08:50:33 [info     ] consumer_started               consumer=projection-1 group=g02-20261008-cloud-g02-pl01-02-projection stream=Events
2026-10-08 08:50:33 [info     ] pending_drain_completed        group=g02-20261008-cloud-g02-pl01-02-projection
2026-10-08 08:50:35 [info     ] embedding_service_initialized  model=all-MiniLM-L6-v2
2026-10-08 08:50:36 [info     ] consumer_started               consumer=extraction-1 group=g02-20261008-cloud-g02-pl01-02-extraction stream=Events
2026-10-08 08:50:36 [info     ] pending_drain_completed        group=g02-20261008-cloud-g02-pl01-02-extraction
2026-10-08 08:50:38 [info     ] enrichment_embedding_service_initialized model=all-MiniLM-L6-v2
2026-10-08 08:50:38 [info     ] pack_extraction_profiles       packs=['pdlc'] sources=['observation.input', 'pdlc.design.section_changed', 'pdlc.spec.approved']
2026-10-08 08:50:38 [info     ] consumer_started               consumer=enrichment-1 group=g02-20261008-cloud-g02-pl01-02-enrichment stream=Events
2026-10-08 08:50:39 [info     ] pending_drain_completed        group=g02-20261008-cloud-g02-pl01-02-enrichment
2026-10-08 08:50:41 [info     ] consumer_started               consumer=pack-extraction-1 group=g02-20261008-cloud-g02-pl01-02-pack_extraction stream=Events
2026-10-08 08:50:42 [info     ] pending_drain_completed        group=g02-20261008-cloud-g02-pl01-02-pack_extraction
2026-10-08 08:50:44 [info     ] consolidation_llm_client_initialized
2026-10-08 08:50:44 [info     ] consolidation_timer_started    interval_hours=6.0
2026-10-08 08:50:45 [info     ] consumer_started               consumer=consolidation-1 group=g02-20261008-cloud-g02-pl01-02-consolidation stream=Events
2026-10-08 08:50:45 [info     ] event_ingested                 event_id=3cf41178-2719-567a-aee4-ca1b9f5e2750 event_type=pdlc.spec.changed global_position=2026-10-08T03:20:45.575615000Z/000000/3cf41178-2719-567a-aee4-ca1b9f5e2750 request_id=08848863-b013-49f1-9efa-11465203f6ed status=created
/private/tmp/engram-ontology-review-venv/lib/python3.12/site-packages/fastapi/routing.py:360: FastAPIDeprecationWarning: ORJSONResponse is deprecated, FastAPI now serializes data directly to JSON bytes via Pydantic when a return type or response model is set, which is faster and doesn't need a custom response class. Read more in the FastAPI docs: https://fastapi.tiangolo.com/advanced/custom-response/#orjson-or-response-model and https://fastapi.tiangolo.com/tutorial/response-model/
  return await dependant.call(**values)
2026-10-08 08:50:45 [info     ] pending_drain_completed        group=g02-20261008-cloud-g02-pl01-02-consolidation
2026-10-08 08:50:46 [debug    ] event_enriched                 event_id=3cf41178-2719-567a-aee4-ca1b9f5e2750 importance_score=5 keywords=['pdlc', 'spec', 'changed']
2026-10-08 08:50:50 [info     ] loading_embedding_model        device=cpu model=all-MiniLM-L6-v2
I1008 08:50:50.939295 51692125 ev_poll_posix.cc:587] FD from fork parent still in poll list: fd(31, generation: 1)
I1008 08:50:50.939371 51692125 ev_poll_posix.cc:587] FD from fork parent still in poll list: fd(30, generation: 1)
I1008 08:50:50.939378 51692125 ev_poll_posix.cc:587] FD from fork parent still in poll list: fd(27, generation: 1)
I1008 08:50:50.939383 51692125 ev_poll_posix.cc:587] FD from fork parent still in poll list: fd(18, generation: 1)
Loading weights:   0%|          | 0/103 [00:00<?, ?it/s]Loading weights: 100%|██████████| 103/103 [00:00<00:00, 7218.39it/s]
2026-10-08 08:50:51 [debug    ] event_projected                edge_count=0 entry_id=2026-10-08T03:20:45.575615000Z/000000/3cf41178-2719-567a-aee4-ca1b9f5e2750 event_id=3cf41178-2719-567a-aee4-ca1b9f5e2750 session_id=planning:g02/20261008-cloud-g02-pl01-02
2026-10-08 08:50:51 [debug    ] event_embedding_stored         event_id=3cf41178-2719-567a-aee4-ca1b9f5e2750
2026-10-08 08:50:52 [debug    ] pack_plans_applied             edges=1 events=1 nodes=1 states=0
/private/tmp/engram-ontology-review-venv/lib/python3.12/site-packages/fastapi/routing.py:360: FastAPIDeprecationWarning: ORJSONResponse is deprecated, FastAPI now serializes data directly to JSON bytes via Pydantic when a return type or response model is set, which is faster and doesn't need a custom response class. Read more in the FastAPI docs: https://fastapi.tiangolo.com/advanced/custom-response/#orjson-or-response-model and https://fastapi.tiangolo.com/tutorial/response-model/
  return await dependant.call(**values)
PL01 passed
2026-10-08 08:50:57 [info     ] consumer_stopped               consumer=projection-1 group=g02-20261008-cloud-g02-pl01-02-projection
2026-10-08 08:50:57 [info     ] consumer_stopped               consumer=extraction-1 group=g02-20261008-cloud-g02-pl01-02-extraction
2026-10-08 08:50:57 [info     ] consumer_stopped               consumer=pack-extraction-1 group=g02-20261008-cloud-g02-pl01-02-pack_extraction
2026-10-08 08:50:57 [info     ] consumer_stopped               consumer=consolidation-1 group=g02-20261008-cloud-g02-pl01-02-consolidation
2026-10-08 08:50:57 [info     ] consumer_stopped               consumer=enrichment-1 group=g02-20261008-cloud-g02-pl01-02-enrichment
2026-10-08 08:50:59 [info     ] app_stopped
{"event": "finish", "run_id": "20261008-cloud-g02-pl01-02", "at": "2026-10-08T03:21:02.428953+00:00", "record": "docs/review/spanner-compatibility/runs/20261008-cloud-g02-pl01-02"}
Failed to export metrics to Cloud Monitoring: 403 Permission monitoring.timeSeries.create denied (or the resource may not exist).
