2026-10-06 19:35:22 [info     ] embedding_service_initialized  model=all-MiniLM-L6-v2
2026-10-06 19:35:22 [info     ] llm_client_initialized
2026-10-06 19:35:22 [warning  ] ontology_setting_not_implemented setting='pdlc: Request.embed_fields (no embeddings for pack types)'
2026-10-06 19:35:22 [warning  ] ontology_setting_not_implemented setting='pdlc: Spec.embed_fields (no embeddings for pack types)'
2026-10-06 19:35:22 [warning  ] ontology_setting_not_implemented setting='pdlc: Requirement.embed_fields (no embeddings for pack types)'
2026-10-06 19:35:22 [warning  ] ontology_setting_not_implemented setting='pdlc: Decision.embed_fields (no embeddings for pack types)'
2026-10-06 19:35:22 [warning  ] ontology_setting_not_implemented setting='pdlc: Constraint.embed_fields (no embeddings for pack types)'
2026-10-06 19:35:22 [warning  ] ontology_setting_not_implemented setting='pdlc: DesignElement.embed_fields (no embeddings for pack types)'
2026-10-06 19:35:22 [warning  ] ontology_setting_not_implemented setting='pdlc: Change.embed_fields (no embeddings for pack types)'
2026-10-06 19:35:22 [warning  ] ontology_setting_not_implemented setting='pdlc: Incident.embed_fields (no embeddings for pack types)'
2026-10-06 19:35:22 [warning  ] ontology_setting_not_implemented setting='pdlc: Lesson.embed_fields (no embeddings for pack types)'
2026-10-06 19:35:22 [warning  ] ontology_setting_not_implemented setting='pdlc: link_policy completeness_reports, read_time_threshold, scoring_question, write_time_threshold'
2026-10-06 19:35:22 [warning  ] ontology_setting_not_implemented setting='pdlc: extraction.derived_proposals'
2026-10-06 19:35:22 [warning  ] ontology_setting_not_implemented setting='pdlc: lifecycle.decay'
2026-10-06 19:35:22 [warning  ] ontology_setting_not_implemented setting='pdlc: lifecycle.terminal_states_reduce_importance'
2026-10-06 19:35:22 [warning  ] ontology_setting_not_implemented setting='pdlc: mappings (vocabulary only)'
2026-10-06 19:35:24 [info     ] app_started                    neo4j_uri=bolt://localhost:7687 ontology_packs=['core@1.1.0', 'memory@1.0.0', 'user@1.0.0', 'pdlc@1.7.0'] ontology_version=sha256:3a7c761cd2848649 redis_host=localhost
2026-10-06 19:35:25 [info     ] event_ingested                 event_id=4652860c-dec1-4965-a0ba-1b2db43c688d event_type=tool.execute global_position=2026-10-06T14:05:25.323023000Z/000000/4652860c-dec1-4965-a0ba-1b2db43c688d request_id=0c5ad27b-6917-40f9-bc73-7e27d8f2543d status=created
/private/tmp/engram-ontology-review-venv/lib/python3.12/site-packages/fastapi/routing.py:360: FastAPIDeprecationWarning: ORJSONResponse is deprecated, FastAPI now serializes data directly to JSON bytes via Pydantic when a return type or response model is set, which is faster and doesn't need a custom response class. Read more in the FastAPI docs: https://fastapi.tiangolo.com/advanced/custom-response/#orjson-or-response-model and https://fastapi.tiangolo.com/tutorial/response-model/
  return await dependant.call(**values)
2026-10-06 19:35:25 [info     ] event_ingested                 event_id=82776111-8831-4421-8d86-3d7a08c9f44f event_type=system.session_end global_position=2026-10-06T14:05:25.548271000Z/000000/82776111-8831-4421-8d86-3d7a08c9f44f request_id=1565faee-9238-4d96-a5ec-a1a3a4737cbc status=created
2026-10-06 19:35:25 [info     ] event_ingested                 event_id=b01210e7-d2f4-4408-b9fc-6478c92016f8 event_type=tool.execute global_position=2026-10-06T14:05:25.847967000Z/000000/b01210e7-d2f4-4408-b9fc-6478c92016f8 request_id=4eb93583-3455-4f94-9024-06eb5c56280d status=created
2026-10-06 19:35:26 [info     ] event_ingested                 event_id=c896b565-7999-42e8-ac0a-df0ad0483b2f event_type=system.session_end global_position=2026-10-06T14:05:26.079087000Z/000000/c896b565-7999-42e8-ac0a-df0ad0483b2f request_id=c1ea874f-9136-4824-ad25-37c79596ac2c status=created
2026-10-06 19:35:26 [info     ] consumer_started               consumer=knowledge-projection group=graph-projection stream=Events
2026-10-06 19:35:27 [info     ] pending_drain_completed        group=graph-projection
2026-10-06 19:35:27 [debug    ] event_projected                edge_count=0 entry_id=2026-10-06T14:05:25.323023000Z/000000/4652860c-dec1-4965-a0ba-1b2db43c688d event_id=4652860c-dec1-4965-a0ba-1b2db43c688d session_id=compat-a
2026-10-06 19:35:28 [debug    ] event_projected                edge_count=1 entry_id=2026-10-06T14:05:25.548271000Z/000000/82776111-8831-4421-8d86-3d7a08c9f44f event_id=82776111-8831-4421-8d86-3d7a08c9f44f session_id=compat-a
2026-10-06 19:35:29 [debug    ] event_projected                edge_count=0 entry_id=2026-10-06T14:05:25.847967000Z/000000/b01210e7-d2f4-4408-b9fc-6478c92016f8 event_id=b01210e7-d2f4-4408-b9fc-6478c92016f8 session_id=compat-b
2026-10-06 19:35:29 [debug    ] event_projected                edge_count=1 entry_id=2026-10-06T14:05:26.079087000Z/000000/c896b565-7999-42e8-ac0a-df0ad0483b2f event_id=c896b565-7999-42e8-ac0a-df0ad0483b2f session_id=compat-b
2026-10-06 19:35:30 [info     ] consumer_stopped               consumer=knowledge-projection group=graph-projection
2026-10-06 19:35:31 [info     ] consumer_started               consumer=knowledge-extraction group=session-extraction stream=Events
2026-10-06 19:35:31 [info     ] pending_drain_completed        group=session-extraction
2026-10-06 19:35:32 [info     ] extraction_triggered           agent_id=compat-a entry_id=2026-10-06T14:05:25.548271000Z/000000/82776111-8831-4421-8d86-3d7a08c9f44f session_id=compat-a
2026-10-06 19:35:32 [debug    ] session_events_collected       event_count=2 session_id=compat-a
2026-10-06 19:35:33 [info     ] extraction_wrote_user_profile  persona_name=compat-a persona_role=engineer session_id=compat-a user_entity_id=user:compat-a
2026-10-06 19:35:34 [debug    ] entity_created                 entity_id=entity:Spanner name=Spanner
2026-10-06 19:35:38 [info     ] extraction_results_written     session_id=compat-a user_entity_id=user:compat-a
2026-10-06 19:35:38 [info     ] extraction_completed           entities=1 interests=0 preferences=1 session_id=compat-a skills=1
2026-10-06 19:35:38 [info     ] extraction_triggered           agent_id=compat-b entry_id=2026-10-06T14:05:26.079087000Z/000000/c896b565-7999-42e8-ac0a-df0ad0483b2f session_id=compat-b
2026-10-06 19:35:39 [debug    ] session_events_collected       event_count=2 session_id=compat-b
2026-10-06 19:35:40 [info     ] extraction_wrote_user_profile  persona_name=compat-b persona_role=engineer session_id=compat-b user_entity_id=user:compat-b
2026-10-06 19:35:40 [debug    ] entity_resolved_merge          canonical=spanner name=Spanner
2026-10-06 19:35:43 [info     ] extraction_results_written     session_id=compat-b user_entity_id=user:compat-b
2026-10-06 19:35:43 [info     ] extraction_completed           entities=1 interests=0 preferences=1 session_id=compat-b skills=1
2026-10-06 19:35:44 [info     ] consumer_stopped               consumer=knowledge-extraction group=session-extraction
/private/tmp/engram-ontology-review-venv/lib/python3.12/site-packages/fastapi/routing.py:360: FastAPIDeprecationWarning: ORJSONResponse is deprecated, FastAPI now serializes data directly to JSON bytes via Pydantic when a return type or response model is set, which is faster and doesn't need a custom response class. Read more in the FastAPI docs: https://fastapi.tiangolo.com/advanced/custom-response/#orjson-or-response-model and https://fastapi.tiangolo.com/tutorial/response-model/
  return await dependant.call(**values)
2026-10-06 19:35:46 [info     ] user_data_exported             request_id=cc08414d-e67a-4a31-b889-b50c25ab3757 user_id=user:compat-a
2026-10-06 19:35:48 [info     ] user_data_exported             request_id=d2cbb909-cc0d-497d-8fb5-3fac822e7d1b user_id=user:compat-b
/private/tmp/engram-ontology-review-venv/lib/python3.12/site-packages/fastapi/routing.py:151: FastAPIDeprecationWarning: ORJSONResponse is deprecated, FastAPI now serializes data directly to JSON bytes via Pydantic when a return type or response model is set, which is faster and doesn't need a custom response class. Read more in the FastAPI docs: https://fastapi.tiangolo.com/advanced/custom-response/#orjson-or-response-model and https://fastapi.tiangolo.com/tutorial/response-model/
  response = await f(request)
{"name": "entity_user_extraction_read_export", "scenarios": ["EXT-01", "EXT-02", "USER-01", "APP-01"], "verdict": "passed", "observation": {"user_routes": {"compat-a/profile": {"created_at": "2026-10-06T14:05:32.865098+00:00", "display_name": "compat-a (engineer)", "profile_id": "profile:user:compat-a", "technical_level": "advanced", "updated_at": "2026-10-06T14:05:32.865098+00:00", "user_id": "user:compat-a"}, "compat-a/preferences": [{"category": "domain", "confidence": 0.5, "first_observed_at": "2026-10-06T14:05:34.760219+00:00", "key": "database", "last_confirmed_at": "2026-10-06T14:05:34.760219+00:00", "observation_count": 1, "polarity": "positive", "preference_id": "pref:compat-a", "scope": "global", "source": "inferred", "strength": 0.5}], "compat-a/skills": [{"category": "domain_knowledge", "created_at": "2026-10-06T14:05:36.760596+00:00", "name": "Python", "skill_id": "skill:shared-python"}], "compat-a/patterns": [], "compat-a/interests": [], "compat-a/data-export": {"user_id": "user:compat-a", "profile": {"created_at": "2026-10-06T14:05:32.865098+00:00", "display_name": "compat-a (engineer)", "profile_id": "profile:user:compat-a", "technical_level": "advanced", "updated_at": "2026-10-06T14:05:32.865098+00:00", "user_id": "user:compat-a"}, "preferences": [{"category": "domain", "confidence": 0.5, "first_observed_at": "2026-10-06T14:05:34.760219+00:00", "key": "database", "last_confirmed_at": "2026-10-06T14:05:34.760219+00:00", "observation_count": 1, "polarity": "positive", "preference_id": "pref:compat-a", "scope": "global", "source": "inferred", "strength": 0.5}], "skills": [{"category": "domain_knowledge", "created_at": "2026-10-06T14:05:36.760596+00:00", "name": "Python", "skill_id": "skill:shared-python"}], "patterns": [], "interests": [], "provenance_chains": [{"source_id": "pref:compat-a", "source_type": "Preference", "event_id": "4652860c-dec1-4965-a0ba-1b2db43c688d", "method": "llm_extraction", "session_id": "compat-a", "extracted_at": "2026-10-06T14:05:34.760219+00:00"}, {"source_id": "pref:compat-a", "source_type": "Preference", "event_id": "82776111-8831-4421-8d86-3d7a08c9f44f", "method": "llm_extraction", "session_id": "compat-a", "extracted_at": "2026-10-06T14:05:34.760219+00:00"}, {"source_id": "skill:shared-python", "source_type": "Skill", "event_id": "4652860c-dec1-4965-a0ba-1b2db43c688d", "method": "llm_extraction", "session_id": "compat-a", "extracted_at": "2026-10-06T14:05:36.760596+00:00"}, {"source_id": "skill:shared-python", "source_type": "Skill", "event_id": "82776111-8831-4421-8d86-3d7a08c9f44f", "method": "llm_extraction", "session_id": "compat-a", "extracted_at": "2026-10-06T14:05:36.760596+00:00"}, {"source_id": "skill:shared-python", "source_type": "Skill", "event_id": "b01210e7-d2f4-4408-b9fc-6478c92016f8", "method": "llm_extraction", "session_id": "compat-b", "extracted_at": "2026-10-06T14:05:42.413861+00:00"}, {"source_id": "skill:shared-python", "source_type": "Skill", "event_id": "c896b565-7999-42e8-ac0a-df0ad0483b2f", "method": "llm_extraction", "session_id": "compat-b", "extracted_at": "2026-10-06T14:05:42.413861+00:00"}]}, "compat-b/profile": {"created_at": "2026-10-06T14:05:39.052996+00:00", "display_name": "compat-b (engineer)", "profile_id": "profile:user:compat-b", "technical_level": "advanced", "updated_at": "2026-10-06T14:05:39.052996+00:00", "user_id": "user:compat-b"}, "compat-b/preferences": [{"category": "domain", "confidence": 0.5, "first_observed_at": "2026-10-06T14:05:40.519477+00:00", "key": "database", "last_confirmed_at": "2026-10-06T14:05:40.519477+00:00", "observation_count": 1, "polarity": "positive", "preference_id": "pref:compat-b", "scope": "global", "source": "inferred", "strength": 0.5}], "compat-b/skills": [{"category": "domain_knowledge", "created_at": "2026-10-06T14:05:36.760596+00:00", "name": "Python", "skill_id": "skill:shared-python"}], "compat-b/patterns": [], "compat-b/interests": [], "compat-b/data-export": {"user_id": "user:compat-b", "profile": {"created_at": "2026-10-06T14:05:39.052996+00:00", "display_name": "compat-b (engineer)", "profile_id": "profile:user:compat-b", "technical_level": "advanced", "updated_at": "2026-10-06T14:05:39.052996+00:00", "user_id": "user:compat-b"}, "preferences": [{"category": "domain", "confidence": 0.5, "first_observed_at": "2026-10-06T14:05:40.519477+00:00", "key": "database", "last_confirmed_at": "2026-10-06T14:05:40.519477+00:00", "observation_count": 1, "polarity": "positive", "preference_id": "pref:compat-b", "scope": "global", "source": "inferred", "strength": 0.5}], "skills": [{"category": "domain_knowledge", "created_at": "2026-10-06T14:05:36.760596+00:00", "name": "Python", "skill_id": "skill:shared-python"}], "patterns": [], "interests": [], "provenance_chains": [{"source_id": "pref:compat-b", "source_type": "Preference", "event_id": "b01210e7-d2f4-4408-b9fc-6478c92016f8", "method": "llm_extraction", "session_id": "compat-b", "extracted_at": "2026-10-06T14:05:40.519477+00:00"}, {"source_id": "pref:compat-b", "source_type": "Preference", "event_id": "c896b565-7999-42e8-ac0a-df0ad0483b2f", "method": "llm_extraction", "session_id": "compat-b", "extracted_at": "2026-10-06T14:05:40.519477+00:00"}, {"source_id": "skill:shared-python", "source_type": "Skill", "event_id": "4652860c-dec1-4965-a0ba-1b2db43c688d", "method": "llm_extraction", "session_id": "compat-a", "extracted_at": "2026-10-06T14:05:36.760596+00:00"}, {"source_id": "skill:shared-python", "source_type": "Skill", "event_id": "82776111-8831-4421-8d86-3d7a08c9f44f", "method": "llm_extraction", "session_id": "compat-a", "extracted_at": "2026-10-06T14:05:36.760596+00:00"}, {"source_id": "skill:shared-python", "source_type": "Skill", "event_id": "b01210e7-d2f4-4408-b9fc-6478c92016f8", "method": "llm_extraction", "session_id": "compat-b", "extracted_at": "2026-10-06T14:05:42.413861+00:00"}, {"source_id": "skill:shared-python", "source_type": "Skill", "event_id": "c896b565-7999-42e8-ac0a-df0ad0483b2f", "method": "llm_extraction", "session_id": "compat-b", "extracted_at": "2026-10-06T14:05:42.413861+00:00"}]}}, "entity": {"entity": {"embedding": [], "entity_id": "entity:Spanner", "entity_type": "technology", "first_seen": "2026-10-06T14:05:32.865030+00:00", "last_seen": "2026-10-06T14:05:40.519477+00:00", "mention_count": 1, "name": "Spanner"}, "connected_events": [{"access_count": 0, "agent_id": "compat-a", "event_id": "82776111-8831-4421-8d86-3d7a08c9f44f", "event_type": "system.session_end", "global_position": "2026-10-06T14:05:25.548271000Z/000000/82776111-8831-4421-8d86-3d7a08c9f44f", "keywords": [], "occurred_at": "2026-10-06T14:05:25.359144+00:00", "session_id": "compat-a", "trace_id": "compat-a", "ref_props": {}}, {"access_count": 0, "agent_id": "compat-a", "event_id": "4652860c-dec1-4965-a0ba-1b2db43c688d", "event_type": "tool.execute", "global_position": "2026-10-06T14:05:25.323023000Z/000000/4652860c-dec1-4965-a0ba-1b2db43c688d", "keywords": [], "occurred_at": "2026-10-06T14:05:25.005197+00:00", "session_id": "compat-a", "trace_id": "compat-a", "ref_props": {}}]}, "provider": "scripted; embedding disabled in this extraction case", "interest_creation_included": false, "scope": "interest write/evidence remains failed under #20 when omitted"}, "seconds": 23.7}
2026-10-06 19:35:49 [info     ] feedback_submitted             bumped=1 decremented=1 global_position=2026-10-06T14:05:49.000703000Z/000000/b1268f1f-3fa4-40f8-912f-cd4a6cc67fdb helpful=2 irrelevant=1 query_id=compat-feedback request_id=f769a27b-ed70-4d9e-936c-e5402b61add2 session_id=compat-a
2026-10-06 19:35:51 [info     ] feedback_submitted             bumped=1 decremented=1 global_position=2026-10-06T14:05:50.058959000Z/000000/bb9b8d93-8413-41cb-b32a-c02433af4887 helpful=2 irrelevant=1 query_id=compat-feedback request_id=f0b73a0b-608f-4111-80f3-c37402cde83b session_id=compat-a
{"name": "feedback_audit_and_missing_node_resubmission", "scenarios": ["FB-01"], "verdict": "passed", "observation": {"responses": [{"query_id": "compat-feedback", "global_position": "2026-10-06T14:05:49.000703000Z/000000/b1268f1f-3fa4-40f8-912f-cd4a6cc67fdb", "bumped": 1, "decremented": 1}, {"query_id": "compat-feedback", "global_position": "2026-10-06T14:05:50.058959000Z/000000/bb9b8d93-8413-41cb-b32a-c02433af4887", "bumped": 1, "decremented": 1}], "resubmission": "two audit events, two adjustments; not idempotent"}, "seconds": 2.43}
2026-10-06 19:35:52 [info     ] reconsolidation_complete       events_processed=2 request_id=69dd31eb-d69d-4409-b9ad-8cd8b9033f07 sessions_processed=1 summaries_created=1
2026-10-06 19:35:52 [info     ] consolidation_timer_started    interval_hours=0.0003
2026-10-06 19:35:52 [info     ] consumer_started               consumer=knowledge-consolidation group=consolidation stream=Events
2026-10-06 19:35:53 [info     ] pending_drain_completed        group=consolidation
2026-10-06 19:35:53 [info     ] consolidation_timer_fired
2026-10-06 19:35:53 [info     ] consolidation_cycle_started    source=timer
2026-10-06 19:35:53 [info     ] sessions_qualifying_for_consolidation count=2 threshold=1
2026-10-06 19:35:53 [info     ] consolidating_session          event_count=2 session_id=compat-a
2026-10-06 19:35:53 [info     ] episodes_grouped               episode_count=1 session_id=compat-a
2026-10-06 19:35:55 [info     ] session_consolidated           episode_summaries=1 session_id=compat-a
2026-10-06 19:35:55 [info     ] consolidating_session          event_count=2 session_id=compat-b
2026-10-06 19:35:55 [info     ] episodes_grouped               episode_count=1 session_id=compat-b
2026-10-06 19:35:56 [info     ] session_consolidated           episode_summaries=1 session_id=compat-b
2026-10-06 19:35:57 [info     ] agent_summary_created          agent_id=compat-a sessions=1
2026-10-06 19:35:58 [info     ] agent_summary_created          agent_id=compat-b sessions=1
2026-10-06 19:35:58 [info     ] consumer_stopped               consumer=knowledge-consolidation group=consolidation
{"name": "admin_and_timer_consolidation", "scenarios": ["CONS-01", "CONS-02"], "verdict": "passed", "observation": {"admin": {"sessions_processed": 1, "summaries_created": 1, "events_processed": 2}, "graph": {"nodes": {"Event": 4, "Entity": 3, "Summary": 4, "UserProfile": 2, "Preference": 2, "Skill": 1, "Workflow": 0, "BehavioralPattern": 0}, "edges": {"FOLLOWS": 2, "CAUSED_BY": 0, "SIMILAR_TO": 0, "REFERENCES": 2, "SUMMARIZES": 8, "SAME_AS": 0, "RELATED_TO": 0}, "total_nodes": 16, "total_edges": 12}, "timer": "session and agent summaries observed; cycle error log checked separately"}, "seconds": 9.02}
2026-10-06 19:36:02 [info     ] user_data_erased               deleted_count=1 request_id=5c8f671d-a8da-4644-83fa-cb0207a157e1 user_id=user:compat-a
{"name": "user_delete_shared_resource_preservation", "scenarios": ["USER-02"], "verdict": "passed", "observation": {"deletion": {"deleted_count": 1, "status": "erased"}, "other_user_shared_skill_entity_and_ledger": "preserved", "user_entity": "redacted tombstone per implementation"}, "seconds": 3.01}
2026-10-06 19:36:03 [info     ] app_stopped
