2026-10-06 19:17:20 [info     ] embedding_service_initialized  model=all-MiniLM-L6-v2
2026-10-06 19:17:20 [info     ] llm_client_initialized
2026-10-06 19:17:22 [info     ] app_started                    neo4j_uri=bolt://localhost:7687 ontology_packs=['core@1.1.0', 'memory@1.0.0', 'user@1.0.0', 'demo@1.0.0'] ontology_version=sha256:be9b498c176ad482 redis_host=localhost
2026-10-06 19:17:22 [info     ] events_imported                created=1 duplicate=0 failed=0 order=occurred_at received=1 rejected=0 request_id=fab95a9f-2951-4b22-8b5d-a13e3f143875
2026-10-06 19:17:22 [info     ] ontology_change                eval_required=[] kind=initial pack_changes={} reasons=['the graph records no ontology version'] replay_event_types=[] version_problems=[]
2026-10-06 19:17:23 [info     ] consumer_started               consumer=upgrade group=graph-projection stream=Events
2026-10-06 19:17:23 [info     ] pending_drain_completed        group=graph-projection
2026-10-06 19:17:24 [debug    ] event_projected                edge_count=0 entry_id=2026-10-06T13:47:22.433103000Z/000000/51ab0715-cfb9-469c-b127-e4728eb8ab96 event_id=51ab0715-cfb9-469c-b127-e4728eb8ab96 session_id=demo-upgrade
2026-10-06 19:17:24 [debug    ] pack_plans_applied             edges=1 events=1 nodes=1 states=0
2026-10-06 19:17:25 [info     ] consumer_stopped               consumer=upgrade group=graph-projection
{"name": "custom_pack_initial_import_projection", "scenarios": ["ONT-02", "PROJ-02", "ING-05"], "verdict": "passed", "observation": {"initial_kind": "initial", "historical_API_import": true, "ticket": {"node_id": "Ticket:jira|1", "node_type": "Ticket", "number": 1, "ontology_version": "sha256:be9b498c176ad482", "status": "open", "status_changed_at": "2026-06-28T13:47:22.203220+00:00", "title": "old title", "tracker": "jira", "updated_at": "2026-06-28T13:47:22.203220+00:00"}}, "seconds": 3.56}
2026-10-06 19:17:25 [info     ] ontology_change                eval_required=[] kind=additive pack_changes={'demo': 'additive'} reasons=['node type Fix: property author added', 'node type Fix: definition changed'] replay_event_types=[] version_problems=[]
2026-10-06 19:17:26 [info     ] ontology_change                eval_required=[] kind=breaking pack_changes={'demo': 'breaking'} reasons=['node type Fix: property author removed', 'node type Fix: definition changed', 'projection of demo.ticket.opened changed'] replay_event_types=['demo.ticket.opened'] version_problems=['demo: content changed but version 1.0.0 is not higher than 1.1.0']
2026-10-06 19:17:26 [info     ] ontology_change                eval_required=[] kind=breaking pack_changes={'demo': 'breaking'} reasons=['node type Fix: property author removed', 'node type Fix: definition changed', 'node type Ticket: property number changed type', 'node type Ticket: definition changed'] replay_event_types=[] version_problems=['demo: a breaking change needs a major version, but 1.1.0 -> 1.2.0 is a minor one']
{"name": "additive_upgrade_and_version_breaking_refusals", "scenarios": ["ONT-02"], "verdict": "passed", "observation": {"additive": {"kind": "additive", "reasons": ["node type Fix: property author added", "node type Fix: definition changed"], "replay_event_types": [], "eval_required": [], "version_problems": [], "pack_changes": {"demo": "additive"}}, "refusals": ["ontology change refused (pack versions: demo: content changed but version 1.0.0 is not higher than 1.1.0). bump the pack versions, or set CG_ONTOLOGY_ALLOW_VERSION_PROBLEMS=true", "ontology change refused (pack versions: demo: a breaking change needs a major version, but 1.1.0 -> 1.2.0 is a minor one). bump the pack versions, or set CG_ONTOLOGY_ALLOW_VERSION_PROBLEMS=true"]}, "seconds": 0.8}
2026-10-06 19:17:26 [info     ] ontology_change                eval_required=[] kind=mapping pack_changes={'demo': 'mapping'} reasons=['projection of demo.ticket.opened changed'] replay_event_types=['demo.ticket.opened'] version_problems=[]
2026-10-06 19:17:26 [error    ] ontology_replay_event_failed   position=2026-10-06T13:47:22.433103000Z/000000/51ab0715-cfb9-469c-b127-e4728eb8ab96
╭───────────────────── Traceback (most recent call last) ──────────────────────╮
│ /Users/arunmenon/projects/Engram/src/context_graph/ontology/versioning.py:18 │
│ 9 in replay_event_types                                                      │
│                                                                              │
│   186 │   │   │   │   event = Event.model_validate(document, strict=False)   │
│   187 │   │   │   │   if event.global_position is None:                      │
│   188 │   │   │   │   │   event = event.model_copy(update={"global_position" │
│ ❱ 189 │   │   │   │   await apply_plan(graph, projector.plan(event, document │
│   190 │   │   │   │   report.replayed += 1                                   │
│   191 │   │   │   except Exception:                                          │
│   192 │   │   │   │   log.exception("ontology_replay_event_failed", position │
│                                                                              │
│ ╭───────────────────────────────── locals ─────────────────────────────────╮ │
│ │   batch_size = 10                                                        │ │
│ │       cursor = '2026-10-06T13:47:22.433103000Z/000000/51ab0715-cfb9-469… │ │
│ │     document = {                                                         │ │
│ │                │   'agent_id': 'compat-resume',                          │ │
│ │                │   'ended_at': None,                                     │ │
│ │                │   'event_id': '51ab0715-cfb9-469c-b127-e4728eb8ab96',   │ │
│ │                │   'event_type': 'demo.ticket.opened',                   │ │
│ │                │   'global_position':                                    │ │
│ │                '2026-10-06T13:47:22.433103000Z/000000/51ab0715-cfb9-469… │ │
│ │                │   'importance_hint': None,                              │ │
│ │                │   'occurred_at': '2026-06-28T13:47:22.203220Z',         │ │
│ │                │   'parent_event_id': None,                              │ │
│ │                │   'payload': {                                          │ │
│ │                │   │   'number': 1,                                      │ │
│ │                │   │   'summary': 'new title',                           │ │
│ │                │   │   'title': 'old title',                             │ │
│ │                │   │   'tracker': 'jira'                                 │ │
│ │                │   },                                                    │ │
│ │                │   'payload_ref': 'compat:resume',                       │ │
│ │                │   ... +6                                                │ │
│ │                }                                                         │ │
│ │      entries = [                                                         │ │
│ │                │   LogEntry(                                             │ │
│ │                │   │                                                     │ │
│ │                position='2026-10-06T13:47:22.433103000Z/000000/51ab0715… │ │
│ │                │   │   event_id='51ab0715-cfb9-469c-b127-e4728eb8ab96',  │ │
│ │                │   │   document={                                        │ │
│ │                │   │   │   'agent_id': 'compat-resume',                  │ │
│ │                │   │   │   'ended_at': None,                             │ │
│ │                │   │   │   'event_id':                                   │ │
│ │                '51ab0715-cfb9-469c-b127-e4728eb8ab96',                   │ │
│ │                │   │   │   'event_type': 'demo.ticket.opened',           │ │
│ │                │   │   │   'global_position':                            │ │
│ │                '2026-10-06T13:47:22.433103000Z/000000/51ab0715-cfb9-469… │ │
│ │                │   │   │   'importance_hint': None,                      │ │
│ │                │   │   │   'occurred_at': '2026-06-28T13:47:22.203220Z', │ │
│ │                │   │   │   'parent_event_id': None,                      │ │
│ │                │   │   │   'payload': {                                  │ │
│ │                │   │   │   │   'number': 1,                              │ │
│ │                │   │   │   │   'summary': 'new title',                   │ │
│ │                │   │   │   │   'title': 'old title',                     │ │
│ │                │   │   │   │   'tracker': 'jira'                         │ │
│ │                │   │   │   },                                            │ │
│ │                │   │   │   'payload_ref': 'compat:resume',               │ │
│ │                │   │   │   ... +6                                        │ │
│ │                │   │   }                                                 │ │
│ │                │   )                                                     │ │
│ │                ]                                                         │ │
│ │        entry = LogEntry(                                                 │ │
│ │                │                                                         │ │
│ │                position='2026-10-06T13:47:22.433103000Z/000000/51ab0715… │ │
│ │                │   event_id='51ab0715-cfb9-469c-b127-e4728eb8ab96',      │ │
│ │                │   document={                                            │ │
│ │                │   │   'agent_id': 'compat-resume',                      │ │
│ │                │   │   'ended_at': None,                                 │ │
│ │                │   │   'event_id':                                       │ │
│ │                '51ab0715-cfb9-469c-b127-e4728eb8ab96',                   │ │
│ │                │   │   'event_type': 'demo.ticket.opened',               │ │
│ │                │   │   'global_position':                                │ │
│ │                '2026-10-06T13:47:22.433103000Z/000000/51ab0715-cfb9-469… │ │
│ │                │   │   'importance_hint': None,                          │ │
│ │                │   │   'occurred_at': '2026-06-28T13:47:22.203220Z',     │ │
│ │                │   │   'parent_event_id': None,                          │ │
│ │                │   │   'payload': {                                      │ │
│ │                │   │   │   'number': 1,                                  │ │
│ │                │   │   │   'summary': 'new title',                       │ │
│ │                │   │   │   'title': 'old title',                         │ │
│ │                │   │   │   'tracker': 'jira'                             │ │
│ │                │   │   },                                                │ │
│ │                │   │   'payload_ref': 'compat:resume',                   │ │
│ │                │   │   ... +6                                            │ │
│ │                │   }                                                     │ │
│ │                )                                                         │ │
│ │        event = Event(                                                    │ │
│ │                │                                                         │ │
│ │                event_id=UUID('51ab0715-cfb9-469c-b127-e4728eb8ab96'),    │ │
│ │                │   event_type='demo.ticket.opened',                      │ │
│ │                │   occurred_at=datetime.datetime(2026, 6, 28, 13, 47,    │ │
│ │                22, 203220, tzinfo=TzInfo(0)),                            │ │
│ │                │   session_id='demo-upgrade',                            │ │
│ │                │   agent_id='compat-resume',                             │ │
│ │                │   trace_id='demo-upgrade',                              │ │
│ │                │   payload_ref='compat:resume',                          │ │
│ │                │                                                         │ │
│ │                global_position='2026-10-06T13:47:22.433103000Z/000000/5… │ │
│ │                │   tool_name=None,                                       │ │
│ │                │   parent_event_id=None,                                 │ │
│ │                │   ended_at=None,                                        │ │
│ │                │   status=None,                                          │ │
│ │                │   schema_version=1,                                     │ │
│ │                │   importance_hint=None                                  │ │
│ │                )                                                         │ │
│ │    event_log = <context_graph.adapters.spanner.log.SpannerEventLog       │ │
│ │                object at 0x158ae9550>                                    │ │
│ │  event_types = {'demo.ticket.opened', 'demo.ticket.closed'}              │ │
│ │        graph = <context_graph.adapters.spanner.graph.SpannerGraphStore   │ │
│ │                object at 0x158ae96a0>                                    │ │
│ │ lookup_limit = 100                                                       │ │
│ │    projector = <context_graph.domain.pack_projection.PackProjector       │ │
│ │                object at 0x158af8bf0>                                    │ │
│ │       report = ReplayReport(replayed=0, failed=[])                       │ │
│ ╰──────────────────────────────────────────────────────────────────────────╯ │
│                                                                              │
│ /Users/arunmenon/projects/Engram/src/context_graph/worker/pack_projection.py │
│ :137 in apply_plan                                                           │
│                                                                              │
│   134                                                                        │
│   135 async def apply_plan(graph: PackGraph, plan: ProjectionPlan, lookup_li │
│   136 │   """Write a plan; returns the number of edges written."""           │
│ ❱ 137 │   return await apply_plans(graph, [plan], lookup_limit)              │
│   138                                                                        │
│   139                                                                        │
│   140 async def apply_plans(graph: PackGraph, plans: list[ProjectionPlan], l │
│       -> int:                                                                │
│                                                                              │
│ ╭───────────────────────────────── locals ─────────────────────────────────╮ │
│ │        graph = <context_graph.adapters.spanner.graph.SpannerGraphStore   │ │
│ │                object at 0x158ae96a0>                                    │ │
│ │ lookup_limit = 100                                                       │ │
│ │         plan = ProjectionPlan(                                           │ │
│ │                │   nodes=[                                               │ │
│ │                │   │   NodeWrite(                                        │ │
│ │                │   │   │   ref=NodeRef(                                  │ │
│ │                │   │   │   │   label='Ticket',                           │ │
│ │                │   │   │   │   key='Ticket:jira|1',                      │ │
│ │                │   │   │   │   key_property='node_id'                    │ │
│ │                │   │   │   ),                                            │ │
│ │                │   │   │   properties={                                  │ │
│ │                │   │   │   │   'tracker': 'jira',                        │ │
│ │                │   │   │   │   'number': 1,                              │ │
│ │                │   │   │   │   'title': 'new title',                     │ │
│ │                │   │   │   │   'node_type': 'Ticket',                    │ │
│ │                │   │   │   │   'ontology_version':                       │ │
│ │                'sha256:590684960126c4bc',                                │ │
│ │                │   │   │   │   'updated_at':                             │ │
│ │                '2026-06-28T13:47:22.203220+00:00'                        │ │
│ │                │   │   │   },                                            │ │
│ │                │   │   │   defaults={                                    │ │
│ │                │   │   │   │   'status': 'open',                         │ │
│ │                │   │   │   │   'status_changed_at':                      │ │
│ │                '2026-06-28T13:47:22.203220+00:00'                        │ │
│ │                │   │   │   }                                             │ │
│ │                │   │   )                                                 │ │
│ │                │   ],                                                    │ │
│ │                │   states=[],                                            │ │
│ │                │   edges=[                                               │ │
│ │                │   │   EdgeWrite(                                        │ │
│ │                │   │   │   edge_type='DERIVED_FROM',                     │ │
│ │                │   │   │   source=NodeRef(                               │ │
│ │                │   │   │   │   label='Ticket',                           │ │
│ │                │   │   │   │   key='Ticket:jira|1',                      │ │
│ │                │   │   │   │   key_property='node_id'                    │ │
│ │                │   │   │   ),                                            │ │
│ │                │   │   │   target=NodeRef(                               │ │
│ │                │   │   │   │   label='Event',                            │ │
│ │                │   │   │   │                                             │ │
│ │                key='51ab0715-cfb9-469c-b127-e4728eb8ab96',               │ │
│ │                │   │   │   │   key_property='event_id'                   │ │
│ │                │   │   │   ),                                            │ │
│ │                │   │   │   properties={},                                │ │
│ │                │   │   │   create_only=False                             │ │
│ │                │   │   )                                                 │ │
│ │                │   ],                                                    │ │
│ │                │   lookups=[],                                           │ │
│ │                │   rejected=[]                                           │ │
│ │                )                                                         │ │
│ ╰──────────────────────────────────────────────────────────────────────────╯ │
│                                                                              │
│ /Users/arunmenon/projects/Engram/src/context_graph/worker/pack_projection.py │
│ :162 in apply_plans                                                          │
│                                                                              │
│   159 │   states = [state for plan in plans for state in plan.states]        │
│   160 │   lookups = [lookup for plan in plans for lookup in plan.lookups]    │
│   161 │   if nodes:                                                          │
│ ❱ 162 │   │   await graph.upsert_nodes(nodes)                                │
│   163 │   if states:                                                         │
│   164 │   │   await graph.change_states(states)                              │
│   165 │   edges = [edge for plan in plans for edge in plan.edges]            │
│                                                                              │
│ ╭───────────────────────────────── locals ─────────────────────────────────╮ │
│ │        graph = <context_graph.adapters.spanner.graph.SpannerGraphStore   │ │
│ │                object at 0x158ae96a0>                                    │ │
│ │ lookup_limit = 100                                                       │ │
│ │      lookups = []                                                        │ │
│ │        nodes = [                                                         │ │
│ │                │   NodeWrite(                                            │ │
│ │                │   │   ref=NodeRef(                                      │ │
│ │                │   │   │   label='Ticket',                               │ │
│ │                │   │   │   key='Ticket:jira|1',                          │ │
│ │                │   │   │   key_property='node_id'                        │ │
│ │                │   │   ),                                                │ │
│ │                │   │   properties={                                      │ │
│ │                │   │   │   'tracker': 'jira',                            │ │
│ │                │   │   │   'number': 1,                                  │ │
│ │                │   │   │   'title': 'new title',                         │ │
│ │                │   │   │   'node_type': 'Ticket',                        │ │
│ │                │   │   │   'ontology_version':                           │ │
│ │                'sha256:590684960126c4bc',                                │ │
│ │                │   │   │   'updated_at':                                 │ │
│ │                '2026-06-28T13:47:22.203220+00:00'                        │ │
│ │                │   │   },                                                │ │
│ │                │   │   defaults={                                        │ │
│ │                │   │   │   'status': 'open',                             │ │
│ │                │   │   │   'status_changed_at':                          │ │
│ │                '2026-06-28T13:47:22.203220+00:00'                        │ │
│ │                │   │   }                                                 │ │
│ │                │   )                                                     │ │
│ │                ]                                                         │ │
│ │         plan = ProjectionPlan(                                           │ │
│ │                │   nodes=[                                               │ │
│ │                │   │   NodeWrite(                                        │ │
│ │                │   │   │   ref=NodeRef(                                  │ │
│ │                │   │   │   │   label='Ticket',                           │ │
│ │                │   │   │   │   key='Ticket:jira|1',                      │ │
│ │                │   │   │   │   key_property='node_id'                    │ │
│ │                │   │   │   ),                                            │ │
│ │                │   │   │   properties={                                  │ │
│ │                │   │   │   │   'tracker': 'jira',                        │ │
│ │                │   │   │   │   'number': 1,                              │ │
│ │                │   │   │   │   'title': 'new title',                     │ │
│ │                │   │   │   │   'node_type': 'Ticket',                    │ │
│ │                │   │   │   │   'ontology_version':                       │ │
│ │                'sha256:590684960126c4bc',                                │ │
│ │                │   │   │   │   'updated_at':                             │ │
│ │                '2026-06-28T13:47:22.203220+00:00'                        │ │
│ │                │   │   │   },                                            │ │
│ │                │   │   │   defaults={                                    │ │
│ │                │   │   │   │   'status': 'open',                         │ │
│ │                │   │   │   │   'status_changed_at':                      │ │
│ │                '2026-06-28T13:47:22.203220+00:00'                        │ │
│ │                │   │   │   }                                             │ │
│ │                │   │   )                                                 │ │
│ │                │   ],                                                    │ │
│ │                │   states=[],                                            │ │
│ │                │   edges=[                                               │ │
│ │                │   │   EdgeWrite(                                        │ │
│ │                │   │   │   edge_type='DERIVED_FROM',                     │ │
│ │                │   │   │   source=NodeRef(                               │ │
│ │                │   │   │   │   label='Ticket',                           │ │
│ │                │   │   │   │   key='Ticket:jira|1',                      │ │
│ │                │   │   │   │   key_property='node_id'                    │ │
│ │                │   │   │   ),                                            │ │
│ │                │   │   │   target=NodeRef(                               │ │
│ │                │   │   │   │   label='Event',                            │ │
│ │                │   │   │   │                                             │ │
│ │                key='51ab0715-cfb9-469c-b127-e4728eb8ab96',               │ │
│ │                │   │   │   │   key_property='event_id'                   │ │
│ │                │   │   │   ),                                            │ │
│ │                │   │   │   properties={},                                │ │
│ │                │   │   │   create_only=False                             │ │
│ │                │   │   )                                                 │ │
│ │                │   ],                                                    │ │
│ │                │   lookups=[],                                           │ │
│ │                │   rejected=[]                                           │ │
│ │                )                                                         │ │
│ │        plans = [                                                         │ │
│ │                │   ProjectionPlan(                                       │ │
│ │                │   │   nodes=[                                           │ │
│ │                │   │   │   NodeWrite(                                    │ │
│ │                │   │   │   │   ref=NodeRef(                              │ │
│ │                │   │   │   │   │   label='Ticket',                       │ │
│ │                │   │   │   │   │   key='Ticket:jira|1',                  │ │
│ │                │   │   │   │   │   key_property='node_id'                │ │
│ │                │   │   │   │   ),                                        │ │
│ │                │   │   │   │   properties={                              │ │
│ │                │   │   │   │   │   'tracker': 'jira',                    │ │
│ │                │   │   │   │   │   'number': 1,                          │ │
│ │                │   │   │   │   │   'title': 'new title',                 │ │
│ │                │   │   │   │   │   'node_type': 'Ticket',                │ │
│ │                │   │   │   │   │   'ontology_version':                   │ │
│ │                'sha256:590684960126c4bc',                                │ │
│ │                │   │   │   │   │   'updated_at':                         │ │
│ │                '2026-06-28T13:47:22.203220+00:00'                        │ │
│ │                │   │   │   │   },                                        │ │
│ │                │   │   │   │   defaults={                                │ │
│ │                │   │   │   │   │   'status': 'open',                     │ │
│ │                │   │   │   │   │   'status_changed_at':                  │ │
│ │                '2026-06-28T13:47:22.203220+00:00'                        │ │
│ │                │   │   │   │   }                                         │ │
│ │                │   │   │   )                                             │ │
│ │                │   │   ],                                                │ │
│ │                │   │   states=[],                                        │ │
│ │                │   │   edges=[                                           │ │
│ │                │   │   │   EdgeWrite(                                    │ │
│ │                │   │   │   │   edge_type='DERIVED_FROM',                 │ │
│ │                │   │   │   │   source=NodeRef(                           │ │
│ │                │   │   │   │   │   label='Ticket',                       │ │
│ │                │   │   │   │   │   key='Ticket:jira|1',                  │ │
│ │                │   │   │   │   │   key_property='node_id'                │ │
│ │                │   │   │   │   ),                                        │ │
│ │                │   │   │   │   target=NodeRef(                           │ │
│ │                │   │   │   │   │   label='Event',                        │ │
│ │                │   │   │   │   │                                         │ │
│ │                key='51ab0715-cfb9-469c-b127-e4728eb8ab96',               │ │
│ │                │   │   │   │   │   key_property='event_id'               │ │
│ │                │   │   │   │   ),                                        │ │
│ │                │   │   │   │   properties={},                            │ │
│ │                │   │   │   │   create_only=False                         │ │
│ │                │   │   │   )                                             │ │
│ │                │   │   ],                                                │ │
│ │                │   │   lookups=[],                                       │ │
│ │                │   │   rejected=[]                                       │ │
│ │                │   )                                                     │ │
│ │                ]                                                         │ │
│ │       states = []                                                        │ │
│ ╰──────────────────────────────────────────────────────────────────────────╯ │
│                                                                              │
│ /Users/arunmenon/projects/Engram/scripts/engram_spanner_compat_remaining.py: │
│ 722 in fail_ticket                                                           │
│                                                                              │
│   719 │   │   │   │   original=stores.graph.upsert_nodes                     │
│   720 │   │   │   │   async def fail_ticket(writes):                         │
│   721 │   │   │   │   │   if any(write.ref.label == "Ticket" for write in wr │
│ ❱ 722 │   │   │   │   │   │   raise ValueError("controlled replay projection │
│   723 │   │   │   │   │   return await original(writes)                      │
│   724 │   │   │   │   stores.graph.upsert_nodes=fail_ticket                  │
│   725 │   │   │   │   try:                                                   │
│                                                                              │
│ ╭───────────────────────────────── locals ─────────────────────────────────╮ │
│ │ original = <bound method GraphOperations.upsert_nodes of                 │ │
│ │            <context_graph.adapters.spanner.graph.SpannerGraphStore       │ │
│ │            object at 0x158ae96a0>>                                       │ │
│ │   writes = [                                                             │ │
│ │            │   NodeWrite(                                                │ │
│ │            │   │   ref=NodeRef(                                          │ │
│ │            │   │   │   label='Ticket',                                   │ │
│ │            │   │   │   key='Ticket:jira|1',                              │ │
│ │            │   │   │   key_property='node_id'                            │ │
│ │            │   │   ),                                                    │ │
│ │            │   │   properties={                                          │ │
│ │            │   │   │   'tracker': 'jira',                                │ │
│ │            │   │   │   'number': 1,                                      │ │
│ │            │   │   │   'title': 'new title',                             │ │
│ │            │   │   │   'node_type': 'Ticket',                            │ │
│ │            │   │   │   'ontology_version': 'sha256:590684960126c4bc',    │ │
│ │            │   │   │   'updated_at': '2026-06-28T13:47:22.203220+00:00'  │ │
│ │            │   │   },                                                    │ │
│ │            │   │   defaults={                                            │ │
│ │            │   │   │   'status': 'open',                                 │ │
│ │            │   │   │   'status_changed_at':                              │ │
│ │            '2026-06-28T13:47:22.203220+00:00'                            │ │
│ │            │   │   }                                                     │ │
│ │            │   )                                                         │ │
│ │            ]                                                             │ │
│ ╰──────────────────────────────────────────────────────────────────────────╯ │
╰──────────────────────────────────────────────────────────────────────────────╯
ValueError: controlled replay projection-write failure

2026-10-06 19:17:27 [info     ] ontology_mapping_replayed      events=0 failed=1
Traceback (most recent call last):
  File "/Users/arunmenon/projects/Engram/scripts/engram_spanner_compat.py", line 168, in check
    observation = await asyncio.wait_for(function(), timeout=timeout_seconds)
                  ^^^^^^^^^^^^^^^^^^^^^^^^^^^^^^^^^^^^^^^^^^^^^^^^^^^^^^^^^^^
  File "/opt/homebrew/Cellar/python@3.12/3.12.7_1/Frameworks/Python.framework/Versions/3.12/lib/python3.12/asyncio/tasks.py", line 520, in wait_for
    return await fut
           ^^^^^^^^^
  File "/Users/arunmenon/projects/Engram/scripts/engram_spanner_compat_remaining.py", line 737, in mapping_retry
    assert nodes[ref]["title"] == "new title", "failed mapping replay recorded complete; retry does not repair"
           ^^^^^^^^^^^^^^^^^^^^^^^^^^^^^^^^^^
AssertionError: failed mapping replay recorded complete; retry does not repair

{"name": "mapping_replay_failure_retries_after_fault_removed", "scenarios": ["ONT-02"], "verdict": "failed", "error_type": "AssertionError", "error": "failed mapping replay recorded complete; retry does not repair", "seconds": 1.19}
refused: the target graph holds a projection under ontology sha256:3a7c761cd2848649; rebuild into an empty graph for sha256:be9b498c176ad482
{"name": "rebuild_refuses_populated_incompatible_target", "scenarios": ["ONT-03"], "verdict": "passed", "observation": {"exit_code": 2, "before": {"nodes": {"Change": 2, "Component": 1, "Deployment": 1, "Event": 9, "OntologyState": 1, "Release": 1, "Review": 1, "TestCase": 1, "TestRun": 1, "WorkItem": 2}, "edges": [["Change:acme/payments|7", "DERIVED_FROM", "626140ea-7de7-5ee9-8e91-6e925ba934c6"], ["Change:acme/payments|7", "DERIVED_FROM", "7e1b7cc4-9d84-52f6-82fb-857770db49ab"], ["Change:acme/payments|7", "IMPLEMENTS", "WorkItem:jira|PAY-341"], ["Component:acme/payments", "DERIVED_FROM", "04aa5cc9-2bdf-540d-a2b1-73dfd65f5a67"], ["Deployment:production|def456|2026-10-02T09:00:00+00:00", "DEPLOYED_TO", "Component:acme/payments"], ["Deployment:production|def456|2026-10-02T09:00:00+00:00", "DEPLOYS", "Change:acme/payments|7"], ["Deployment:production|def456|2026-10-02T09:00:00+00:00", "DERIVED_FROM", "04aa5cc9-2bdf-540d-a2b1-73dfd65f5a67"], ["04aa5cc9-2bdf-540d-a2b1-73dfd65f5a67", "FOLLOWS", "cbb029ae-5d84-5d23-8b7a-486dcb9a294b"], ["11737721-efde-577a-a759-0cffa38d45d3", "FOLLOWS", "626140ea-7de7-5ee9-8e91-6e925ba934c6"], ["65b7646c-016c-5708-9223-566d9ee6ea66", "FOLLOWS", "11737721-efde-577a-a759-0cffa38d45d3"], ["7e1b7cc4-9d84-52f6-82fb-857770db49ab", "FOLLOWS", "65b7646c-016c-5708-9223-566d9ee6ea66"], ["92e4ccb4-1fab-54a3-ab67-b0d9ceb3d44c", "FOLLOWS", "450a7a46-2f84-5cfc-b0db-a0c939e8ea7c"], ["cbb029ae-5d84-5d23-8b7a-486dcb9a294b", "FOLLOWS", "7e1b7cc4-9d84-52f6-82fb-857770db49ab"], ["Release:acme/payments|v1.4.0", "DERIVED_FROM", "cbb029ae-5d84-5d23-8b7a-486dcb9a294b"], ["Release:acme/payments|v1.4.0", "INCLUDES", "Change:acme/payments|7"], ["Release:acme/payments|v1.4.0", "INCLUDES", "Change:acme/payments|8"], ["Review:acme/payments|7|9001", "DERIVED_FROM", "65b7646c-016c-5708-9223-566d9ee6ea66"], ["Review:acme/payments|7|9001", "REVIEWS", "Change:acme/payments|7"], ["TestCase:acme/payments|unit-tests", "DERIVED_FROM", "11737721-efde-577a-a759-0cffa38d45d3"], ["TestRun:555", "DERIVED_FROM", "11737721-efde-577a-a759-0cffa38d45d3"], ["TestRun:555", "EXECUTES", "TestCase:acme/payments|unit-tests"], ["TestRun:555", "RAN_AGAINST", "Change:acme/payments|7"], ["WorkItem:jira|PAY-300", "DECOMPOSES_INTO", "WorkItem:jira|PAY-341"], ["WorkItem:jira|PAY-341", "DERIVED_FROM", "450a7a46-2f84-5cfc-b0db-a0c939e8ea7c"], ["WorkItem:jira|PAY-341", "DERIVED_FROM", "92e4ccb4-1fab-54a3-ab67-b0d9ceb3d44c"]]}, "after": {"nodes": {"Change": 2, "Component": 1, "Deployment": 1, "Event": 9, "OntologyState": 1, "Release": 1, "Review": 1, "TestCase": 1, "TestRun": 1, "WorkItem": 2}, "edges": [["Change:acme/payments|7", "DERIVED_FROM", "626140ea-7de7-5ee9-8e91-6e925ba934c6"], ["Change:acme/payments|7", "DERIVED_FROM", "7e1b7cc4-9d84-52f6-82fb-857770db49ab"], ["Change:acme/payments|7", "IMPLEMENTS", "WorkItem:jira|PAY-341"], ["Component:acme/payments", "DERIVED_FROM", "04aa5cc9-2bdf-540d-a2b1-73dfd65f5a67"], ["Deployment:production|def456|2026-10-02T09:00:00+00:00", "DEPLOYED_TO", "Component:acme/payments"], ["Deployment:production|def456|2026-10-02T09:00:00+00:00", "DEPLOYS", "Change:acme/payments|7"], ["Deployment:production|def456|2026-10-02T09:00:00+00:00", "DERIVED_FROM", "04aa5cc9-2bdf-540d-a2b1-73dfd65f5a67"], ["04aa5cc9-2bdf-540d-a2b1-73dfd65f5a67", "FOLLOWS", "cbb029ae-5d84-5d23-8b7a-486dcb9a294b"], ["11737721-efde-577a-a759-0cffa38d45d3", "FOLLOWS", "626140ea-7de7-5ee9-8e91-6e925ba934c6"], ["65b7646c-016c-5708-9223-566d9ee6ea66", "FOLLOWS", "11737721-efde-577a-a759-0cffa38d45d3"], ["7e1b7cc4-9d84-52f6-82fb-857770db49ab", "FOLLOWS", "65b7646c-016c-5708-9223-566d9ee6ea66"], ["92e4ccb4-1fab-54a3-ab67-b0d9ceb3d44c", "FOLLOWS", "450a7a46-2f84-5cfc-b0db-a0c939e8ea7c"], ["cbb029ae-5d84-5d23-8b7a-486dcb9a294b", "FOLLOWS", "7e1b7cc4-9d84-52f6-82fb-857770db49ab"], ["Release:acme/payments|v1.4.0", "DERIVED_FROM", "cbb029ae-5d84-5d23-8b7a-486dcb9a294b"], ["Release:acme/payments|v1.4.0", "INCLUDES", "Change:acme/payments|7"], ["Release:acme/payments|v1.4.0", "INCLUDES", "Change:acme/payments|8"], ["Review:acme/payments|7|9001", "DERIVED_FROM", "65b7646c-016c-5708-9223-566d9ee6ea66"], ["Review:acme/payments|7|9001", "REVIEWS", "Change:acme/payments|7"], ["TestCase:acme/payments|unit-tests", "DERIVED_FROM", "11737721-efde-577a-a759-0cffa38d45d3"], ["TestRun:555", "DERIVED_FROM", "11737721-efde-577a-a759-0cffa38d45d3"], ["TestRun:555", "EXECUTES", "TestCase:acme/payments|unit-tests"], ["TestRun:555", "RAN_AGAINST", "Change:acme/payments|7"], ["WorkItem:jira|PAY-300", "DECOMPOSES_INTO", "WorkItem:jira|PAY-341"], ["WorkItem:jira|PAY-341", "DERIVED_FROM", "450a7a46-2f84-5cfc-b0db-a0c939e8ea7c"], ["WorkItem:jira|PAY-341", "DERIVED_FROM", "92e4ccb4-1fab-54a3-ab67-b0d9ceb3d44c"]]}}, "seconds": 7.06}
Traceback (most recent call last):
  File "/Users/arunmenon/projects/Engram/scripts/engram_spanner_compat.py", line 168, in check
    observation = await asyncio.wait_for(function(), timeout=timeout_seconds)
                  ^^^^^^^^^^^^^^^^^^^^^^^^^^^^^^^^^^^^^^^^^^^^^^^^^^^^^^^^^^^
  File "/opt/homebrew/Cellar/python@3.12/3.12.7_1/Frameworks/Python.framework/Versions/3.12/lib/python3.12/asyncio/tasks.py", line 520, in wait_for
    return await fut
           ^^^^^^^^^
  File "/Users/arunmenon/projects/Engram/scripts/engram_spanner_compat_remaining.py", line 770, in missing_rebuild
    assert expired==1 and archived==0
           ^^^^^^^^^^^^^^^^^^^^^^^^^^
AssertionError

{"name": "real_target_rebuild_missing_document_fails_closed", "scenarios": ["ONT-03", "LIFE-02"], "verdict": "failed", "error_type": "AssertionError", "error": "", "seconds": 9.28}
2026-10-06 19:17:44 [info     ] app_stopped
