2026-10-07 19:20:49 [info     ] worker_starting                consumer=enrichment neo4j_uri=bolt://localhost:7687 redis_host=localhost storage={'event_log': 'spanner', 'subscription': 'spanner', 'graph': 'spanner', 'keyword_index': 'spanner', 'vector_index': 'spanner', 'archive': 'fs'}
2026-10-07 19:20:49 [warning  ] ontology_setting_not_implemented setting='pdlc: Request.embed_fields (no embeddings for pack types)'
2026-10-07 19:20:49 [warning  ] ontology_setting_not_implemented setting='pdlc: Spec.embed_fields (no embeddings for pack types)'
2026-10-07 19:20:49 [warning  ] ontology_setting_not_implemented setting='pdlc: Requirement.embed_fields (no embeddings for pack types)'
2026-10-07 19:20:49 [warning  ] ontology_setting_not_implemented setting='pdlc: Decision.embed_fields (no embeddings for pack types)'
2026-10-07 19:20:49 [warning  ] ontology_setting_not_implemented setting='pdlc: Constraint.embed_fields (no embeddings for pack types)'
2026-10-07 19:20:49 [warning  ] ontology_setting_not_implemented setting='pdlc: DesignElement.embed_fields (no embeddings for pack types)'
2026-10-07 19:20:49 [warning  ] ontology_setting_not_implemented setting='pdlc: Change.embed_fields (no embeddings for pack types)'
2026-10-07 19:20:49 [warning  ] ontology_setting_not_implemented setting='pdlc: Incident.embed_fields (no embeddings for pack types)'
2026-10-07 19:20:49 [warning  ] ontology_setting_not_implemented setting='pdlc: Lesson.embed_fields (no embeddings for pack types)'
2026-10-07 19:20:49 [warning  ] ontology_setting_not_implemented setting='pdlc: link_policy completeness_reports, read_time_threshold, scoring_question, write_time_threshold'
2026-10-07 19:20:49 [warning  ] ontology_setting_not_implemented setting='pdlc: extraction.derived_proposals'
2026-10-07 19:20:49 [warning  ] ontology_setting_not_implemented setting='pdlc: lifecycle.decay'
2026-10-07 19:20:49 [warning  ] ontology_setting_not_implemented setting='pdlc: lifecycle.terminal_states_reduce_importance'
2026-10-07 19:20:49 [warning  ] ontology_setting_not_implemented setting='pdlc: mappings (vocabulary only)'
2026-10-07 19:20:52 [info     ] enrichment_embedding_service_initialized model=all-MiniLM-L6-v2
2026-10-07 19:20:52 [info     ] worker_running                 consumer=enrichment
2026-10-07 19:20:53 [info     ] consumer_started               consumer=enrichment-1 group=enrichment stream=Events
2026-10-07 19:20:53 [info     ] pending_drain_completed        group=enrichment
2026-10-07 19:21:05 [info     ] loading_embedding_model        device=cpu model=all-MiniLM-L6-v2
I1007 19:21:07.810283 51290864 ev_poll_posix.cc:587] FD from fork parent still in poll list: fd(13, generation: 1)
I1007 19:21:07.810446 51290864 ev_poll_posix.cc:587] FD from fork parent still in poll list: fd(12, generation: 1)

Loading weights:   0%|          | 0/103 [00:00<?, ?it/s]
Loading weights: 100%|██████████| 103/103 [00:00<00:00, 6144.41it/s]
2026-10-07 19:21:49 [info     ] shutdown_signal_received       consumer=enrichment
2026-10-07 19:21:49 [info     ] consumer_stopped               consumer=enrichment-1 group=enrichment
2026-10-07 19:21:49 [info     ] worker_shutting_down           consumer=enrichment
2026-10-07 19:21:49 [info     ] worker_stopped                 consumer=enrichment
Failed to export metrics to Cloud Monitoring: 403 Permission monitoring.timeSeries.create denied (or the resource may not exist).
