2026-10-07 19:20:49 [info     ] worker_starting                consumer=extraction neo4j_uri=bolt://localhost:7687 redis_host=localhost storage={'event_log': 'spanner', 'subscription': 'spanner', 'graph': 'spanner', 'keyword_index': 'spanner', 'vector_index': 'spanner', 'archive': 'fs'}
2026-10-07 19:20:49 [warning  ] ontology_setting_not_implemented setting='pdlc: Request.embed_fields (no embeddings for pack types)'
2026-10-07 19:20:49 [warning  ] ontology_setting_not_implemented setting='pdlc: Spec.embed_fields (no embeddings for pack types)'
2026-10-07 19:20:49 [warning  ] ontology_setting_not_implemented setting='pdlc: Requirement.embed_fields (no embeddings for pack types)'
2026-10-07 19:20:49 [warning  ] ontology_setting_not_implemented setting='pdlc: Decision.embed_fields (no embeddings for pack types)'
2026-10-07 19:20:49 [warning  ] ontology_setting_not_implemented setting='pdlc: Constraint.embed_fields (no embeddings for pack types)'
2026-10-07 19:20:49 [warning  ] ontology_setting_not_implemented setting='pdlc: DesignElement.embed_fields (no embeddings for pack types)'
2026-10-07 19:20:49 [warning  ] ontology_setting_not_implemented setting='pdlc: Change.embed_fields (no embeddings for pack types)'
2026-10-07 19:20:49 [warning  ] ontology_setting_not_implemented setting='pdlc: Incident.embed_fields (no embeddings for pack types)'
2026-10-07 19:20:49 [warning  ] ontology_setting_not_implemented setting='pdlc: Lesson.embed_fields (no embeddings for pack types)'
2026-10-07 19:20:49 [warning  ] ontology_setting_not_implemented setting='pdlc: link_policy completeness_reports, read_time_threshold, scoring_question, write_time_threshold'
2026-10-07 19:20:49 [warning  ] ontology_setting_not_implemented setting='pdlc: extraction.derived_proposals'
2026-10-07 19:20:49 [warning  ] ontology_setting_not_implemented setting='pdlc: lifecycle.decay'
2026-10-07 19:20:49 [warning  ] ontology_setting_not_implemented setting='pdlc: lifecycle.terminal_states_reduce_importance'
2026-10-07 19:20:49 [warning  ] ontology_setting_not_implemented setting='pdlc: mappings (vocabulary only)'
2026-10-07 19:20:52 [info     ] embedding_service_initialized  model=all-MiniLM-L6-v2
2026-10-07 19:20:52 [info     ] worker_running                 consumer=extraction
2026-10-07 19:20:53 [info     ] consumer_started               consumer=extraction-1 group=session-extraction stream=Events
2026-10-07 19:20:54 [info     ] pending_drain_completed        group=session-extraction
2026-10-07 19:20:55 [info     ] extraction_triggered           agent_id=compat-process entry_id=2026-10-07T13:50:42.849535000Z/000000/1778cd6a-3343-43ca-970c-dc186cca6a2c session_id=compat-process
2026-10-07 19:20:58 [info     ] extraction_wrote_user_profile  persona_name='Process User' persona_role=None session_id=compat-process user_entity_id=user:compat-process
2026-10-07 19:21:05 [info     ] loading_embedding_model        device=cpu model=all-MiniLM-L6-v2
I1007 19:21:07.815666 51290896 ev_poll_posix.cc:587] FD from fork parent still in poll list: fd(13, generation: 1)
I1007 19:21:07.815783 51290896 ev_poll_posix.cc:587] FD from fork parent still in poll list: fd(12, generation: 1)

Loading weights:   0%|          | 0/103 [00:00<?, ?it/s]
Loading weights: 100%|██████████| 103/103 [00:00<00:00, 7943.90it/s]
2026-10-07 19:21:21 [info     ] extraction_results_written     session_id=compat-process user_entity_id=user:compat-process
2026-10-07 19:21:21 [info     ] extraction_completed           entities=1 interests=0 preferences=0 session_id=compat-process skills=1
2026-10-07 19:21:50 [info     ] shutdown_signal_received       consumer=extraction
Failed to export metrics to Cloud Monitoring: 403 Permission monitoring.timeSeries.create denied (or the resource may not exist).
2026-10-07 19:21:50 [info     ] consumer_stopped               consumer=extraction-1 group=session-extraction
2026-10-07 19:21:50 [info     ] worker_shutting_down           consumer=extraction
2026-10-07 19:21:51 [info     ] worker_stopped                 consumer=extraction
Failed to export metrics to Cloud Monitoring: 403 Permission monitoring.timeSeries.create denied (or the resource may not exist).
