I1007 19:20:42.863157 51289276 ev_poll_posix.cc:587] FD from fork parent still in poll list: fd(18, generation: 1)
I1007 19:20:42.863469 51289276 ev_poll_posix.cc:587] FD from fork parent still in poll list: fd(15, generation: 1)
I1007 19:20:42.863582 51289276 ev_poll_posix.cc:587] FD from fork parent still in poll list: fd(14, generation: 1)
I1007 19:20:42.863653 51289276 ev_poll_posix.cc:587] FD from fork parent still in poll list: fd(19, generation: 1)
I1007 19:20:42.863761 51289276 ev_poll_posix.cc:587] FD from fork parent still in poll list: fd(18, generation: 1)
I1007 19:20:42.863767 51289276 ev_poll_posix.cc:587] FD from fork parent still in poll list: fd(15, generation: 1)
I1007 19:20:42.863773 51289276 ev_poll_posix.cc:587] FD from fork parent still in poll list: fd(14, generation: 1)
I1007 19:20:42.863783 51289276 ev_poll_posix.cc:587] FD from fork parent still in poll list: fd(19, generation: 1)
I1007 19:20:42.863788 51289276 ev_poll_posix.cc:587] FD from fork parent still in poll list: fd(18, generation: 1)
I1007 19:20:42.863819 51289276 ev_poll_posix.cc:587] FD from fork parent still in poll list: fd(15, generation: 1)
I1007 19:20:42.863844 51289276 ev_poll_posix.cc:587] FD from fork parent still in poll list: fd(14, generation: 1)
I1007 19:20:42.863854 51289276 ev_poll_posix.cc:587] FD from fork parent still in poll list: fd(19, generation: 1)
I1007 19:20:42.863860 51289276 ev_poll_posix.cc:587] FD from fork parent still in poll list: fd(18, generation: 1)
I1007 19:20:42.863865 51289276 ev_poll_posix.cc:587] FD from fork parent still in poll list: fd(15, generation: 1)
I1007 19:20:42.863870 51289276 ev_poll_posix.cc:587] FD from fork parent still in poll list: fd(14, generation: 1)
I1007 19:20:42.863875 51289276 ev_poll_posix.cc:587] FD from fork parent still in poll list: fd(19, generation: 1)
I1007 19:20:42.863880 51289276 ev_poll_posix.cc:587] FD from fork parent still in poll list: fd(18, generation: 1)
I1007 19:20:42.863884 51289276 ev_poll_posix.cc:587] FD from fork parent still in poll list: fd(15, generation: 1)
I1007 19:20:42.863888 51289276 ev_poll_posix.cc:587] FD from fork parent still in poll list: fd(14, generation: 1)
I1007 19:20:42.863893 51289276 ev_poll_posix.cc:587] FD from fork parent still in poll list: fd(19, generation: 1)
I1007 19:20:42.863897 51289276 ev_poll_posix.cc:587] FD from fork parent still in poll list: fd(18, generation: 1)
I1007 19:20:42.863902 51289276 ev_poll_posix.cc:587] FD from fork parent still in poll list: fd(15, generation: 1)
I1007 19:20:42.863906 51289276 ev_poll_posix.cc:587] FD from fork parent still in poll list: fd(14, generation: 1)
I1007 19:20:42.863910 51289276 ev_poll_posix.cc:587] FD from fork parent still in poll list: fd(19, generation: 1)
I1007 19:20:42.863914 51289276 ev_poll_posix.cc:587] FD from fork parent still in poll list: fd(18, generation: 1)
I1007 19:20:42.863918 51289276 ev_poll_posix.cc:587] FD from fork parent still in poll list: fd(15, generation: 1)
I1007 19:20:42.863922 51289276 ev_poll_posix.cc:587] FD from fork parent still in poll list: fd(14, generation: 1)
I1007 19:20:42.863927 51289276 ev_poll_posix.cc:587] FD from fork parent still in poll list: fd(19, generation: 1)
I1007 19:20:42.863931 51289276 ev_poll_posix.cc:587] FD from fork parent still in poll list: fd(18, generation: 1)
I1007 19:20:42.863935 51289276 ev_poll_posix.cc:587] FD from fork parent still in poll list: fd(15, generation: 1)
I1007 19:20:42.863938 51289276 ev_poll_posix.cc:587] FD from fork parent still in poll list: fd(14, generation: 1)
I1007 19:20:42.863943 51289276 ev_poll_posix.cc:587] FD from fork parent still in poll list: fd(19, generation: 1)
I1007 19:20:42.863948 51289276 ev_poll_posix.cc:587] FD from fork parent still in poll list: fd(18, generation: 1)
I1007 19:20:42.863951 51289276 ev_poll_posix.cc:587] FD from fork parent still in poll list: fd(15, generation: 1)
I1007 19:20:42.863956 51289276 ev_poll_posix.cc:587] FD from fork parent still in poll list: fd(14, generation: 1)
I1007 19:20:42.863961 51289276 ev_poll_posix.cc:587] FD from fork parent still in poll list: fd(19, generation: 1)
I1007 19:20:42.863978 51289276 ev_poll_posix.cc:587] FD from fork parent still in poll list: fd(18, generation: 1)
I1007 19:20:42.863982 51289276 ev_poll_posix.cc:587] FD from fork parent still in poll list: fd(15, generation: 1)
I1007 19:20:42.863985 51289276 ev_poll_posix.cc:587] FD from fork parent still in poll list: fd(14, generation: 1)
I1007 19:20:42.863989 51289276 ev_poll_posix.cc:587] FD from fork parent still in poll list: fd(19, generation: 1)
I1007 19:20:42.863993 51289276 ev_poll_posix.cc:587] FD from fork parent still in poll list: fd(18, generation: 1)
I1007 19:20:42.863996 51289276 ev_poll_posix.cc:587] FD from fork parent still in poll list: fd(15, generation: 1)
I1007 19:20:42.863999 51289276 ev_poll_posix.cc:587] FD from fork parent still in poll list: fd(14, generation: 1)
I1007 19:20:42.864003 51289276 ev_poll_posix.cc:587] FD from fork parent still in poll list: fd(19, generation: 1)
I1007 19:20:42.864007 51289276 ev_poll_posix.cc:587] FD from fork parent still in poll list: fd(18, generation: 1)
I1007 19:20:42.864010 51289276 ev_poll_posix.cc:587] FD from fork parent still in poll list: fd(15, generation: 1)
I1007 19:20:42.864015 51289276 ev_poll_posix.cc:587] FD from fork parent still in poll list: fd(14, generation: 1)
I1007 19:20:42.864018 51289276 ev_poll_posix.cc:587] FD from fork parent still in poll list: fd(19, generation: 1)
I1007 19:20:42.864021 51289276 ev_poll_posix.cc:587] FD from fork parent still in poll list: fd(18, generation: 1)
I1007 19:20:42.864025 51289276 ev_poll_posix.cc:587] FD from fork parent still in poll list: fd(15, generation: 1)
I1007 19:20:42.864028 51289276 ev_poll_posix.cc:587] FD from fork parent still in poll list: fd(14, generation: 1)
I1007 19:20:42.864032 51289276 ev_poll_posix.cc:587] FD from fork parent still in poll list: fd(19, generation: 1)
I1007 19:20:42.864035 51289276 ev_poll_posix.cc:587] FD from fork parent still in poll list: fd(18, generation: 1)
I1007 19:20:42.864038 51289276 ev_poll_posix.cc:587] FD from fork parent still in poll list: fd(15, generation: 1)
I1007 19:20:42.864041 51289276 ev_poll_posix.cc:587] FD from fork parent still in poll list: fd(14, generation: 1)
I1007 19:20:42.864045 51289276 ev_poll_posix.cc:587] FD from fork parent still in poll list: fd(19, generation: 1)
I1007 19:20:42.864048 51289276 ev_poll_posix.cc:587] FD from fork parent still in poll list: fd(18, generation: 1)
I1007 19:20:42.864050 51289276 ev_poll_posix.cc:587] FD from fork parent still in poll list: fd(15, generation: 1)
I1007 19:20:42.864053 51289276 ev_poll_posix.cc:587] FD from fork parent still in poll list: fd(14, generation: 1)
I1007 19:20:42.864057 51289276 ev_poll_posix.cc:587] FD from fork parent still in poll list: fd(19, generation: 1)
I1007 19:20:42.864059 51289276 ev_poll_posix.cc:587] FD from fork parent still in poll list: fd(18, generation: 1)
I1007 19:20:42.864062 51289276 ev_poll_posix.cc:587] FD from fork parent still in poll list: fd(15, generation: 1)
I1007 19:20:42.864065 51289276 ev_poll_posix.cc:587] FD from fork parent still in poll list: fd(14, generation: 1)
I1007 19:20:42.864068 51289276 ev_poll_posix.cc:587] FD from fork parent still in poll list: fd(19, generation: 1)
I1007 19:20:42.864071 51289276 ev_poll_posix.cc:587] FD from fork parent still in poll list: fd(18, generation: 1)
I1007 19:20:42.864074 51289276 ev_poll_posix.cc:587] FD from fork parent still in poll list: fd(15, generation: 1)
I1007 19:20:42.864077 51289276 ev_poll_posix.cc:587] FD from fork parent still in poll list: fd(14, generation: 1)
I1007 19:20:42.864080 51289276 ev_poll_posix.cc:587] FD from fork parent still in poll list: fd(19, generation: 1)
I1007 19:20:42.864083 51289276 ev_poll_posix.cc:587] FD from fork parent still in poll list: fd(18, generation: 1)
I1007 19:20:42.864086 51289276 ev_poll_posix.cc:587] FD from fork parent still in poll list: fd(15, generation: 1)
I1007 19:20:42.864088 51289276 ev_poll_posix.cc:587] FD from fork parent still in poll list: fd(14, generation: 1)
I1007 19:20:42.864092 51289276 ev_poll_posix.cc:587] FD from fork parent still in poll list: fd(19, generation: 1)
I1007 19:20:42.864101 51289276 ev_poll_posix.cc:587] FD from fork parent still in poll list: fd(18, generation: 1)
I1007 19:20:42.864104 51289276 ev_poll_posix.cc:587] FD from fork parent still in poll list: fd(15, generation: 1)
I1007 19:20:42.864107 51289276 ev_poll_posix.cc:587] FD from fork parent still in poll list: fd(14, generation: 1)
I1007 19:20:42.864111 51289276 ev_poll_posix.cc:587] FD from fork parent still in poll list: fd(19, generation: 1)
I1007 19:20:42.864113 51289276 ev_poll_posix.cc:587] FD from fork parent still in poll list: fd(18, generation: 1)
I1007 19:20:42.864117 51289276 ev_poll_posix.cc:587] FD from fork parent still in poll list: fd(15, generation: 1)
I1007 19:20:42.864120 51289276 ev_poll_posix.cc:587] FD from fork parent still in poll list: fd(14, generation: 1)
I1007 19:20:42.864124 51289276 ev_poll_posix.cc:587] FD from fork parent still in poll list: fd(19, generation: 1)
I1007 19:20:42.864127 51289276 ev_poll_posix.cc:587] FD from fork parent still in poll list: fd(18, generation: 1)
I1007 19:20:42.864130 51289276 ev_poll_posix.cc:587] FD from fork parent still in poll list: fd(15, generation: 1)
I1007 19:20:42.864133 51289276 ev_poll_posix.cc:587] FD from fork parent still in poll list: fd(14, generation: 1)
I1007 19:20:42.864137 51289276 ev_poll_posix.cc:587] FD from fork parent still in poll list: fd(19, generation: 1)
I1007 19:20:42.864139 51289276 ev_poll_posix.cc:587] FD from fork parent still in poll list: fd(18, generation: 1)
I1007 19:20:42.864142 51289276 ev_poll_posix.cc:587] FD from fork parent still in poll list: fd(15, generation: 1)
I1007 19:20:42.864146 51289276 ev_poll_posix.cc:587] FD from fork parent still in poll list: fd(14, generation: 1)
I1007 19:20:42.864150 51289276 ev_poll_posix.cc:587] FD from fork parent still in poll list: fd(19, generation: 1)
I1007 19:20:42.864153 51289276 ev_poll_posix.cc:587] FD from fork parent still in poll list: fd(18, generation: 1)
I1007 19:20:42.864156 51289276 ev_poll_posix.cc:587] FD from fork parent still in poll list: fd(15, generation: 1)
I1007 19:20:42.864159 51289276 ev_poll_posix.cc:587] FD from fork parent still in poll list: fd(14, generation: 1)
I1007 19:20:42.864163 51289276 ev_poll_posix.cc:587] FD from fork parent still in poll list: fd(19, generation: 1)
I1007 19:20:42.864166 51289276 ev_poll_posix.cc:587] FD from fork parent still in poll list: fd(18, generation: 1)
I1007 19:20:42.864169 51289276 ev_poll_posix.cc:587] FD from fork parent still in poll list: fd(15, generation: 1)
I1007 19:20:42.864176 51289276 ev_poll_posix.cc:587] FD from fork parent still in poll list: fd(14, generation: 1)
I1007 19:20:42.864179 51289276 ev_poll_posix.cc:587] FD from fork parent still in poll list: fd(19, generation: 1)
I1007 19:20:42.864183 51289276 ev_poll_posix.cc:587] FD from fork parent still in poll list: fd(18, generation: 1)
I1007 19:20:42.864185 51289276 ev_poll_posix.cc:587] FD from fork parent still in poll list: fd(15, generation: 1)
I1007 19:20:42.864189 51289276 ev_poll_posix.cc:587] FD from fork parent still in poll list: fd(14, generation: 1)
I1007 19:20:42.864192 51289276 ev_poll_posix.cc:587] FD from fork parent still in poll list: fd(19, generation: 1)
I1007 19:20:42.864195 51289276 ev_poll_posix.cc:587] FD from fork parent still in poll list: fd(18, generation: 1)
I1007 19:20:42.864198 51289276 ev_poll_posix.cc:587] FD from fork parent still in poll list: fd(15, generation: 1)
I1007 19:20:42.864201 51289276 ev_poll_posix.cc:587] FD from fork parent still in poll list: fd(14, generation: 1)
I1007 19:20:42.864205 51289276 ev_poll_posix.cc:587] FD from fork parent still in poll list: fd(19, generation: 1)
I1007 19:20:42.864207 51289276 ev_poll_posix.cc:587] FD from fork parent still in poll list: fd(18, generation: 1)
I1007 19:20:42.864210 51289276 ev_poll_posix.cc:587] FD from fork parent still in poll list: fd(15, generation: 1)
I1007 19:20:42.864213 51289276 ev_poll_posix.cc:587] FD from fork parent still in poll list: fd(14, generation: 1)
I1007 19:20:42.864226 51289276 ev_poll_posix.cc:587] FD from fork parent still in poll list: fd(19, generation: 1)
I1007 19:20:42.864229 51289276 ev_poll_posix.cc:587] FD from fork parent still in poll list: fd(18, generation: 1)
I1007 19:20:42.864233 51289276 ev_poll_posix.cc:587] FD from fork parent still in poll list: fd(15, generation: 1)
I1007 19:20:42.864236 51289276 ev_poll_posix.cc:587] FD from fork parent still in poll list: fd(14, generation: 1)
I1007 19:20:42.864244 51289276 ev_poll_posix.cc:587] FD from fork parent still in poll list: fd(19, generation: 1)
I1007 19:20:42.864248 51289276 ev_poll_posix.cc:587] FD from fork parent still in poll list: fd(18, generation: 1)
I1007 19:20:42.864251 51289276 ev_poll_posix.cc:587] FD from fork parent still in poll list: fd(14, generation: 1)
I1007 19:20:42.864254 51289276 ev_poll_posix.cc:587] FD from fork parent still in poll list: fd(19, generation: 1)
I1007 19:20:42.864258 51289276 ev_poll_posix.cc:587] FD from fork parent still in poll list: fd(18, generation: 1)
I1007 19:20:42.864261 51289276 ev_poll_posix.cc:587] FD from fork parent still in poll list: fd(14, generation: 1)
I1007 19:20:42.864268 51289276 ev_poll_posix.cc:587] FD from fork parent still in poll list: fd(19, generation: 1)
I1007 19:20:42.864272 51289276 ev_poll_posix.cc:587] FD from fork parent still in poll list: fd(18, generation: 1)
I1007 19:20:42.864275 51289276 ev_poll_posix.cc:587] FD from fork parent still in poll list: fd(14, generation: 1)
I1007 19:20:42.864283 51289276 ev_poll_posix.cc:587] FD from fork parent still in poll list: fd(19, generation: 1)
I1007 19:20:42.864286 51289276 ev_poll_posix.cc:587] FD from fork parent still in poll list: fd(18, generation: 1)
I1007 19:20:42.864289 51289276 ev_poll_posix.cc:587] FD from fork parent still in poll list: fd(14, generation: 1)
I1007 19:20:42.864295 51289276 ev_poll_posix.cc:587] FD from fork parent still in poll list: fd(19, generation: 1)
I1007 19:20:42.864298 51289276 ev_poll_posix.cc:587] FD from fork parent still in poll list: fd(18, generation: 1)
I1007 19:20:42.864301 51289276 ev_poll_posix.cc:587] FD from fork parent still in poll list: fd(14, generation: 1)
I1007 19:20:42.864305 51289276 ev_poll_posix.cc:587] FD from fork parent still in poll list: fd(19, generation: 1)
I1007 19:20:42.864308 51289276 ev_poll_posix.cc:587] FD from fork parent still in poll list: fd(14, generation: 1)
I1007 19:20:42.864311 51289276 ev_poll_posix.cc:587] FD from fork parent still in poll list: fd(19, generation: 1)
I1007 19:20:42.864314 51289276 ev_poll_posix.cc:587] FD from fork parent still in poll list: fd(14, generation: 1)
I1007 19:20:42.864317 51289276 ev_poll_posix.cc:587] FD from fork parent still in poll list: fd(19, generation: 1)
I1007 19:20:42.864320 51289276 ev_poll_posix.cc:587] FD from fork parent still in poll list: fd(14, generation: 1)
I1007 19:20:42.864328 51289276 ev_poll_posix.cc:587] FD from fork parent still in poll list: fd(19, generation: 1)
I1007 19:20:42.864332 51289276 ev_poll_posix.cc:587] FD from fork parent still in poll list: fd(14, generation: 1)
I1007 19:20:42.864337 51289276 ev_poll_posix.cc:587] FD from fork parent still in poll list: fd(19, generation: 1)
I1007 19:20:42.864339 51289276 ev_poll_posix.cc:587] FD from fork parent still in poll list: fd(14, generation: 1)
I1007 19:20:42.864347 51289276 ev_poll_posix.cc:587] FD from fork parent still in poll list: fd(19, generation: 1)
I1007 19:20:42.864350 51289276 ev_poll_posix.cc:587] FD from fork parent still in poll list: fd(14, generation: 1)
I1007 19:20:42.864354 51289276 ev_poll_posix.cc:587] FD from fork parent still in poll list: fd(19, generation: 1)
I1007 19:20:42.864356 51289276 ev_poll_posix.cc:587] FD from fork parent still in poll list: fd(14, generation: 1)
I1007 19:20:42.864363 51289276 ev_poll_posix.cc:587] FD from fork parent still in poll list: fd(19, generation: 1)
I1007 19:20:42.864366 51289276 ev_poll_posix.cc:587] FD from fork parent still in poll list: fd(14, generation: 1)
I1007 19:20:42.864369 51289276 ev_poll_posix.cc:587] FD from fork parent still in poll list: fd(19, generation: 1)
I1007 19:20:42.864378 51289276 ev_poll_posix.cc:587] FD from fork parent still in poll list: fd(14, generation: 1)
I1007 19:20:42.864385 51289276 ev_poll_posix.cc:587] FD from fork parent still in poll list: fd(19, generation: 1)
I1007 19:20:42.864388 51289276 ev_poll_posix.cc:587] FD from fork parent still in poll list: fd(14, generation: 1)
I1007 19:20:42.864391 51289276 ev_poll_posix.cc:587] FD from fork parent still in poll list: fd(19, generation: 1)
I1007 19:20:42.864394 51289276 ev_poll_posix.cc:587] FD from fork parent still in poll list: fd(14, generation: 1)
I1007 19:20:42.864401 51289276 ev_poll_posix.cc:587] FD from fork parent still in poll list: fd(19, generation: 1)
I1007 19:20:42.864404 51289276 ev_poll_posix.cc:587] FD from fork parent still in poll list: fd(14, generation: 1)
I1007 19:20:42.864407 51289276 ev_poll_posix.cc:587] FD from fork parent still in poll list: fd(19, generation: 1)
I1007 19:20:42.864410 51289276 ev_poll_posix.cc:587] FD from fork parent still in poll list: fd(14, generation: 1)
I1007 19:20:42.864417 51289276 ev_poll_posix.cc:587] FD from fork parent still in poll list: fd(19, generation: 1)
I1007 19:20:42.864420 51289276 ev_poll_posix.cc:587] FD from fork parent still in poll list: fd(14, generation: 1)
I1007 19:20:42.864423 51289276 ev_poll_posix.cc:587] FD from fork parent still in poll list: fd(19, generation: 1)
I1007 19:20:42.864426 51289276 ev_poll_posix.cc:587] FD from fork parent still in poll list: fd(14, generation: 1)
I1007 19:20:42.864432 51289276 ev_poll_posix.cc:587] FD from fork parent still in poll list: fd(19, generation: 1)
I1007 19:20:42.864435 51289276 ev_poll_posix.cc:587] FD from fork parent still in poll list: fd(14, generation: 1)
I1007 19:20:42.864438 51289276 ev_poll_posix.cc:587] FD from fork parent still in poll list: fd(19, generation: 1)
I1007 19:20:42.864441 51289276 ev_poll_posix.cc:587] FD from fork parent still in poll list: fd(14, generation: 1)
I1007 19:20:42.864448 51289276 ev_poll_posix.cc:587] FD from fork parent still in poll list: fd(19, generation: 1)
I1007 19:20:42.864451 51289276 ev_poll_posix.cc:587] FD from fork parent still in poll list: fd(14, generation: 1)
I1007 19:20:42.864454 51289276 ev_poll_posix.cc:587] FD from fork parent still in poll list: fd(19, generation: 1)
I1007 19:20:42.864457 51289276 ev_poll_posix.cc:587] FD from fork parent still in poll list: fd(14, generation: 1)
I1007 19:20:42.864463 51289276 ev_poll_posix.cc:587] FD from fork parent still in poll list: fd(19, generation: 1)
I1007 19:20:42.864466 51289276 ev_poll_posix.cc:587] FD from fork parent still in poll list: fd(14, generation: 1)
I1007 19:20:42.864469 51289276 ev_poll_posix.cc:587] FD from fork parent still in poll list: fd(19, generation: 1)
I1007 19:20:42.864472 51289276 ev_poll_posix.cc:587] FD from fork parent still in poll list: fd(14, generation: 1)
I1007 19:20:42.864479 51289276 ev_poll_posix.cc:587] FD from fork parent still in poll list: fd(19, generation: 1)
I1007 19:20:42.864482 51289276 ev_poll_posix.cc:587] FD from fork parent still in poll list: fd(14, generation: 1)
I1007 19:20:42.864485 51289276 ev_poll_posix.cc:587] FD from fork parent still in poll list: fd(19, generation: 1)
I1007 19:20:42.864488 51289276 ev_poll_posix.cc:587] FD from fork parent still in poll list: fd(14, generation: 1)
I1007 19:20:42.864495 51289276 ev_poll_posix.cc:587] FD from fork parent still in poll list: fd(19, generation: 1)
I1007 19:20:42.864497 51289276 ev_poll_posix.cc:587] FD from fork parent still in poll list: fd(14, generation: 1)
I1007 19:20:42.864501 51289276 ev_poll_posix.cc:587] FD from fork parent still in poll list: fd(19, generation: 1)
I1007 19:20:42.864503 51289276 ev_poll_posix.cc:587] FD from fork parent still in poll list: fd(14, generation: 1)
I1007 19:20:42.864510 51289276 ev_poll_posix.cc:587] FD from fork parent still in poll list: fd(19, generation: 1)
I1007 19:20:42.864513 51289276 ev_poll_posix.cc:587] FD from fork parent still in poll list: fd(14, generation: 1)
I1007 19:20:42.864516 51289276 ev_poll_posix.cc:587] FD from fork parent still in poll list: fd(19, generation: 1)
I1007 19:20:42.864522 51289276 ev_poll_posix.cc:587] FD from fork parent still in poll list: fd(14, generation: 1)
I1007 19:20:42.864529 51289276 ev_poll_posix.cc:587] FD from fork parent still in poll list: fd(19, generation: 1)
I1007 19:20:42.864531 51289276 ev_poll_posix.cc:587] FD from fork parent still in poll list: fd(14, generation: 1)
I1007 19:20:42.864535 51289276 ev_poll_posix.cc:587] FD from fork parent still in poll list: fd(19, generation: 1)
I1007 19:20:42.864537 51289276 ev_poll_posix.cc:587] FD from fork parent still in poll list: fd(14, generation: 1)
I1007 19:20:42.864544 51289276 ev_poll_posix.cc:587] FD from fork parent still in poll list: fd(19, generation: 1)
I1007 19:20:42.864547 51289276 ev_poll_posix.cc:587] FD from fork parent still in poll list: fd(14, generation: 1)
I1007 19:20:42.864550 51289276 ev_poll_posix.cc:587] FD from fork parent still in poll list: fd(19, generation: 1)
I1007 19:20:42.864553 51289276 ev_poll_posix.cc:587] FD from fork parent still in poll list: fd(14, generation: 1)
I1007 19:20:42.864560 51289276 ev_poll_posix.cc:587] FD from fork parent still in poll list: fd(19, generation: 1)
I1007 19:20:42.864563 51289276 ev_poll_posix.cc:587] FD from fork parent still in poll list: fd(14, generation: 1)
I1007 19:20:42.864566 51289276 ev_poll_posix.cc:587] FD from fork parent still in poll list: fd(19, generation: 1)
I1007 19:20:42.864569 51289276 ev_poll_posix.cc:587] FD from fork parent still in poll list: fd(14, generation: 1)
I1007 19:20:42.864575 51289276 ev_poll_posix.cc:587] FD from fork parent still in poll list: fd(19, generation: 1)
I1007 19:20:42.864578 51289276 ev_poll_posix.cc:587] FD from fork parent still in poll list: fd(14, generation: 1)
I1007 19:20:42.864581 51289276 ev_poll_posix.cc:587] FD from fork parent still in poll list: fd(19, generation: 1)
I1007 19:20:42.864584 51289276 ev_poll_posix.cc:587] FD from fork parent still in poll list: fd(14, generation: 1)
I1007 19:20:42.864591 51289276 ev_poll_posix.cc:587] FD from fork parent still in poll list: fd(19, generation: 1)
I1007 19:20:42.864594 51289276 ev_poll_posix.cc:587] FD from fork parent still in poll list: fd(14, generation: 1)
I1007 19:20:42.864597 51289276 ev_poll_posix.cc:587] FD from fork parent still in poll list: fd(19, generation: 1)
I1007 19:20:42.864600 51289276 ev_poll_posix.cc:587] FD from fork parent still in poll list: fd(14, generation: 1)
I1007 19:20:42.864607 51289276 ev_poll_posix.cc:587] FD from fork parent still in poll list: fd(19, generation: 1)
I1007 19:20:42.864610 51289276 ev_poll_posix.cc:587] FD from fork parent still in poll list: fd(14, generation: 1)
I1007 19:20:42.864613 51289276 ev_poll_posix.cc:587] FD from fork parent still in poll list: fd(19, generation: 1)
I1007 19:20:42.864616 51289276 ev_poll_posix.cc:587] FD from fork parent still in poll list: fd(14, generation: 1)
I1007 19:20:42.864622 51289276 ev_poll_posix.cc:587] FD from fork parent still in poll list: fd(19, generation: 1)
I1007 19:20:42.864625 51289276 ev_poll_posix.cc:587] FD from fork parent still in poll list: fd(14, generation: 1)
I1007 19:20:42.864628 51289276 ev_poll_posix.cc:587] FD from fork parent still in poll list: fd(19, generation: 1)
I1007 19:20:42.864631 51289276 ev_poll_posix.cc:587] FD from fork parent still in poll list: fd(14, generation: 1)
I1007 19:20:42.864638 51289276 ev_poll_posix.cc:587] FD from fork parent still in poll list: fd(19, generation: 1)
I1007 19:20:42.864641 51289276 ev_poll_posix.cc:587] FD from fork parent still in poll list: fd(14, generation: 1)
I1007 19:20:42.864644 51289276 ev_poll_posix.cc:587] FD from fork parent still in poll list: fd(19, generation: 1)
I1007 19:20:42.864647 51289276 ev_poll_posix.cc:587] FD from fork parent still in poll list: fd(14, generation: 1)
I1007 19:20:42.864654 51289276 ev_poll_posix.cc:587] FD from fork parent still in poll list: fd(19, generation: 1)
I1007 19:20:42.864657 51289276 ev_poll_posix.cc:587] FD from fork parent still in poll list: fd(14, generation: 1)
I1007 19:20:42.864664 51289276 ev_poll_posix.cc:587] FD from fork parent still in poll list: fd(19, generation: 1)
I1007 19:20:42.864667 51289276 ev_poll_posix.cc:587] FD from fork parent still in poll list: fd(14, generation: 1)
I1007 19:20:42.864673 51289276 ev_poll_posix.cc:587] FD from fork parent still in poll list: fd(19, generation: 1)
I1007 19:20:42.864676 51289276 ev_poll_posix.cc:587] FD from fork parent still in poll list: fd(14, generation: 1)
I1007 19:20:42.864679 51289276 ev_poll_posix.cc:587] FD from fork parent still in poll list: fd(19, generation: 1)
I1007 19:20:42.864682 51289276 ev_poll_posix.cc:587] FD from fork parent still in poll list: fd(14, generation: 1)
I1007 19:20:42.864689 51289276 ev_poll_posix.cc:587] FD from fork parent still in poll list: fd(19, generation: 1)
I1007 19:20:42.864692 51289276 ev_poll_posix.cc:587] FD from fork parent still in poll list: fd(14, generation: 1)
I1007 19:20:42.864695 51289276 ev_poll_posix.cc:587] FD from fork parent still in poll list: fd(19, generation: 1)
I1007 19:20:42.864698 51289276 ev_poll_posix.cc:587] FD from fork parent still in poll list: fd(14, generation: 1)
I1007 19:20:42.864705 51289276 ev_poll_posix.cc:587] FD from fork parent still in poll list: fd(19, generation: 1)
I1007 19:20:42.864707 51289276 ev_poll_posix.cc:587] FD from fork parent still in poll list: fd(14, generation: 1)
I1007 19:20:42.864710 51289276 ev_poll_posix.cc:587] FD from fork parent still in poll list: fd(19, generation: 1)
I1007 19:20:42.864713 51289276 ev_poll_posix.cc:587] FD from fork parent still in poll list: fd(14, generation: 1)
I1007 19:20:42.864720 51289276 ev_poll_posix.cc:587] FD from fork parent still in poll list: fd(19, generation: 1)
I1007 19:20:42.864723 51289276 ev_poll_posix.cc:587] FD from fork parent still in poll list: fd(14, generation: 1)
I1007 19:20:42.864726 51289276 ev_poll_posix.cc:587] FD from fork parent still in poll list: fd(19, generation: 1)
I1007 19:20:42.864729 51289276 ev_poll_posix.cc:587] FD from fork parent still in poll list: fd(14, generation: 1)
I1007 19:20:42.864736 51289276 ev_poll_posix.cc:587] FD from fork parent still in poll list: fd(19, generation: 1)
I1007 19:20:42.864739 51289276 ev_poll_posix.cc:587] FD from fork parent still in poll list: fd(14, generation: 1)
I1007 19:20:42.864742 51289276 ev_poll_posix.cc:587] FD from fork parent still in poll list: fd(19, generation: 1)
I1007 19:20:42.864744 51289276 ev_poll_posix.cc:587] FD from fork parent still in poll list: fd(14, generation: 1)
I1007 19:20:42.864751 51289276 ev_poll_posix.cc:587] FD from fork parent still in poll list: fd(19, generation: 1)
I1007 19:20:42.864754 51289276 ev_poll_posix.cc:587] FD from fork parent still in poll list: fd(14, generation: 1)
I1007 19:20:42.864757 51289276 ev_poll_posix.cc:587] FD from fork parent still in poll list: fd(19, generation: 1)
I1007 19:20:42.864760 51289276 ev_poll_posix.cc:587] FD from fork parent still in poll list: fd(14, generation: 1)
I1007 19:20:42.864767 51289276 ev_poll_posix.cc:587] FD from fork parent still in poll list: fd(19, generation: 1)
I1007 19:20:42.864770 51289276 ev_poll_posix.cc:587] FD from fork parent still in poll list: fd(14, generation: 1)
I1007 19:20:42.864773 51289276 ev_poll_posix.cc:587] FD from fork parent still in poll list: fd(19, generation: 1)
I1007 19:20:42.864776 51289276 ev_poll_posix.cc:587] FD from fork parent still in poll list: fd(14, generation: 1)
I1007 19:20:42.864781 51289276 ev_poll_posix.cc:587] FD from fork parent still in poll list: fd(19, generation: 1)
I1007 19:20:42.864784 51289276 ev_poll_posix.cc:587] FD from fork parent still in poll list: fd(14, generation: 1)
I1007 19:20:42.864791 51289276 ev_poll_posix.cc:587] FD from fork parent still in poll list: fd(19, generation: 1)
I1007 19:20:42.864793 51289276 ev_poll_posix.cc:587] FD from fork parent still in poll list: fd(14, generation: 1)
I1007 19:20:42.864800 51289276 ev_poll_posix.cc:587] FD from fork parent still in poll list: fd(19, generation: 1)
I1007 19:20:42.864803 51289276 ev_poll_posix.cc:587] FD from fork parent still in poll list: fd(14, generation: 1)
I1007 19:20:42.864814 51289276 ev_poll_posix.cc:587] FD from fork parent still in poll list: fd(19, generation: 1)
I1007 19:20:42.864816 51289276 ev_poll_posix.cc:587] FD from fork parent still in poll list: fd(14, generation: 1)
I1007 19:20:42.864823 51289276 ev_poll_posix.cc:587] FD from fork parent still in poll list: fd(19, generation: 1)
I1007 19:20:42.864826 51289276 ev_poll_posix.cc:587] FD from fork parent still in poll list: fd(14, generation: 1)
I1007 19:20:42.864829 51289276 ev_poll_posix.cc:587] FD from fork parent still in poll list: fd(19, generation: 1)
I1007 19:20:42.864832 51289276 ev_poll_posix.cc:587] FD from fork parent still in poll list: fd(14, generation: 1)
I1007 19:20:42.864837 51289276 ev_poll_posix.cc:587] FD from fork parent still in poll list: fd(19, generation: 1)
I1007 19:20:42.864840 51289276 ev_poll_posix.cc:587] FD from fork parent still in poll list: fd(14, generation: 1)
I1007 19:20:42.864843 51289276 ev_poll_posix.cc:587] FD from fork parent still in poll list: fd(19, generation: 1)
I1007 19:20:42.864846 51289276 ev_poll_posix.cc:587] FD from fork parent still in poll list: fd(14, generation: 1)
I1007 19:20:42.864853 51289276 ev_poll_posix.cc:587] FD from fork parent still in poll list: fd(19, generation: 1)
I1007 19:20:42.864856 51289276 ev_poll_posix.cc:587] FD from fork parent still in poll list: fd(14, generation: 1)
I1007 19:20:42.864859 51289276 ev_poll_posix.cc:587] FD from fork parent still in poll list: fd(19, generation: 1)
I1007 19:20:42.864862 51289276 ev_poll_posix.cc:587] FD from fork parent still in poll list: fd(14, generation: 1)
I1007 19:20:42.864869 51289276 ev_poll_posix.cc:587] FD from fork parent still in poll list: fd(19, generation: 1)
I1007 19:20:42.864872 51289276 ev_poll_posix.cc:587] FD from fork parent still in poll list: fd(14, generation: 1)
I1007 19:20:42.864875 51289276 ev_poll_posix.cc:587] FD from fork parent still in poll list: fd(19, generation: 1)
I1007 19:20:42.864878 51289276 ev_poll_posix.cc:587] FD from fork parent still in poll list: fd(14, generation: 1)
I1007 19:20:42.864884 51289276 ev_poll_posix.cc:587] FD from fork parent still in poll list: fd(19, generation: 1)
I1007 19:20:42.864887 51289276 ev_poll_posix.cc:587] FD from fork parent still in poll list: fd(14, generation: 1)
I1007 19:20:42.864890 51289276 ev_poll_posix.cc:587] FD from fork parent still in poll list: fd(19, generation: 1)
I1007 19:20:42.864893 51289276 ev_poll_posix.cc:587] FD from fork parent still in poll list: fd(14, generation: 1)
I1007 19:20:42.864900 51289276 ev_poll_posix.cc:587] FD from fork parent still in poll list: fd(19, generation: 1)
I1007 19:20:42.864903 51289276 ev_poll_posix.cc:587] FD from fork parent still in poll list: fd(14, generation: 1)
I1007 19:20:42.864906 51289276 ev_poll_posix.cc:587] FD from fork parent still in poll list: fd(19, generation: 1)
I1007 19:20:42.864909 51289276 ev_poll_posix.cc:587] FD from fork parent still in poll list: fd(14, generation: 1)
I1007 19:20:42.864916 51289276 ev_poll_posix.cc:587] FD from fork parent still in poll list: fd(19, generation: 1)
I1007 19:20:42.864919 51289276 ev_poll_posix.cc:587] FD from fork parent still in poll list: fd(14, generation: 1)
I1007 19:20:42.864922 51289276 ev_poll_posix.cc:587] FD from fork parent still in poll list: fd(19, generation: 1)
I1007 19:20:42.864924 51289276 ev_poll_posix.cc:587] FD from fork parent still in poll list: fd(14, generation: 1)
I1007 19:20:42.864942 51289276 ev_poll_posix.cc:587] FD from fork parent still in poll list: fd(19, generation: 1)
I1007 19:20:42.864945 51289276 ev_poll_posix.cc:587] FD from fork parent still in poll list: fd(14, generation: 1)
I1007 19:20:42.864948 51289276 ev_poll_posix.cc:587] FD from fork parent still in poll list: fd(19, generation: 1)
I1007 19:20:42.864951 51289276 ev_poll_posix.cc:587] FD from fork parent still in poll list: fd(14, generation: 1)
I1007 19:20:42.864957 51289276 ev_poll_posix.cc:587] FD from fork parent still in poll list: fd(19, generation: 1)
I1007 19:20:42.864965 51289276 ev_poll_posix.cc:587] FD from fork parent still in poll list: fd(14, generation: 1)
I1007 19:20:42.864971 51289276 ev_poll_posix.cc:587] FD from fork parent still in poll list: fd(19, generation: 1)
I1007 19:20:42.864975 51289276 ev_poll_posix.cc:587] FD from fork parent still in poll list: fd(14, generation: 1)
I1007 19:20:42.864982 51289276 ev_poll_posix.cc:587] FD from fork parent still in poll list: fd(19, generation: 1)
I1007 19:20:42.864985 51289276 ev_poll_posix.cc:587] FD from fork parent still in poll list: fd(14, generation: 1)
I1007 19:20:42.864992 51289276 ev_poll_posix.cc:587] FD from fork parent still in poll list: fd(19, generation: 1)
I1007 19:20:42.864995 51289276 ev_poll_posix.cc:587] FD from fork parent still in poll list: fd(14, generation: 1)
I1007 19:20:42.864998 51289276 ev_poll_posix.cc:587] FD from fork parent still in poll list: fd(19, generation: 1)
I1007 19:20:42.865001 51289276 ev_poll_posix.cc:587] FD from fork parent still in poll list: fd(14, generation: 1)
I1007 19:20:42.865004 51289276 ev_poll_posix.cc:587] FD from fork parent still in poll list: fd(19, generation: 1)
I1007 19:20:42.865007 51289276 ev_poll_posix.cc:587] FD from fork parent still in poll list: fd(14, generation: 1)
2026-10-07 19:20:43 [info     ] worker_starting                consumer=projection neo4j_uri=bolt://localhost:7687 redis_host=localhost storage={'event_log': 'spanner', 'subscription': 'spanner', 'graph': 'spanner', 'keyword_index': 'spanner', 'vector_index': 'spanner', 'archive': 'fs'}
2026-10-07 19:20:43 [warning  ] ontology_setting_not_implemented setting='pdlc: Request.embed_fields (no embeddings for pack types)'
2026-10-07 19:20:43 [warning  ] ontology_setting_not_implemented setting='pdlc: Spec.embed_fields (no embeddings for pack types)'
2026-10-07 19:20:43 [warning  ] ontology_setting_not_implemented setting='pdlc: Requirement.embed_fields (no embeddings for pack types)'
2026-10-07 19:20:43 [warning  ] ontology_setting_not_implemented setting='pdlc: Decision.embed_fields (no embeddings for pack types)'
2026-10-07 19:20:43 [warning  ] ontology_setting_not_implemented setting='pdlc: Constraint.embed_fields (no embeddings for pack types)'
2026-10-07 19:20:43 [warning  ] ontology_setting_not_implemented setting='pdlc: DesignElement.embed_fields (no embeddings for pack types)'
2026-10-07 19:20:43 [warning  ] ontology_setting_not_implemented setting='pdlc: Change.embed_fields (no embeddings for pack types)'
2026-10-07 19:20:43 [warning  ] ontology_setting_not_implemented setting='pdlc: Incident.embed_fields (no embeddings for pack types)'
2026-10-07 19:20:43 [warning  ] ontology_setting_not_implemented setting='pdlc: Lesson.embed_fields (no embeddings for pack types)'
2026-10-07 19:20:43 [warning  ] ontology_setting_not_implemented setting='pdlc: link_policy completeness_reports, read_time_threshold, scoring_question, write_time_threshold'
2026-10-07 19:20:43 [warning  ] ontology_setting_not_implemented setting='pdlc: extraction.derived_proposals'
2026-10-07 19:20:43 [warning  ] ontology_setting_not_implemented setting='pdlc: lifecycle.decay'
2026-10-07 19:20:43 [warning  ] ontology_setting_not_implemented setting='pdlc: lifecycle.terminal_states_reduce_importance'
2026-10-07 19:20:43 [warning  ] ontology_setting_not_implemented setting='pdlc: mappings (vocabulary only)'
2026-10-07 19:20:46 [info     ] ontology_loaded                edge_types=45 event_types=38 intents=['completeness', 'general', 'how_does', 'impact', 'personalize', 'preflight', 'related', 'status', 'trace', 'what', 'when', 'who_is', 'why'] node_types=28 packs=[{'name': 'core', 'version': '1.1.0', 'owner': 'engram'}, {'name': 'memory', 'version': '1.0.0', 'owner': 'engram'}, {'name': 'user', 'version': '1.1.0', 'owner': 'engram'}, {'name': 'pdlc', 'version': '1.8.0', 'owner': 'TBD'}] version=sha256:235703933f7b62c7
2026-10-07 19:20:46 [info     ] ontology_change                eval_required=['pdlc'] kind=initial pack_changes={} reasons=['the graph records no ontology version'] replay_event_types=[] version_problems=[]
2026-10-07 19:20:46 [info     ] worker_running                 consumer=projection
2026-10-07 19:20:46 [info     ] consumer_started               consumer=projection-1 group=graph-projection stream=Events
2026-10-07 19:20:47 [info     ] pending_drain_completed        group=graph-projection
Failed to export metrics to Cloud Monitoring: 403 Permission monitoring.timeSeries.create denied (or the resource may not exist).
2026-10-07 19:21:47 [info     ] shutdown_signal_received       consumer=projection
2026-10-07 19:21:47 [info     ] consumer_stopped               consumer=projection-1 group=graph-projection
2026-10-07 19:21:47 [info     ] worker_shutting_down           consumer=projection
2026-10-07 19:21:48 [info     ] worker_stopped                 consumer=projection
Failed to export metrics to Cloud Monitoring: 403 Permission monitoring.timeSeries.create denied (or the resource may not exist).
