2026-10-06 16:46:31 [info     ] embedding_service_initialized  model=all-MiniLM-L6-v2
2026-10-06 16:46:31 [info     ] llm_client_initialized
2026-10-06 16:46:33 [info     ] app_started                    neo4j_uri=bolt://localhost:7687 ontology_packs=['core@1.1.0', 'memory@1.0.0', 'user@1.0.0', 'crm@1.0.0'] ontology_version=sha256:163ac0d6e903ef6c redis_host=localhost
2026-10-06 16:46:33 [info     ] batch_ingested                 accepted=11 rejected=0 request_id=9e8f9662-b1af-4b49-a9ad-403d737a4457 store_failures=0 total=11
/private/tmp/engram-ontology-review-venv/lib/python3.12/site-packages/fastapi/routing.py:360: FastAPIDeprecationWarning: ORJSONResponse is deprecated, FastAPI now serializes data directly to JSON bytes via Pydantic when a return type or response model is set, which is faster and doesn't need a custom response class. Read more in the FastAPI docs: https://fastapi.tiangolo.com/advanced/custom-response/#orjson-or-response-model and https://fastapi.tiangolo.com/tutorial/response-model/
  return await dependant.call(**values)
2026-10-06 16:46:38 [debug    ] event_projected                edge_count=0 entry_id=2026-10-06T11:16:33.366127000Z/000000/5b3a7456-2b3e-48d0-ad3b-2400a779cabc event_id=5b3a7456-2b3e-48d0-ad3b-2400a779cabc session_id=crm:import
2026-10-06 16:46:39 [debug    ] pack_plans_applied             edges=1 events=1 nodes=1 states=0
2026-10-06 16:46:39 [debug    ] event_projected                edge_count=1 entry_id=2026-10-06T11:16:33.366127000Z/000001/5a503eaa-7c7f-4951-9afc-f708947449f1 event_id=5a503eaa-7c7f-4951-9afc-f708947449f1 session_id=crm:import
2026-10-06 16:46:40 [debug    ] pack_plans_applied             edges=1 events=1 nodes=1 states=0
2026-10-06 16:46:40 [debug    ] event_projected                edge_count=1 entry_id=2026-10-06T11:16:33.366127000Z/000002/830891cb-2c65-4559-9fba-904f9d42ca93 event_id=830891cb-2c65-4559-9fba-904f9d42ca93 session_id=crm:import
2026-10-06 16:46:41 [debug    ] pack_plans_applied             edges=1 events=1 nodes=1 states=0
2026-10-06 16:46:41 [debug    ] event_projected                edge_count=1 entry_id=2026-10-06T11:16:33.366127000Z/000003/77f57e75-0c30-4cc6-8b62-c1314053ce1a event_id=77f57e75-0c30-4cc6-8b62-c1314053ce1a session_id=crm:import
2026-10-06 16:46:42 [debug    ] pack_plans_applied             edges=2 events=1 nodes=3 states=0
2026-10-06 16:46:42 [debug    ] event_projected                edge_count=1 entry_id=2026-10-06T11:16:33.366127000Z/000004/48635fd3-36e4-49e8-ae07-6c50f8556356 event_id=48635fd3-36e4-49e8-ae07-6c50f8556356 session_id=crm:import
2026-10-06 16:46:42 [debug    ] pack_plans_applied             edges=2 events=1 nodes=3 states=0
2026-10-06 16:46:43 [debug    ] event_projected                edge_count=1 entry_id=2026-10-06T11:16:33.366127000Z/000005/31e6624e-f0c4-4e16-9f82-098918a887b8 event_id=31e6624e-f0c4-4e16-9f82-098918a887b8 session_id=crm:import
2026-10-06 16:46:43 [debug    ] pack_plans_applied             edges=2 events=1 nodes=3 states=0
2026-10-06 16:46:43 [debug    ] event_projected                edge_count=1 entry_id=2026-10-06T11:16:33.366127000Z/000006/96f0f4b2-aac3-47be-98f2-0fe92c1efd36 event_id=96f0f4b2-aac3-47be-98f2-0fe92c1efd36 session_id=crm:import
2026-10-06 16:46:44 [debug    ] pack_plans_applied             edges=2 events=1 nodes=3 states=0
2026-10-06 16:46:44 [debug    ] event_projected                edge_count=1 entry_id=2026-10-06T11:16:33.366127000Z/000007/94adbde4-bcd9-4d50-9476-a30dce3661eb event_id=94adbde4-bcd9-4d50-9476-a30dce3661eb session_id=crm:import
2026-10-06 16:46:45 [debug    ] pack_plans_applied             edges=2 events=1 nodes=3 states=1
2026-10-06 16:46:45 [debug    ] event_projected                edge_count=1 entry_id=2026-10-06T11:16:33.366127000Z/000008/07c98487-85a6-49bc-8802-85c356042d28 event_id=07c98487-85a6-49bc-8802-85c356042d28 session_id=crm:import
2026-10-06 16:46:46 [debug    ] pack_plans_applied             edges=2 events=1 nodes=3 states=0
2026-10-06 16:46:46 [debug    ] event_projected                edge_count=1 entry_id=2026-10-06T11:16:33.366127000Z/000009/b3a1840e-0d43-407a-9397-e5c0d1dbeff4 event_id=b3a1840e-0d43-407a-9397-e5c0d1dbeff4 session_id=crm:import
2026-10-06 16:46:47 [debug    ] pack_plans_applied             edges=1 events=1 nodes=1 states=1
2026-10-06 16:46:47 [debug    ] event_projected                edge_count=1 entry_id=2026-10-06T11:16:33.366127000Z/000010/d63dcd59-42ce-4daa-9e74-3f9cc570c0c1 event_id=d63dcd59-42ce-4daa-9e74-3f9cc570c0c1 session_id=crm:import
2026-10-06 16:46:48 [debug    ] pack_plans_applied             edges=2 events=1 nodes=3 states=0
2026-10-06 16:46:48 [info     ] ontology_rebuild_projected     dead_lettered=0 events=11
{
  "version": "sha256:163ac0d6e903ef6c",
  "passed": true,
  "events": 11,
  "missing_documents": 0,
  "dead_lettered": [],
  "gate_skipped": false,
  "gate": [
    {
      "pack": "crm",
      "passed": true,
      "mean_f1": 1.0,
      "min_f1": 1.0,
      "problem": null,
      "questions": [
        {
          "id": "account-of-deal",
          "f1": 1.0,
          "found": [
            "Account:acme"
          ],
          "expected": [
            "Account:acme"
          ]
        },
        {
          "id": "pipeline-of-globex",
          "f1": 1.0,
          "found": [
            "Deal:D-8"
          ],
          "expected": [
            "Deal:D-8"
          ]
        },
        {
          "id": "current-pipeline-of-acme",
          "f1": 1.0,
          "found": [
            "Deal:D-2",
            "Deal:D-7"
          ],
          "expected": [
            "Deal:D-2",
            "Deal:D-7"
          ]
        },
        {
          "id": "accounts-without-deals",
          "f1": 1.0,
          "found": [
            "Account:initech"
          ],
          "expected": [
            "Account:initech"
          ]
        },
        {
          "id": "people-at-globex",
          "f1": 1.0,
          "found": [
            "Contact:bo@globex.com"
          ],
          "expected": [
            "Contact:bo@globex.com"
          ]
        }
      ]
    }
  ]
}
{"name": "owned_same_backend_ontology_rebuild", "scenarios": ["ONT-03"], "verdict": "passed", "observation": {"exit_code": 0, "target_graph": {"nodes": {"Event": 11, "Entity": 0, "Summary": 0, "UserProfile": 0, "Preference": 0, "Skill": 0, "Workflow": 0, "BehavioralPattern": 0}, "edges": {"FOLLOWS": 10, "CAUSED_BY": 0, "SIMILAR_TO": 0, "REFERENCES": 0, "SUMMARIZES": 0, "SAME_AS": 0, "RELATED_TO": 0}, "total_nodes": 11, "total_edges": 10}, "target_ledger_count": 0, "source_ledger_count": 11}, "seconds": 20.47}
Traceback (most recent call last):
  File "/Users/arunmenon/projects/Engram/scripts/engram_spanner_compat.py", line 147, in check
    observation = await asyncio.wait_for(function(), timeout=120)
                  ^^^^^^^^^^^^^^^^^^^^^^^^^^^^^^^^^^^^^^^^^^^^^^^
  File "/opt/homebrew/Cellar/python@3.12/3.12.7_1/Frameworks/Python.framework/Versions/3.12/lib/python3.12/asyncio/tasks.py", line 520, in wait_for
    return await fut
           ^^^^^^^^^
  File "/Users/arunmenon/projects/Engram/scripts/engram_spanner_compat.py", line 1464, in cutover
    assert count == source_count, (
           ^^^^^^^^^^^^^^^^^^^^^
AssertionError: Spanner graph target settings select a new empty ledger during cutover

{"name": "Spanner_graph_cutover_preserves_source_ledger", "scenarios": ["ONT-04"], "verdict": "failed", "error_type": "AssertionError", "error": "Spanner graph target settings select a new empty ledger during cutover", "seconds": 1.38}
2026-10-06 16:46:55 [info     ] app_stopped
