2026-10-06 19:48:15 [info     ] embedding_service_initialized  model=all-MiniLM-L6-v2
2026-10-06 19:48:15 [info     ] llm_client_initialized
2026-10-06 19:48:15 [warning  ] ontology_setting_not_implemented setting='pdlc: Request.embed_fields (no embeddings for pack types)'
2026-10-06 19:48:15 [warning  ] ontology_setting_not_implemented setting='pdlc: Spec.embed_fields (no embeddings for pack types)'
2026-10-06 19:48:15 [warning  ] ontology_setting_not_implemented setting='pdlc: Requirement.embed_fields (no embeddings for pack types)'
2026-10-06 19:48:15 [warning  ] ontology_setting_not_implemented setting='pdlc: Decision.embed_fields (no embeddings for pack types)'
2026-10-06 19:48:15 [warning  ] ontology_setting_not_implemented setting='pdlc: Constraint.embed_fields (no embeddings for pack types)'
2026-10-06 19:48:15 [warning  ] ontology_setting_not_implemented setting='pdlc: DesignElement.embed_fields (no embeddings for pack types)'
2026-10-06 19:48:15 [warning  ] ontology_setting_not_implemented setting='pdlc: Change.embed_fields (no embeddings for pack types)'
2026-10-06 19:48:15 [warning  ] ontology_setting_not_implemented setting='pdlc: Incident.embed_fields (no embeddings for pack types)'
2026-10-06 19:48:15 [warning  ] ontology_setting_not_implemented setting='pdlc: Lesson.embed_fields (no embeddings for pack types)'
2026-10-06 19:48:15 [warning  ] ontology_setting_not_implemented setting='pdlc: link_policy completeness_reports, read_time_threshold, scoring_question, write_time_threshold'
2026-10-06 19:48:15 [warning  ] ontology_setting_not_implemented setting='pdlc: extraction.derived_proposals'
2026-10-06 19:48:15 [warning  ] ontology_setting_not_implemented setting='pdlc: lifecycle.decay'
2026-10-06 19:48:15 [warning  ] ontology_setting_not_implemented setting='pdlc: lifecycle.terminal_states_reduce_importance'
2026-10-06 19:48:15 [warning  ] ontology_setting_not_implemented setting='pdlc: mappings (vocabulary only)'
2026-10-06 19:48:17 [info     ] app_started                    neo4j_uri=bolt://localhost:7687 ontology_packs=['core@1.1.0', 'memory@1.0.0', 'user@1.0.0', 'pdlc@1.7.0'] ontology_version=sha256:3a7c761cd2848649 redis_host=localhost
2026-10-06 19:48:17 [info     ] event_ingested                 event_id=f86d0432-0093-4a7b-b28e-9ff616038629 event_type=observation.input global_position=2026-10-06T14:18:17.632335000Z/000000/f86d0432-0093-4a7b-b28e-9ff616038629 request_id=9ad8477d-124d-4f9c-9ae4-3d12cdfad237 status=created
/private/tmp/engram-ontology-review-venv/lib/python3.12/site-packages/fastapi/routing.py:360: FastAPIDeprecationWarning: ORJSONResponse is deprecated, FastAPI now serializes data directly to JSON bytes via Pydantic when a return type or response model is set, which is faster and doesn't need a custom response class. Read more in the FastAPI docs: https://fastapi.tiangolo.com/advanced/custom-response/#orjson-or-response-model and https://fastapi.tiangolo.com/tutorial/response-model/
  return await dependant.call(**values)
2026-10-06 19:48:17 [info     ] event_ingested                 event_id=4fd0bf8b-cc0f-4147-be13-4173386f0828 event_type=observation.input global_position=2026-10-06T14:18:17.844015000Z/000000/4fd0bf8b-cc0f-4147-be13-4173386f0828 request_id=a3856139-296b-498e-b2ec-94905995288f status=created
2026-10-06 19:48:18 [info     ] event_ingested                 event_id=b8caa6de-b3ec-42e4-b158-d80f1b91e759 event_type=observation.input global_position=2026-10-06T14:18:18.065487000Z/000000/b8caa6de-b3ec-42e4-b158-d80f1b91e759 request_id=2febddcc-71ec-4abb-9663-f0bb77247ee3 status=created
2026-10-06 19:48:18 [info     ] consumer_started               consumer=user-feedback-projection group=graph-projection stream=Events
2026-10-06 19:48:19 [info     ] pending_drain_completed        group=graph-projection
2026-10-06 19:48:19 [debug    ] event_projected                edge_count=0 entry_id=2026-10-06T14:18:17.632335000Z/000000/f86d0432-0093-4a7b-b28e-9ff616038629 event_id=f86d0432-0093-4a7b-b28e-9ff616038629 session_id=user-feedback
2026-10-06 19:48:20 [debug    ] event_projected                edge_count=1 entry_id=2026-10-06T14:18:17.844015000Z/000000/4fd0bf8b-cc0f-4147-be13-4173386f0828 event_id=4fd0bf8b-cc0f-4147-be13-4173386f0828 session_id=user-feedback
2026-10-06 19:48:20 [debug    ] event_projected                edge_count=1 entry_id=2026-10-06T14:18:18.065487000Z/000000/b8caa6de-b3ec-42e4-b158-d80f1b91e759 event_id=b8caa6de-b3ec-42e4-b158-d80f1b91e759 session_id=user-feedback
2026-10-06 19:48:22 [info     ] consumer_stopped               consumer=user-feedback-projection group=graph-projection
Traceback (most recent call last):
  File "/Users/arunmenon/projects/Engram/scripts/engram_spanner_compat.py", line 195, in check
    observation = await asyncio.wait_for(function(), timeout=timeout_seconds)
                  ^^^^^^^^^^^^^^^^^^^^^^^^^^^^^^^^^^^^^^^^^^^^^^^^^^^^^^^^^^^
  File "/opt/homebrew/Cellar/python@3.12/3.12.7_1/Frameworks/Python.framework/Versions/3.12/lib/python3.12/asyncio/tasks.py", line 520, in wait_for
    return await fut
           ^^^^^^^^^
  File "/Users/arunmenon/projects/Engram/scripts/engram_spanner_compat_pack_cases.py", line 868, in users
    await graph.write_interest_edge(user,'entity:bounded-topic','Spanner','technology',0.9,'explicit')
  File "/Users/arunmenon/projects/Engram/src/context_graph/adapters/errors.py", line 30, in wrapper
    return await method(*args, **kwargs)
                 ^^^^^^^^^^^^^^^^^^^^^^^
TypeError: GraphOperations.write_interest_edge() takes 6 positional arguments but 7 were given

{"name": "user_active_preferences_categories_patterns_export_and_shared_deletion", "scenarios": ["USER-01", "USER-02"], "verdict": "failed", "error_type": "TypeError", "error": "GraphOperations.write_interest_edge() takes 6 positional arguments but 7 were given", "seconds": 2.1}
2026-10-06 19:48:26 [info     ] feedback_submitted             bumped=3 decremented=3 global_position=2026-10-06T14:18:24.357711000Z/000000/d0e5f2f2-bd0d-4734-b9ec-1da006038a8b helpful=4 irrelevant=4 query_id=bounded-feedback request_id=a761244b-227d-4923-bfdf-1f9a3e0e7737 session_id=user-feedback
/private/tmp/engram-ontology-review-venv/lib/python3.12/site-packages/fastapi/routing.py:360: FastAPIDeprecationWarning: ORJSONResponse is deprecated, FastAPI now serializes data directly to JSON bytes via Pydantic when a return type or response model is set, which is faster and doesn't need a custom response class. Read more in the FastAPI docs: https://fastapi.tiangolo.com/advanced/custom-response/#orjson-or-response-model and https://fastapi.tiangolo.com/tutorial/response-model/
  return await dependant.call(**values)
2026-10-06 19:48:28 [info     ] feedback_submitted             bumped=3 decremented=3 global_position=2026-10-06T14:18:26.613183000Z/000000/8eb939b0-3ef5-449b-b453-cbfd582cd5b7 helpful=4 irrelevant=4 query_id=bounded-feedback request_id=c70de0d7-e121-4917-868b-30beb2ee744f session_id=user-feedback
{"name": "feedback_clamps_duplicate_overlap_missing_and_resubmission_audits", "scenarios": ["FB-01"], "verdict": "passed", "observation": {"responses": [{"query_id": "bounded-feedback", "global_position": "2026-10-06T14:18:24.357711000Z/000000/d0e5f2f2-bd0d-4734-b9ec-1da006038a8b", "bumped": 3, "decremented": 3}, {"query_id": "bounded-feedback", "global_position": "2026-10-06T14:18:26.613183000Z/000000/8eb939b0-3ef5-449b-b453-cbfd582cd5b7", "bumped": 3, "decremented": 3}], "importance": [10, 1, 5], "audit_documents": [{"agent_id": "system", "ended_at": null, "event_id": "d0e5f2f2-bd0d-4734-b9ec-1da006038a8b", "event_type": "system.feedback", "global_position": "2026-10-06T14:18:24.357711000Z/000000/d0e5f2f2-bd0d-4734-b9ec-1da006038a8b", "importance_hint": null, "occurred_at": "2026-10-06T14:18:24.195363Z", "parent_event_id": null, "payload": {"helpful_node_ids": ["f86d0432-0093-4a7b-b28e-9ff616038629", "f86d0432-0093-4a7b-b28e-9ff616038629", "b8caa6de-b3ec-42e4-b158-d80f1b91e759", "missing-node"], "irrelevant_node_ids": ["4fd0bf8b-cc0f-4147-be13-4173386f0828", "4fd0bf8b-cc0f-4147-be13-4173386f0828", "b8caa6de-b3ec-42e4-b158-d80f1b91e759", "missing-node"], "query_id": "bounded-feedback"}, "payload_ref": "feedback:bounded-feedback", "schema_version": 1, "search_text": "bounded-feedback f86d0432-0093-4a7b-b28e-9ff616038629 f86d0432-0093-4a7b-b28e-9ff616038629 b8caa6de-b3ec-42e4-b158-d80f1b91e759 missing-node 4fd0bf8b-cc0f-4147-be13-4173386f0828 4fd0bf8b-cc0f-4147-be13-4173386f0828 b8caa6de-b3ec-42e4-b158-d80f1b91e759 missing-node", "session_id": "user-feedback", "status": null, "tool_name": null, "trace_id": "bounded-feedback"}, {"agent_id": "system", "ended_at": null, "event_id": "8eb939b0-3ef5-449b-b453-cbfd582cd5b7", "event_type": "system.feedback", "global_position": "2026-10-06T14:18:26.613183000Z/000000/8eb939b0-3ef5-449b-b453-cbfd582cd5b7", "importance_hint": null, "occurred_at": "2026-10-06T14:18:26.449320Z", "parent_event_id": null, "payload": {"helpful_node_ids": ["f86d0432-0093-4a7b-b28e-9ff616038629", "f86d0432-0093-4a7b-b28e-9ff616038629", "b8caa6de-b3ec-42e4-b158-d80f1b91e759", "missing-node"], "irrelevant_node_ids": ["4fd0bf8b-cc0f-4147-be13-4173386f0828", "4fd0bf8b-cc0f-4147-be13-4173386f0828", "b8caa6de-b3ec-42e4-b158-d80f1b91e759", "missing-node"], "query_id": "bounded-feedback"}, "payload_ref": "feedback:bounded-feedback", "schema_version": 1, "search_text": "bounded-feedback f86d0432-0093-4a7b-b28e-9ff616038629 f86d0432-0093-4a7b-b28e-9ff616038629 b8caa6de-b3ec-42e4-b158-d80f1b91e759 missing-node 4fd0bf8b-cc0f-4147-be13-4173386f0828 4fd0bf8b-cc0f-4147-be13-4173386f0828 b8caa6de-b3ec-42e4-b158-d80f1b91e759 missing-node", "session_id": "user-feedback", "status": null, "tool_name": null, "trace_id": "bounded-feedback"}], "semantics": "each duplicate ID adjusts again; overlaps apply helpful then irrelevant; clamps1..10; each request has a distinct audit"}, "seconds": 5.03}
2026-10-06 19:48:29 [info     ] app_stopped
