2026-10-06 22:49:49 [info     ] embedding_service_initialized  model=all-MiniLM-L6-v2
2026-10-06 22:49:49 [info     ] llm_client_initialized
2026-10-06 22:49:49 [warning  ] ontology_setting_not_implemented setting='pdlc: Request.embed_fields (no embeddings for pack types)'
2026-10-06 22:49:49 [warning  ] ontology_setting_not_implemented setting='pdlc: Spec.embed_fields (no embeddings for pack types)'
2026-10-06 22:49:49 [warning  ] ontology_setting_not_implemented setting='pdlc: Requirement.embed_fields (no embeddings for pack types)'
2026-10-06 22:49:49 [warning  ] ontology_setting_not_implemented setting='pdlc: Decision.embed_fields (no embeddings for pack types)'
2026-10-06 22:49:49 [warning  ] ontology_setting_not_implemented setting='pdlc: Constraint.embed_fields (no embeddings for pack types)'
2026-10-06 22:49:49 [warning  ] ontology_setting_not_implemented setting='pdlc: DesignElement.embed_fields (no embeddings for pack types)'
2026-10-06 22:49:49 [warning  ] ontology_setting_not_implemented setting='pdlc: Change.embed_fields (no embeddings for pack types)'
2026-10-06 22:49:49 [warning  ] ontology_setting_not_implemented setting='pdlc: Incident.embed_fields (no embeddings for pack types)'
2026-10-06 22:49:49 [warning  ] ontology_setting_not_implemented setting='pdlc: Lesson.embed_fields (no embeddings for pack types)'
2026-10-06 22:49:49 [warning  ] ontology_setting_not_implemented setting='pdlc: link_policy completeness_reports, read_time_threshold, scoring_question, write_time_threshold'
2026-10-06 22:49:49 [warning  ] ontology_setting_not_implemented setting='pdlc: extraction.derived_proposals'
2026-10-06 22:49:49 [warning  ] ontology_setting_not_implemented setting='pdlc: lifecycle.decay'
2026-10-06 22:49:49 [warning  ] ontology_setting_not_implemented setting='pdlc: lifecycle.terminal_states_reduce_importance'
2026-10-06 22:49:49 [warning  ] ontology_setting_not_implemented setting='pdlc: mappings (vocabulary only)'
2026-10-06 22:49:51 [info     ] app_started                    neo4j_uri=bolt://localhost:7687 ontology_packs=['core@1.1.0', 'memory@1.0.0', 'user@1.0.0', 'pdlc@1.7.0'] ontology_version=sha256:3a7c761cd2848649 redis_host=localhost
2026-10-06 22:49:51 [info     ] batch_ingested                 accepted=6 rejected=0 request_id=523ffea9-3ccb-46d5-b2eb-9747c16aabe5 store_failures=0 total=6
/private/tmp/engram-ontology-review-venv/lib/python3.12/site-packages/fastapi/routing.py:360: FastAPIDeprecationWarning: ORJSONResponse is deprecated, FastAPI now serializes data directly to JSON bytes via Pydantic when a return type or response model is set, which is faster and doesn't need a custom response class. Read more in the FastAPI docs: https://fastapi.tiangolo.com/advanced/custom-response/#orjson-or-response-model and https://fastapi.tiangolo.com/tutorial/response-model/
  return await dependant.call(**values)
2026-10-06 22:49:51 [info     ] consumer_started               consumer=retention-proj group=graph-projection stream=Events
2026-10-06 22:49:51 [info     ] pending_drain_completed        group=graph-projection
2026-10-06 22:49:52 [debug    ] event_projected                edge_count=0 entry_id=2026-10-06T17:19:51.378943000Z/000000/9b82db7a-8d4a-49d8-acc6-3017b99764c0 event_id=9b82db7a-8d4a-49d8-acc6-3017b99764c0 session_id=retention-completion
2026-10-06 22:49:52 [debug    ] event_projected                edge_count=1 entry_id=2026-10-06T17:19:51.378943000Z/000001/e7fc5ca3-77f9-417d-aeed-2c6fe7de0abb event_id=e7fc5ca3-77f9-417d-aeed-2c6fe7de0abb session_id=retention-completion
2026-10-06 22:49:52 [debug    ] event_projected                edge_count=1 entry_id=2026-10-06T17:19:51.378943000Z/000002/17525f25-313d-4ade-94d9-2a1be0833c49 event_id=17525f25-313d-4ade-94d9-2a1be0833c49 session_id=retention-completion
2026-10-06 22:49:53 [debug    ] event_projected                edge_count=1 entry_id=2026-10-06T17:19:51.378943000Z/000003/e2c31187-2ad9-40a3-9cc6-da98fc161de1 event_id=e2c31187-2ad9-40a3-9cc6-da98fc161de1 session_id=retention-completion
2026-10-06 22:49:53 [debug    ] event_projected                edge_count=1 entry_id=2026-10-06T17:19:51.378943000Z/000004/f77021c5-75a7-4e32-957e-e6b3cae0710a event_id=f77021c5-75a7-4e32-957e-e6b3cae0710a session_id=retention-completion
2026-10-06 22:49:54 [debug    ] event_projected                edge_count=1 entry_id=2026-10-06T17:19:51.378943000Z/000005/da027540-c027-4039-a72c-600de2b6053a event_id=da027540-c027-4039-a72c-600de2b6053a session_id=retention-completion
2026-10-06 22:49:54 [info     ] consumer_stopped               consumer=retention-proj group=graph-projection
2026-10-06 22:49:55 [info     ] prune_complete                 dry_run=True pruned_edges=2 pruned_nodes=0 request_id=9a581726-2340-40de-bf5e-8b4d03b1d7c6 tier=warm
/private/tmp/engram-ontology-review-venv/lib/python3.12/site-packages/fastapi/routing.py:360: FastAPIDeprecationWarning: ORJSONResponse is deprecated, FastAPI now serializes data directly to JSON bytes via Pydantic when a return type or response model is set, which is faster and doesn't need a custom response class. Read more in the FastAPI docs: https://fastapi.tiangolo.com/advanced/custom-response/#orjson-or-response-model and https://fastapi.tiangolo.com/tutorial/response-model/
  return await dependant.call(**values)
2026-10-06 22:49:55 [info     ] prune_complete                 dry_run=False pruned_edges=2 pruned_nodes=0 request_id=1f76b0ae-1bf7-4f33-84d4-95d2ee90bb1a tier=warm
{"name": "warm_API_dry_and_live_counts_follow_actual_edge_scores", "scenarios": ["LIFE-03"], "verdict": "passed", "observation": {"dry_status": 200, "dry": {"pruned_edges": 2, "pruned_nodes": 0, "dry_run": true, "details": [{"action": "delete_similar_edges", "edge_count": 2}], "truncated": false}, "live_status": 200, "live": {"pruned_edges": 2, "pruned_nodes": 0, "dry_run": false, "details": [{"action": "delete_similar_edges", "edge_count": 2}], "truncated": false}, "before_edges": [["17525f25-313d-4ade-94d9-2a1be0833c49", "FOLLOWS", "e7fc5ca3-77f9-417d-aeed-2c6fe7de0abb"], ["da027540-c027-4039-a72c-600de2b6053a", "FOLLOWS", "f77021c5-75a7-4e32-957e-e6b3cae0710a"], ["e2c31187-2ad9-40a3-9cc6-da98fc161de1", "FOLLOWS", "17525f25-313d-4ade-94d9-2a1be0833c49"], ["e2c31187-2ad9-40a3-9cc6-da98fc161de1", "SIMILAR_TO", "17525f25-313d-4ade-94d9-2a1be0833c49"], ["e2c31187-2ad9-40a3-9cc6-da98fc161de1", "SIMILAR_TO", "9b82db7a-8d4a-49d8-acc6-3017b99764c0"], ["e2c31187-2ad9-40a3-9cc6-da98fc161de1", "SIMILAR_TO", "e7fc5ca3-77f9-417d-aeed-2c6fe7de0abb"], ["e7fc5ca3-77f9-417d-aeed-2c6fe7de0abb", "FOLLOWS", "9b82db7a-8d4a-49d8-acc6-3017b99764c0"], ["f77021c5-75a7-4e32-957e-e6b3cae0710a", "FOLLOWS", "e2c31187-2ad9-40a3-9cc6-da98fc161de1"]], "after_edges": [["17525f25-313d-4ade-94d9-2a1be0833c49", "FOLLOWS", "e7fc5ca3-77f9-417d-aeed-2c6fe7de0abb"], ["da027540-c027-4039-a72c-600de2b6053a", "FOLLOWS", "f77021c5-75a7-4e32-957e-e6b3cae0710a"], ["e2c31187-2ad9-40a3-9cc6-da98fc161de1", "FOLLOWS", "17525f25-313d-4ade-94d9-2a1be0833c49"], ["e2c31187-2ad9-40a3-9cc6-da98fc161de1", "SIMILAR_TO", "17525f25-313d-4ade-94d9-2a1be0833c49"], ["e7fc5ca3-77f9-417d-aeed-2c6fe7de0abb", "FOLLOWS", "9b82db7a-8d4a-49d8-acc6-3017b99764c0"], ["f77021c5-75a7-4e32-957e-e6b3cae0710a", "FOLLOWS", "e2c31187-2ad9-40a3-9cc6-da98fc161de1"]], "dry_preserves_graph": true, "expected_low_similarity_edges": 2, "scope": "actual edge similarity properties, no invented Event-level similarity property"}, "seconds": 0.79}
2026-10-06 22:49:56 [info     ] forgetting_completed           deleted_archive_events=1 deleted_cold_events=0 deleted_edges=0 orphan_counts={'Entity': 0, 'Preference': 0, 'Skill': 0, 'Workflow': 0, 'BehavioralPattern': 0}
{"name": "native_worker_nonzero_archive_graph_deletion_and_low_similarity_edges", "scenarios": ["CONS-02", "LIFE-03"], "verdict": "passed", "observation": {"archive_deletion_calls": [{"ids": ["da027540-c027-4039-a72c-600de2b6053a"], "count": 1}], "remaining_event_ids": ["9b82db7a-8d4a-49d8-acc6-3017b99764c0", "e7fc5ca3-77f9-417d-aeed-2c6fe7de0abb", "17525f25-313d-4ade-94d9-2a1be0833c49", "e2c31187-2ad9-40a3-9cc6-da98fc161de1", "f77021c5-75a7-4e32-957e-e6b3cae0710a"], "similarity_edges": [["e2c31187-2ad9-40a3-9cc6-da98fc161de1", "SIMILAR_TO", "17525f25-313d-4ade-94d9-2a1be0833c49"]]}, "seconds": 0.0}
2026-10-06 22:49:56 [info     ] prune_complete                 dry_run=True pruned_edges=0 pruned_nodes=1 request_id=bbd209bf-024b-44c0-9cc6-905cd7978f5b tier=cold
2026-10-06 22:49:57 [info     ] prune_complete                 dry_run=False pruned_edges=0 pruned_nodes=1 request_id=c6ef4c6a-8322-43a1-a0b4-4eac2321f755 tier=cold
{"name": "actual_worker_nonzero_archive_graph_deletion_then_API_cold_dry_live", "scenarios": ["LIFE-03", "CONS-02"], "verdict": "passed", "observation": {"archive_deletion_calls": [{"ids": ["da027540-c027-4039-a72c-600de2b6053a"], "count": 1}], "after_worker_nodes": ["9b82db7a-8d4a-49d8-acc6-3017b99764c0", "e7fc5ca3-77f9-417d-aeed-2c6fe7de0abb", "17525f25-313d-4ade-94d9-2a1be0833c49", "e2c31187-2ad9-40a3-9cc6-da98fc161de1", "f77021c5-75a7-4e32-957e-e6b3cae0710a"], "similarity_edges_after_worker": [["e2c31187-2ad9-40a3-9cc6-da98fc161de1", "SIMILAR_TO", "17525f25-313d-4ade-94d9-2a1be0833c49"]], "cold_dry_status": 200, "cold_live_status": 200, "cold_dry": {"pruned_edges": 0, "pruned_nodes": 1, "dry_run": true, "details": [{"action": "delete_cold_events", "event_ids": ["f77021c5-75a7-4e32-957e-e6b3cae0710a"]}], "truncated": false}, "cold_live": {"pruned_edges": 0, "pruned_nodes": 1, "dry_run": false, "details": [{"action": "delete_cold_events", "event_ids": ["f77021c5-75a7-4e32-957e-e6b3cae0710a"]}], "truncated": false}, "dry_preserves_nodes": true, "final_event_ids": ["9b82db7a-8d4a-49d8-acc6-3017b99764c0", "e7fc5ca3-77f9-417d-aeed-2c6fe7de0abb", "17525f25-313d-4ade-94d9-2a1be0833c49", "e2c31187-2ad9-40a3-9cc6-da98fc161de1"], "ledger_documents_retained": true}, "seconds": 1.33}
2026-10-06 22:49:57 [info     ] app_stopped
