I1007 18:54:29.504422 51268739 ev_poll_posix.cc:587] FD from fork parent still in poll list: fd(13, generation: 1)
I1007 18:54:29.504509 51268739 ev_poll_posix.cc:587] FD from fork parent still in poll list: fd(10, generation: 1)
I1007 18:54:29.504521 51268739 ev_poll_posix.cc:587] FD from fork parent still in poll list: fd(13, generation: 1)
I1007 18:54:29.504525 51268739 ev_poll_posix.cc:587] FD from fork parent still in poll list: fd(10, generation: 1)
I1007 18:54:29.504530 51268739 ev_poll_posix.cc:587] FD from fork parent still in poll list: fd(13, generation: 1)
I1007 18:54:29.504534 51268739 ev_poll_posix.cc:587] FD from fork parent still in poll list: fd(10, generation: 1)
I1007 18:54:29.504538 51268739 ev_poll_posix.cc:587] FD from fork parent still in poll list: fd(13, generation: 1)
I1007 18:54:29.504541 51268739 ev_poll_posix.cc:587] FD from fork parent still in poll list: fd(10, generation: 1)
I1007 18:54:29.504545 51268739 ev_poll_posix.cc:587] FD from fork parent still in poll list: fd(13, generation: 1)
I1007 18:54:29.504551 51268739 ev_poll_posix.cc:587] FD from fork parent still in poll list: fd(10, generation: 1)
I1007 18:54:29.504555 51268739 ev_poll_posix.cc:587] FD from fork parent still in poll list: fd(13, generation: 1)
I1007 18:54:29.504559 51268739 ev_poll_posix.cc:587] FD from fork parent still in poll list: fd(10, generation: 1)
I1007 18:54:29.504563 51268739 ev_poll_posix.cc:587] FD from fork parent still in poll list: fd(13, generation: 1)
I1007 18:54:29.504566 51268739 ev_poll_posix.cc:587] FD from fork parent still in poll list: fd(10, generation: 1)
I1007 18:54:29.504570 51268739 ev_poll_posix.cc:587] FD from fork parent still in poll list: fd(13, generation: 1)
I1007 18:54:29.504573 51268739 ev_poll_posix.cc:587] FD from fork parent still in poll list: fd(10, generation: 1)
I1007 18:54:29.504577 51268739 ev_poll_posix.cc:587] FD from fork parent still in poll list: fd(13, generation: 1)
I1007 18:54:29.504580 51268739 ev_poll_posix.cc:587] FD from fork parent still in poll list: fd(10, generation: 1)
I1007 18:54:29.504584 51268739 ev_poll_posix.cc:587] FD from fork parent still in poll list: fd(13, generation: 1)
I1007 18:54:29.504588 51268739 ev_poll_posix.cc:587] FD from fork parent still in poll list: fd(10, generation: 1)
I1007 18:54:29.504591 51268739 ev_poll_posix.cc:587] FD from fork parent still in poll list: fd(13, generation: 1)
I1007 18:54:29.504595 51268739 ev_poll_posix.cc:587] FD from fork parent still in poll list: fd(10, generation: 1)
I1007 18:54:29.504598 51268739 ev_poll_posix.cc:587] FD from fork parent still in poll list: fd(13, generation: 1)
I1007 18:54:29.504601 51268739 ev_poll_posix.cc:587] FD from fork parent still in poll list: fd(10, generation: 1)
I1007 18:54:29.504605 51268739 ev_poll_posix.cc:587] FD from fork parent still in poll list: fd(13, generation: 1)
I1007 18:54:29.504608 51268739 ev_poll_posix.cc:587] FD from fork parent still in poll list: fd(10, generation: 1)
I1007 18:54:29.504612 51268739 ev_poll_posix.cc:587] FD from fork parent still in poll list: fd(13, generation: 1)
I1007 18:54:29.504615 51268739 ev_poll_posix.cc:587] FD from fork parent still in poll list: fd(10, generation: 1)
I1007 18:54:29.504618 51268739 ev_poll_posix.cc:587] FD from fork parent still in poll list: fd(13, generation: 1)
I1007 18:54:29.504621 51268739 ev_poll_posix.cc:587] FD from fork parent still in poll list: fd(10, generation: 1)
I1007 18:54:29.504625 51268739 ev_poll_posix.cc:587] FD from fork parent still in poll list: fd(13, generation: 1)
I1007 18:54:29.504628 51268739 ev_poll_posix.cc:587] FD from fork parent still in poll list: fd(10, generation: 1)
I1007 18:54:29.504632 51268739 ev_poll_posix.cc:587] FD from fork parent still in poll list: fd(13, generation: 1)
I1007 18:54:29.504634 51268739 ev_poll_posix.cc:587] FD from fork parent still in poll list: fd(10, generation: 1)
I1007 18:54:29.504638 51268739 ev_poll_posix.cc:587] FD from fork parent still in poll list: fd(13, generation: 1)
I1007 18:54:29.504641 51268739 ev_poll_posix.cc:587] FD from fork parent still in poll list: fd(10, generation: 1)
I1007 18:54:29.504649 51268739 ev_poll_posix.cc:587] FD from fork parent still in poll list: fd(13, generation: 1)
I1007 18:54:29.504652 51268739 ev_poll_posix.cc:587] FD from fork parent still in poll list: fd(10, generation: 1)
I1007 18:54:29.504655 51268739 ev_poll_posix.cc:587] FD from fork parent still in poll list: fd(13, generation: 1)
I1007 18:54:29.504657 51268739 ev_poll_posix.cc:587] FD from fork parent still in poll list: fd(10, generation: 1)
I1007 18:54:29.504659 51268739 ev_poll_posix.cc:587] FD from fork parent still in poll list: fd(13, generation: 1)
I1007 18:54:29.504662 51268739 ev_poll_posix.cc:587] FD from fork parent still in poll list: fd(10, generation: 1)
I1007 18:54:29.504664 51268739 ev_poll_posix.cc:587] FD from fork parent still in poll list: fd(13, generation: 1)
I1007 18:54:29.504667 51268739 ev_poll_posix.cc:587] FD from fork parent still in poll list: fd(10, generation: 1)
I1007 18:54:29.504669 51268739 ev_poll_posix.cc:587] FD from fork parent still in poll list: fd(13, generation: 1)
I1007 18:54:29.504672 51268739 ev_poll_posix.cc:587] FD from fork parent still in poll list: fd(10, generation: 1)
I1007 18:54:29.504674 51268739 ev_poll_posix.cc:587] FD from fork parent still in poll list: fd(13, generation: 1)
I1007 18:54:29.504677 51268739 ev_poll_posix.cc:587] FD from fork parent still in poll list: fd(10, generation: 1)
I1007 18:54:29.504680 51268739 ev_poll_posix.cc:587] FD from fork parent still in poll list: fd(13, generation: 1)
I1007 18:54:29.504682 51268739 ev_poll_posix.cc:587] FD from fork parent still in poll list: fd(10, generation: 1)
I1007 18:54:29.504686 51268739 ev_poll_posix.cc:587] FD from fork parent still in poll list: fd(13, generation: 1)
I1007 18:54:29.504688 51268739 ev_poll_posix.cc:587] FD from fork parent still in poll list: fd(10, generation: 1)
I1007 18:54:29.504693 51268739 ev_poll_posix.cc:587] FD from fork parent still in poll list: fd(13, generation: 1)
I1007 18:54:29.504695 51268739 ev_poll_posix.cc:587] FD from fork parent still in poll list: fd(10, generation: 1)
I1007 18:54:29.504699 51268739 ev_poll_posix.cc:587] FD from fork parent still in poll list: fd(13, generation: 1)
I1007 18:54:29.504701 51268739 ev_poll_posix.cc:587] FD from fork parent still in poll list: fd(10, generation: 1)
I1007 18:54:29.504706 51268739 ev_poll_posix.cc:587] FD from fork parent still in poll list: fd(13, generation: 1)
I1007 18:54:29.504708 51268739 ev_poll_posix.cc:587] FD from fork parent still in poll list: fd(10, generation: 1)
I1007 18:54:29.504712 51268739 ev_poll_posix.cc:587] FD from fork parent still in poll list: fd(13, generation: 1)
I1007 18:54:29.504714 51268739 ev_poll_posix.cc:587] FD from fork parent still in poll list: fd(10, generation: 1)
I1007 18:54:29.504717 51268739 ev_poll_posix.cc:587] FD from fork parent still in poll list: fd(13, generation: 1)
I1007 18:54:29.504720 51268739 ev_poll_posix.cc:587] FD from fork parent still in poll list: fd(13, generation: 1)
I1007 18:54:29.504723 51268739 ev_poll_posix.cc:587] FD from fork parent still in poll list: fd(13, generation: 1)
I1007 18:54:29.504726 51268739 ev_poll_posix.cc:587] FD from fork parent still in poll list: fd(13, generation: 1)
2026-10-07 18:54:32 [warning  ] ontology_setting_not_implemented setting='pdlc: Request.embed_fields (no embeddings for pack types)'
2026-10-07 18:54:32 [warning  ] ontology_setting_not_implemented setting='pdlc: Spec.embed_fields (no embeddings for pack types)'
2026-10-07 18:54:32 [warning  ] ontology_setting_not_implemented setting='pdlc: Requirement.embed_fields (no embeddings for pack types)'
2026-10-07 18:54:32 [warning  ] ontology_setting_not_implemented setting='pdlc: Decision.embed_fields (no embeddings for pack types)'
2026-10-07 18:54:32 [warning  ] ontology_setting_not_implemented setting='pdlc: Constraint.embed_fields (no embeddings for pack types)'
2026-10-07 18:54:32 [warning  ] ontology_setting_not_implemented setting='pdlc: DesignElement.embed_fields (no embeddings for pack types)'
2026-10-07 18:54:32 [warning  ] ontology_setting_not_implemented setting='pdlc: Change.embed_fields (no embeddings for pack types)'
2026-10-07 18:54:32 [warning  ] ontology_setting_not_implemented setting='pdlc: Incident.embed_fields (no embeddings for pack types)'
2026-10-07 18:54:32 [warning  ] ontology_setting_not_implemented setting='pdlc: Lesson.embed_fields (no embeddings for pack types)'
2026-10-07 18:54:32 [warning  ] ontology_setting_not_implemented setting='pdlc: link_policy completeness_reports, read_time_threshold, scoring_question, write_time_threshold'
2026-10-07 18:54:32 [warning  ] ontology_setting_not_implemented setting='pdlc: extraction.derived_proposals'
2026-10-07 18:54:32 [warning  ] ontology_setting_not_implemented setting='pdlc: lifecycle.decay'
2026-10-07 18:54:32 [warning  ] ontology_setting_not_implemented setting='pdlc: lifecycle.terminal_states_reduce_importance'
2026-10-07 18:54:32 [warning  ] ontology_setting_not_implemented setting='pdlc: mappings (vocabulary only)'
2026-10-07 18:54:32 [info     ] embedding_service_initialized  model=all-MiniLM-L6-v2
2026-10-07 18:54:32 [info     ] llm_client_initialized
2026-10-07 18:54:34 [info     ] app_started                    neo4j_uri=bolt://localhost:7687 ontology_packs=['core@1.1.0', 'memory@1.0.0', 'user@1.1.0', 'pdlc@1.8.0'] ontology_version=sha256:235703933f7b62c7 redis_host=localhost
/private/tmp/engram-ontology-review-venv/lib/python3.12/site-packages/fastapi/routing.py:360: FastAPIDeprecationWarning: ORJSONResponse is deprecated, FastAPI now serializes data directly to JSON bytes via Pydantic when a return type or response model is set, which is faster and doesn't need a custom response class. Read more in the FastAPI docs: https://fastapi.tiangolo.com/advanced/custom-response/#orjson-or-response-model and https://fastapi.tiangolo.com/tutorial/response-model/
  return await dependant.call(**values)
2026-10-07 18:54:35 [info     ] app_stopped
