2026-10-06 22:45:55 [info     ] embedding_service_initialized  model=all-MiniLM-L6-v2
2026-10-06 22:45:55 [info     ] llm_client_initialized
2026-10-06 22:45:55 [warning  ] ontology_setting_not_implemented setting='pdlc: Request.embed_fields (no embeddings for pack types)'
2026-10-06 22:45:55 [warning  ] ontology_setting_not_implemented setting='pdlc: Spec.embed_fields (no embeddings for pack types)'
2026-10-06 22:45:55 [warning  ] ontology_setting_not_implemented setting='pdlc: Requirement.embed_fields (no embeddings for pack types)'
2026-10-06 22:45:55 [warning  ] ontology_setting_not_implemented setting='pdlc: Decision.embed_fields (no embeddings for pack types)'
2026-10-06 22:45:55 [warning  ] ontology_setting_not_implemented setting='pdlc: Constraint.embed_fields (no embeddings for pack types)'
2026-10-06 22:45:55 [warning  ] ontology_setting_not_implemented setting='pdlc: DesignElement.embed_fields (no embeddings for pack types)'
2026-10-06 22:45:55 [warning  ] ontology_setting_not_implemented setting='pdlc: Change.embed_fields (no embeddings for pack types)'
2026-10-06 22:45:55 [warning  ] ontology_setting_not_implemented setting='pdlc: Incident.embed_fields (no embeddings for pack types)'
2026-10-06 22:45:55 [warning  ] ontology_setting_not_implemented setting='pdlc: Lesson.embed_fields (no embeddings for pack types)'
2026-10-06 22:45:55 [warning  ] ontology_setting_not_implemented setting='pdlc: link_policy completeness_reports, read_time_threshold, scoring_question, write_time_threshold'
2026-10-06 22:45:55 [warning  ] ontology_setting_not_implemented setting='pdlc: extraction.derived_proposals'
2026-10-06 22:45:55 [warning  ] ontology_setting_not_implemented setting='pdlc: lifecycle.decay'
2026-10-06 22:45:55 [warning  ] ontology_setting_not_implemented setting='pdlc: lifecycle.terminal_states_reduce_importance'
2026-10-06 22:45:55 [warning  ] ontology_setting_not_implemented setting='pdlc: mappings (vocabulary only)'
2026-10-06 22:45:58 [info     ] app_started                    neo4j_uri=bolt://localhost:7687 ontology_packs=['core@1.1.0', 'memory@1.0.0', 'user@1.0.0', 'pdlc@1.7.0'] ontology_version=sha256:3a7c761cd2848649 redis_host=localhost
/private/tmp/engram-ontology-review-venv/lib/python3.12/site-packages/fastapi/routing.py:360: FastAPIDeprecationWarning: ORJSONResponse is deprecated, FastAPI now serializes data directly to JSON bytes via Pydantic when a return type or response model is set, which is faster and doesn't need a custom response class. Read more in the FastAPI docs: https://fastapi.tiangolo.com/advanced/custom-response/#orjson-or-response-model and https://fastapi.tiangolo.com/tutorial/response-model/
  return await dependant.call(**values)
2026-10-06 22:45:58 [info     ] batch_ingested                 accepted=0 rejected=1 request_id=3389f3de-d4c8-4ae2-b5ad-2a22270a5b26 store_failures=0 total=1
2026-10-06 22:45:58 [info     ] events_imported                created=0 duplicate=0 failed=0 order=occurred_at received=1 rejected=1 request_id=aa113df2-b41d-4bc4-a86c-4761f7f1037c
/private/tmp/engram-ontology-review-venv/lib/python3.12/site-packages/fastapi/routing.py:360: FastAPIDeprecationWarning: ORJSONResponse is deprecated, FastAPI now serializes data directly to JSON bytes via Pydantic when a return type or response model is set, which is faster and doesn't need a custom response class. Read more in the FastAPI docs: https://fastapi.tiangolo.com/advanced/custom-response/#orjson-or-response-model and https://fastapi.tiangolo.com/tutorial/response-model/
  return await dependant.call(**values)
2026-10-06 22:45:58 [info     ] batch_ingested                 accepted=0 rejected=1 request_id=58f9c21b-dfff-4eaf-b894-0cca5bff3d19 store_failures=0 total=1
2026-10-06 22:45:58 [info     ] events_imported                created=0 duplicate=0 failed=0 order=occurred_at received=1 rejected=1 request_id=f4210df7-6a6e-4916-8f98-d62d1dcaca16
2026-10-06 22:45:58 [info     ] event_ingested                 event_id=f8cd548c-76bb-4577-92de-7e610fa1d64b event_type=observation.input global_position=2026-10-06T17:15:58.813215000Z/000000/f8cd548c-76bb-4577-92de-7e610fa1d64b request_id=83a0ce7f-1db0-4422-b5fd-76a56bb77386 status=created
{"name": "timezone_refusal_all_ingress_routes_and_aware_UTC_storage", "scenarios": ["ING-01", "ING-02", "ING-05"], "verdict": "passed", "observation": {"refusals": [{"field": "occurred_at", "single_status": 422, "single": {"detail": [{"type": "timezone_required", "loc": ["occurred_at"], "msg": "Timestamp requires an explicit timezone", "input": "2026-10-06T12:00:00"}]}, "batch_status": 422, "batch": {"accepted": 0, "rejected": 1, "results": [], "errors": [{"index": 0, "event_id": "ed200633-400e-48c4-badd-89c3c71ae0ab", "errors": [{"field": "occurred_at", "message": "Timestamp requires an explicit timezone"}]}]}, "import_status": 200, "import": [{"index": 0, "event_id": "ed200633-400e-48c4-badd-89c3c71ae0ab", "errors": [{"field": "occurred_at", "message": "Timestamp requires an explicit timezone"}], "status": "rejected"}, {"summary": {"received": 1, "order": "occurred_at", "created": 0, "duplicate": 0, "rejected": 1, "failed": 0}}]}, {"field": "ended_at", "single_status": 422, "single": {"detail": [{"type": "timezone_required", "loc": ["ended_at"], "msg": "Timestamp requires an explicit timezone", "input": "2026-10-06T12:00:00"}]}, "batch_status": 422, "batch": {"accepted": 0, "rejected": 1, "results": [], "errors": [{"index": 0, "event_id": "a9d9ceee-9d3c-43b8-b67e-cb8991a85f3a", "errors": [{"field": "ended_at", "message": "Timestamp requires an explicit timezone"}]}]}, "import_status": 200, "import": [{"index": 0, "event_id": "a9d9ceee-9d3c-43b8-b67e-cb8991a85f3a", "errors": [{"field": "ended_at", "message": "Timestamp requires an explicit timezone"}], "status": "rejected"}, {"summary": {"received": 1, "order": "occurred_at", "created": 0, "duplicate": 0, "rejected": 1, "failed": 0}}]}], "aware_status": 201, "normalized_stored_timestamp": "2026-10-06T17:13:58.606451Z", "invalid_rows_appended": 0}, "seconds": 0.61}
/Users/arunmenon/projects/Engram/src/context_graph/api/routes/events.py:178: FastAPIDeprecationWarning: ORJSONResponse is deprecated, FastAPI now serializes data directly to JSON bytes via Pydantic when a return type or response model is set, which is faster and doesn't need a custom response class. Read more in the FastAPI docs: https://fastapi.tiangolo.com/advanced/custom-response/#orjson-or-response-model and https://fastapi.tiangolo.com/tutorial/response-model/
  return _body_error(exc)
2026-10-06 22:45:59 [info     ] event_ingested                 event_id=065abe43-0407-4efa-b0a8-404280f12ed9 event_type=observation.input global_position=2026-10-06T17:15:59.317375000Z/000000/065abe43-0407-4efa-b0a8-404280f12ed9 request_id=030a2c13-482a-44a7-9be6-d2509f578479 status=created
{"name": "gzip_complete_member_required_before_append", "scenarios": ["ING-03"], "verdict": "passed", "observation": {"invalid_gzip": [{"status": 400, "response": {"detail": [{"message": "body is an incomplete gzip stream"}]}}, {"status": 400, "response": {"detail": [{"message": "body is an incomplete gzip stream"}]}}, {"status": 400, "response": {"detail": [{"message": "body is an incomplete gzip stream"}]}}, {"status": 400, "response": {"detail": [{"message": "body contains data after the gzip stream"}]}}], "valid_status": 201, "ledger_delta": 1}, "seconds": 0.53}
2026-10-06 22:45:59 [warning  ] storage_temporarily_unavailable error_type=UnavailableError path=/v1/events request_id=09a9d061-6785-44f8-9741-d7b8274a34e7
/private/tmp/engram-ontology-review-venv/lib/python3.12/site-packages/starlette/_exception_handler.py:59: FastAPIDeprecationWarning: ORJSONResponse is deprecated, FastAPI now serializes data directly to JSON bytes via Pydantic when a return type or response model is set, which is faster and doesn't need a custom response class. Read more in the FastAPI docs: https://fastapi.tiangolo.com/advanced/custom-response/#orjson-or-response-model and https://fastapi.tiangolo.com/tutorial/response-model/
  response = await handler(conn, exc)  # type: ignore[arg-type]
2026-10-06 22:45:59 [info     ] event_ingested                 event_id=e748d98e-61f7-4145-9d2a-d9bac9c0ffc4 event_type=observation.input global_position=2026-10-06T17:15:59.743023000Z/000000/e748d98e-61f7-4145-9d2a-d9bac9c0ffc4 request_id=96712e60-604d-44a1-aa95-c8bcb926c201 status=created
2026-10-06 22:46:00 [warning  ] storage_temporarily_unavailable error_type=UnavailableError path=/v1/events request_id=e9b35a3e-20a6-414c-ba37-b912acf931f0
2026-10-06 22:46:00 [info     ] event_ingested                 event_id=b2f49437-c24e-4871-a5ca-8ca381790205 event_type=observation.input global_position=2026-10-06T17:16:00.082175000Z/000000/b2f49437-c24e-4871-a5ca-8ca381790205 request_id=f617eb54-4b3c-4c3f-a6f6-c72a719db68f status=duplicate
2026-10-06 22:46:00 [warning  ] storage_temporarily_unavailable error_type=UnavailableError path=/v1/events/batch request_id=4ed4ee94-6150-448f-b142-908de67a7218
2026-10-06 22:46:00 [info     ] batch_ingested                 accepted=2 rejected=0 request_id=bfe2e0d1-1898-464d-bc74-ffb80490cd18 store_failures=0 total=2
2026-10-06 22:46:01 [warning  ] storage_temporarily_unavailable error_type=UnavailableError path=/v1/events/batch request_id=ebd2033f-3d8f-4870-9641-f21a21004829
2026-10-06 22:46:01 [info     ] batch_ingested                 accepted=2 rejected=0 request_id=968113c5-a244-49c8-91ce-f17510d88a8a store_failures=0 total=2
{"name": "transient_single_batch_first_chunk_and_uncertain_commit_safe_retries", "scenarios": ["ING-04", "OPS-03"], "verdict": "passed", "observation": [{"route": "/v1/events", "uncertain_commit": false, "failure_status": 503, "failure": {"detail": "Storage temporarily unavailable", "ingestion_retry": "Preserve original event IDs; prior writes may have committed"}, "retry_after": "1", "documents_before_retry": 0, "retry_status": 201, "retry": {"event_id": "e748d98e-61f7-4145-9d2a-d9bac9c0ffc4", "global_position": "2026-10-06T17:15:59.743023000Z/000000/e748d98e-61f7-4145-9d2a-d9bac9c0ffc4", "status": "created"}, "final_documents": 1, "scope": "synthetic neutral exception; uncertain case performs actual Spanner commit before exception"}, {"route": "/v1/events", "uncertain_commit": true, "failure_status": 503, "failure": {"detail": "Storage temporarily unavailable", "ingestion_retry": "Preserve original event IDs; prior writes may have committed"}, "retry_after": "1", "documents_before_retry": 1, "retry_status": 201, "retry": {"event_id": "b2f49437-c24e-4871-a5ca-8ca381790205", "global_position": "2026-10-06T17:16:00.082175000Z/000000/b2f49437-c24e-4871-a5ca-8ca381790205", "status": "duplicate"}, "final_documents": 1, "scope": "synthetic neutral exception; uncertain case performs actual Spanner commit before exception"}, {"route": "/v1/events/batch", "uncertain_commit": false, "failure_status": 503, "failure": {"detail": "Storage temporarily unavailable", "ingestion_retry": "Preserve original event IDs; prior writes may have committed"}, "retry_after": "1", "documents_before_retry": 0, "retry_status": 201, "retry": {"accepted": 2, "rejected": 0, "results": [{"event_id": "c7b2bd86-16e0-444f-80a9-0545c812a456", "global_position": "2026-10-06T17:16:00.788271000Z/000000/c7b2bd86-16e0-444f-80a9-0545c812a456", "status": "created"}, {"event_id": "b10128db-ac25-4820-a737-f344557f7ae1", "global_position": "2026-10-06T17:16:00.788271000Z/000001/b10128db-ac25-4820-a737-f344557f7ae1", "status": "created"}], "errors": []}, "final_documents": 2, "scope": "synthetic neutral exception; uncertain case performs actual Spanner commit before exception"}, {"route": "/v1/events/batch", "uncertain_commit": true, "failure_status": 503, "failure": {"detail": "Storage temporarily unavailable", "ingestion_retry": "Preserve original event IDs; prior writes may have committed"}, "retry_after": "1", "documents_before_retry": 2, "retry_status": 201, "retry": {"accepted": 2, "rejected": 0, "results": [{"event_id": "4c175721-2a24-4c29-84ac-fab6b2ecdb8e", "global_position": "2026-10-06T17:16:01.123151000Z/000000/4c175721-2a24-4c29-84ac-fab6b2ecdb8e", "status": "duplicate"}, {"event_id": "e6f958b2-a93d-4618-986b-d32e3cb40650", "global_position": "2026-10-06T17:16:01.123151000Z/000001/e6f958b2-a93d-4618-986b-d32e3cb40650", "status": "duplicate"}], "errors": []}, "final_documents": 2, "scope": "synthetic neutral exception; uncertain case performs actual Spanner commit before exception"}], "seconds": 2.11}
2026-10-06 22:46:01 [info     ] app_stopped
