2026-10-06 22:00:30 [info     ] embedding_service_initialized  model=all-MiniLM-L6-v2
2026-10-06 22:00:30 [info     ] llm_client_initialized
2026-10-06 22:00:30 [warning  ] ontology_setting_not_implemented setting='pdlc: Request.embed_fields (no embeddings for pack types)'
2026-10-06 22:00:30 [warning  ] ontology_setting_not_implemented setting='pdlc: Spec.embed_fields (no embeddings for pack types)'
2026-10-06 22:00:30 [warning  ] ontology_setting_not_implemented setting='pdlc: Requirement.embed_fields (no embeddings for pack types)'
2026-10-06 22:00:30 [warning  ] ontology_setting_not_implemented setting='pdlc: Decision.embed_fields (no embeddings for pack types)'
2026-10-06 22:00:30 [warning  ] ontology_setting_not_implemented setting='pdlc: Constraint.embed_fields (no embeddings for pack types)'
2026-10-06 22:00:30 [warning  ] ontology_setting_not_implemented setting='pdlc: DesignElement.embed_fields (no embeddings for pack types)'
2026-10-06 22:00:30 [warning  ] ontology_setting_not_implemented setting='pdlc: Change.embed_fields (no embeddings for pack types)'
2026-10-06 22:00:30 [warning  ] ontology_setting_not_implemented setting='pdlc: Incident.embed_fields (no embeddings for pack types)'
2026-10-06 22:00:30 [warning  ] ontology_setting_not_implemented setting='pdlc: Lesson.embed_fields (no embeddings for pack types)'
2026-10-06 22:00:30 [warning  ] ontology_setting_not_implemented setting='pdlc: link_policy completeness_reports, read_time_threshold, scoring_question, write_time_threshold'
2026-10-06 22:00:30 [warning  ] ontology_setting_not_implemented setting='pdlc: extraction.derived_proposals'
2026-10-06 22:00:30 [warning  ] ontology_setting_not_implemented setting='pdlc: lifecycle.decay'
2026-10-06 22:00:30 [warning  ] ontology_setting_not_implemented setting='pdlc: lifecycle.terminal_states_reduce_importance'
2026-10-06 22:00:30 [warning  ] ontology_setting_not_implemented setting='pdlc: mappings (vocabulary only)'
2026-10-06 22:00:32 [info     ] app_started                    neo4j_uri=bolt://localhost:7687 ontology_packs=['core@1.1.0', 'memory@1.0.0', 'user@1.0.0', 'pdlc@1.7.0'] ontology_version=sha256:3a7c761cd2848649 redis_host=localhost
2026-10-06 22:00:32 [info     ] embedding_service_initialized  model=all-MiniLM-L6-v2
2026-10-06 22:00:32 [info     ] llm_client_initialized
2026-10-06 22:00:34 [info     ] app_started                    neo4j_uri=bolt://localhost:7687 ontology_packs=['core@1.1.0', 'memory@1.0.0', 'user@1.0.0', 'pdlc@1.7.0'] ontology_version=sha256:3a7c761cd2848649 redis_host=localhost
2026-10-06 22:00:35 [info     ] consumer_started               consumer=load-worker group=graph-projection stream=Events
2026-10-06 22:00:35 [info     ] batch_ingested                 accepted=24 rejected=0 request_id=c0e768a9-94b3-46a5-aafe-4834ca306c8c store_failures=0 total=24
/private/tmp/engram-ontology-review-venv/lib/python3.12/site-packages/fastapi/routing.py:360: FastAPIDeprecationWarning: ORJSONResponse is deprecated, FastAPI now serializes data directly to JSON bytes via Pydantic when a return type or response model is set, which is faster and doesn't need a custom response class. Read more in the FastAPI docs: https://fastapi.tiangolo.com/advanced/custom-response/#orjson-or-response-model and https://fastapi.tiangolo.com/tutorial/response-model/
  return await dependant.call(**values)
2026-10-06 22:00:35 [info     ] pending_drain_completed        group=graph-projection
2026-10-06 22:00:36 [debug    ] event_projected                edge_count=0 entry_id=2026-10-06T16:30:35.234511000Z/000000/33bbfb6b-c7e0-43c0-af5e-a51c21e728a0 event_id=33bbfb6b-c7e0-43c0-af5e-a51c21e728a0 session_id=load-0
2026-10-06 22:00:36 [debug    ] event_projected                edge_count=0 entry_id=2026-10-06T16:30:35.234511000Z/000001/3815d8dc-b21f-41cc-8cee-740a00a392ac event_id=3815d8dc-b21f-41cc-8cee-740a00a392ac session_id=load-1
2026-10-06 22:00:37 [debug    ] event_projected                edge_count=0 entry_id=2026-10-06T16:30:35.234511000Z/000002/e7c35697-ebd9-4bdc-aaf7-2db862c41a9f event_id=e7c35697-ebd9-4bdc-aaf7-2db862c41a9f session_id=load-2
2026-10-06 22:00:38 [debug    ] event_projected                edge_count=1 entry_id=2026-10-06T16:30:35.234511000Z/000003/02e3852b-1e29-4465-a11b-e5feca19715a event_id=02e3852b-1e29-4465-a11b-e5feca19715a session_id=load-0
2026-10-06 22:00:39 [debug    ] event_projected                edge_count=1 entry_id=2026-10-06T16:30:35.234511000Z/000004/355bc474-b94a-4281-ad27-d5e2c9191cdb event_id=355bc474-b94a-4281-ad27-d5e2c9191cdb session_id=load-1
2026-10-06 22:00:40 [debug    ] event_projected                edge_count=1 entry_id=2026-10-06T16:30:35.234511000Z/000005/887d6414-648b-45ae-b629-620e18563cbb event_id=887d6414-648b-45ae-b629-620e18563cbb session_id=load-2
2026-10-06 22:00:40 [debug    ] event_projected                edge_count=1 entry_id=2026-10-06T16:30:35.234511000Z/000006/d58a0c44-ad78-47fd-816a-0c35fc607124 event_id=d58a0c44-ad78-47fd-816a-0c35fc607124 session_id=load-0
2026-10-06 22:00:41 [debug    ] event_projected                edge_count=1 entry_id=2026-10-06T16:30:35.234511000Z/000007/99a49d77-0130-4905-bc98-a38095f54d13 event_id=99a49d77-0130-4905-bc98-a38095f54d13 session_id=load-1
2026-10-06 22:00:42 [debug    ] event_projected                edge_count=1 entry_id=2026-10-06T16:30:35.234511000Z/000008/41d62b94-8897-4fc5-8bef-a9bef9668c93 event_id=41d62b94-8897-4fc5-8bef-a9bef9668c93 session_id=load-2
2026-10-06 22:00:43 [debug    ] event_projected                edge_count=1 entry_id=2026-10-06T16:30:35.234511000Z/000009/15b43edb-1ecd-486a-a17c-dc9d004d7430 event_id=15b43edb-1ecd-486a-a17c-dc9d004d7430 session_id=load-0
2026-10-06 22:00:44 [debug    ] event_projected                edge_count=1 entry_id=2026-10-06T16:30:35.234511000Z/000010/e66294cb-708d-48fa-bf7f-8a51d1425bce event_id=e66294cb-708d-48fa-bf7f-8a51d1425bce session_id=load-1
2026-10-06 22:00:44 [debug    ] event_projected                edge_count=1 entry_id=2026-10-06T16:30:35.234511000Z/000011/da03f087-f1cf-4896-aba9-93ddd08a8174 event_id=da03f087-f1cf-4896-aba9-93ddd08a8174 session_id=load-2
2026-10-06 22:00:45 [debug    ] event_projected                edge_count=1 entry_id=2026-10-06T16:30:35.234511000Z/000012/b4b2d182-2283-4581-a556-1212cf738687 event_id=b4b2d182-2283-4581-a556-1212cf738687 session_id=load-0
2026-10-06 22:00:46 [debug    ] event_projected                edge_count=1 entry_id=2026-10-06T16:30:35.234511000Z/000013/f40d271e-672f-49aa-9fc1-ec34d4b66213 event_id=f40d271e-672f-49aa-9fc1-ec34d4b66213 session_id=load-1
2026-10-06 22:00:47 [debug    ] event_projected                edge_count=1 entry_id=2026-10-06T16:30:35.234511000Z/000014/bfd05d43-2169-4cea-aa95-466c1f439ec3 event_id=bfd05d43-2169-4cea-aa95-466c1f439ec3 session_id=load-2
2026-10-06 22:00:48 [debug    ] event_projected                edge_count=1 entry_id=2026-10-06T16:30:35.234511000Z/000015/b31bef1b-afd8-43db-8de6-aa6a117f0f97 event_id=b31bef1b-afd8-43db-8de6-aa6a117f0f97 session_id=load-0
2026-10-06 22:00:49 [debug    ] event_projected                edge_count=1 entry_id=2026-10-06T16:30:35.234511000Z/000016/0ab94245-b608-4565-9a92-2ca5bd2f05bd event_id=0ab94245-b608-4565-9a92-2ca5bd2f05bd session_id=load-1
2026-10-06 22:00:50 [debug    ] event_projected                edge_count=1 entry_id=2026-10-06T16:30:35.234511000Z/000017/9479d110-b166-4bf4-a908-8d5fa1db334b event_id=9479d110-b166-4bf4-a908-8d5fa1db334b session_id=load-2
2026-10-06 22:00:50 [debug    ] event_projected                edge_count=1 entry_id=2026-10-06T16:30:35.234511000Z/000018/7b5d9472-119d-4be9-acf7-20e276ddbb59 event_id=7b5d9472-119d-4be9-acf7-20e276ddbb59 session_id=load-0
2026-10-06 22:00:51 [debug    ] event_projected                edge_count=1 entry_id=2026-10-06T16:30:35.234511000Z/000019/b1bffdea-cea0-47e5-97b2-75814105aaf4 event_id=b1bffdea-cea0-47e5-97b2-75814105aaf4 session_id=load-1
2026-10-06 22:00:52 [debug    ] event_projected                edge_count=1 entry_id=2026-10-06T16:30:35.234511000Z/000020/be01af4c-ac96-401b-9c58-32ff1c37daa9 event_id=be01af4c-ac96-401b-9c58-32ff1c37daa9 session_id=load-2
2026-10-06 22:00:53 [debug    ] event_projected                edge_count=1 entry_id=2026-10-06T16:30:35.234511000Z/000021/b6cdf379-5043-4f8a-9c99-056abff602a1 event_id=b6cdf379-5043-4f8a-9c99-056abff602a1 session_id=load-0
2026-10-06 22:00:54 [debug    ] event_projected                edge_count=1 entry_id=2026-10-06T16:30:35.234511000Z/000022/1a23307e-6b84-4c47-a4aa-01a63e5aa1d0 event_id=1a23307e-6b84-4c47-a4aa-01a63e5aa1d0 session_id=load-1
2026-10-06 22:00:55 [debug    ] event_projected                edge_count=1 entry_id=2026-10-06T16:30:35.234511000Z/000023/173ccbbf-a00d-4998-9cd6-1cc3a3ed5f7c event_id=173ccbbf-a00d-4998-9cd6-1cc3a3ed5f7c session_id=load-2
/private/tmp/engram-ontology-review-venv/lib/python3.12/site-packages/fastapi/routing.py:151: FastAPIDeprecationWarning: ORJSONResponse is deprecated, FastAPI now serializes data directly to JSON bytes via Pydantic when a return type or response model is set, which is faster and doesn't need a custom response class. Read more in the FastAPI docs: https://fastapi.tiangolo.com/advanced/custom-response/#orjson-or-response-model and https://fastapi.tiangolo.com/tutorial/response-model/
  response = await f(request)
{"name": "two_API_instances_bounded_context_workload_and_backlog_drain", "scenarios": ["OPS-05"], "verdict": "passed", "observation": {"events": 24, "sessions": 3, "API_instances": 2, "same_OS_process": true, "max_concurrent_requests": 2, "batch_to_projection_drain_seconds": 21.374875208362937, "warm_context_seconds": {"p50": 0.6451124581508338, "p95": 0.9430169625440611, "p99": 0.9588862510491163}, "samples": [{"API_instance": "b", "session": "load-1", "phase": "first_context_call", "seconds": 0.6527630421333015, "status": 200, "nodes": 8}, {"API_instance": "a", "session": "load-0", "phase": "first_context_call", "seconds": 0.6556524997577071, "status": 200, "nodes": 8}, {"API_instance": "a", "session": "load-0", "phase": "warm", "seconds": 0.6401740410365164, "status": 200, "nodes": 8}, {"API_instance": "b", "session": "load-1", "phase": "warm", "seconds": 0.645089500118047, "status": 200, "nodes": 8}, {"API_instance": "b", "session": "load-2", "phase": "warm", "seconds": 0.7971049170009792, "status": 200, "nodes": 8}, {"API_instance": "a", "session": "load-1", "phase": "warm", "seconds": 0.8685673750005662, "status": 200, "nodes": 8}, {"API_instance": "b", "session": "load-0", "phase": "warm", "seconds": 0.6994284158572555, "status": 200, "nodes": 8}, {"API_instance": "a", "session": "load-2", "phase": "warm", "seconds": 0.7991721252910793, "status": 200, "nodes": 8}, {"API_instance": "b", "session": "load-1", "phase": "warm", "seconds": 0.605554583016783, "status": 200, "nodes": 8}, {"API_instance": "a", "session": "load-0", "phase": "warm", "seconds": 0.6117706671357155, "status": 200, "nodes": 8}, {"API_instance": "b", "session": "load-2", "phase": "warm", "seconds": 0.9561551250517368, "status": 200, "nodes": 8}, {"API_instance": "a", "session": "load-1", "phase": "warm", "seconds": 0.9597020419314504, "status": 200, "nodes": 8}, {"API_instance": "a", "session": "load-2", "phase": "warm", "seconds": 0.6451982078142464, "status": 200, "nodes": 8}, {"API_instance": "b", "session": "load-0", "phase": "warm", "seconds": 0.6451354161836207, "status": 200, "nodes": 8}, {"API_instance": "b", "session": "load-1", "phase": "warm", "seconds": 0.5909381657838821, "status": 200, "nodes": 8}, {"API_instance": "a", "session": "load-0", "phase": "warm", "seconds": 0.6113366656936705, "status": 200, "nodes": 8}, {"API_instance": "b", "session": "load-2", "phase": "warm", "seconds": 0.5791624998673797, "status": 200, "nodes": 8}, {"API_instance": "a", "session": "load-1", "phase": "warm", "seconds": 0.6131422496400774, "status": 200, "nodes": 8}, {"API_instance": "a", "session": "load-2", "phase": "warm", "seconds": 0.6549782906658947, "status": 200, "nodes": 8}, {"API_instance": "b", "session": "load-0", "phase": "warm", "seconds": 0.6544323340058327, "status": 200, "nodes": 8}, {"API_instance": "b", "session": "load-1", "phase": "warm", "seconds": 0.6205900418572128, "status": 200, "nodes": 8}, {"API_instance": "a", "session": "load-0", "phase": "warm", "seconds": 0.6213485421612859, "status": 200, "nodes": 8}, {"API_instance": "b", "session": "load-2", "phase": "warm", "seconds": 0.6066417922265828, "status": 200, "nodes": 8}, {"API_instance": "a", "session": "load-1", "phase": "warm", "seconds": 0.6127690407447517, "status": 200, "nodes": 8}, {"API_instance": "b", "session": "load-0", "phase": "warm", "seconds": 0.6523687923327088, "status": 200, "nodes": 8}, {"API_instance": "a", "session": "load-2", "phase": "warm", "seconds": 0.6789086670614779, "status": 200, "nodes": 8}], "projection_lag": 0, "projection_pending": {}, "scope": "actual independent SDK-backed app lifespans, no network proxy; first call vs warm, not a restarted server cold-start benchmark; no SLO claimed"}, "seconds": 30.65}
2026-10-06 22:01:05 [info     ] consumer_stopped               consumer=load-worker group=graph-projection
2026-10-06 22:01:05 [info     ] app_stopped
2026-10-06 22:01:05 [info     ] app_stopped
