Traceback (most recent call last):
  File "/Users/arunmenon/projects/Engram/scripts/engram_spanner_compat.py", line 162, in check
    observation = await asyncio.wait_for(function(), timeout=timeout_seconds)
                  ^^^^^^^^^^^^^^^^^^^^^^^^^^^^^^^^^^^^^^^^^^^^^^^^^^^^^^^^^^^
  File "/opt/homebrew/Cellar/python@3.12/3.12.7_1/Frameworks/Python.framework/Versions/3.12/lib/python3.12/asyncio/tasks.py", line 520, in wait_for
    return await fut
           ^^^^^^^^^
  File "/Users/arunmenon/projects/Engram/scripts/engram_spanner_compat_remaining.py", line 375, in handshake
    raise RuntimeError("ordinary ADC unavailable in this environment; token bootstrap distinct")
RuntimeError: ordinary ADC unavailable in this environment; token bootstrap distinct

{"name": "startup_adc", "scenarios": ["BOOT-02", "OPS-03"], "verdict": "failed", "error_type": "RuntimeError", "error": "ordinary ADC unavailable in this environment; token bootstrap distinct", "seconds": 14.69}
{"name": "startup_invalid_token", "scenarios": ["BOOT-02", "OPS-03"], "verdict": "passed", "observation": {"mode": "invalid_token", "served_health": false, "exit_code": 3, "writes": 0, "database_creation": false}, "seconds": 5.66}
{"name": "startup_missing_database", "scenarios": ["BOOT-03", "OPS-03"], "verdict": "passed", "observation": {"mode": "missing_database", "served_health": false, "exit_code": 3, "writes": 0, "database_creation": false}, "seconds": 5.05}
Traceback (most recent call last):
  File "/Users/arunmenon/projects/Engram/scripts/engram_spanner_compat.py", line 162, in check
    observation = await asyncio.wait_for(function(), timeout=timeout_seconds)
                  ^^^^^^^^^^^^^^^^^^^^^^^^^^^^^^^^^^^^^^^^^^^^^^^^^^^^^^^^^^^
  File "/opt/homebrew/Cellar/python@3.12/3.12.7_1/Frameworks/Python.framework/Versions/3.12/lib/python3.12/asyncio/tasks.py", line 520, in wait_for
    return await fut
           ^^^^^^^^^
  File "/Users/arunmenon/projects/Engram/scripts/engram_spanner_compat_remaining.py", line 378, in handshake
    assert not served, f"{mode} was accepted and served healthy"
           ^^^^^^^^^^
AssertionError: dimension_mismatch was accepted and served healthy

{"name": "startup_dimension_mismatch", "scenarios": ["BOOT-03", "OPS-03"], "verdict": "failed", "error_type": "AssertionError", "error": "dimension_mismatch was accepted and served healthy", "seconds": 6.23}
