2026-10-06 15:47:15 [info     ] embedding_service_initialized  model=all-MiniLM-L6-v2
2026-10-06 15:47:15 [info     ] llm_client_initialized
2026-10-06 15:47:16 [warning  ] ontology_setting_not_implemented setting='pdlc: Request.embed_fields (no embeddings for pack types)'
2026-10-06 15:47:16 [warning  ] ontology_setting_not_implemented setting='pdlc: Spec.embed_fields (no embeddings for pack types)'
2026-10-06 15:47:16 [warning  ] ontology_setting_not_implemented setting='pdlc: Requirement.embed_fields (no embeddings for pack types)'
2026-10-06 15:47:16 [warning  ] ontology_setting_not_implemented setting='pdlc: Decision.embed_fields (no embeddings for pack types)'
2026-10-06 15:47:16 [warning  ] ontology_setting_not_implemented setting='pdlc: Constraint.embed_fields (no embeddings for pack types)'
2026-10-06 15:47:16 [warning  ] ontology_setting_not_implemented setting='pdlc: DesignElement.embed_fields (no embeddings for pack types)'
2026-10-06 15:47:16 [warning  ] ontology_setting_not_implemented setting='pdlc: Change.embed_fields (no embeddings for pack types)'
2026-10-06 15:47:16 [warning  ] ontology_setting_not_implemented setting='pdlc: Incident.embed_fields (no embeddings for pack types)'
2026-10-06 15:47:16 [warning  ] ontology_setting_not_implemented setting='pdlc: Lesson.embed_fields (no embeddings for pack types)'
2026-10-06 15:47:16 [warning  ] ontology_setting_not_implemented setting='pdlc: link_policy completeness_reports, read_time_threshold, scoring_question, write_time_threshold'
2026-10-06 15:47:16 [warning  ] ontology_setting_not_implemented setting='pdlc: extraction.derived_proposals'
2026-10-06 15:47:16 [warning  ] ontology_setting_not_implemented setting='pdlc: lifecycle.decay'
2026-10-06 15:47:16 [warning  ] ontology_setting_not_implemented setting='pdlc: lifecycle.terminal_states_reduce_importance'
2026-10-06 15:47:16 [warning  ] ontology_setting_not_implemented setting='pdlc: mappings (vocabulary only)'
2026-10-06 15:47:17 [info     ] app_started                    neo4j_uri=bolt://localhost:7687 ontology_packs=['core@1.1.0', 'memory@1.0.0', 'user@1.0.0', 'pdlc@1.7.0'] ontology_version=sha256:3a7c761cd2848649 redis_host=localhost
/private/tmp/engram-ontology-review-venv/lib/python3.12/site-packages/fastapi/routing.py:360: FastAPIDeprecationWarning: ORJSONResponse is deprecated, FastAPI now serializes data directly to JSON bytes via Pydantic when a return type or response model is set, which is faster and doesn't need a custom response class. Read more in the FastAPI docs: https://fastapi.tiangolo.com/advanced/custom-response/#orjson-or-response-model and https://fastapi.tiangolo.com/tutorial/response-model/
  return await dependant.call(**values)
2026-10-06 15:47:18 [info     ] event_ingested                 event_id=5693011a-df81-473c-9820-3b2221ab7b9f event_type=tool.execute global_position=2026-10-06T10:17:18.065871000Z/000000/5693011a-df81-473c-9820-3b2221ab7b9f request_id=3910eb80-3bbc-4206-9369-d57a27eec0ef status=created
2026-10-06 15:47:18 [info     ] event_ingested                 event_id=3a6921b0-1670-49d1-b93b-3a97fec76d3a event_type=tool.execute global_position=2026-10-06T10:17:18.183503000Z/000000/3a6921b0-1670-49d1-b93b-3a97fec76d3a request_id=83928b9e-dba0-4733-902f-9c5fae26b9d9 status=created
2026-10-06 15:47:18 [info     ] event_ingested                 event_id=d0e4d1c9-fcce-4862-83df-c3bc8eea2d18 event_type=system.session_end global_position=2026-10-06T10:17:18.298127000Z/000000/d0e4d1c9-fcce-4862-83df-c3bc8eea2d18 request_id=058849bf-fe89-4974-bb7f-bd87145e0bff status=created
/private/tmp/engram-ontology-review-venv/lib/python3.12/site-packages/fastapi/routing.py:151: FastAPIDeprecationWarning: ORJSONResponse is deprecated, FastAPI now serializes data directly to JSON bytes via Pydantic when a return type or response model is set, which is faster and doesn't need a custom response class. Read more in the FastAPI docs: https://fastapi.tiangolo.com/advanced/custom-response/#orjson-or-response-model and https://fastapi.tiangolo.com/tutorial/response-model/
  response = await f(request)
2026-10-06 15:47:52 [info     ] loading_embedding_model        device=cpu model=all-MiniLM-L6-v2 request_id=46abc891-2a68-491a-8347-fe09cfffc2a6

Loading weights:   0%|          | 0/103 [00:00<?, ?it/s]
Loading weights: 100%|██████████| 103/103 [00:00<00:00, 10231.46it/s]
/private/tmp/engram-ontology-review-venv/lib/python3.12/site-packages/fastapi/routing.py:151: FastAPIDeprecationWarning: ORJSONResponse is deprecated, FastAPI now serializes data directly to JSON bytes via Pydantic when a return type or response model is set, which is faster and doesn't need a custom response class. Read more in the FastAPI docs: https://fastapi.tiangolo.com/advanced/custom-response/#orjson-or-response-model and https://fastapi.tiangolo.com/tutorial/response-model/
  response = await f(request)
2026-10-06 15:47:58 [info     ] app_stopped
/opt/homebrew/Cellar/python@3.12/3.12.7_1/Frameworks/Python.framework/Versions/3.12/lib/python3.12/multiprocessing/resource_tracker.py:254: UserWarning: resource_tracker: There appear to be 1 leaked semaphore objects to clean up at shutdown
  warnings.warn('resource_tracker: There appear to be %d '
